D/TrackingFidelityService( 1184): TrackingFidelitySharedMemory - setFeatureFidelity: 16 5
I/TrackingFidelityService( 1184): Request(s)={constellation:5,hands:0,environment_lighting:0,keyboard:5,scene_reconstruction:0,}, Mux mode idx=3, name=lowLightControllerObject, score=-44
I/TrackingFidelityService( 1184): beginTransition[worldTracking]: lowLightControllerObject(3)->lowLightControllerObject(3)
I/TrackingFidelityService( 1184): _applyMuxModeLockedInternal: Mode lowLightControllerObject already set. Returning.
I/TrackingFidelityService( 1184): endTransition[worldTracking]: lowLightControllerObject(3)->lowLightControllerObject(3), seqId=-1, succeeded=true
D/TrackingFidelityService( 1184): TrackingFidelitySharedMemory - setFeatureFidelity: 16 5
I/TrackingFidelityService( 1184): Request(s)={constellation:5,hands:0,environment_lighting:0,keyboard:5,scene_reconstruction:0,}, Mux mode idx=3, name=lowLightControllerObject, score=-44
I/TrackingFidelityService( 1184): beginTransition[worldTracking]: lowLightControllerObject(3)->lowLightControllerObject(3)
I/TrackingFidelityService( 1184): _applyMuxModeLockedInternal: Mode lowLightControllerObject already set. Returning.
I/TrackingFidelityService( 1184): endTransition[worldTracking]: lowLightControllerObject(3)->lowLightControllerObject(3), seqId=-1, succeeded=true
W/TrackingService(  894): 23 late Color frame set were dropped: timestamp 8663.403071, current monochrome 8663.409800
D/TrackingFidelityService( 1184): TrackingFidelitySharedMemory - setFeatureFidelity: 16 5
I/TrackingFidelityService( 1184): Request(s)={constellation:5,hands:0,environment_lighting:0,keyboard:5,scene_reconstruction:0,}, Mux mode idx=3, name=lowLightControllerObject, score=-44
I/TrackingFidelityService( 1184): beginTransition[worldTracking]: lowLightControllerObject(3)->lowLightControllerObject(3)
I/TrackingFidelityService( 1184): _applyMuxModeLockedInternal: Mode lowLightControllerObject already set. Returning.
I/TrackingFidelityService( 1184): endTransition[worldTracking]: lowLightControllerObject(3)->lowLightControllerObject(3), seqId=-1, succeeded=true
W/TrackingService(  894): 44 late Color frame set were dropped: timestamp 8664.402941, current monochrome 8664.409800
D/TrackingFidelityService( 1184): TrackingFidelitySharedMemory - setFeatureFidelity: 16 5
I/TrackingFidelityService( 1184): Request(s)={constellation:5,hands:0,environment_lighting:0,keyboard:5,scene_reconstruction:0,}, Mux mode idx=3, name=lowLightControllerObject, score=-44
I/TrackingFidelityService( 1184): beginTransition[worldTracking]: lowLightControllerObject(3)->lowLightControllerObject(3)
I/TrackingFidelityService( 1184): _applyMuxModeLockedInternal: Mode lowLightControllerObject already set. Returning.
I/TrackingFidelityService( 1184): endTransition[worldTracking]: lowLightControllerObject(3)->lowLightControllerObject(3), seqId=-1, succeeded=true
E/libsensortelemetry(  922): imu samples delayed: 5031794ns capture to arrival (ERS limit: 3500000ns)
E/libsensortelemetry(  894): imu_iot samples delayed: 5091274ns capture to arrival (ERS limit: 3500000ns)
D/TrackingFidelityService( 1184): TrackingFidelitySharedMemory - setFeatureFidelity: 16 5
I/TrackingFidelityService( 1184): Request(s)={constellation:5,hands:0,environment_lighting:0,keyboard:5,scene_reconstruction:0,}, Mux mode idx=3, name=lowLightControllerObject, score=-44
I/TrackingFidelityService( 1184): beginTransition[worldTracking]: lowLightControllerObject(3)->lowLightControllerObject(3)
I/TrackingFidelityService( 1184): _applyMuxModeLockedInternal: Mode lowLightControllerObject already set. Returning.
I/TrackingFidelityService( 1184): endTransition[worldTracking]: lowLightControllerObject(3)->lowLightControllerObject(3), seqId=-1, succeeded=true
D/TrackingFidelityService( 1184): TrackingFidelitySharedMemory - setFeatureFidelity: 16 5
I/TrackingFidelityService( 1184): Request(s)={constellation:5,hands:0,environment_lighting:0,keyboard:5,scene_reconstruction:0,}, Mux mode idx=3, name=lowLightControllerObject, score=-44
I/TrackingFidelityService( 1184): beginTransition[worldTracking]: lowLightControllerObject(3)->lowLightControllerObject(3)
I/TrackingFidelityService( 1184): _applyMuxModeLockedInternal: Mode lowLightControllerObject already set. Returning.
I/TrackingFidelityService( 1184): endTransition[worldTracking]: lowLightControllerObject(3)->lowLightControllerObject(3), seqId=-1, succeeded=true
D/TrackingFidelityService( 1184): TrackingFidelitySharedMemory - setFeatureFidelity: 16 5
I/TrackingFidelityService( 1184): Request(s)={constellation:5,hands:0,environment_lighting:0,keyboard:5,scene_reconstruction:0,}, Mux mode idx=3, name=lowLightControllerObject, score=-44
I/TrackingFidelityService( 1184): beginTransition[worldTracking]: lowLightControllerObject(3)->lowLightControllerObject(3)
I/TrackingFidelityService( 1184): _applyMuxModeLockedInternal: Mode lowLightControllerObject already set. Returning.
I/TrackingFidelityService( 1184): endTransition[worldTracking]: lowLightControllerObject(3)->lowLightControllerObject(3), seqId=-1, succeeded=true
I/libsensortelemetry(  922): Captured histograms for camera system color: dispatcher=has data, cameraSet=has data
I/libsensortelemetry(  922): Captured histograms for camera system worldTracking: dispatcher=has data, cameraSet=has data
I/libsensortelemetry(  922): FrameSet 'wt_raw10' valid dispatches: count=3000, allInvalidDrops=0, maxConsecutive=0
I/libsensortelemetry(  922): FrameSet 'col_fulps' valid dispatches: count=4321, allInvalidDrops=0, maxConsecutive=0
I/libsensortelemetry(  922): FrameSet 'wt_0_1_raw10' valid dispatches: count=3001, allInvalidDrops=0, maxConsecutive=0
I/libsensortelemetry(  922): FrameSet 'wt_raw10' full framesets: fullCount=3000, partialDrops=0, maxConsecutive=0
I/libsensortelemetry(  922): FrameSet 'col_fulps' full framesets: fullCount=4321, partialDrops=0, maxConsecutive=0
I/libsensortelemetry(  922): FrameSet 'wt_0_1_raw10' full framesets: fullCount=3001, partialDrops=0, maxConsecutive=0
W/SyncBossFW(  899): 8668779 [warning] {BSP }: Mag interrupt pin LOW in drdy handler
W/SyncBossFW(  899): 8669020 [warning] {BSP }: Mag interrupt pin LOW in drdy handler
W/SyncBossFW(  899): 8669060 [warning] {BSP }: Mag interrupt pin LOW in drdy handler
W/TrackingService(  894): 21 late Color frame set were dropped: timestamp 8669.443974, current monochrome 8669.449800
D/TrackingFidelityService( 1184): TrackingFidelitySharedMemory - setFeatureFidelity: 16 5
I/TrackingFidelityService( 1184): Request(s)={constellation:5,hands:0,environment_lighting:0,keyboard:5,scene_reconstruction:0,}, Mux mode idx=3, name=lowLightControllerObject, score=-44
I/TrackingFidelityService( 1184): beginTransition[worldTracking]: lowLightControllerObject(3)->lowLightControllerObject(3)
I/TrackingFidelityService( 1184): _applyMuxModeLockedInternal: Mode lowLightControllerObject already set. Returning.
I/TrackingFidelityService( 1184): endTransition[worldTracking]: lowLightControllerObject(3)->lowLightControllerObject(3), seqId=-1, succeeded=true
W/healthd (    0): battery l=40 v=3900 t=46.0 h=2 st=2 c=136600 fc=4561000 cc=62 chg=a
I/ActivityTaskManager( 1539): START u0 {flg=0x10000000 cmp=org.godotengine.editor.v4.meta/org.godotengine.editor.GodotXRGame (has extras)} with LAUNCH_SINGLE_TASK from uid 10200 (BAL_ALLOW_VISIBLE_WINDOW) result code=0
I/VolumetricWindowManagerServiceImpl( 1539): Handling SWMS response: launch into NEW_VOLUMETRIC_WINDOW VolumetricWindowPlacementResponse { volumetricToken = VolumetricWindowToken { scope = 1, token = horizonos.view.VolumetricWindowToken$InternalVolumetricToken@58a034c, persistableToken = 08f4b795-8cb4-430a-a309-af46fab596f7 }, relativeSpaceToken = SpaceToken { binderToken = android.os.BinderProxy@92e7f7e, persistableToken = 00000000-0000-0000-0000-000000000000 }, pose = Pose { orientation = Vector4f { x = 0.0, y = 0.0, z = 0.0, w = 1.0 }, position = Vector3f { x = 0.0, y = 0.0, z = 0.0 } }, bounds = Extent3f { width = 0.65531963, height = 0.35051984, depth = 0.0 }, surfaceSize = 4128x2208, densityDpi = 0, visible = true } for launch request [ActivityInfo{6ddb77f org.godotengine.editor.GodotXRGame}]
I/VolumetricContainerPlacement( 1539): acquired ContainerPlacement{mId=0, mBounds=Rect(0, 0 - 4128, 2208)}
I/SpaceManagerServiceImpl( 1539): addSpace done: userId = 0, spaceToken = SpaceToken { binderToken = horizonos.view.SpaceToken$InternalSpaceToken@a25d826, persistableToken = b8c41a8e-7156-4176-9a51-fcc2cbd16af5 }
I/DisplayDeviceRepository( 1539): Display device added: DisplayDeviceInfo{"MirrorRoot for 08f4b795-8cb4-430a-a309-af46fab596f7": uniqueId="virtual:android,1000,MirrorRoot for 08f4b795-8cb4-430a-a309-af46fab596f7,0", 4128 x 2208, modeId 737, renderFrameRate 60.0, defaultModeId 737, supportedModes [{id=737, width=4128, height=2208, fps=60.0, alternativeRefreshRates=[], supportedHdrTypes=[]}], colorMode 0, supportedColorModes [0], hdrCapabilities null, allmSupported false, gameContentTypeSupported false, density 200, 200.0 x 200.0 dpi, appVsyncOff 0, presDeadline 16666666, touch NONE, rotation 0, type VIRTUAL, deviceProductInfo null, state OFF, committedState UNKNOWN, owner android (uid 1000), frameRateOverride , brightnessMinimum 0.0, brightnessMaximum 0.0, brightnessDefault 0.0, hdrSdrRatio NaN, FLAG_SECURE, FLAG_SUPPORTS_PROTECTED_BUFFERS, FLAG_OWN_CONTENT_ONLY, FLAG_DESTROY_CONTENT_ON_REMOVAL, installOrientation 0, displayShape DisplayShape{ spec=603812117 displayWidth=4128 displayHeight=2208 physicalPixelDisplaySizeRatio=1.0 rotation=0 offsetX=0 offsetY=0 scale=1.0}}
I/LogicalDisplayMapper( 1539): Applying layout: [{dispId: 0(ON), displayGroupName: , addr: {port=146, model=0x40446da74f6028}, mThermalBrightnessThrottlingMapId: null, mRefreshRateZoneId: null, mLeadDisplayId: -1, mThermalRefreshRateThrottlingMapId: null}], Previous layout: [{dispId: 0(ON), displayGroupName: , addr: {port=146, model=0x40446da74f6028}, mThermalBrightnessThrottlingMapId: null, mRefreshRateZoneId: null, mLeadDisplayId: -1, mThermalRefreshRateThrottlingMapId: null}]
I/LogicalDisplayMapper( 1539): Setting new display group 0 for display 573, from previous group: null
I/LogicalDisplayMapper( 1539): Adding new display: 573: DisplayInfo{"MirrorRoot for 08f4b795-8cb4-430a-a309-af46fab596f7", displayId 573, displayGroupId 0, FLAG_SECURE, FLAG_SUPPORTS_PROTECTED_BUFFERS, real 4128 x 2208, largest app 4128 x 2208, smallest app 4128 x 2208, appVsyncOff 0, presDeadline 16666666, mode 73760.0, defaultMode 737, modes [{id=737, width=4128, height=2208, fps=60.0, alternativeRefreshRates=[], supportedHdrTypes=[]}], hdrCapabilities null, userDisabledHdrTypes [], minimalPostProcessingSupported false, rotation 0, state OFF, committedState UNKNOWN, type VIRTUAL, uniqueId "virtual:android,1000,MirrorRoot for 08f4b795-8cb4-430a-a309-af46fab596f7,0", app 4128 x 2208, density 200 (200.0 x 200.0) dpi, layerStack 573, colorMode 0, supportedColorModes [0], deviceProductInfo null, owner android (uid 1000), removeMode 1, refreshRateOverride 0.0, brightnessMinimum 0.0, brightnessMaximum 0.0, brightnessDefault 0.0, installOrientation ROTATION_0, layoutLimitedRefreshRate null, hdrSdrRatio not_available, thermalRefreshRateThrottling {}, thermalBrightnessThrottlingDataId default}
W/BrightnessThrottler( 1539): DeviceConfig ThermalBrightnessThrottlingData is null
W/DisplayPowerController2[573]( 1539): Screen brightness nits configuration is unavailable; falling back
I/WindowManager( 1539): Override config changes=20005df8 {0.0 ?mcc0mnc ?localeList ?layoutDir sw1766dp w3302dp h1766dp 200dpi xlrg long land ?uimode ?night -touch -keyb/v/h -nav/h winConfig={ mBounds=Rect(0, 0 - 4128, 2208) mAppBounds=Rect(0, 0 - 4128, 2208) mMaxBounds=Rect(0, 0 - 4128, 2208) mDisplayRotation=ROTATION_0 mWindowingMode=fullscreen mDisplayWindowingMode=fullscreen mActivityType=undefined mAlwaysOnTop=undefined mRotation=ROTATION_0} ?fontWeightAdjustment} for displayId=573
W/DisplayController( 2270): Skipping Display Configuration change on non-added display.
I/VolumetricWindowManagerServiceImpl( 1539): addVolumetricWindow done: userId = 0, wct = 55dfa16, vw type = 2, vw persistable token = 08f4b795-8cb4-430a-a309-af46fab596f7, rootTaskId = 3
I/VolumetricWindowManagerServiceImpl( 1539): addTaskVolumetricWindowLocked: taskId = 3, VW = VolumetricWindowInfo { volumetricWindowToken = VolumetricWindowToken { scope = 1, token = horizonos.view.VolumetricWindowToken$InternalVolumetricToken@58a034c, persistableToken = 08f4b795-8cb4-430a-a309-af46fab596f7 }, type = 2, bounds = Extent3f { width = 0.65531963, height = 0.35051984, depth = 0.0 }, pose = Pose { orientation = Vector4f { x = 0.0, y = 0.0, z = 0.0, w = 1.0 }, position = Vector3f { x = 0.0, y = 0.0, z = 0.0 } }, windowSize2d = Extent2i { width = 4128, height = 2208 }, densityDpi = 200, visible = true, active = true, drawn = false, persistable = false, singlePassCompositionEnabled = false, depthTestEnabled = false, inView = false, windowFlags = 0, priorityHintInfo = PriorityHintInfo { windowPpd = 0.0, viewAngleSine = -1.0, visiblePercent = 1.0, distanceFromUser = 0.0, attentionZone = 0, eyeGazeDirectionDotProduct = -2.0 }, taskInfo = null, presentation = VolumetricWindowPresentationInfo { controlBar = null }, layoutParams = null, children = [], shape = 1, cylinderInfo = null, alwaysOnTop = false, compositionType = 0, hzSpaceUuid = 08f4b795-8cb4-430a-a309-af46fab596f7 }, isSinglePassCompositionEnabled = false, isComponentBlocklisted = false, isComponentForcedToSPC = false
V/DisplayPowerController2[573]( 1539): Brightness [0.0] reason changing to: 'manual', previous reason: '0'.
I/DisplayPowerController2[573]( 1539): BrightnessEvent: disp=573, physDisp=virtual:android,1000,MirrorRoot for 08f4b795-8cb4-430a-a309-af46fab596f7,0, brt=0.0, initBrt=NaN, rcmdBrt=NaN, preBrt=NaN, lux=0.0, preLux=0.0, hbmMax=1.0, hbmMode=off, rbcStrength=-1, thrmMax=1.0, powerFactor=1.0, wasShortTermModelActive=false, flags=, reason=manual, autoBrightness=false, strategy=InvalidBrightnessStrategy
I/ActivityTaskManager( 1539): START u0 {flg=0x10010100 cmp=org.godotengine.editor.v4.meta/org.godotengine.editor.GodotXRGame (has extras)} with LAUNCH_SINGLE_TASK from uid 10200 (realCallingUid=1000) (BAL_ALLOW_VISIBLE_WINDOW) result code=0
V/WindowManager( 1539): Queueing transition: TransitionRecord{b4365d1 id=-1 type=SLEEP flags=0x0}
V/WindowManager( 1539): Content Recording: Display 573 state is now (1), so update recording?
D/CompatibilityChangeReporter( 1539): Compat change id reported: 135634846; UID 10200; state: DISABLED
D/CompatibilityChangeReporter( 1539): Compat change id reported: 177438394; UID 10200; state: DISABLED
D/CompatibilityChangeReporter( 1539): Compat change id reported: 135772972; UID 10200; state: DISABLED
D/CompatibilityChangeReporter( 1539): Compat change id reported: 135754954; UID 10200; state: ENABLED
I/VolumetricContentMonitor( 1539): Switching to immersive app. taskId: 3, ActivityInfo{55e3836 org.godotengine.editor.GodotXRGame}
D/CompatibilityChangeReporter( 1539): Compat change id reported: 143937733; UID 10200; state: ENABLED
I/ActivityManager( 1539): PendingStartActivityUids startActivity to updateOomAdj delay:77032ms, uid:10200
W/ProcessStats( 1539): Tracking association SourceState{d8b07dc com.oculus.ocms/10074 BTop #104859} whose proc state 2 is better than process ProcessState{ab435ae com.oculus.userserver2/10065 pkg=com.oculus.userserver2} proc state 5 (18 skipped)
I/InterstitialController( 1539): onImmersiveActivityAppeared: uid: 10200, pid: 0, state: 4, org.godotengine.editor.v4.meta, on task: WCT{RemoteToken{55dfa16 Task{75f1d4c #3 type=standard}}}, launchId: null
I/UiModeController( 1539): Notify UI mode change: UiModeConfiguration { uiModeFlags = 8 (IMMERSIVE), immersiveAppBoundaryType = IMMERSIVE_APP_BOUNDARY_TYPE_ALWAYS_ON, immersiveAppPackageName = org.godotengine.editor.v4.meta }, clients: 5
I/UiModeController( 1539): Switching from com.oculus.vrshell to org.godotengine.editor.v4.meta
D/SpatialAudioService( 1539): Skipping processing for app: org.godotengine.editor.v4.meta (isNewApp: false, epsService: true)
V/WorldManagerService( 1539): VW Content Listener: org.godotengine.editor.v4.meta -1
W/TrackingService(  894): 41 late Color frame set were dropped: timestamp 8670.443849, current monochrome 8670.449800
I/ActivityManager( 1539): Start proc 29693:org.godotengine.editor.v4.meta:GodotXRGame/u0a200 for next-top-activity {org.godotengine.editor.v4.meta/org.godotengine.editor.GodotXRGame}
D/CoreBackPreview( 1539): Window{4432c78 u0 com.oculus.android_panel_app.AndroidPanelLayer-com.oculus.vrshell-controlbar8}: Setting back callback null
W/ActivityManager( 1539): setIsForegroundPanelService: ComponentInfo{com.oculus.systemux/com.oculus.panelapp.anytimeui.AnytimeUIActivity} not found
W/ActivityManager( 1539): setIsForegroundPanelService: ComponentInfo{com.oculus.vrshell/com.oculus.panelapp.qam.QuickActionsMenuActivity} not found
W/ActivityManager( 1539): setIsForegroundPanelService: ComponentInfo{com.oculus.vrshell/com.oculus.panelapp.controlbar.ControlBarActivity} not found
I/DisplayDeviceRepository( 1539): Display device removed: DisplayDeviceInfo{"com.oculus.android_panel_app.AndroidPanelLayer-com.oculus.vrshell-controlbar8": uniqueId="virtual:com.oculus.vrshell,10098,com.oculus.android_panel_app.AndroidPanelLayer-com.oculus.vrshell-controlbar8,0", 550 x 60, modeId 732, renderFrameRate 60.0, defaultModeId 732, supportedModes [{id=732, width=550, height=60, fps=60.0, alternativeRefreshRates=[], supportedHdrTypes=[]}], colorMode 0, supportedColorModes [0], hdrCapabilities null, allmSupported false, gameContentTypeSupported false, density 200, 200.0 x 200.0 dpi, appVsyncOff 0, presDeadline 16666666, touch NONE, rotation 0, type VIRTUAL, deviceProductInfo null, state ON, committedState UNKNOWN, owner com.oculus.vrshell (uid 10098), frameRateOverride , brightnessMinimum 0.0, brightnessMaximum 0.0, brightnessDefault 0.0, hdrSdrRatio NaN, FLAG_PRIVATE, FLAG_NEVER_BLANK, FLAG_OWN_CONTENT_ONLY, installOrientation 0, displayShape DisplayShape{ spec=854794591 displayWidth=550 displayHeight=60 physicalPixelDisplaySizeRatio=1.0 rotation=0 offsetX=0 offsetY=0 scale=1.0}}
I/LogicalDisplayMapper( 1539): Removing display: 570
D/CoreBackPreview( 1539): Window{7c9dc25 u0 com.oculus.android_panel_app.AndroidPanelLayer-com.oculus.vrshell-controlbar13}: Setting back callback null
I/VolumetricWindow( 1539): [setDrawn] VW=a9fe2ebf-3306-4058-a87b-73f2a3a7337e: isDrawn=false (isActive=true, isVisible=true)
I/VolumetricWindow( 1539): [setDrawn] VW=11ffdab9-cc96-4770-b338-87654b7e2c54: isDrawn=false (isActive=true, isVisible=true)
I/WorldManagerService( 1539): Added World  to the recent worlds stack
I/WorldManagerService( 1539): Setting active world with ID:  and tpye: 3
I/DisplayDeviceRepository( 1539): Display device removed: DisplayDeviceInfo{"com.oculus.android_panel_app.AndroidPanelLayer-com.oculus.vrshell-controlbar13": uniqueId="virtual:com.oculus.vrshell,10098,com.oculus.android_panel_app.AndroidPanelLayer-com.oculus.vrshell-controlbar13,0", 550 x 60, modeId 736, renderFrameRate 60.0, defaultModeId 736, supportedModes [{id=736, width=550, height=60, fps=60.0, alternativeRefreshRates=[], supportedHdrTypes=[]}], colorMode 0, supportedColorModes [0], hdrCapabilities null, allmSupported false, gameContentTypeSupported false, density 200, 200.0 x 200.0 dpi, appVsyncOff 0, presDeadline 16666666, touch NONE, rotation 0, type VIRTUAL, deviceProductInfo null, state ON, committedState UNKNOWN, owner com.oculus.vrshell (uid 10098), frameRateOverride , brightnessMinimum 0.0, brightnessMaximum 0.0, brightnessDefault 0.0, hdrSdrRatio NaN, FLAG_PRIVATE, FLAG_NEVER_BLANK, FLAG_OWN_CONTENT_ONLY, installOrientation 0, displayShape DisplayShape{ spec=854794591 displayWidth=550 displayHeight=60 physicalPixelDisplaySizeRatio=1.0 rotation=0 offsetX=0 offsetY=0 scale=1.0}}
I/LogicalDisplayMapper( 1539): Removing display: 572
D/TrackingFidelityService( 1184): TrackingFidelitySharedMemory - setFeatureFidelity: 16 5
I/TrackingFidelityService( 1184): Request(s)={constellation:5,hands:0,environment_lighting:0,keyboard:5,scene_reconstruction:0,}, Mux mode idx=3, name=lowLightControllerObject, score=-44
I/TrackingFidelityService( 1184): beginTransition[worldTracking]: lowLightControllerObject(3)->lowLightControllerObject(3)
I/TrackingFidelityService( 1184): _applyMuxModeLockedInternal: Mode lowLightControllerObject already set. Returning.
I/TrackingFidelityService( 1184): endTransition[worldTracking]: lowLightControllerObject(3)->lowLightControllerObject(3), seqId=-1, succeeded=true
V/WindowManager( 1539): Queueing transition: TransitionRecord{22594d2 id=-1 type=CHANGE flags=0x0}
D/CompatibilityChangeReporter( 1539): Compat change id reported: 135634846; UID 10126; state: DISABLED
D/CompatibilityChangeReporter( 1539): Compat change id reported: 177438394; UID 10126; state: DISABLED
D/CompatibilityChangeReporter( 1539): Compat change id reported: 135772972; UID 10126; state: DISABLED
D/CompatibilityChangeReporter( 1539): Compat change id reported: 135754954; UID 10126; state: DISABLED
D/CompatibilityChangeReporter( 1539): Compat change id reported: 143937733; UID 10126; state: DISABLED
I/ActivityManager( 1539): Flag disabled. Ignoring finishAttachApplication from uid: 10200. pid: 29693
D/ActivityTaskManager( 1539): getDisplaysWithTopActivities: immersive ActivityRecord{fd9839d u0 org.godotengine.editor.v4.meta/org.godotengine.editor.GodotXRGame t13172}
W/ActivityManager( 1539): setIsForegroundPanelService: ComponentInfo{com.oculus.systemux/com.oculus.panelapp.anytimeui.AnytimeUIActivity} not found
W/ActivityManager( 1539): setIsForegroundPanelService: ComponentInfo{com.oculus.vrshell/com.oculus.panelapp.qam.QuickActionsMenuActivity} not found
W/ActivityManager( 1539): setIsForegroundPanelService: ComponentInfo{com.oculus.vrshell/com.oculus.panelapp.controlbar.ControlBarActivity} not found
I/TrackingFidelityService( 1184): Request(s)={keyboard:0,}
D/TrackingFidelityService( 1184): TrackingFidelitySharedMemory - setFeatureFidelity: 16 5
W/ActivityManager( 1539): Slow operation: 64ms so far, now at startProcess: returned from zygote!
W/ActivityManager( 1539): Slow operation: 64ms so far, now at startProcess: done updating battery stats
W/ActivityManager( 1539): Slow operation: 64ms so far, now at startProcess: building log message
I/ActivityManager( 1539): Start proc 29738:com.oculus.guidebook/u0a126 for broadcast {com.oculus.guidebook/com.oculus.guidebook.JITEducationSystemEventBroadcastReceiver}
W/ActivityManager( 1539): Slow operation: 64ms so far, now at startProcess: starting to update pids map
W/ActivityManager( 1539): Slow operation: 64ms so far, now at startProcess: done updating pids map
I/TrackingFidelityService( 1184): Request(s)={pt_display_sync:0,}
D/TrackingFidelityService( 1184): TrackingFidelitySharedMemory - setFeatureFidelity: 14 0
D/TrackingFidelityService( 1184): TrackingFidelitySharedMemory - setFeatureFidelity: 13 3
D/TrackingFidelityService( 1184): TrackingFidelitySharedMemory - setFeatureFidelity: 19 0
D/TrackingFidelityService( 1184): TrackingFidelitySharedMemory - setFeatureFidelity: 20 0
E/TrackingFidelityService( 1184): Feature pt_display_sync has not been scored properly by the mux mode solver.
E/TrackingFidelityService( 1184): Feature pt_display_sync has not been scored properly by the mux mode solver.
I/TrackingFidelityService( 1184): Request(s)={pt_display_sync:0,mr_passthrough:3,hyperscape_room_scanning:0,isp_foveation:0,low_latency_pt:0,}, Mux mode idx=1, name=default, score=-1980
I/TrackingFidelityService( 1184): beginTransition[color]: defaultDisplay(2)->default(1)
I/TrackingFidelityService( 1184): _applyMuxModeLockedInternal: Applying camera mux mode default via requestFeaturesWithFidelitiesLocked
I/SensorService(  922): [color] Setting camera mux mode to 1
I/SensorService(  922): updating CameraStream mux states
I/SensorService(  922): ending update to CameraStream mux states
I/SensorDataTransforms( 1160): [MrStreamControl:passthrough] Staging mux mode updates for {color: ind-1, seqId-262},
I/SensorDataTransforms( 1160): [MrStreamControl:passthrough] Signaling start of the mode transition
I/SensorDataTransforms( 1160): [MrStreamControl:passthrough] Mux mode updates successfully staged
I/FrameSetCollator(  922): [{COL:FULPS}] Updated frame set period to 20000000, with all camera system activeSlots [[T,]]
I/FrameSetDispatcher(  922): [{COL:FULPS}] Client pid=1160 (MrSSCamS): [color] Updated CameraMuxMode: 1, Slots: SLOT_0 
I/FrameSetDispatcher(  922): [{COL:FULPS}] Client pid=894 (IOT): [color] Updated CameraMuxMode: 1, Slots: SLOT_0 
I/FrameSetDispatcher(  922): [{COL:FULPS}] Latest MuxModeSettings: 1
I/FrameSetDispatcher(  922): [{COL:FULPS}] purpose: active_slots, slots: SLOT_0 
I/FrameSetDispatcher(  922): [{COL:FULPS}] purpose: cam2bridge, slots: SLOT_0 
I/FrameSetDispatcher(  922): [{COL:FULPS}] purpose: ocal, slots: SLOT_0 
I/FrameSetDispatcher(  922): [{COL:FULPS}] purpose: passthrough, slots: SLOT_0 
I/TrackingFidelityService( 1184): Request(s)={keyboard:0,hands:0,scene_reconstruction:0,constellation:5,}, Mux mode idx=1, name=lowLightController, score=-7
I/TrackingFidelityService( 1184): beginTransition[worldTracking]: lowLightControllerObject(3)->lowLightController(1)
I/TrackingFidelityService( 1184): _applyMuxModeLockedInternal: Applying camera mux mode lowLightController via requestFeaturesWithFidelitiesLocked
E/FrameSetCollator(  922): [{COL:FULPS}] 2 FrameSets had unexpected timestamps (in the last 13123.98ms). Ex: slot 0 8670624.381ms -> 8670638.265ms (observed period: 13.884ms, expected period: 20.000ms (-6.116ms))
I/SensorService(  922): Active camera ids set to: []
I/ColorCameraSystem(  922): [color] Switch to utility rate sync mode (50.000 Hz).
I/UiModeController( 1539): Switching from org.godotengine.editor.v4.meta to org.godotengine.editor.v4.meta
I/ColorCameraSystem(  922): [color] Set camera sync mode to free running
D/SpatialAudioService( 1539): Skipping processing for app: org.godotengine.editor.v4.meta (isNewApp: false, epsService: true)
V/WorldManagerService( 1539): VW Content Listener: org.godotengine.editor.v4.meta -1
W/SensorService(  922): received frame for disabled cam5
I/HorizonOsWindowManagerUtils( 1539): setFocusedWindowSync: setting focus to ActivityRecord{fd9839d u0 org.godotengine.editor.v4.meta/org.godotengine.editor.GodotXRGame t13172}
I/libsensortelemetry(  922): Captured histograms for camera system color: dispatcher=has data, cameraSet=has data
I/libsensortelemetry(  922): Captured histograms for camera system worldTracking: dispatcher=has data, cameraSet=has data
I/libsensortelemetry(  922): FrameSet 'wt_raw10' valid dispatches: count=106, allInvalidDrops=0, maxConsecutive=0
I/libsensortelemetry(  922): FrameSet 'col_fulps' valid dispatches: count=152, allInvalidDrops=0, maxConsecutive=0
I/libsensortelemetry(  922): FrameSet 'wt_0_1_raw10' valid dispatches: count=105, allInvalidDrops=0, maxConsecutive=0
I/libsensortelemetry(  922): FrameSet 'wt_raw10' full framesets: fullCount=106, partialDrops=0, maxConsecutive=0
I/libsensortelemetry(  922): FrameSet 'col_fulps' full framesets: fullCount=152, partialDrops=0, maxConsecutive=0
I/libsensortelemetry(  922): FrameSet 'wt_0_1_raw10' full framesets: fullCount=105, partialDrops=0, maxConsecutive=0
I/SyncBossFW(  899): 8670655 [info   ] {GCM }: general_cam_mgr_stop_streaming for cameras 0x30
I/SyncBossFW(  899): 8670657 [info   ] {BRGB}: Disabling display sync mode
I/SyncBossFW(  899): 8670659 [info   ] {GCM }: general_cam_mgr_set_frame_rate_config cams 0x30 period 20000us
I/libsensortelemetry(  922): Updating camera metrics frame period from 13888 to 20000
I/SyncBossFW(  899): 8670662 [info   ] {GCM }: general_cam_mgr_start_streaming for cameras 0x30
I/SensorService(  922): Active camera ids set to: [4,5]
W/SensorService(  922): [color] Skipped updateSyncbossFrameTag - no updater or override provided
E/TrackingFidelityService( 1184): Requested fidelity level is 3, but mux mode default does not support enabling requested feature mr_passthrough.
I/TrackingFidelityService( 1184): Setting feature fidelity for feature MR_PASSTHROUGH to fidelity 0 for muxMode default
D/TrackingFidelityService( 1184): TrackingFidelitySharedMemory - setFeatureFidelity: 13 0
D/TrackingFidelityService( 1184): TrackingFidelitySharedMemory - setFeatureFidelity: 19 0
D/TrackingFidelityService( 1184): TrackingFidelitySharedMemory - setFeatureFidelity: 20 0
D/TrackingFidelityService( 1184): TrackingFidelitySharedMemory - setFeatureFidelity: 15 0
I/TrackingFidelityService( 1184): endTransition[color]: defaultDisplay(2)->default(1), seqId=262, succeeded=true
I/SensorService(  922): [worldTracking] Setting camera mux mode to 1
I/SensorService(  922): updating CameraStream mux states
E/SyncBossHAL(  922): Failed to match frame for syncbossCamId 16 to recent shutter packet: queue is empty
E/SyncBossHAL(  922): [error  ] syncboss_hal_impl_camera_v2_metadata.c(1454): Failed to match imx471 frame to timestamp packet. cam_id: 16, tag: 3
E/SensorService(  922): SyncbossCameraController::getFrameMetadata(syncbossCamId: 16): rc: -1.
E/SensorService(  922): failed to handle frame metadata for cam 4 streamType 13, dropping frame!
I/SensorDataTransforms( 1160): [MrStreamControl:mr_monochrome] Staging mux mode updates for {worldTracking: ind-1, seqId-263},
I/SensorDataTransforms( 1160): [MrStreamControl:mr_monochrome] Signaling start of the mode transition
I/SensorDataTransforms( 1160): [MrStreamControl:mr_monochrome] Mux mode updates successfully staged
I/SensorDataTransforms(  894): [hand:hand] Staging mux mode updates for {worldTracking: ind-1, seqId-263},
I/SensorDataTransforms(  894): [hand:hand] Mux mode updates successfully staged
D/TrackingService(  894): [hand:hand]Queue mux mode update notification: lowLightController
D/TrackingService(  894): [hand]start onMuxStateUpdate. ModeId: lowLightControllerObject -> lowLightController
D/TrackingService(  894): [HANDTRACKINGGLUE] handleMuxModeNotification
D/TrackingService(  894): [HANDTRACKINGGLUE] handleStateChange muxMode=lowLightController
D/TrackingService(  894): [HANDTRACKINGGLUE] suspendCapability
D/TrackingService(  894): [hand]end onMuxStateUpdate. ModeId: lowLightControllerObject -> lowLightController
I/TrackingService(  894): [                       hand:hand] Mux Mode Transition from sensor service: lowLightControllerObject -> lowLightController transition time: 0 ms
I/SensorDataTransforms(  894): [iot:ocal] Staging mux mode updates for {color: ind-1, seqId-262},
I/SensorDataTransforms(  894): [iot:ocal] Signaling start of the mode transition
I/TrackingService(  894): [iot:ocal] Start configuration update starting
I/TrackingService(  894): [iot:ocal] Start configuration update done
I/SensorDataTransforms(  894): [iot:ocal] Mux mode updates successfully staged
D/TrackingService(  894): [iot:ocal]Queue mux mode update notification: default
D/TrackingService(  894): [ocal]start onMuxStateUpdate. ModeId: defaultDisplay -> default
D/TrackingService(  894): [iot][ocal]handleMuxModeNotification started for muxMode[color: default]
D/TrackingService(  894): [iot][ocal]handleMuxModeNotification finished for muxMode[color: default]
D/TrackingService(  894): [ocal]end onMuxStateUpdate. ModeId: defaultDisplay -> default
I/TrackingService(  894): [                        iot:ocal] Mux Mode Transition from sensor service: defaultDisplay -> default transition time: 0 ms
I/SensorDataTransforms(  894): [ExpCtl:exposure_control_worldTracking] Staging mux mode updates for {worldTracking: ind-1, seqId-263},
I/SensorDataTransforms(  894): [ExpCtl:exposure_control_worldTracking] Signaling start of the mode transition
I/SensorDataTransforms(  894): [ExpCtl:exposure_control_worldTracking] Mux mode updates successfully staged
I/SensorDataTransforms(  894): [object:object] Staging mux mode updates for {worldTracking: ind-1, seqId-263},
I/SensorDataTransforms(  894): [object:object] Signaling start of the mode transition
I/TrackingService(  894): [object:object] Start configuration update starting
I/TrackingService(  894): [object:object] Start configuration update done
I/SensorDataTransforms(  894): [object:object] Mux mode updates successfully staged
D/TrackingService(  894): [object:object]Queue mux mode update notification: lowLightController
D/TrackingService(  894): [object]start onMuxStateUpdate. ModeId: lowLightControllerObject -> lowLightController
D/TrackingService(  894): [object][object]handleMuxModeNotification started for muxMode[worldTracking: lowLightController]
I/SensorDataTransforms( 1160): [MrStreamControl:projector_assisted_depth] Staging mux mode updates for {worldTracking: ind-1, seqId-263},
I/SensorDataTransforms( 1160): [MrStreamControl:projector_assisted_depth] Mux mode updates successfully staged
I/SensorDataTransforms(  894): [iobt:iobt] Staging mux mode updates for {worldTracking: ind-1, seqId-263},
I/SensorDataTransforms(  894): [iobt:iobt] Mux mode updates successfully staged
D/TrackingService(  894): [iobt:iobt]Queue mux mode update notification: lowLightController
D/TrackingService(  894): [iobt]start onMuxStateUpdate. ModeId: lowLightControllerObject -> lowLightController
D/TrackingService(  894): [iobt][iobt]handleMuxModeNotification started for muxMode[worldTracking: lowLightController]
D/TrackingService(  894): [iobt][iobt]handleMuxModeNotification finished for muxMode[worldTracking: lowLightController]
D/TrackingService(  894): [iobt]end onMuxStateUpdate. ModeId: lowLightControllerObject -> lowLightController
I/TrackingService(  894): [                       iobt:iobt] Mux Mode Transition from sensor service: lowLightControllerObject -> lowLightController transition time: 0 ms
I/SensorService(  922): ending update to CameraStream mux states
I/FrameSetCollator(  922): [{WT(0,1):RAW10}] Updated frame set period to 20000000, with all camera system activeSlots [[T,T,T,F,]]
I/FrameSetCollator(  922): [{WT:RAW10}] Updated frame set period to 20000000, with all camera system activeSlots [[T,T,T,F,]]
I/FrameSetDispatcher(  922): [{WT(0,1):RAW10}] Client pid=1160 (MrSSCamS): [worldTracking] Updated CameraMuxMode: 1, Slots: 
I/FrameSetDispatcher(  922): [{WT(0,1):RAW10}] Client pid=1160 (MrSSCamS): [worldTracking] Updated CameraMuxMode: 1, Slots: SLOT_0 SLOT_2 
I/FrameSetDispatcher(  922): [{WT(0,1):RAW10}] Latest MuxModeSettings: 1
I/FrameSetDispatcher(  922): [{WT(0,1):RAW10}] purpose: ambient_controller, slots: SLOT_0 SLOT_2 
I/FrameSetDispatcher(  922): [{WT(0,1):RAW10}] purpose: constellation, slots: SLOT_1 
I/FrameSetDispatcher(  922): [{WT(0,1):RAW10}] purpose: exposure_control_worldTracking, slots: SLOT_0 SLOT_1 SLOT_2 
I/FrameSetDispatcher(  922): [{WT(0,1):RAW10}] purpose: iobt, slots: SLOT_0 SLOT_2 
I/FrameSetDispatcher(  922): [{WT(0,1):RAW10}] purpose: mr_monochrome, slots: SLOT_0 SLOT_2 
I/FrameSetDispatcher(  922): [{WT(0,1):RAW10}] purpose: object, slots: 
I/FrameSetDispatcher(  922): [{WT(0,1):RAW10}] purpose: active_slots, slots: SLOT_0 SLOT_1 SLOT_2 
I/FrameSetDispatcher(  922): [{WT(0,1):RAW10}] purpose: hand, slots: 
I/FrameSetDispatcher(  922): [{WT(0,1):RAW10}] purpose: iot, slots: SLOT_0 SLOT_2 
I/FrameSetDispatcher(  922): [{WT(0,1):RAW10}] purpose: projector_assisted_depth, slots: 
I/FrameSetDispatcher(  922): [{WT:RAW10}] Client pid=894 (IOT): [worldTracking] Updated CameraMuxMode: 1, Slots: SLOT_0 SLOT_2 
I/FrameSetDispatcher(  922): [{WT:RAW10}] Client pid=894 (ExpCtl): [worldTracking] Updated CameraMuxMode: 1, Slots: SLOT_0 SLOT_1 SLOT_2 
I/FrameSetDispatcher(  922): [{WT:RAW10}] Client pid=894 (Cnst): [worldTracking] Updated CameraMuxMode: 1, Slots: SLOT_1 
D/CameraStream(  922): [object] Client [Obj(894)] attempting stop
I/FrameSetDispatcher(  922): [{WT:RAW10}] Client pid=894 (Cnst): [worldTracking] Updated CameraMuxMode: 1, Slots: SLOT_0 SLOT_2 
I/FrameSetDispatcher(  922): [{WT:RAW10}] Client pid=894 (Obj): [worldTracking] Updated CameraMuxMode: 1, Slots: 
I/FrameSetDispatcher(  922): [{WT:RAW10}] Latest MuxModeSettings: 1
I/FrameSetDispatcher(  922): [{WT:RAW10}] purpose: ambient_controller, slots: SLOT_0 SLOT_2 
I/FrameSetDispatcher(  922): [{WT:RAW10}] purpose: constellation, slots: SLOT_1 
I/FrameSetDispatcher(  922): [{WT:RAW10}] purpose: exposure_control_worldTracking, slots: SLOT_0 SLOT_1 SLOT_2 
I/FrameSetDispatcher(  922): [{WT:RAW10}] purpose: iobt, slots: SLOT_0 SLOT_2 
I/FrameSetDispatcher(  922): [{WT:RAW10}] purpose: mr_monochrome, slots: SLOT_0 SLOT_2 
I/FrameSetDispatcher(  922): [{WT:RAW10}] purpose: object, slots: 
I/FrameSetDispatcher(  922): [{WT:RAW10}] purpose: active_slots, slots: SLOT_0 SLOT_1 SLOT_2 
I/FrameSetDispatcher(  922): [{WT:RAW10}] purpose: hand, slots: 
I/FrameSetDispatcher(  922): [{WT:RAW10}] Client pid=894 (Obj): Client thread stopping
I/FrameSetDispatcher(  922): [{WT:RAW10}] purpose: iot, slots: SLOT_0 SLOT_2 
I/FrameSetDispatcher(  922): [{WT:RAW10}] purpose: projector_assisted_depth, slots: 
I/SensorDataTransforms(  894): [constellation:constellation] Staging mux mode updates for {worldTracking: ind-1, seqId-263},
I/SensorDataTransforms(  894): [constellation:constellation] Signaling start of the mode transition
I/TrackingService(  894): [constellation:constellation] Start configuration update starting
I/TrackingService(  894): [constellation:constellation] Start configuration update done
I/SensorDataTransforms(  894): [constellation:constellation] Mux mode updates successfully staged
D/TrackingService(  894): [constellation:constellation]Queue mux mode update notification: lowLightController
E/SyncBossHAL(  922): Failed to match frame for syncbossCamId 32 to recent shutter packet: queue is empty
E/SyncBossHAL(  922): [error  ] syncboss_hal_impl_camera_v2_metadata.c(1454): Failed to match imx471 frame to timestamp packet. cam_id: 32, tag: 3
E/SensorService(  922): SyncbossCameraController::getFrameMetadata(syncbossCamId: 32): rc: -1.
E/SensorService(  922): failed to handle frame metadata for cam 5 streamType 13, dropping frame!
D/TrackingService(  894): [constellation]start onMuxStateUpdate. ModeId: lowLightControllerObject -> lowLightController
D/TrackingService(  894): [constellation][constellation]handleMuxModeNotification started for muxMode[worldTracking: lowLightController]
D/TrackingService(  894): [constellation][constellation]handleMuxModeNotification finished for muxMode[worldTracking: lowLightController]
D/TrackingService(  894): [constellation]end onMuxStateUpdate. ModeId: lowLightControllerObject -> lowLightController
I/TrackingService(  894): [     constellation:constellation] Mux Mode Transition from sensor service: lowLightControllerObject -> lowLightController transition time: 0 ms
I/CameraClientManager(  922): [Obj(894)][object] client stopped (estimated 0 started clients remaining)
I/CameraClientManager(  922): [[Obj(894)][object]] definitely stopping stream
I/SensorDataTransforms(  894): [constellation:ambient_controller] Staging mux mode updates for {worldTracking: ind-1, seqId-263},
I/SensorDataTransforms(  894): [constellation:ambient_controller] Signaling start of the mode transition
I/TrackingService(  894): [constellation:ambient_controller] Start configuration update starting
I/TrackingService(  894): [constellation:ambient_controller] Start configuration update done
I/SensorDataTransforms(  894): [constellation:ambient_controller] Mux mode updates successfully staged
D/TrackingService(  894): [constellation:ambient_controller]Queue mux mode update notification: lowLightController
D/TrackingService(  894): [ambient_controller]start onMuxStateUpdate. ModeId: lowLightController -> lowLightController
D/TrackingService(  894): [constellation][ambient_controller]handleMuxModeNotification started for muxMode[worldTracking: lowLightController]
E/TrackingService(  894): Resetting MuxMode lowLightController which is already set
D/TrackingService(  894): [ambient_controller]end onMuxStateUpdate. ModeId: lowLightController -> lowLightController
I/TrackingService(  894): [constellation:ambient_controller] Mux Mode Transition from sensor service: lowLightController -> lowLightController transition time: 0 ms
I/SyncBossFW(  899): 8670673 [info   ] {NCM }: Found slot with constellation capability
I/SyncBossFW(  899): 8670677 [info   ] {NCM }: No slot with projector capability found.
I/SyncBossFW(  899): 8670677 [info   ] {NCM }: Stopping projector
D/SensorService(  922): Configured syncboss nice config: [{camera_set: 1, num_slots: 4, [ { tag: 176, default_exposure_us: 65535, default_gain: 65535, capabilities: 0, slot_length: 0, }, { tag: 177, default_exposure_us: 65535, default_gain: 65535, capabilities: 2, slot_length: 0, }, { tag: 178, default_exposure_us: 65535, default_gain: 65535, capabilities: 0, slot_length: 0, }, { tag: 179, default_exposure_us: 5000, default_gain: 48, capabilities: 8, slot_length: 0, }, ] shutter_period_us: 20000, }, {camera_set: 2, num_slots: 4, [ { tag: 176, default_exposure_us: 65535, default_gain: 65535, capabilities: 0, slot_length: 0, }, { tag: 177, default_exposure_us: 65535, default_gain: 65535, capabilities: 2, slot_length: 0, }, { tag: 178, default_exposure_us: 65535, default_gain: 65535, capabilities: 0, slot_length: 0, }, { tag: 179, default_exposure_us: 5000, default_gain: 48, capabilities: 8, slot_length: 0, }, ] shutter_period_us: 20000, }, ]
D/TrackingFidelityService( 1184): TrackingFidelitySharedMemory - setFeatureFidelity: 7 0
I/SensorService(  922): [worldTracking] Stopping cameras for purpose object
D/TrackingFidelityService( 1184): TrackingFidelitySharedMemory - setFeatureFidelity: 1 0
D/TrackingFidelityService( 1184): TrackingFidelitySharedMemory - setFeatureFidelity: 9 0
D/NiceCameraSystem(  922): CameraSystem stopping cameras for purpose object
I/TrackingFidelityService( 1184): Setting feature fidelity for feature CONTROLLER_CONSTELLATION to fidelity 2 for muxMode lowLightController
D/TrackingFidelityService( 1184): TrackingFidelitySharedMemory - setFeatureFidelity: 10 2
D/TrackingFidelityService( 1184): TrackingFidelitySharedMemory - setFeatureFidelity: 18 0
D/TrackingFidelityService( 1184): TrackingFidelitySharedMemory - setFeatureFidelity: 17 0
I/SensorService(  922): [worldTracking] Stopping camera streams for purpose: object
I/TrackingFidelityService( 1184): endTransition[worldTracking]: lowLightControllerObject(3)->lowLightController(1), seqId=263, succeeded=true
I/CameraClientManager(  922): [[Obj(894)][object]] stream stop completed
D/CameraStream(  922): [object] Client [Obj(894)]: stop complete
D/TrackingService(  894): object: stopCameras finished
D/TrackingService(  894): [object][object]handleMuxModeNotification finished for muxMode[worldTracking: lowLightController]
D/TrackingService(  894): [object]end onMuxStateUpdate. ModeId: lowLightControllerObject -> lowLightController
I/TrackingService(  894): [                   object:object] Mux Mode Transition from sensor service: lowLightControllerObject -> lowLightController transition time: 14 ms
I/SensorDataTransforms(  894): [iot:iot] Staging mux mode updates for {worldTracking: ind-1, seqId-263},
I/SensorDataTransforms(  894): [iot:iot] Signaling start of the mode transition
I/TrackingService(  894): [iot:iot] Start configuration update starting
I/TrackingService(  894): [iot:iot] Start configuration update done
I/SensorDataTransforms(  894): [iot:iot] Mux mode updates successfully staged
D/TrackingService(  894): [iot:iot]Queue mux mode update notification: lowLightController
D/TrackingService(  894): [iot]start onMuxStateUpdate. ModeId: lowLightControllerObject -> lowLightController
D/TrackingService(  894): [iot][iot]handleMuxModeNotification started for muxMode[worldTracking: lowLightController]
D/TrackingService(  894): [iot][iot]handleMuxModeNotification finished for muxMode[worldTracking: lowLightController]
D/TrackingService(  894): [iot]end onMuxStateUpdate. ModeId: lowLightControllerObject -> lowLightController
I/TrackingService(  894): [                         iot:iot] Mux Mode Transition from sensor service: lowLightControllerObject -> lowLightController transition time: 0 ms
I/libsensortelemetry(  922): Captured histograms for camera system color: dispatcher=empty, cameraSet=empty
I/libsensortelemetry(  922): Captured histograms for camera system worldTracking: dispatcher=has data, cameraSet=has data
I/libsensortelemetry(  922): FrameSet 'wt_raw10' valid dispatches: count=1, allInvalidDrops=0, maxConsecutive=0
I/libsensortelemetry(  922): FrameSet 'wt_0_1_raw10' valid dispatches: count=1, allInvalidDrops=0, maxConsecutive=0
I/libsensortelemetry(  922): FrameSet 'wt_raw10' full framesets: fullCount=1, partialDrops=0, maxConsecutive=0
I/libsensortelemetry(  922): FrameSet 'col_fulps' full framesets: fullCount=0, partialDrops=0, maxConsecutive=0
I/libsensortelemetry(  922): FrameSet 'wt_0_1_raw10' full framesets: fullCount=1, partialDrops=0, maxConsecutive=0
I/[drm:dsi_display_set_mode [msm_drm]] [msm-dsi-info](    0): mdp_transfer_time=0, hactive=4128, vactive=2208, fps=90, clk_rate=0
E/SensorService(  922): failed to handle frame metadata for cam 4 streamType 13, dropping frame!
I/DisplayDeviceRepository( 1539): Display device changed: DisplayDeviceInfo{"Built-in Screen": uniqueId="local:4630946882202380434", 4128 x 2208, modeId 1, renderFrameRate 90.0, defaultModeId 1, supportedModes [{id=1, width=4128, height=2208, fps=90.0, alternativeRefreshRates=[], supportedHdrTypes=[1, 2, 3]}, {id=2, width=3104, height=1664, fps=90.0, alternativeRefreshRates=[], supportedHdrTypes=[1, 2, 3]}, {id=3, width=4128, height=2208, fps=120.00001, alternativeRefreshRates=[], supportedHdrTypes=[1, 2, 3]}, {id=4, width=4128, height=2208, fps=119.00001, alternativeRefreshRates=[], supportedHdrTypes=[1, 2, 3]}, {id=5, width=4128, height=2208, fps=118.0, alternativeRefreshRates=[], supportedHdrTypes=[1, 2, 3]}, {id=6, width=4128, height=2208, fps=117.00001, alternativeRefreshRates=[], supportedHdrTypes=[1, 2, 3]}, {id=7, width=4128, height=2208, fps=116.00001, alternativeRefreshRates=[], supportedHdrTypes=[1, 2, 3]}, {id=8, width=4128, height=2208, fps=115.0, alternativeRefreshRates=[], supportedHdrTypes=[1, 2, 3]}, {id=9, width=4128, height=2208, fps=114.00001, alternativeRefreshRates=[], supportedHdrTypes=[1, 2, 3]}, {id=10, width=4128, height=2208, fps=113.00001, alternativeRefreshRates=[], supportedHdrTypes=[1, 2, 3]}, {id=11, width=4128, height=2208, fps=112.00001, alternativeRefreshRates=[], supportedHdrTypes=[1, 2, 3]}, {id=12, width=4128, height=2208, fps=111.0, alternativeRefreshRates=[], supportedHdrTypes=[1, 2, 3]}, {id=13, width=4128, height=2208, fps=110.0, alternativeRefreshRates=[], supportedHdrTypes=[1, 2, 3]}, {id=14, width=4128, height=2208, fps=109.00001, alternativeRefreshRates=[], supportedHdrTypes=[1, 2, 3]}, {id=15, width=4128, height=2208, fps=108.0, alternativeRefreshRates=[], supportedHdrTypes=[1, 2, 3]}, {id=16, width=4128, height=2208, fps=107.00001, alternativeRefreshRates=[], supportedHdrTypes=[1, 2, 3]}, {id=17, width=4128, height=2208, fps=106.0, alternativeRefreshRates=[], supportedHdrTypes=[1, 2, 3]}, {id=18, width=4128, height=2208, fps=105.00001, alternativeRefreshRates=[], supportedHdrTypes=[1, 2, 3]}, {id=19, width=4128, height=2208, fps=104.00001, alternativeRefreshRates=[], supportedHdrTypes=[1, 2, 3]}, {id=20, width=4128, height=2208, fps=103.00001, alternativeRefreshRates=[], supportedHdrTypes=[1, 2, 3]}, {id=21, width=4128, height=2208, fps=102.00001, alternativeRefreshRates=[], supportedHdrTypes=[1, 2, 3]}, {id=22, width=4128, height=2208, fps=101.0, alternativeRefreshRates=[], supportedHdrTypes=[1, 2, 3]}, {id=23, width=4128, height=2208, fps=100.0, alternativeRefreshRates=[], supportedHdrTypes=[1, 2, 3]}, {id=24, width=4128, height=2208, fps=99.0, alternativeRefreshRates=[], supportedHdrTypes=[1, 2, 3]}, {id=25, width=4128, height=2208, fps=98.00001, alternativeRefreshRates=[], supportedHdrTypes=[1, 2, 3]}, {id=26, width=4128, height=2208, fps=97.0, alternativeRefreshRates=[], supportedHdrTypes=[1, 2, 3]}, {id=27, width=4128, height=2208, fps=96.00001, alternativeRefreshRates=[], supportedHdrTypes=[1, 2, 3]}, {id=28, width=4128, height=2208, fps=95.00001, alternativeRefreshRates=[], supportedHdrTypes=[1, 2, 3]}, {id=29, width=4128, height=2208, fps=94.00001, alternativeRefreshRates=[], supportedHdrTypes=[1, 2, 3]}, {id=30, width=4128, height=2208, fps=93.0, alternativeRefreshRates=[], supportedHdrTypes=[1, 2, 3]}, {id=31, width=4128, height=2208, fps=92.0, alternativeRefreshRates=[], supportedHdrTypes=[1, 2, 3]}, {id=32, width=4128, height=2208, fps=91.00001, alternativeRefreshRates=[], supportedHdrTypes=[1, 2, 3]}, {id=33, width=4128, height=2208, fps=89.0, alternativeRefreshRates=[], supportedHdrTypes=[1, 2, 3]}, {id=34, width=4128, height=2208, fps=88.0, alternativeRefreshRates=[], supportedHdrTypes=[1, 2, 3]}, {id=35, width=4128, height=2208, fps=87.00001, alternativeRefreshRates=[], supportedHdrTypes=[1, 2, 3]}, {id=36, width=4128, height=2208, fps=86.00001, alternativeRefreshRates=[], supportedHdrTypes=[1, 2, 3]}, {id=37, width=4128, height=2208, fps=85.00001, alternativeRefreshRates=[], supportedHdrTypes=[1, 2, 3]}, {id=38, width=4128, height=2208,
E/SensorService(  922): failed to handle frame metadata for cam 5 streamType 13, dropping frame!
E/FrameSetCollator(  922): [{WT:RAW10}] 1 FrameSets had unexpected timestamps (in the last 578567.41ms). Ex: slot 3 8670689.800ms -> 8670709.800ms (observed period: 20.000ms, expected period: 20.000ms (20.000ms))
E/FrameSetCollator(  922): [{WT(0,1):RAW10}] 1 FrameSets had unexpected timestamps (in the last 578568.09ms). Ex: slot 3 8670689.800ms -> 8670709.800ms (observed period: 20.000ms, expected period: 20.000ms (20.000ms))
