I/TrackingFidelityService( 1184): Request(s)={constellation:5,hands:0,environment_lighting:0,keyboard:5,scene_reconstruction:0,}, Mux mode idx=3, name=lowLightControllerObject, score=-44
I/TrackingFidelityService( 1184): beginTransition[worldTracking]: lowLightControllerObject(3)->lowLightControllerObject(3)
I/TrackingFidelityService( 1184): _applyMuxModeLockedInternal: Mode lowLightControllerObject already set. Returning.
I/TrackingFidelityService( 1184): endTransition[worldTracking]: lowLightControllerObject(3)->lowLightControllerObject(3), seqId=-1, succeeded=true
D/TrackingFidelityService( 1184): TrackingFidelitySharedMemory - setFeatureFidelity: 16 5
I/TrackingFidelityService( 1184): Request(s)={constellation:5,hands:0,environment_lighting:0,keyboard:5,scene_reconstruction:0,}, Mux mode idx=3, name=lowLightControllerObject, score=-44
I/TrackingFidelityService( 1184): beginTransition[worldTracking]: lowLightControllerObject(3)->lowLightControllerObject(3)
I/TrackingFidelityService( 1184): _applyMuxModeLockedInternal: Mode lowLightControllerObject already set. Returning.
I/TrackingFidelityService( 1184): endTransition[worldTracking]: lowLightControllerObject(3)->lowLightControllerObject(3), seqId=-1, succeeded=true
W/TrackingService(  894): 21 late Color frame set were dropped: timestamp 8596.758689, current monochrome 8596.769800
W/TrackingService(  894): 41 late Color frame set were dropped: timestamp 8597.758564, current monochrome 8597.769800
D/TrackingFidelityService( 1184): TrackingFidelitySharedMemory - setFeatureFidelity: 16 5
I/TrackingFidelityService( 1184): Request(s)={constellation:5,hands:0,environment_lighting:0,keyboard:5,scene_reconstruction:0,}, Mux mode idx=3, name=lowLightControllerObject, score=-44
I/TrackingFidelityService( 1184): beginTransition[worldTracking]: lowLightControllerObject(3)->lowLightControllerObject(3)
I/TrackingFidelityService( 1184): _applyMuxModeLockedInternal: Mode lowLightControllerObject already set. Returning.
I/TrackingFidelityService( 1184): endTransition[worldTracking]: lowLightControllerObject(3)->lowLightControllerObject(3), seqId=-1, succeeded=true
D/TrackingFidelityService( 1184): TrackingFidelitySharedMemory - setFeatureFidelity: 16 5
I/TrackingFidelityService( 1184): Request(s)={constellation:5,hands:0,environment_lighting:0,keyboard:5,scene_reconstruction:0,}, Mux mode idx=3, name=lowLightControllerObject, score=-44
I/TrackingFidelityService( 1184): beginTransition[worldTracking]: lowLightControllerObject(3)->lowLightControllerObject(3)
I/TrackingFidelityService( 1184): _applyMuxModeLockedInternal: Mode lowLightControllerObject already set. Returning.
I/TrackingFidelityService( 1184): endTransition[worldTracking]: lowLightControllerObject(3)->lowLightControllerObject(3), seqId=-1, succeeded=true
W/healthd (    0): battery l=40 v=3893 t=46.0 h=2 st=2 c=61891 fc=4561000 cc=62 chg=a
D/TrackingFidelityService( 1184): TrackingFidelitySharedMemory - setFeatureFidelity: 16 5
I/TrackingFidelityService( 1184): Request(s)={constellation:5,hands:0,environment_lighting:0,keyboard:5,scene_reconstruction:0,}, Mux mode idx=3, name=lowLightControllerObject, score=-44
I/TrackingFidelityService( 1184): beginTransition[worldTracking]: lowLightControllerObject(3)->lowLightControllerObject(3)
I/TrackingFidelityService( 1184): _applyMuxModeLockedInternal: Mode lowLightControllerObject already set. Returning.
I/TrackingFidelityService( 1184): endTransition[worldTracking]: lowLightControllerObject(3)->lowLightControllerObject(3), seqId=-1, succeeded=true
W/TrackingService(  894): 22 late Color frame set were dropped: timestamp 8600.799846, current monochrome 8600.809800
D/TrackingFidelityService( 1184): TrackingFidelitySharedMemory - setFeatureFidelity: 16 5
I/TrackingFidelityService( 1184): Request(s)={constellation:5,hands:0,environment_lighting:0,keyboard:5,scene_reconstruction:0,}, Mux mode idx=3, name=lowLightControllerObject, score=-44
I/TrackingFidelityService( 1184): beginTransition[worldTracking]: lowLightControllerObject(3)->lowLightControllerObject(3)
I/TrackingFidelityService( 1184): _applyMuxModeLockedInternal: Mode lowLightControllerObject already set. Returning.
I/TrackingFidelityService( 1184): endTransition[worldTracking]: lowLightControllerObject(3)->lowLightControllerObject(3), seqId=-1, succeeded=true
D/TrackingFidelityService( 1184): TrackingFidelitySharedMemory - setFeatureFidelity: 16 5
I/TrackingFidelityService( 1184): Request(s)={constellation:5,hands:0,environment_lighting:0,keyboard:5,scene_reconstruction:0,}, Mux mode idx=3, name=lowLightControllerObject, score=-44
I/TrackingFidelityService( 1184): beginTransition[worldTracking]: lowLightControllerObject(3)->lowLightControllerObject(3)
I/TrackingFidelityService( 1184): _applyMuxModeLockedInternal: Mode lowLightControllerObject already set. Returning.
I/TrackingFidelityService( 1184): endTransition[worldTracking]: lowLightControllerObject(3)->lowLightControllerObject(3), seqId=-1, succeeded=true
D/TrackingFidelityService( 1184): TrackingFidelitySharedMemory - setFeatureFidelity: 16 5
I/TrackingFidelityService( 1184): Request(s)={constellation:5,hands:0,environment_lighting:0,keyboard:5,scene_reconstruction:0,}, Mux mode idx=3, name=lowLightControllerObject, score=-44
I/TrackingFidelityService( 1184): beginTransition[worldTracking]: lowLightControllerObject(3)->lowLightControllerObject(3)
I/TrackingFidelityService( 1184): _applyMuxModeLockedInternal: Mode lowLightControllerObject already set. Returning.
I/TrackingFidelityService( 1184): endTransition[worldTracking]: lowLightControllerObject(3)->lowLightControllerObject(3), seqId=-1, succeeded=true
D/TrackingFidelityService( 1184): TrackingFidelitySharedMemory - setFeatureFidelity: 16 5
I/TrackingFidelityService( 1184): Request(s)={constellation:5,hands:0,environment_lighting:0,keyboard:5,scene_reconstruction:0,}, Mux mode idx=3, name=lowLightControllerObject, score=-44
I/TrackingFidelityService( 1184): beginTransition[worldTracking]: lowLightControllerObject(3)->lowLightControllerObject(3)
I/TrackingFidelityService( 1184): _applyMuxModeLockedInternal: Mode lowLightControllerObject already set. Returning.
I/TrackingFidelityService( 1184): endTransition[worldTracking]: lowLightControllerObject(3)->lowLightControllerObject(3), seqId=-1, succeeded=true
W/SyncBossFW(  899): 8604580 [warning] {BSP }: Mag interrupt pin LOW in drdy handler
W/TrackingService(  894): 20 late Color frame set were dropped: timestamp 8604.841003, current monochrome 8604.849800
E/libsensortelemetry(  922): imu samples delayed: 5373458ns capture to arrival (ERS limit: 3500000ns)
E/libsensortelemetry(  894): imu_iot samples delayed: 5438875ns capture to arrival (ERS limit: 3500000ns)
D/TrackingFidelityService( 1184): TrackingFidelitySharedMemory - setFeatureFidelity: 16 5
I/TrackingFidelityService( 1184): Request(s)={constellation:5,hands:0,environment_lighting:0,keyboard:5,scene_reconstruction:0,}, Mux mode idx=3, name=lowLightControllerObject, score=-44
I/TrackingFidelityService( 1184): beginTransition[worldTracking]: lowLightControllerObject(3)->lowLightControllerObject(3)
I/TrackingFidelityService( 1184): _applyMuxModeLockedInternal: Mode lowLightControllerObject already set. Returning.
I/TrackingFidelityService( 1184): endTransition[worldTracking]: lowLightControllerObject(3)->lowLightControllerObject(3), seqId=-1, succeeded=true
W/TrackingService(  894): 40 late Color frame set were dropped: timestamp 8605.840879, current monochrome 8605.849800
E/FrameSetCollator(  922): [{COL:FULPS}] 2 FrameSets had unexpected timestamps (in the last 18748.59ms). Ex: slot 0 8606063.074ms -> 8606079.456ms (observed period: 16.382ms, expected period: 13.888ms (2.494ms))
D/TrackingFidelityService( 1184): TrackingFidelitySharedMemory - setFeatureFidelity: 16 5
I/TrackingFidelityService( 1184): Request(s)={constellation:5,hands:0,environment_lighting:0,keyboard:5,scene_reconstruction:0,}, Mux mode idx=3, name=lowLightControllerObject, score=-44
I/TrackingFidelityService( 1184): beginTransition[worldTracking]: lowLightControllerObject(3)->lowLightControllerObject(3)
I/TrackingFidelityService( 1184): _applyMuxModeLockedInternal: Mode lowLightControllerObject already set. Returning.
I/TrackingFidelityService( 1184): endTransition[worldTracking]: lowLightControllerObject(3)->lowLightControllerObject(3), seqId=-1, succeeded=true
E/libsensortelemetry(  922): imu samples delayed: 5510102ns capture to arrival (ERS limit: 3500000ns)
E/libsensortelemetry(  894): imu_iot samples delayed: 5585727ns capture to arrival (ERS limit: 3500000ns)
W/TrackingService(  894): 56 late Color frame set were dropped: timestamp 8606.843253, current monochrome 8606.849800
E/FrameSetCollator(  922): [{COL:FULPS}] 1 FrameSets had unexpected timestamps (in the last 1277.73ms). Ex: slot 0 8607343.186ms -> 8607354.580ms (observed period: 11.394ms, expected period: 13.888ms (-2.494ms))
D/TrackingFidelityService( 1184): TrackingFidelitySharedMemory - setFeatureFidelity: 16 5
I/TrackingFidelityService( 1184): Request(s)={constellation:5,hands:0,environment_lighting:0,keyboard:5,scene_reconstruction:0,}, Mux mode idx=3, name=lowLightControllerObject, score=-44
I/TrackingFidelityService( 1184): beginTransition[worldTracking]: lowLightControllerObject(3)->lowLightControllerObject(3)
I/TrackingFidelityService( 1184): _applyMuxModeLockedInternal: Mode lowLightControllerObject already set. Returning.
I/TrackingFidelityService( 1184): endTransition[worldTracking]: lowLightControllerObject(3)->lowLightControllerObject(3), seqId=-1, succeeded=true
W/healthd (    0): battery l=40 v=3904 t=46.0 h=2 st=2 c=200688 fc=4561000 cc=62 chg=a
I/libsensortelemetry(  922): Captured histograms for camera system color: dispatcher=has data, cameraSet=has data
I/libsensortelemetry(  922): Captured histograms for camera system worldTracking: dispatcher=has data, cameraSet=has data
I/libsensortelemetry(  922): FrameSet 'wt_raw10' valid dispatches: count=3000, allInvalidDrops=0, maxConsecutive=0
I/libsensortelemetry(  922): FrameSet 'col_fulps' valid dispatches: count=4321, allInvalidDrops=0, maxConsecutive=0
I/libsensortelemetry(  922): FrameSet 'wt_0_1_raw10' valid dispatches: count=3000, allInvalidDrops=0, maxConsecutive=0
I/libsensortelemetry(  922): FrameSet 'wt_raw10' full framesets: fullCount=3000, partialDrops=0, maxConsecutive=0
I/libsensortelemetry(  922): FrameSet 'col_fulps' full framesets: fullCount=4321, partialDrops=0, maxConsecutive=0
I/libsensortelemetry(  922): FrameSet 'wt_0_1_raw10' full framesets: fullCount=3000, partialDrops=0, maxConsecutive=0
D/TrackingFidelityService( 1184): TrackingFidelitySharedMemory - setFeatureFidelity: 16 5
I/TrackingFidelityService( 1184): Request(s)={constellation:5,hands:0,environment_lighting:0,keyboard:5,scene_reconstruction:0,}, Mux mode idx=3, name=lowLightControllerObject, score=-44
I/TrackingFidelityService( 1184): beginTransition[worldTracking]: lowLightControllerObject(3)->lowLightControllerObject(3)
I/TrackingFidelityService( 1184): _applyMuxModeLockedInternal: Mode lowLightControllerObject already set. Returning.
I/TrackingFidelityService( 1184): endTransition[worldTracking]: lowLightControllerObject(3)->lowLightControllerObject(3), seqId=-1, succeeded=true
D/TrackingFidelityService( 1184): TrackingFidelitySharedMemory - setFeatureFidelity: 16 5
I/TrackingFidelityService( 1184): Request(s)={constellation:5,hands:0,environment_lighting:0,keyboard:5,scene_reconstruction:0,}, Mux mode idx=3, name=lowLightControllerObject, score=-44
I/TrackingFidelityService( 1184): beginTransition[worldTracking]: lowLightControllerObject(3)->lowLightControllerObject(3)
I/TrackingFidelityService( 1184): _applyMuxModeLockedInternal: Mode lowLightControllerObject already set. Returning.
I/TrackingFidelityService( 1184): endTransition[worldTracking]: lowLightControllerObject(3)->lowLightControllerObject(3), seqId=-1, succeeded=true
W/healthd (    0): battery l=40 v=3890 t=46.0 h=2 st=2 c=-4394 fc=4561000 cc=62 chg=a
D/TrackingFidelityService( 1184): TrackingFidelitySharedMemory - setFeatureFidelity: 16 5
I/TrackingFidelityService( 1184): Request(s)={constellation:5,hands:0,environment_lighting:0,keyboard:5,scene_reconstruction:0,}, Mux mode idx=3, name=lowLightControllerObject, score=-44
I/TrackingFidelityService( 1184): beginTransition[worldTracking]: lowLightControllerObject(3)->lowLightControllerObject(3)
I/TrackingFidelityService( 1184): _applyMuxModeLockedInternal: Mode lowLightControllerObject already set. Returning.
I/TrackingFidelityService( 1184): endTransition[worldTracking]: lowLightControllerObject(3)->lowLightControllerObject(3), seqId=-1, succeeded=true
W/TrackingService(  894): 22 late Color frame set were dropped: timestamp 8610.881912, current monochrome 8610.889800
D/TrackingFidelityService( 1184): TrackingFidelitySharedMemory - setFeatureFidelity: 16 5
I/TrackingFidelityService( 1184): Request(s)={constellation:5,hands:0,environment_lighting:0,keyboard:5,scene_reconstruction:0,}, Mux mode idx=3, name=lowLightControllerObject, score=-44
I/TrackingFidelityService( 1184): beginTransition[worldTracking]: lowLightControllerObject(3)->lowLightControllerObject(3)
I/TrackingFidelityService( 1184): _applyMuxModeLockedInternal: Mode lowLightControllerObject already set. Returning.
I/TrackingFidelityService( 1184): endTransition[worldTracking]: lowLightControllerObject(3)->lowLightControllerObject(3), seqId=-1, succeeded=true
D/TrackingFidelityService( 1184): TrackingFidelitySharedMemory - setFeatureFidelity: 16 5
I/TrackingFidelityService( 1184): Request(s)={constellation:5,hands:0,environment_lighting:0,keyboard:5,scene_reconstruction:0,}, Mux mode idx=3, name=lowLightControllerObject, score=-44
I/TrackingFidelityService( 1184): beginTransition[worldTracking]: lowLightControllerObject(3)->lowLightControllerObject(3)
I/TrackingFidelityService( 1184): _applyMuxModeLockedInternal: Mode lowLightControllerObject already set. Returning.
I/TrackingFidelityService( 1184): endTransition[worldTracking]: lowLightControllerObject(3)->lowLightControllerObject(3), seqId=-1, succeeded=true
D/TrackingFidelityService( 1184): TrackingFidelitySharedMemory - setFeatureFidelity: 16 5
I/TrackingFidelityService( 1184): Request(s)={constellation:5,hands:0,environment_lighting:0,keyboard:5,scene_reconstruction:0,}, Mux mode idx=3, name=lowLightControllerObject, score=-44
I/TrackingFidelityService( 1184): beginTransition[worldTracking]: lowLightControllerObject(3)->lowLightControllerObject(3)
I/TrackingFidelityService( 1184): _applyMuxModeLockedInternal: Mode lowLightControllerObject already set. Returning.
I/TrackingFidelityService( 1184): endTransition[worldTracking]: lowLightControllerObject(3)->lowLightControllerObject(3), seqId=-1, succeeded=true
W/TrackingService(  894): 21 late Color frame set were dropped: timestamp 8613.923191, current monochrome 8613.929800
D/TrackingFidelityService( 1184): TrackingFidelitySharedMemory - setFeatureFidelity: 16 5
I/TrackingFidelityService( 1184): Request(s)={constellation:5,hands:0,environment_lighting:0,keyboard:5,scene_reconstruction:0,}, Mux mode idx=3, name=lowLightControllerObject, score=-44
I/TrackingFidelityService( 1184): beginTransition[worldTracking]: lowLightControllerObject(3)->lowLightControllerObject(3)
I/TrackingFidelityService( 1184): _applyMuxModeLockedInternal: Mode lowLightControllerObject already set. Returning.
I/TrackingFidelityService( 1184): endTransition[worldTracking]: lowLightControllerObject(3)->lowLightControllerObject(3), seqId=-1, succeeded=true
D/TrackingFidelityService( 1184): TrackingFidelitySharedMemory - setFeatureFidelity: 16 5
I/TrackingFidelityService( 1184): Request(s)={constellation:5,hands:0,environment_lighting:0,keyboard:5,scene_reconstruction:0,}, Mux mode idx=3, name=lowLightControllerObject, score=-44
I/TrackingFidelityService( 1184): beginTransition[worldTracking]: lowLightControllerObject(3)->lowLightControllerObject(3)
I/TrackingFidelityService( 1184): _applyMuxModeLockedInternal: Mode lowLightControllerObject already set. Returning.
I/TrackingFidelityService( 1184): endTransition[worldTracking]: lowLightControllerObject(3)->lowLightControllerObject(3), seqId=-1, succeeded=true
D/TrackingFidelityService( 1184): TrackingFidelitySharedMemory - setFeatureFidelity: 16 5
I/TrackingFidelityService( 1184): Request(s)={constellation:5,hands:0,environment_lighting:0,keyboard:5,scene_reconstruction:0,}, Mux mode idx=3, name=lowLightControllerObject, score=-44
I/TrackingFidelityService( 1184): beginTransition[worldTracking]: lowLightControllerObject(3)->lowLightControllerObject(3)
I/TrackingFidelityService( 1184): _applyMuxModeLockedInternal: Mode lowLightControllerObject already set. Returning.
I/TrackingFidelityService( 1184): endTransition[worldTracking]: lowLightControllerObject(3)->lowLightControllerObject(3), seqId=-1, succeeded=true
D/TrackingFidelityService( 1184): TrackingFidelitySharedMemory - setFeatureFidelity: 16 5
I/TrackingFidelityService( 1184): Request(s)={constellation:5,hands:0,environment_lighting:0,keyboard:5,scene_reconstruction:0,}, Mux mode idx=3, name=lowLightControllerObject, score=-44
I/TrackingFidelityService( 1184): beginTransition[worldTracking]: lowLightControllerObject(3)->lowLightControllerObject(3)
I/TrackingFidelityService( 1184): _applyMuxModeLockedInternal: Mode lowLightControllerObject already set. Returning.
I/TrackingFidelityService( 1184): endTransition[worldTracking]: lowLightControllerObject(3)->lowLightControllerObject(3), seqId=-1, succeeded=true
I/SyncBossHAL(  922): [info   ] syncboss_hal_input_controller.c(125): 9961d850d74714d4: IMU 0 missed/60000 expected (PER 0.00%), 0 max consecutive drops
D/TrackingService(  894): bf4654138ddad3be: isControllerInHand(59422.62s): 0 ctEnabled: 1 btnPress(59351.73s): 0 *btnOrTpdTouch(59428.62s): 1 *btnOrTpdProx(59428.62s): 1 static(59422.62s): 0 
D/TrackingService(  894): [HANDTRACKING] Controller bf4654138ddad3be in hand: N, valid: Y
D/ControllerManagement( 2157): RemoteService::recordControllerStatusUpdate: device bf4654138ddad3be: status: CONNECTED_ACTIVE tracking: POSITION, errors: --
W/TrackingService(  894): 22 late Color frame set were dropped: timestamp 8618.964223, current monochrome 8618.969800
D/TrackingFidelityService( 1184): TrackingFidelitySharedMemory - setFeatureFidelity: 16 5
I/TrackingFidelityService( 1184): Request(s)={constellation:5,hands:0,environment_lighting:0,keyboard:5,scene_reconstruction:0,}, Mux mode idx=3, name=lowLightControllerObject, score=-44
I/TrackingFidelityService( 1184): beginTransition[worldTracking]: lowLightControllerObject(3)->lowLightControllerObject(3)
I/TrackingFidelityService( 1184): _applyMuxModeLockedInternal: Mode lowLightControllerObject already set. Returning.
I/TrackingFidelityService( 1184): endTransition[worldTracking]: lowLightControllerObject(3)->lowLightControllerObject(3), seqId=-1, succeeded=true
D/TrackingService(  894): bf4654138ddad3be: isControllerInHand(59429.13s): 1 ctEnabled: 1 btnPress(59351.73s): 0 *btnOrTpdTouch(59429.13s): 1 *btnOrTpdProx(59429.13s): 1 static(59429.13s): 1 
D/TrackingService(  894): [HANDTRACKING] Controller bf4654138ddad3be in hand: Y, valid: Y
D/ControllerManagement( 2157): RemoteService::recordControllerStatusUpdate: device bf4654138ddad3be: status: CONNECTED_ACTIVE tracking: POSITION, errors: --
W/healthd (    0): battery l=40 v=3908 t=46.0 h=2 st=2 c=249029 fc=4561000 cc=62 chg=a
D/TrackingFidelityService( 1184): TrackingFidelitySharedMemory - setFeatureFidelity: 16 5
I/TrackingFidelityService( 1184): Request(s)={constellation:5,hands:0,environment_lighting:0,keyboard:5,scene_reconstruction:0,}, Mux mode idx=3, name=lowLightControllerObject, score=-44
I/TrackingFidelityService( 1184): beginTransition[worldTracking]: lowLightControllerObject(3)->lowLightControllerObject(3)
I/TrackingFidelityService( 1184): _applyMuxModeLockedInternal: Mode lowLightControllerObject already set. Returning.
I/TrackingFidelityService( 1184): endTransition[worldTracking]: lowLightControllerObject(3)->lowLightControllerObject(3), seqId=-1, succeeded=true
D/TrackingFidelityService( 1184): TrackingFidelitySharedMemory - setFeatureFidelity: 16 5
I/TrackingFidelityService( 1184): Request(s)={constellation:5,hands:0,environment_lighting:0,keyboard:5,scene_reconstruction:0,}, Mux mode idx=3, name=lowLightControllerObject, score=-44
I/TrackingFidelityService( 1184): beginTransition[worldTracking]: lowLightControllerObject(3)->lowLightControllerObject(3)
I/TrackingFidelityService( 1184): _applyMuxModeLockedInternal: Mode lowLightControllerObject already set. Returning.
I/TrackingFidelityService( 1184): endTransition[worldTracking]: lowLightControllerObject(3)->lowLightControllerObject(3), seqId=-1, succeeded=true
W/SyncBossFW(  899): 8621400 [warning] {BSP }: Mag interrupt pin LOW in drdy handler
W/SyncBossFW(  899): 8621480 [warning] {BSP }: Mag interrupt pin LOW in drdy handler
W/TrackingService(  894): 20 late Color frame set were dropped: timestamp 8622.005504, current monochrome 8622.009800
D/TrackingFidelityService( 1184): TrackingFidelitySharedMemory - setFeatureFidelity: 16 5
I/TrackingFidelityService( 1184): Request(s)={constellation:5,hands:0,environment_lighting:0,keyboard:5,scene_reconstruction:0,}, Mux mode idx=3, name=lowLightControllerObject, score=-44
I/TrackingFidelityService( 1184): beginTransition[worldTracking]: lowLightControllerObject(3)->lowLightControllerObject(3)
I/TrackingFidelityService( 1184): _applyMuxModeLockedInternal: Mode lowLightControllerObject already set. Returning.
I/TrackingFidelityService( 1184): endTransition[worldTracking]: lowLightControllerObject(3)->lowLightControllerObject(3), seqId=-1, succeeded=true
D/TrackingFidelityService( 1184): TrackingFidelitySharedMemory - setFeatureFidelity: 16 5
I/TrackingFidelityService( 1184): Request(s)={constellation:5,hands:0,environment_lighting:0,keyboard:5,scene_reconstruction:0,}, Mux mode idx=3, name=lowLightControllerObject, score=-44
I/TrackingFidelityService( 1184): beginTransition[worldTracking]: lowLightControllerObject(3)->lowLightControllerObject(3)
I/TrackingFidelityService( 1184): _applyMuxModeLockedInternal: Mode lowLightControllerObject already set. Returning.
I/TrackingFidelityService( 1184): endTransition[worldTracking]: lowLightControllerObject(3)->lowLightControllerObject(3), seqId=-1, succeeded=true
D/TrackingFidelityService( 1184): TrackingFidelitySharedMemory - setFeatureFidelity: 16 5
I/TrackingFidelityService( 1184): Request(s)={constellation:5,hands:0,environment_lighting:0,keyboard:5,scene_reconstruction:0,}, Mux mode idx=3, name=lowLightControllerObject, score=-44
I/TrackingFidelityService( 1184): beginTransition[worldTracking]: lowLightControllerObject(3)->lowLightControllerObject(3)
I/TrackingFidelityService( 1184): _applyMuxModeLockedInternal: Mode lowLightControllerObject already set. Returning.
I/TrackingFidelityService( 1184): endTransition[worldTracking]: lowLightControllerObject(3)->lowLightControllerObject(3), seqId=-1, succeeded=true
E/libsensortelemetry(  922): imu samples delayed: 5360549ns capture to arrival (ERS limit: 3500000ns)
E/libsensortelemetry(  894): imu_iot samples delayed: 5468153ns capture to arrival (ERS limit: 3500000ns)
D/TrackingFidelityService( 1184): TrackingFidelitySharedMemory - setFeatureFidelity: 16 5
I/TrackingFidelityService( 1184): Request(s)={constellation:5,hands:0,environment_lighting:0,keyboard:5,scene_reconstruction:0,}, Mux mode idx=3, name=lowLightControllerObject, score=-44
I/TrackingFidelityService( 1184): beginTransition[worldTracking]: lowLightControllerObject(3)->lowLightControllerObject(3)
I/TrackingFidelityService( 1184): _applyMuxModeLockedInternal: Mode lowLightControllerObject already set. Returning.
I/TrackingFidelityService( 1184): endTransition[worldTracking]: lowLightControllerObject(3)->lowLightControllerObject(3), seqId=-1, succeeded=true
W/TrackingService(  894): 21 late Color frame set were dropped: timestamp 8626.046671, current monochrome 8626.049800
D/TrackingFidelityService( 1184): TrackingFidelitySharedMemory - setFeatureFidelity: 16 5
I/TrackingFidelityService( 1184): Request(s)={constellation:5,hands:0,environment_lighting:0,keyboard:5,scene_reconstruction:0,}, Mux mode idx=3, name=lowLightControllerObject, score=-44
I/TrackingFidelityService( 1184): beginTransition[worldTracking]: lowLightControllerObject(3)->lowLightControllerObject(3)
I/TrackingFidelityService( 1184): _applyMuxModeLockedInternal: Mode lowLightControllerObject already set. Returning.
I/TrackingFidelityService( 1184): endTransition[worldTracking]: lowLightControllerObject(3)->lowLightControllerObject(3), seqId=-1, succeeded=true
D/TrackingFidelityService( 1184): TrackingFidelitySharedMemory - setFeatureFidelity: 16 5
I/TrackingFidelityService( 1184): Request(s)={constellation:5,hands:0,environment_lighting:0,keyboard:5,scene_reconstruction:0,}, Mux mode idx=3, name=lowLightControllerObject, score=-44
I/TrackingFidelityService( 1184): beginTransition[worldTracking]: lowLightControllerObject(3)->lowLightControllerObject(3)
I/TrackingFidelityService( 1184): _applyMuxModeLockedInternal: Mode lowLightControllerObject already set. Returning.
I/TrackingFidelityService( 1184): endTransition[worldTracking]: lowLightControllerObject(3)->lowLightControllerObject(3), seqId=-1, succeeded=true
D/TrackingFidelityService( 1184): TrackingFidelitySharedMemory - setFeatureFidelity: 16 5
I/TrackingFidelityService( 1184): Request(s)={constellation:5,hands:0,environment_lighting:0,keyboard:5,scene_reconstruction:0,}, Mux mode idx=3, name=lowLightControllerObject, score=-44
I/TrackingFidelityService( 1184): beginTransition[worldTracking]: lowLightControllerObject(3)->lowLightControllerObject(3)
I/TrackingFidelityService( 1184): _applyMuxModeLockedInternal: Mode lowLightControllerObject already set. Returning.
I/TrackingFidelityService( 1184): endTransition[worldTracking]: lowLightControllerObject(3)->lowLightControllerObject(3), seqId=-1, succeeded=true
W/healthd (    0): battery l=40 v=3896 t=46.0 h=2 st=2 c=95949 fc=4561000 cc=62 chg=a
D/TrackingFidelityService( 1184): TrackingFidelitySharedMemory - setFeatureFidelity: 16 5
I/TrackingFidelityService( 1184): Request(s)={constellation:5,hands:0,environment_lighting:0,keyboard:5,scene_reconstruction:0,}, Mux mode idx=3, name=lowLightControllerObject, score=-44
I/TrackingFidelityService( 1184): beginTransition[worldTracking]: lowLightControllerObject(3)->lowLightControllerObject(3)
I/TrackingFidelityService( 1184): _applyMuxModeLockedInternal: Mode lowLightControllerObject already set. Returning.
I/TrackingFidelityService( 1184): endTransition[worldTracking]: lowLightControllerObject(3)->lowLightControllerObject(3), seqId=-1, succeeded=true
D/TrackingFidelityService( 1184): TrackingFidelitySharedMemory - setFeatureFidelity: 16 5
I/TrackingFidelityService( 1184): Request(s)={constellation:5,hands:0,environment_lighting:0,keyboard:5,scene_reconstruction:0,}, Mux mode idx=3, name=lowLightControllerObject, score=-44
I/TrackingFidelityService( 1184): beginTransition[worldTracking]: lowLightControllerObject(3)->lowLightControllerObject(3)
I/TrackingFidelityService( 1184): _applyMuxModeLockedInternal: Mode lowLightControllerObject already set. Returning.
I/TrackingFidelityService( 1184): endTransition[worldTracking]: lowLightControllerObject(3)->lowLightControllerObject(3), seqId=-1, succeeded=true
W/TrackingService(  894): 20 late Color frame set were dropped: timestamp 8631.087699, current monochrome 8631.089800
D/TrackingFidelityService( 1184): TrackingFidelitySharedMemory - setFeatureFidelity: 16 5
I/TrackingFidelityService( 1184): Request(s)={constellation:5,hands:0,environment_lighting:0,keyboard:5,scene_reconstruction:0,}, Mux mode idx=3, name=lowLightControllerObject, score=-44
I/TrackingFidelityService( 1184): beginTransition[worldTracking]: lowLightControllerObject(3)->lowLightControllerObject(3)
I/TrackingFidelityService( 1184): _applyMuxModeLockedInternal: Mode lowLightControllerObject already set. Returning.
I/TrackingFidelityService( 1184): endTransition[worldTracking]: lowLightControllerObject(3)->lowLightControllerObject(3), seqId=-1, succeeded=true
D/TrackingFidelityService( 1184): TrackingFidelitySharedMemory - setFeatureFidelity: 16 5
I/TrackingFidelityService( 1184): Request(s)={constellation:5,hands:0,environment_lighting:0,keyboard:5,scene_reconstruction:0,}, Mux mode idx=3, name=lowLightControllerObject, score=-44
I/TrackingFidelityService( 1184): beginTransition[worldTracking]: lowLightControllerObject(3)->lowLightControllerObject(3)
I/TrackingFidelityService( 1184): _applyMuxModeLockedInternal: Mode lowLightControllerObject already set. Returning.
I/TrackingFidelityService( 1184): endTransition[worldTracking]: lowLightControllerObject(3)->lowLightControllerObject(3), seqId=-1, succeeded=true
E/syncboss_spi spi0.0(    0): bad magic from MCU (value: 0xcacacaca, data_ready_irq: 1, wake_timer: 0, send_timer: 0, msg_to_send: 0)
D/TrackingFidelityService( 1184): TrackingFidelitySharedMemory - setFeatureFidelity: 16 5
I/TrackingFidelityService( 1184): Request(s)={constellation:5,hands:0,environment_lighting:0,keyboard:5,scene_reconstruction:0,}, Mux mode idx=3, name=lowLightControllerObject, score=-44
I/TrackingFidelityService( 1184): beginTransition[worldTracking]: lowLightControllerObject(3)->lowLightControllerObject(3)
I/TrackingFidelityService( 1184): _applyMuxModeLockedInternal: Mode lowLightControllerObject already set. Returning.
I/TrackingFidelityService( 1184): endTransition[worldTracking]: lowLightControllerObject(3)->lowLightControllerObject(3), seqId=-1, succeeded=true
D/TrackingService(  894): bf4654138ddad3be: isControllerInHand(59438.89s): 0 ctEnabled: 1 btnPress(59351.73s): 0 *btnOrTpdTouch(59444.89s): 1 *btnOrTpdProx(59444.89s): 1 static(59438.89s): 0 
D/TrackingService(  894): [HANDTRACKING] Controller bf4654138ddad3be in hand: N, valid: Y
D/ControllerManagement( 2157): RemoteService::recordControllerStatusUpdate: device bf4654138ddad3be: status: CONNECTED_ACTIVE tracking: POSITION, errors: --
D/TrackingFidelityService( 1184): TrackingFidelitySharedMemory - setFeatureFidelity: 16 5
I/TrackingFidelityService( 1184): Request(s)={constellation:5,hands:0,environment_lighting:0,keyboard:5,scene_reconstruction:0,}, Mux mode idx=3, name=lowLightControllerObject, score=-44
I/TrackingFidelityService( 1184): beginTransition[worldTracking]: lowLightControllerObject(3)->lowLightControllerObject(3)
I/TrackingFidelityService( 1184): _applyMuxModeLockedInternal: Mode lowLightControllerObject already set. Returning.
I/TrackingFidelityService( 1184): endTransition[worldTracking]: lowLightControllerObject(3)->lowLightControllerObject(3), seqId=-1, succeeded=true
D/TrackingFidelityService( 1184): TrackingFidelitySharedMemory - setFeatureFidelity: 16 5
I/TrackingFidelityService( 1184): Request(s)={constellation:5,hands:0,environment_lighting:0,keyboard:5,scene_reconstruction:0,}, Mux mode idx=3, name=lowLightControllerObject, score=-44
I/TrackingFidelityService( 1184): beginTransition[worldTracking]: lowLightControllerObject(3)->lowLightControllerObject(3)
I/TrackingFidelityService( 1184): _applyMuxModeLockedInternal: Mode lowLightControllerObject already set. Returning.
I/TrackingFidelityService( 1184): endTransition[worldTracking]: lowLightControllerObject(3)->lowLightControllerObject(3), seqId=-1, succeeded=true
D/TrackingFidelityService( 1184): TrackingFidelitySharedMemory - setFeatureFidelity: 16 5
I/TrackingFidelityService( 1184): Request(s)={constellation:5,hands:0,environment_lighting:0,keyboard:5,scene_reconstruction:0,}, Mux mode idx=3, name=lowLightControllerObject, score=-44
I/TrackingFidelityService( 1184): beginTransition[worldTracking]: lowLightControllerObject(3)->lowLightControllerObject(3)
I/TrackingFidelityService( 1184): _applyMuxModeLockedInternal: Mode lowLightControllerObject already set. Returning.
I/TrackingFidelityService( 1184): endTransition[worldTracking]: lowLightControllerObject(3)->lowLightControllerObject(3), seqId=-1, succeeded=true
W/healthd (    0): battery l=40 v=3902 t=46.0 h=2 st=2 c=165531 fc=4561000 cc=62 chg=a
D/TrackingFidelityService( 1184): TrackingFidelitySharedMemory - setFeatureFidelity: 16 5
I/TrackingFidelityService( 1184): Request(s)={constellation:5,hands:0,environment_lighting:0,keyboard:5,scene_reconstruction:0,}, Mux mode idx=3, name=lowLightControllerObject, score=-44
I/TrackingFidelityService( 1184): beginTransition[worldTracking]: lowLightControllerObject(3)->lowLightControllerObject(3)
I/TrackingFidelityService( 1184): _applyMuxModeLockedInternal: Mode lowLightControllerObject already set. Returning.
I/TrackingFidelityService( 1184): endTransition[worldTracking]: lowLightControllerObject(3)->lowLightControllerObject(3), seqId=-1, succeeded=true
D/TrackingFidelityService( 1184): TrackingFidelitySharedMemory - setFeatureFidelity: 16 5
I/TrackingFidelityService( 1184): Request(s)={constellation:5,hands:0,environment_lighting:0,keyboard:5,scene_reconstruction:0,}, Mux mode idx=3, name=lowLightControllerObject, score=-44
I/TrackingFidelityService( 1184): beginTransition[worldTracking]: lowLightControllerObject(3)->lowLightControllerObject(3)
I/TrackingFidelityService( 1184): _applyMuxModeLockedInternal: Mode lowLightControllerObject already set. Returning.
I/TrackingFidelityService( 1184): endTransition[worldTracking]: lowLightControllerObject(3)->lowLightControllerObject(3), seqId=-1, succeeded=true
W/healthd (    0): battery l=40 v=3892 t=46.0 h=2 st=2 c=16113 fc=4561000 cc=62 chg=a
D/TrackingFidelityService( 1184): TrackingFidelitySharedMemory - setFeatureFidelity: 16 5
I/TrackingFidelityService( 1184): Request(s)={constellation:5,hands:0,environment_lighting:0,keyboard:5,scene_reconstruction:0,}, Mux mode idx=3, name=lowLightControllerObject, score=-44
I/TrackingFidelityService( 1184): beginTransition[worldTracking]: lowLightControllerObject(3)->lowLightControllerObject(3)
I/TrackingFidelityService( 1184): _applyMuxModeLockedInternal: Mode lowLightControllerObject already set. Returning.
I/TrackingFidelityService( 1184): endTransition[worldTracking]: lowLightControllerObject(3)->lowLightControllerObject(3), seqId=-1, succeeded=true
D/TrackingService(  894): bf4654138ddad3be: isControllerInHand(59450.86s): 1 ctEnabled: 1 btnPress(59351.73s): 0 *btnOrTpdTouch(59450.86s): 1 *btnOrTpdProx(59450.86s): 1 static(59450.86s): 1 
D/TrackingService(  894): [HANDTRACKING] Controller bf4654138ddad3be in hand: Y, valid: Y
D/ControllerManagement( 2157): RemoteService::recordControllerStatusUpdate: device bf4654138ddad3be: status: CONNECTED_ACTIVE tracking: POSITION, errors: --
W/TrackingService(  894): 22 late Color frame set were dropped: timestamp 8641.197539, current monochrome 8641.209800
D/TrackingFidelityService( 1184): TrackingFidelitySharedMemory - setFeatureFidelity: 16 5
I/TrackingFidelityService( 1184): Request(s)={constellation:5,hands:0,environment_lighting:0,keyboard:5,scene_reconstruction:0,}, Mux mode idx=3, name=lowLightControllerObject, score=-44
I/TrackingFidelityService( 1184): beginTransition[worldTracking]: lowLightControllerObject(3)->lowLightControllerObject(3)
I/TrackingFidelityService( 1184): _applyMuxModeLockedInternal: Mode lowLightControllerObject already set. Returning.
I/TrackingFidelityService( 1184): endTransition[worldTracking]: lowLightControllerObject(3)->lowLightControllerObject(3), seqId=-1, succeeded=true
D/TrackingFidelityService( 1184): TrackingFidelitySharedMemory - setFeatureFidelity: 16 5
I/TrackingFidelityService( 1184): Request(s)={constellation:5,hands:0,environment_lighting:0,keyboard:5,scene_reconstruction:0,}, Mux mode idx=3, name=lowLightControllerObject, score=-44
I/TrackingFidelityService( 1184): beginTransition[worldTracking]: lowLightControllerObject(3)->lowLightControllerObject(3)
I/TrackingFidelityService( 1184): _applyMuxModeLockedInternal: Mode lowLightControllerObject already set. Returning.
I/TrackingFidelityService( 1184): endTransition[worldTracking]: lowLightControllerObject(3)->lowLightControllerObject(3), seqId=-1, succeeded=true
E/syncboss_spi spi0.0(    0): bad magic from MCU (value: 0xcacacaca, data_ready_irq: 1, wake_timer: 0, send_timer: 0, msg_to_send: 0)
D/TrackingFidelityService( 1184): TrackingFidelitySharedMemory - setFeatureFidelity: 16 5
I/TrackingFidelityService( 1184): Request(s)={constellation:5,hands:0,environment_lighting:0,keyboard:5,scene_reconstruction:0,}, Mux mode idx=3, name=lowLightControllerObject, score=-44
I/TrackingFidelityService( 1184): beginTransition[worldTracking]: lowLightControllerObject(3)->lowLightControllerObject(3)
I/TrackingFidelityService( 1184): _applyMuxModeLockedInternal: Mode lowLightControllerObject already set. Returning.
I/TrackingFidelityService( 1184): endTransition[worldTracking]: lowLightControllerObject(3)->lowLightControllerObject(3), seqId=-1, succeeded=true
W/TrackingService(  894): 20 late Color frame set were dropped: timestamp 8644.238821, current monochrome 8644.249800
D/TrackingFidelityService( 1184): TrackingFidelitySharedMemory - setFeatureFidelity: 16 5
I/TrackingFidelityService( 1184): Request(s)={constellation:5,hands:0,environment_lighting:0,keyboard:5,scene_reconstruction:0,}, Mux mode idx=3, name=lowLightControllerObject, score=-44
I/TrackingFidelityService( 1184): beginTransition[worldTracking]: lowLightControllerObject(3)->lowLightControllerObject(3)
I/TrackingFidelityService( 1184): _applyMuxModeLockedInternal: Mode lowLightControllerObject already set. Returning.
I/TrackingFidelityService( 1184): endTransition[worldTracking]: lowLightControllerObject(3)->lowLightControllerObject(3), seqId=-1, succeeded=true
E/libsensortelemetry(  922): imu samples delayed: 5797349ns capture to arrival (ERS limit: 3500000ns)
E/libsensortelemetry(  894): imu_iot samples delayed: 5865109ns capture to arrival (ERS limit: 3500000ns)
D/TrackingFidelityService( 1184): TrackingFidelitySharedMemory - setFeatureFidelity: 16 5
I/TrackingFidelityService( 1184): Request(s)={constellation:5,hands:0,environment_lighting:0,keyboard:5,scene_reconstruction:0,}, Mux mode idx=3, name=lowLightControllerObject, score=-44
I/TrackingFidelityService( 1184): beginTransition[worldTracking]: lowLightControllerObject(3)->lowLightControllerObject(3)
I/TrackingFidelityService( 1184): _applyMuxModeLockedInternal: Mode lowLightControllerObject already set. Returning.
I/TrackingFidelityService( 1184): endTransition[worldTracking]: lowLightControllerObject(3)->lowLightControllerObject(3), seqId=-1, succeeded=true
D/TrackingFidelityService( 1184): TrackingFidelitySharedMemory - setFeatureFidelity: 16 5
I/TrackingFidelityService( 1184): Request(s)={constellation:5,hands:0,environment_lighting:0,keyboard:5,scene_reconstruction:0,}, Mux mode idx=3, name=lowLightControllerObject, score=-44
I/TrackingFidelityService( 1184): beginTransition[worldTracking]: lowLightControllerObject(3)->lowLightControllerObject(3)
I/TrackingFidelityService( 1184): _applyMuxModeLockedInternal: Mode lowLightControllerObject already set. Returning.
I/TrackingFidelityService( 1184): endTransition[worldTracking]: lowLightControllerObject(3)->lowLightControllerObject(3), seqId=-1, succeeded=true
W/TrackingService(  894): 21 late Color frame set were dropped: timestamp 8647.280104, current monochrome 8647.289800
D/TrackingFidelityService( 1184): TrackingFidelitySharedMemory - setFeatureFidelity: 16 5
I/TrackingFidelityService( 1184): Request(s)={constellation:5,hands:0,environment_lighting:0,keyboard:5,scene_reconstruction:0,}, Mux mode idx=3, name=lowLightControllerObject, score=-44
I/TrackingFidelityService( 1184): beginTransition[worldTracking]: lowLightControllerObject(3)->lowLightControllerObject(3)
I/TrackingFidelityService( 1184): _applyMuxModeLockedInternal: Mode lowLightControllerObject already set. Returning.
I/TrackingFidelityService( 1184): endTransition[worldTracking]: lowLightControllerObject(3)->lowLightControllerObject(3), seqId=-1, succeeded=true
D/TrackingFidelityService( 1184): TrackingFidelitySharedMemory - setFeatureFidelity: 16 5
I/TrackingFidelityService( 1184): Request(s)={constellation:5,hands:0,environment_lighting:0,keyboard:5,scene_reconstruction:0,}, Mux mode idx=3, name=lowLightControllerObject, score=-44
I/TrackingFidelityService( 1184): beginTransition[worldTracking]: lowLightControllerObject(3)->lowLightControllerObject(3)
I/TrackingFidelityService( 1184): _applyMuxModeLockedInternal: Mode lowLightControllerObject already set. Returning.
I/TrackingFidelityService( 1184): endTransition[worldTracking]: lowLightControllerObject(3)->lowLightControllerObject(3), seqId=-1, succeeded=true
W/healthd (    0): battery l=40 v=3901 t=46.0 h=2 st=2 c=157840 fc=4561000 cc=62 chg=a
D/TrackingFidelityService( 1184): TrackingFidelitySharedMemory - setFeatureFidelity: 16 5
I/TrackingFidelityService( 1184): Request(s)={constellation:5,hands:0,environment_lighting:0,keyboard:5,scene_reconstruction:0,}, Mux mode idx=3, name=lowLightControllerObject, score=-44
I/TrackingFidelityService( 1184): beginTransition[worldTracking]: lowLightControllerObject(3)->lowLightControllerObject(3)
I/TrackingFidelityService( 1184): _applyMuxModeLockedInternal: Mode lowLightControllerObject already set. Returning.
I/TrackingFidelityService( 1184): endTransition[worldTracking]: lowLightControllerObject(3)->lowLightControllerObject(3), seqId=-1, succeeded=true
D/TrackingFidelityService( 1184): TrackingFidelitySharedMemory - setFeatureFidelity: 16 5
I/TrackingFidelityService( 1184): Request(s)={constellation:5,hands:0,environment_lighting:0,keyboard:5,scene_reconstruction:0,}, Mux mode idx=3, name=lowLightControllerObject, score=-44
I/TrackingFidelityService( 1184): beginTransition[worldTracking]: lowLightControllerObject(3)->lowLightControllerObject(3)
I/TrackingFidelityService( 1184): _applyMuxModeLockedInternal: Mode lowLightControllerObject already set. Returning.
I/TrackingFidelityService( 1184): endTransition[worldTracking]: lowLightControllerObject(3)->lowLightControllerObject(3), seqId=-1, succeeded=true
W/TrackingService(  894): 21 late Color frame set were dropped: timestamp 8651.321261, current monochrome 8651.329800
D/TrackingFidelityService( 1184): TrackingFidelitySharedMemory - setFeatureFidelity: 16 5
I/TrackingFidelityService( 1184): Request(s)={constellation:5,hands:0,environment_lighting:0,keyboard:5,scene_reconstruction:0,}, Mux mode idx=3, name=lowLightControllerObject, score=-44
I/TrackingFidelityService( 1184): beginTransition[worldTracking]: lowLightControllerObject(3)->lowLightControllerObject(3)
I/TrackingFidelityService( 1184): _applyMuxModeLockedInternal: Mode lowLightControllerObject already set. Returning.
I/TrackingFidelityService( 1184): endTransition[worldTracking]: lowLightControllerObject(3)->lowLightControllerObject(3), seqId=-1, succeeded=true
W/SyncBossFW(  899): 8653280 [warning] {BSP }: Mag interrupt pin LOW in drdy handler
E/FrameSetCollator(  922): [{COL:FULPS}] 1 FrameSets had unexpected timestamps (in the last 46079.79ms). Ex: slot 0 8653418.220ms -> 8653434.607ms (observed period: 16.387ms, expected period: 13.888ms (2.499ms))
D/TrackingFidelityService( 1184): TrackingFidelitySharedMemory - setFeatureFidelity: 16 5
I/TrackingFidelityService( 1184): Request(s)={constellation:5,hands:0,environment_lighting:0,keyboard:5,scene_reconstruction:0,}, Mux mode idx=3, name=lowLightControllerObject, score=-44
I/TrackingFidelityService( 1184): beginTransition[worldTracking]: lowLightControllerObject(3)->lowLightControllerObject(3)
I/TrackingFidelityService( 1184): _applyMuxModeLockedInternal: Mode lowLightControllerObject already set. Returning.
I/TrackingFidelityService( 1184): endTransition[worldTracking]: lowLightControllerObject(3)->lowLightControllerObject(3), seqId=-1, succeeded=true
D/TrackingFidelityService( 1184): TrackingFidelitySharedMemory - setFeatureFidelity: 16 5
I/TrackingFidelityService( 1184): Request(s)={constellation:5,hands:0,environment_lighting:0,keyboard:5,scene_reconstruction:0,}, Mux mode idx=3, name=lowLightControllerObject, score=-44
I/TrackingFidelityService( 1184): beginTransition[worldTracking]: lowLightControllerObject(3)->lowLightControllerObject(3)
I/TrackingFidelityService( 1184): _applyMuxModeLockedInternal: Mode lowLightControllerObject already set. Returning.
I/TrackingFidelityService( 1184): endTransition[worldTracking]: lowLightControllerObject(3)->lowLightControllerObject(3), seqId=-1, succeeded=true
E/FrameSetCollator(  922): [{COL:FULPS}] 3 FrameSets had unexpected timestamps (in the last 1166.77ms). Ex: slot 0 8654587.238ms -> 8654598.625ms (observed period: 11.387ms, expected period: 13.888ms (-2.501ms))
D/TrackingFidelityService( 1184): TrackingFidelitySharedMemory - setFeatureFidelity: 16 5
I/TrackingFidelityService( 1184): Request(s)={constellation:5,hands:0,environment_lighting:0,keyboard:5,scene_reconstruction:0,}, Mux mode idx=3, name=lowLightControllerObject, score=-44
I/TrackingFidelityService( 1184): beginTransition[worldTracking]: lowLightControllerObject(3)->lowLightControllerObject(3)
I/TrackingFidelityService( 1184): _applyMuxModeLockedInternal: Mode lowLightControllerObject already set. Returning.
I/TrackingFidelityService( 1184): endTransition[worldTracking]: lowLightControllerObject(3)->lowLightControllerObject(3), seqId=-1, succeeded=true
E/FrameSetCollator(  922): [{COL:FULPS}] 2 FrameSets had unexpected timestamps (in the last 1082.97ms). Ex: slot 0 8655667.434ms -> 8655681.819ms (observed period: 14.385ms, expected period: 13.888ms (0.497ms))
I/SyncBossHAL(  922): [info   ] syncboss_hal_input_controller.c(125): bf4654138ddad3be: IMU 0 missed/60000 expected (PER 0.00%), 0 max consecutive drops
W/TrackingService(  894): 21 late Color frame set were dropped: timestamp 8656.364790, current monochrome 8656.369800
D/TrackingFidelityService( 1184): TrackingFidelitySharedMemory - setFeatureFidelity: 16 5
I/TrackingFidelityService( 1184): Request(s)={constellation:5,hands:0,environment_lighting:0,keyboard:5,scene_reconstruction:0,}, Mux mode idx=3, name=lowLightControllerObject, score=-44
I/TrackingFidelityService( 1184): beginTransition[worldTracking]: lowLightControllerObject(3)->lowLightControllerObject(3)
I/TrackingFidelityService( 1184): _applyMuxModeLockedInternal: Mode lowLightControllerObject already set. Returning.
I/TrackingFidelityService( 1184): endTransition[worldTracking]: lowLightControllerObject(3)->lowLightControllerObject(3), seqId=-1, succeeded=true
W/TrackingService(  894): 43 late Color frame set were dropped: timestamp 8657.362169, current monochrome 8657.369800
E/FrameSetCollator(  922): [{COL:FULPS}] 3 FrameSets had unexpected timestamps (in the last 1833.30ms). Ex: slot 0 8657501.036ms -> 8657517.424ms (observed period: 16.388ms, expected period: 13.888ms (2.500ms))
E/syncboss_spi spi0.0(    0): bad magic from MCU (value: 0xcacacaca, data_ready_irq: 1, wake_timer: 0, send_timer: 0, msg_to_send: 0)
D/TrackingFidelityService( 1184): TrackingFidelitySharedMemory - setFeatureFidelity: 16 5
I/TrackingFidelityService( 1184): Request(s)={constellation:5,hands:0,environment_lighting:0,keyboard:5,scene_reconstruction:0,}, Mux mode idx=3, name=lowLightControllerObject, score=-44
I/TrackingFidelityService( 1184): beginTransition[worldTracking]: lowLightControllerObject(3)->lowLightControllerObject(3)
I/TrackingFidelityService( 1184): _applyMuxModeLockedInternal: Mode lowLightControllerObject already set. Returning.
I/TrackingFidelityService( 1184): endTransition[worldTracking]: lowLightControllerObject(3)->lowLightControllerObject(3), seqId=-1, succeeded=true
W/TrackingService(  894): 64 late Color frame set were dropped: timestamp 8658.362041, current monochrome 8658.369800
D/TrackingFidelityService( 1184): TrackingFidelitySharedMemory - setFeatureFidelity: 16 5
I/TrackingFidelityService( 1184): Request(s)={constellation:5,hands:0,environment_lighting:0,keyboard:5,scene_reconstruction:0,}, Mux mode idx=3, name=lowLightControllerObject, score=-44
I/TrackingFidelityService( 1184): beginTransition[worldTracking]: lowLightControllerObject(3)->lowLightControllerObject(3)
I/TrackingFidelityService( 1184): _applyMuxModeLockedInternal: Mode lowLightControllerObject already set. Returning.
I/TrackingFidelityService( 1184): endTransition[worldTracking]: lowLightControllerObject(3)->lowLightControllerObject(3), seqId=-1, succeeded=true
W/healthd (    0): battery l=40 v=3893 t=46.0 h=2 st=2 c=38086 fc=4561000 cc=62 chg=a
D/TrackingFidelityService( 1184): TrackingFidelitySharedMemory - setFeatureFidelity: 16 5
I/TrackingFidelityService( 1184): Request(s)={constellation:5,hands:0,environment_lighting:0,keyboard:5,scene_reconstruction:0,}, Mux mode idx=3, name=lowLightControllerObject, score=-44
I/TrackingFidelityService( 1184): beginTransition[worldTracking]: lowLightControllerObject(3)->lowLightControllerObject(3)
I/TrackingFidelityService( 1184): _applyMuxModeLockedInternal: Mode lowLightControllerObject already set. Returning.
I/TrackingFidelityService( 1184): endTransition[worldTracking]: lowLightControllerObject(3)->lowLightControllerObject(3), seqId=-1, succeeded=true
D/TrackingFidelityService( 1184): TrackingFidelitySharedMemory - setFeatureFidelity: 16 5
I/TrackingFidelityService( 1184): Request(s)={constellation:5,hands:0,environment_lighting:0,keyboard:5,scene_reconstruction:0,}, Mux mode idx=3, name=lowLightControllerObject, score=-44
I/TrackingFidelityService( 1184): beginTransition[worldTracking]: lowLightControllerObject(3)->lowLightControllerObject(3)
I/TrackingFidelityService( 1184): _applyMuxModeLockedInternal: Mode lowLightControllerObject already set. Returning.
I/TrackingFidelityService( 1184): endTransition[worldTracking]: lowLightControllerObject(3)->lowLightControllerObject(3), seqId=-1, succeeded=true
