I/SensorDataTransforms(  894): [iot:iot] Mux mode updates successfully staged
D/TrackingService(  894): [iot:iot]Queue mux mode update notification: lowLightControllerObject
D/TrackingService(  894): [iot]start onMuxStateUpdate. ModeId: lowLightController -> lowLightControllerObject
D/TrackingService(  894): [iot][iot]handleMuxModeNotification started for muxMode[worldTracking: lowLightControllerObject]
D/TrackingService(  894): [iot][iot]handleMuxModeNotification finished for muxMode[worldTracking: lowLightControllerObject]
D/TrackingService(  894): [iot]end onMuxStateUpdate. ModeId: lowLightController -> lowLightControllerObject
I/TrackingService(  894): [                         iot:iot] Mux Mode Transition from sensor service: lowLightController -> lowLightControllerObject transition time: 0 ms
I/SensorDataTransforms( 1160): [MrStreamControl:projector_assisted_depth] Staging mux mode updates for {worldTracking: ind-3, seqId-266},
I/SensorDataTransforms( 1160): [MrStreamControl:projector_assisted_depth] Mux mode updates successfully staged
D/CameraStream(  922): [object] Client [Obj(894)] attempting start
I/FrameSetDispatcher(  922): [{WT:RAW10}] Client pid=894 (Obj): Client thread[{WT:RAW10}:Obj] started
I/CameraClientManager(  922): [Obj(894)][object] client started (estimated 1 started clients total)
I/CameraClientManager(  922): [[Obj(894)][object]] definitely starting stream
I/SensorService(  922): ending update to CameraStream mux states
I/FrameSetCollator(  922): [{WT(0,1):RAW10}] Updated frame set period to 20000000, with all camera system activeSlots [[T,T,T,T,]]
I/FrameSetCollator(  922): [{WT:RAW10}] Updated frame set period to 20000000, with all camera system activeSlots [[T,T,T,T,]]
I/FrameSetDispatcher(  922): [{WT(0,1):RAW10}] Latest MuxModeSettings: 3
I/FrameSetDispatcher(  922): [{WT(0,1):RAW10}] purpose: ambient_controller, slots: SLOT_0 SLOT_2 
I/FrameSetDispatcher(  922): [{WT(0,1):RAW10}] purpose: constellation, slots: SLOT_1 
I/FrameSetDispatcher(  922): [{WT(0,1):RAW10}] purpose: exposure_control_worldTracking, slots: SLOT_0 SLOT_1 SLOT_2 SLOT_3 
I/FrameSetDispatcher(  922): [{WT(0,1):RAW10}] purpose: iobt, slots: SLOT_0 SLOT_2 
I/FrameSetDispatcher(  922): [{WT(0,1):RAW10}] purpose: mr_monochrome, slots: SLOT_0 SLOT_2 
I/FrameSetDispatcher(  922): [{WT(0,1):RAW10}] purpose: object, slots: SLOT_3 
I/FrameSetDispatcher(  922): [{WT(0,1):RAW10}] purpose: active_slots, slots: SLOT_0 SLOT_1 SLOT_2 SLOT_3 
I/FrameSetDispatcher(  922): [{WT(0,1):RAW10}] purpose: hand, slots: 
I/FrameSetDispatcher(  922): [{WT(0,1):RAW10}] purpose: iot, slots: SLOT_0 SLOT_2 
I/FrameSetDispatcher(  922): [{WT(0,1):RAW10}] purpose: projector_assisted_depth, slots: 
I/FrameSetDispatcher(  922): [{WT:RAW10}] Client pid=894 (IOT): [worldTracking] Updated CameraMuxMode: 3, Slots: SLOT_0 SLOT_2 
I/FrameSetDispatcher(  922): [{WT:RAW10}] Client pid=894 (ExpCtl): [worldTracking] Updated CameraMuxMode: 3, Slots: SLOT_0 SLOT_1 SLOT_2 SLOT_3 
I/FrameSetDispatcher(  922): [{WT:RAW10}] Client pid=894 (Cnst): [worldTracking] Updated CameraMuxMode: 3, Slots: SLOT_1 
I/FrameSetDispatcher(  922): [{WT:RAW10}] Client pid=894 (Cnst): [worldTracking] Updated CameraMuxMode: 3, Slots: SLOT_0 SLOT_2 
I/FrameSetDispatcher(  922): [{WT:RAW10}] Client pid=894 (Obj): [worldTracking] Updated CameraMuxMode: 3, Slots: SLOT_3 
I/FrameSetDispatcher(  922): [{WT:RAW10}] Latest MuxModeSettings: 3
I/FrameSetDispatcher(  922): [{WT:RAW10}] purpose: ambient_controller, slots: SLOT_0 SLOT_2 
I/FrameSetDispatcher(  922): [{WT:RAW10}] purpose: constellation, slots: SLOT_1 
I/FrameSetDispatcher(  922): [{WT:RAW10}] purpose: exposure_control_worldTracking, slots: SLOT_0 SLOT_1 SLOT_2 SLOT_3 
I/FrameSetDispatcher(  922): [{WT:RAW10}] purpose: iobt, slots: SLOT_0 SLOT_2 
I/FrameSetDispatcher(  922): [{WT:RAW10}] purpose: mr_monochrome, slots: SLOT_0 SLOT_2 
I/FrameSetDispatcher(  922): [{WT:RAW10}] purpose: object, slots: SLOT_3 
I/FrameSetDispatcher(  922): [{WT:RAW10}] purpose: active_slots, slots: SLOT_0 SLOT_1 SLOT_2 SLOT_3 
I/FrameSetDispatcher(  922): [{WT:RAW10}] purpose: hand, slots: 
I/FrameSetDispatcher(  922): [{WT:RAW10}] purpose: iot, slots: SLOT_0 SLOT_2 
I/FrameSetDispatcher(  922): [{WT:RAW10}] purpose: projector_assisted_depth, slots: 
I/SensorDataTransforms(  894): [iobt:iobt] Staging mux mode updates for {worldTracking: ind-3, seqId-266},
I/SensorDataTransforms(  894): [iobt:iobt] Mux mode updates successfully staged
D/TrackingService(  894): [iobt:iobt]Queue mux mode update notification: lowLightControllerObject
D/TrackingService(  894): [iobt]start onMuxStateUpdate. ModeId: lowLightController -> lowLightControllerObject
D/TrackingService(  894): [iobt][iobt]handleMuxModeNotification started for muxMode[worldTracking: lowLightControllerObject]
D/TrackingService(  894): [iobt][iobt]handleMuxModeNotification finished for muxMode[worldTracking: lowLightControllerObject]
D/TrackingService(  894): [iobt]end onMuxStateUpdate. ModeId: lowLightController -> lowLightControllerObject
I/TrackingService(  894): [                       iobt:iobt] Mux Mode Transition from sensor service: lowLightController -> lowLightControllerObject transition time: 0 ms
D/CompatibilityChangeReporter( 1539): Compat change id reported: 170503758; UID 10110; state: ENABLED
I/SyncBossFW(  899): 8769683 [info   ] {NCM }: Found slot with constellation capability
I/SyncBossFW(  899): 8769685 [info   ] {NCM }: No slot with projector capability found.
I/SyncBossFW(  899): 8769685 [info   ] {NCM }: Stopping projector
D/SensorService(  922): Configured syncboss nice config: [{camera_set: 1, num_slots: 4, [ { tag: 192, default_exposure_us: 65535, default_gain: 65535, capabilities: 0, slot_length: 0, }, { tag: 193, default_exposure_us: 65535, default_gain: 65535, capabilities: 2, slot_length: 0, }, { tag: 194, default_exposure_us: 65535, default_gain: 65535, capabilities: 0, slot_length: 0, }, { tag: 195, default_exposure_us: 5000, default_gain: 48, capabilities: 0, slot_length: 0, }, ] shutter_period_us: 20000, }, {camera_set: 2, num_slots: 4, [ { tag: 192, default_exposure_us: 65535, default_gain: 65535, capabilities: 0, slot_length: 0, }, { tag: 193, default_exposure_us: 65535, default_gain: 65535, capabilities: 2, slot_length: 0, }, { tag: 194, default_exposure_us: 65535, default_gain: 65535, capabilities: 0, slot_length: 0, }, { tag: 195, default_exposure_us: 5000, default_gain: 48, capabilities: 0, slot_length: 0, }, ] shutter_period_us: 20000, }, ]
I/TrackingFidelityService( 1184): Setting feature fidelity for feature KEYBOARD to fidelity 2 for muxMode lowLightControllerObject
I/SensorService(  922): [worldTracking] Starting cameras for purpose object
D/TrackingFidelityService( 1184): TrackingFidelitySharedMemory - setFeatureFidelity: 7 2
D/TrackingFidelityService( 1184): TrackingFidelitySharedMemory - setFeatureFidelity: 1 0
D/TrackingFidelityService( 1184): TrackingFidelitySharedMemory - setFeatureFidelity: 9 0
I/TrackingFidelityService( 1184): Setting feature fidelity for feature CONTROLLER_CONSTELLATION to fidelity 2 for muxMode lowLightControllerObject
D/TrackingFidelityService( 1184): TrackingFidelitySharedMemory - setFeatureFidelity: 10 2
D/TrackingFidelityService( 1184): TrackingFidelitySharedMemory - setFeatureFidelity: 18 0
D/TrackingFidelityService( 1184): TrackingFidelitySharedMemory - setFeatureFidelity: 17 0
I/FrameSetCollator(  922): [{WT:RAW10}] Skipping start, already running (camera system worldTracking start count: 5)
I/TrackingFidelityService( 1184): endTransition[worldTracking]: lowLightController(1)->lowLightControllerObject(3), seqId=266, succeeded=true
I/SensorService(  922): [worldTracking] Starting camera streams for purpose: object, current muxmode = 3
I/CameraClientManager(  922): [[Obj(894)][object]] stream start completed
D/CameraStream(  922): [object] Client [Obj(894)]: start complete
I/TrackingServiceProxy( 1539): Oboe audio stream started.
D/TrackingService(  894): [object][object]handleMuxModeNotification finished for muxMode[worldTracking: lowLightControllerObject]
D/TrackingService(  894): [object]end onMuxStateUpdate. ModeId: lowLightController -> lowLightControllerObject
I/TrackingService(  894): [                   object:object] Mux Mode Transition from sensor service: lowLightController -> lowLightControllerObject transition time: 13 ms
E/FrameSetCollator(  922): [{WT:RAW10}] 2 FrameSets had unexpected timestamps (in the last 98985.41ms). Ex: slot 0 8769649.800ms -> 8769689.800ms (observed period: 40.000ms, expected period: 20.000ms (20.000ms))
I/libsensortelemetry(  922): Captured histograms for camera system color: dispatcher=has data, cameraSet=has data
I/libsensortelemetry(  922): Captured histograms for camera system worldTracking: dispatcher=has data, cameraSet=has data
I/libsensortelemetry(  922): FrameSet 'wt_raw10' valid dispatches: count=1543, allInvalidDrops=0, maxConsecutive=0
I/libsensortelemetry(  922): FrameSet 'col_fulps' valid dispatches: count=108, allInvalidDrops=2020, maxConsecutive=1012
I/libsensortelemetry(  922): FrameSet 'wt_0_1_raw10' valid dispatches: count=0, allInvalidDrops=0, maxConsecutive=0
I/libsensortelemetry(  922): FrameSet 'wt_raw10' full framesets: fullCount=1543, partialDrops=0, maxConsecutive=0
I/libsensortelemetry(  922): FrameSet 'col_fulps' full framesets: fullCount=108, partialDrops=2020, maxConsecutive=1012
I/libsensortelemetry(  922): FrameSet 'wt_0_1_raw10' full framesets: fullCount=0, partialDrops=0, maxConsecutive=0
W/ContextImpl( 2209): Calling a method in the system process without a qualified user: android.app.ContextImpl.bindService:1988 android.content.ContextWrapper.bindService:861 oculus.internal.binder.BinderServiceClient.<init>:40 com.oculus.os.DeviceAuth$DeviceAuthServiceClient.<init>:184 com.oculus.os.DeviceAuth.fetchToken:77 
D/CoreBackPreview( 1539): Window{280e573 u0 org.godotengine.editor.v4.meta/org.godotengine.editor.GodotXRGame}: Setting back callback null
W/healthd (    0): battery l=40 v=3906 t=46.0 h=2 st=2 c=201421 fc=4561000 cc=62 chg=a
D/CompatibilityChangeReporter( 1539): Compat change id reported: 135634846; UID 1000; state: DISABLED
D/CompatibilityChangeReporter( 1539): Compat change id reported: 177438394; UID 1000; state: DISABLED
D/CompatibilityChangeReporter( 1539): Compat change id reported: 135772972; UID 1000; state: DISABLED
D/CompatibilityChangeReporter( 1539): Compat change id reported: 135754954; UID 1000; state: ENABLED
I/FrameSetDispatcher(  922): [{WT:RAW10}] 1 older Mux Mode settings are removed.
I/FrameSetDispatcher(  922): [{WT:RAW10}] Client pid=894 (ExpCtl): Remove old Mux Mode 1: slot indices: SLOT_0 SLOT_1 SLOT_2 
I/FrameSetDispatcher(  922): [{WT:RAW10}] Client pid=894 (Cnst): Remove old Mux Mode 1: slot indices: SLOT_1 
I/TrackingService(  894): [constellation:constellation] Configuration update starting
I/TrackingService(  894): [constellation:constellation] Configuration update done
I/TrackingService(  894): [constellation:constellation] Finish configuration update starting
I/TrackingService(  894): [constellation:constellation] Finish configuration update done
I/FrameSetDispatcher(  922): [{WT:RAW10}] Client pid=894 (IOT): Remove old Mux Mode 1: slot indices: SLOT_0 SLOT_2 
I/FrameSetDispatcher(  922): [{WT:RAW10}] Client pid=894 (Cnst): Remove old Mux Mode 1: slot indices: SLOT_0 SLOT_2 
I/TrackingService(  894): [constellation:ambient_controller] Configuration update starting
I/TrackingService(  894): [iot:iot] Configuration update starting
I/TrackingService(  894): [constellation:ambient_controller] Configuration update done
I/TrackingService(  894): [constellation:ambient_controller] Finish configuration update starting
I/TrackingService(  894): [constellation:ambient_controller] Finish configuration update done
I/TrackingService(  894): [iot:iot] Configuration update done
I/TrackingService(  894): [iot:iot] Finish configuration update starting
I/TrackingService(  894): [iot:iot] Finish configuration update done
I/SyncBossHAL(  922): [info   ] pulsar_manager.c(179): Setting controller ID 9961d850d74714d4 LED config to period: 80000us, on-time: 19us, delay: 29787us
I/FrameSetDispatcher(  922): [{WT:RAW10}] Client pid=894 (Obj): Remove old Mux Mode 1: slot indices: 
D/SensorDataTransforms(  894): [object:object] Erased 1 stale entries from the staged mux states for worldTracking.
I/TrackingService(  894): [object:object] Configuration update starting
I/TrackingService(  894): [object:object] Configuration update done
I/TrackingService(  894): [object:object] Finish configuration update starting
I/TrackingService(  894): [object:object] Finish configuration update done
I/SyncBossFW(  899): 8769840 [info   ] {NCM }: [rate_lim=5000] Sending constellation cadence: [P: 80000us, D: 29800us]
I/SyncBossHAL(  922): [info   ] pulsar_manager.c(179): Setting controller ID bf4654138ddad3be LED config to period: 80000us, on-time: 19us, delay: 29787us
I/SyncBossFW(  899): 8769843 [info   ] {NCM }: [rate_lim=5000] Ack received for constellation cadence: [P: 80000us, D: 29800us]
W/ActivityManager( 1539): Slow operation: 72ms so far, now at startProcess: returned from zygote!
W/ActivityManager( 1539): Slow operation: 75ms so far, now at startProcess: done updating battery stats
W/ActivityManager( 1539): Slow operation: 77ms so far, now at startProcess: building log message
I/ActivityManager( 1539): Start proc 30636:com.oculus.deviceauthserver/1000 for service {com.oculus.deviceauthserver/com.oculus.deviceauthserver.DeviceAuthService}
W/ActivityManager( 1539): Slow operation: 77ms so far, now at startProcess: starting to update pids map
E/msm_cdc_enable_ondemand_supply(    0): either dev or supplies or cdc_vreg is NULL
E/lpass-cdc soc(    0): spf_core_platform:lpass-cdc: lpass_cdc_dmic_clk_enable: dmic power supply enbl failed
E/msm_cdc_enable_ondemand_supply(    0): either dev or supplies or cdc_vreg is NULL
E/lpass-cdc soc(    0): spf_core_platform:lpass-cdc: lpass_cdc_dmic_clk_enable: dmic power supply enbl failed
W/ActivityManager( 1539): Slow operation: 83ms so far, now at startProcess: done updating pids map
I/ActivityManager( 1539): Process org.godotengine.editor.v4.meta:GodotXRGame (pid 29693) has died: cch+5 CEM 
I/SyncBossInput(  922): [info   ] [rubyprq (right) 9961d850d74714d4]: 8602712 [info   ] {IRLD}: IR LED configured: p=80000, ot=19, d=29787
I/SyncBossInput(  922): [info   ] [ruby ( left) bf4654138ddad3be]: 8279472 [info   ] {IRLD}: IR LED configured: p=80000, ot=19, d=29787
D/CompatibilityChangeReporter( 1539): Compat change id reported: 168419799; UID 1000; state: DISABLED
D/CompatibilityChangeReporter( 1539): Compat change id reported: 273564678; UID 1000; state: DISABLED
D/CompatibilityChangeReporter( 1539): Compat change id reported: 261072174; UID 1000; state: ENABLED
I/ActivityManager( 1539): Flag disabled. Ignoring finishAttachApplication from uid: 10110. pid: 30581
D/TrackingFidelityService( 1184): TrackingFidelitySharedMemory - setFeatureFidelity: 16 5
I/TrackingFidelityService( 1184): Request(s)={constellation:5,hands:0,environment_lighting:0,keyboard:5,scene_reconstruction:0,}, Mux mode idx=3, name=lowLightControllerObject, score=-44
I/TrackingFidelityService( 1184): beginTransition[worldTracking]: lowLightControllerObject(3)->lowLightControllerObject(3)
I/TrackingFidelityService( 1184): _applyMuxModeLockedInternal: Mode lowLightControllerObject already set. Returning.
I/TrackingFidelityService( 1184): endTransition[worldTracking]: lowLightControllerObject(3)->lowLightControllerObject(3), seqId=-1, succeeded=true
I/ActivityManager( 1539): Flag disabled. Ignoring finishAttachApplication from uid: 1000. pid: 30636
D/CompatibilityChangeReporter( 1539): Compat change id reported: 261072174; UID 10110; state: ENABLED
D/CameraStream(  922): [projector_assisted_depth] Client [MrSSCamS(1160)] attempting start
I/FrameSetDispatcher(  922): [{WT(0,1):RAW10}] Client pid=1160 (MrSSCamS): Client thread[{WT(0,1):RAW10}] started
I/CameraClientManager(  922): [MrSSCamS(1160)][projector_assisted_depth] client started (estimated 1 started clients total)
I/CameraClientManager(  922): [[MrSSCamS(1160)][projector_assisted_depth]] definitely starting stream
I/SensorService(  922): [worldTracking] Starting cameras for purpose projector_assisted_depth
I/FrameSetCollator(  922): [{WT(0,1):RAW10}] started at 59580.03
I/SensorService(  922): [worldTracking] Starting camera streams for purpose: projector_assisted_depth, current muxmode = 3
I/CameraClientManager(  922): [[MrSSCamS(1160)][projector_assisted_depth]] stream start completed
D/CameraStream(  922): [projector_assisted_depth] Client [MrSSCamS(1160)]: start complete
D/CameraStream(  922): [mr_monochrome] Client [MrSSCamS(1160)] attempting start
I/FrameSetDispatcher(  922): [{WT(0,1):RAW10}] Client pid=1160 (MrSSCamS): Client thread[{WT(0,1):RAW10}] started
I/CameraClientManager(  922): [MrSSCamS(1160)][mr_monochrome] client started (estimated 1 started clients total)
I/CameraClientManager(  922): [[MrSSCamS(1160)][mr_monochrome]] definitely starting stream
I/SensorService(  922): [worldTracking] Starting cameras for purpose mr_monochrome
I/FrameSetCollator(  922): [{WT(0,1):RAW10}] Skipping start, already running (camera system worldTracking start count: 2)
I/SensorService(  922): [worldTracking] Starting camera streams for purpose: mr_monochrome, current muxmode = 3
I/CameraClientManager(  922): [[MrSSCamS(1160)][mr_monochrome]] stream start completed
D/CameraStream(  922): [mr_monochrome] Client [MrSSCamS(1160)]: start complete
D/CameraStream(  922): [passthrough] Client [MrSSCamS(1160)] attempting start
I/FrameSetDispatcher(  922): [{COL:FULPS}] Client pid=1160 (MrSSCamS): Client thread[{COL:FULPS}:MrS] started
I/CameraClientManager(  922): [MrSSCamS(1160)][passthrough] client started (estimated 1 started clients total)
I/CameraClientManager(  922): [[MrSSCamS(1160)][passthrough]] definitely starting stream
I/SensorService(  922): [color] Starting cameras for purpose passthrough
I/VrSensors-HidlWrapper(  922): Create IMU Sensor using fmq
I/VrSensors-HidlWrapper(  922): Create IMU Sensor using fmq
I/FrameSetDispatcher(  922): [{WT(0,1):RAW10}] 1 older Mux Mode settings are removed.
I/FrameSetDispatcher(  922): [{WT(0,1):RAW10}] Client pid=1160 (MrSSCamS): Remove old Mux Mode 1: slot indices: SLOT_0 SLOT_2 
W/MemoryBroker( 1539): attachClient: found client in attached list (uid: 1000, pid: 1160)
I/CAM_INFO(    0): CAM-SENSOR: cam_sensor_driver_cmd: 1211 CAM_ACQUIRE_DEV Success for imx471 id:0x471,slave-addr:0x34 crm:[0]
I/CAM_INFO(   23): CAM-SMMU: cam_smmu_map_user_iova: 3257 fd=814 already in list [23:10:41:844] cb=ife idx=0 handle=30633 len=573440,give same addr back
I/CAM_INFO(   23): CAM-SMMU: cam_smmu_map_user_iova: 3257 fd=815 already in list [23:10:41:844] cb=ife idx=0 handle=30633 len=471040,give same addr back
I/CAM_INFO(   23): CAM-SMMU: cam_smmu_map_user_iova: 3257 fd=816 already in list [23:10:41:844] cb=ife idx=0 handle=30633 len=495616,give same addr back
I/CAM_INFO(    0): CAM-SENSOR: cam_sensor_driver_cmd: 1211 CAM_ACQUIRE_DEV Success for imx471 id:0x471,slave-addr:0x34 crm:[0]
I/CAM_INFO(   23): CAM-SMMU: cam_smmu_map_user_iova: 3257 fd=883 already in list [23:10:41:860] cb=ife idx=0 handle=30633 len=573440,give same addr back
I/CAM_INFO(   23): CAM-SMMU: cam_smmu_map_user_iova: 3257 fd=884 already in list [23:10:41:860] cb=ife idx=0 handle=30633 len=471040,give same addr back
I/CAM_INFO(   23): CAM-SMMU: cam_smmu_map_user_iova: 3257 fd=885 already in list [23:10:41:860] cb=ife idx=0 handle=30633 len=495616,give same addr back
I/CAM_INFO(    0): CAM-CRM: cam_req_mgr_link_v3: 4951 link reserved 0000000000000000 0 trigger_type:1 num_devs:2 sess_hdl:11928084 no_crm:4
I/CAM_INFO(    0): CAM-ISP: cam_ife_hw_mgr_print_acquire_info: 2027 23:10:41.870 Acquired Single IFE[1] with [9 pix] [0 pd] [0 rdi] ports for ctx:6 per_port_enabled :0 sensor:-559038737 ul: 0
I/CAM_INFO(    0): CAM-ISP: __cam_isp_ctx_acquire_hw_v2: 9792 NO CRM session,top state machine assigned for no crm ctx 6
I/CAM_INFO(    0): CAM-ISP: __cam_isp_ctx_start_dev_in_ready: 10826 Start IFE device ctx 6 with irq state machine [Activated State Machine IRQ] in initial SubState [SOF] UL_path 0
I/CAM_INFO(    0): CAM-SENSOR: cam_sensor_driver_cmd: 1352 23:10:41.875 CAM_START_DEV[5] Success for imx471 sensor_id:0x471,sensor_slave_addr:0x34
I/CAM_INFO(    0): CAM-CRM: cam_req_mgr_link_v3: 4951 link reserved 0000000000000000 0 trigger_type:1 num_devs:2 sess_hdl:11928084 no_crm:4
I/CAM_INFO(    0): CAM-ISP: cam_ife_hw_mgr_print_acquire_info: 2027 23:10:41.876 Acquired Single IFE[0] with [9 pix] [0 pd] [0 rdi] ports for ctx:7 per_port_enabled :0 sensor:-559038737 ul: 0
I/SensorService(  922): doEnableHalCameras[Color] Create SyncbossHandleWrapper
I/SensorService(  922): doEnableHalCameras[Color] FsyncEventHandler::GetInstance
I/CAM_INFO(    0): CAM-ISP: __cam_isp_ctx_acquire_hw_v2: 9792 NO CRM session,top state machine assigned for no crm ctx 7
I/CAM_INFO(    0): CAM-ISP: __cam_isp_ctx_start_dev_in_ready: 10826 Start IFE device ctx 7 with irq state machine [Activated State Machine IRQ] in initial SubState [SOF] UL_path 0
D/CompatibilityChangeReporter( 1539): Compat change id reported: 253665015; UID 10110; state: ENABLED
D/CompatibilityChangeReporter( 1539): Compat change id reported: 194532703; UID 10110; state: ENABLED
I/SyncBossFW(  899): 8770403 [info   ] {GCM }: general_cam_mgr_deinit for cameras 0x30
W/SyncBossFW(  899): 8770403 [warning] {GCM }: Camera imx471[0x10] not primed yet
W/SyncBossFW(  899): 8770403 [warning] {GCM }: Camera imx471[0x20] not primed yet
I/SyncBossFW(  899): 8770405 [info   ] {GCM }: general_cam_mgr_init for cameras 0x30
I/FrameSetCollator(  922): [{COL:FULPS}] started at 59580.17
I/SensorService(  922): [color] Starting camera streams for purpose: passthrough, current muxmode = 1
I/CameraClientManager(  922): [[MrSSCamS(1160)][passthrough]] stream start completed
D/CameraStream(  922): [passthrough] Client [MrSSCamS(1160)]: start complete
I/SyncBossFW(  899): 8770471 [info   ] {GCM }: general_cam_mgr_set_frame_rate_config cams 0x30 period 20000us
I/SyncBossFW(  899): 8770473 [info   ] {GCM }: general_cam_mgr_get_stream_info for cameras 0x10
I/SyncBossFW(  899): 8770475 [info   ] {GCM }: general_cam_mgr_start_streaming for cameras 0x30
I/CAM_INFO(    0): CAM-SENSOR: cam_sensor_driver_cmd: 1352 23:10:41.881 CAM_START_DEV[4] Success for imx471 sensor_id:0x471,sensor_slave_addr:0x34
I/        (    0): Info: adsprpc (8241): 558: 558: cvp-dsp-thread: fastrpc_driver_register: fastrpc driver qcom,fastcv0 registered with handle 1160
I/msm_cvp (    0): sess: Opening cvp instance: 0000000000000000
I/msm_cvp (    0): pwr: cvp (eva) powered on
I/msm_cvp (    0): err: __flush_debug_queue: invalid msg size - 126
I/msm_cvp (    0): err: __flush_debug_queue: invalid msg size - 126
I/synx    (    0): info: synx_initialize: 2303: [sess :17] session created cvp-kernel-client
I/TrackingFidelityService( 1184): Request(s)={mr_passthrough:3,}
D/TrackingFidelityService( 1184): TrackingFidelitySharedMemory - setFeatureFidelity: 13 3
D/TrackingFidelityService( 1184): TrackingFidelitySharedMemory - setFeatureFidelity: 14 0
D/TrackingFidelityService( 1184): TrackingFidelitySharedMemory - setFeatureFidelity: 19 0
D/TrackingFidelityService( 1184): TrackingFidelitySharedMemory - setFeatureFidelity: 20 0
E/TrackingFidelityService( 1184): Feature pt_display_sync has not been scored properly by the mux mode solver.
E/TrackingFidelityService( 1184): Feature pt_display_sync has not been scored properly by the mux mode solver.
I/TrackingFidelityService( 1184): Request(s)={mr_passthrough:3,pt_display_sync:0,hyperscape_room_scanning:0,isp_foveation:0,low_latency_pt:0,}, Mux mode idx=1, name=default, score=-1980
I/TrackingFidelityService( 1184): beginTransition[color]: default(1)->default(1)
I/TrackingFidelityService( 1184): _applyMuxModeLockedInternal: Mode default already set. Returning.
I/TrackingFidelityService( 1184): endTransition[color]: default(1)->default(1), seqId=-1, succeeded=true
I/TrackingFidelityService( 1184): Request(s)={pt_display_sync:5,}
D/TrackingFidelityService( 1184): TrackingFidelitySharedMemory - setFeatureFidelity: 14 5
D/TrackingFidelityService( 1184): TrackingFidelitySharedMemory - setFeatureFidelity: 13 3
D/TrackingFidelityService( 1184): TrackingFidelitySharedMemory - setFeatureFidelity: 19 0
D/TrackingFidelityService( 1184): TrackingFidelitySharedMemory - setFeatureFidelity: 20 0
E/TrackingFidelityService( 1184): Feature pt_display_sync has not been scored properly by the mux mode solver.
E/TrackingFidelityService( 1184): Feature pt_display_sync has not been scored properly by the mux mode solver.
I/TrackingFidelityService( 1184): Request(s)={pt_display_sync:5,mr_passthrough:3,hyperscape_room_scanning:0,isp_foveation:0,low_latency_pt:5,}, Mux mode idx=2, name=defaultDisplay, score=-1980
I/TrackingFidelityService( 1184): beginTransition[color]: default(1)->defaultDisplay(2)
I/TrackingFidelityService( 1184): _applyMuxModeLockedInternal: Applying camera mux mode defaultDisplay via requestFeaturesWithFidelitiesLocked
I/SensorService(  922): [color] Setting camera mux mode to 2
I/SensorService(  922): updating CameraStream mux states
I/DisplayDeviceRepository( 1539): Display device changed: DisplayDeviceInfo{"Built-in Screen": uniqueId="local:4630946882202380434", 4128 x 2208, modeId 50, renderFrameRate 72.00001, defaultModeId 1, supportedModes [{id=1, width=4128, height=2208, fps=90.0, alternativeRefreshRates=[], supportedHdrTypes=[1, 2, 3]}, {id=2, width=3104, height=1664, fps=90.0, alternativeRefreshRates=[], supportedHdrTypes=[1, 2, 3]}, {id=3, width=4128, height=2208, fps=120.00001, alternativeRefreshRates=[], supportedHdrTypes=[1, 2, 3]}, {id=4, width=4128, height=2208, fps=119.00001, alternativeRefreshRates=[], supportedHdrTypes=[1, 2, 3]}, {id=5, width=4128, height=2208, fps=118.0, alternativeRefreshRates=[], supportedHdrTypes=[1, 2, 3]}, {id=6, width=4128, height=2208, fps=117.00001, alternativeRefreshRates=[], supportedHdrTypes=[1, 2, 3]}, {id=7, width=4128, height=2208, fps=116.00001, alternativeRefreshRates=[], supportedHdrTypes=[1, 2, 3]}, {id=8, width=4128, height=2208, fps=115.0, alternativeRefreshRates=[], supportedHdrTypes=[1, 2, 3]}, {id=9, width=4128, height=2208, fps=114.00001, alternativeRefreshRates=[], supportedHdrTypes=[1, 2, 3]}, {id=10, width=4128, height=2208, fps=113.00001, alternativeRefreshRates=[], supportedHdrTypes=[1, 2, 3]}, {id=11, width=4128, height=2208, fps=112.00001, alternativeRefreshRates=[], supportedHdrTypes=[1, 2, 3]}, {id=12, width=4128, height=2208, fps=111.0, alternativeRefreshRates=[], supportedHdrTypes=[1, 2, 3]}, {id=13, width=4128, height=2208, fps=110.0, alternativeRefreshRates=[], supportedHdrTypes=[1, 2, 3]}, {id=14, width=4128, height=2208, fps=109.00001, alternativeRefreshRates=[], supportedHdrTypes=[1, 2, 3]}, {id=15, width=4128, height=2208, fps=108.0, alternativeRefreshRates=[], supportedHdrTypes=[1, 2, 3]}, {id=16, width=4128, height=2208, fps=107.00001, alternativeRefreshRates=[], supportedHdrTypes=[1, 2, 3]}, {id=17, width=4128, height=2208, fps=106.0, alternativeRefreshRates=[], supportedHdrTypes=[1, 2, 3]}, {id=18, width=4128, height=2208, fps=105.00001, alternativeRefreshRates=[], supportedHdrTypes=[1, 2, 3]}, {id=19, width=4128, height=2208, fps=104.00001, alternativeRefreshRates=[], supportedHdrTypes=[1, 2, 3]}, {id=20, width=4128, height=2208, fps=103.00001, alternativeRefreshRates=[], supportedHdrTypes=[1, 2, 3]}, {id=21, width=4128, height=2208, fps=102.00001, alternativeRefreshRates=[], supportedHdrTypes=[1, 2, 3]}, {id=22, width=4128, height=2208, fps=101.0, alternativeRefreshRates=[], supportedHdrTypes=[1, 2, 3]}, {id=23, width=4128, height=2208, fps=100.0, alternativeRefreshRates=[], supportedHdrTypes=[1, 2, 3]}, {id=24, width=4128, height=2208, fps=99.0, alternativeRefreshRates=[], supportedHdrTypes=[1, 2, 3]}, {id=25, width=4128, height=2208, fps=98.00001, alternativeRefreshRates=[], supportedHdrTypes=[1, 2, 3]}, {id=26, width=4128, height=2208, fps=97.0, alternativeRefreshRates=[], supportedHdrTypes=[1, 2, 3]}, {id=27, width=4128, height=2208, fps=96.00001, alternativeRefreshRates=[], supportedHdrTypes=[1, 2, 3]}, {id=28, width=4128, height=2208, fps=95.00001, alternativeRefreshRates=[], supportedHdrTypes=[1, 2, 3]}, {id=29, width=4128, height=2208, fps=94.00001, alternativeRefreshRates=[], supportedHdrTypes=[1, 2, 3]}, {id=30, width=4128, height=2208, fps=93.0, alternativeRefreshRates=[], supportedHdrTypes=[1, 2, 3]}, {id=31, width=4128, height=2208, fps=92.0, alternativeRefreshRates=[], supportedHdrTypes=[1, 2, 3]}, {id=32, width=4128, height=2208, fps=91.00001, alternativeRefreshRates=[], supportedHdrTypes=[1, 2, 3]}, {id=33, width=4128, height=2208, fps=89.0, alternativeRefreshRates=[], supportedHdrTypes=[1, 2, 3]}, {id=34, width=4128, height=2208, fps=88.0, alternativeRefreshRates=[], supportedHdrTypes=[1, 2, 3]}, {id=35, width=4128, height=2208, fps=87.00001, alternativeRefreshRates=[], supportedHdrTypes=[1, 2, 3]}, {id=36, width=4128, height=2208, fps=86.00001, alternativeRefreshRates=[], supportedHdrTypes=[1, 2, 3]}, {id=37, width=4128, height=2208, fps=85.00001, alternativeRefreshRates=[], supportedHdrTypes=[1, 2, 3]}, {id=38, width=4128, height=
I/[drm:dsi_display_set_mode [msm_drm]] [msm-dsi-info](    0): mdp_transfer_time=0, hactive=4128, vactive=2208, fps=72, clk_rate=0
I/SensorDataTransforms( 1160): [MrStreamControl:passthrough] Staging mux mode updates for {color: ind-2, seqId-267},
I/SensorDataTransforms( 1160): [MrStreamControl:passthrough] Signaling start of the mode transition
I/SensorDataTransforms( 1160): [MrStreamControl:passthrough] Mux mode updates successfully staged
I/SensorService(  922): ending update to CameraStream mux states
W/AppOps  ( 1539): Noting op not finished: uid 10098 pkg com.oculus.vrshell code 140 startTime of in progress event=1774653041837
I/FrameSetCollator(  922): [{COL:FULPS}] Updated frame set period to 13888000, with all camera system activeSlots [[T,]]
I/FrameSetDispatcher(  922): [{COL:FULPS}] Client pid=1160 (MrSSCamS): [color] Updated CameraMuxMode: 2, Slots: SLOT_0 
I/FrameSetDispatcher(  922): [{COL:FULPS}] Latest MuxModeSettings: 2
I/FrameSetDispatcher(  922): [{COL:FULPS}] purpose: active_slots, slots: SLOT_0 
I/FrameSetDispatcher(  922): [{COL:FULPS}] purpose: cam2bridge, slots: SLOT_0 
I/FrameSetDispatcher(  922): [{COL:FULPS}] purpose: ocal, slots: SLOT_0 
I/FrameSetDispatcher(  922): [{COL:FULPS}] purpose: passthrough, slots: SLOT_0 
I/SensorDataTransforms(  894): [iot:ocal] Staging mux mode updates for {color: ind-2, seqId-267},
I/SensorDataTransforms(  894): [iot:ocal] Signaling start of the mode transition
I/TrackingService(  894): [iot:ocal] Start configuration update starting
I/TrackingService(  894): [iot:ocal] Start configuration update done
I/SensorDataTransforms(  894): [iot:ocal] Mux mode updates successfully staged
D/TrackingService(  894): [iot:ocal]Queue mux mode update notification: defaultDisplay
D/TrackingService(  894): [ocal]start onMuxStateUpdate. ModeId: default -> defaultDisplay
D/TrackingService(  894): [iot][ocal]handleMuxModeNotification started for muxMode[color: defaultDisplay]
D/TrackingService(  894): [iot][ocal]handleMuxModeNotification finished for muxMode[color: defaultDisplay]
D/TrackingService(  894): [ocal]end onMuxStateUpdate. ModeId: default -> defaultDisplay
I/TrackingService(  894): [                        iot:ocal] Mux Mode Transition from sensor service: default -> defaultDisplay transition time: 0 ms
I/SensorService(  922): Active camera ids set to: []
I/ColorCameraSystem(  922): [color] Switch to display rate sync mode (72.000 Hz).
I/SyncBossFW(  899): 8770599 [info   ] {GCM }: general_cam_mgr_stop_streaming for cameras 0x30
I/libsensortelemetry(  922): Captured histograms for camera system color: dispatcher=has data, cameraSet=has data
I/libsensortelemetry(  922): Captured histograms for camera system worldTracking: dispatcher=has data, cameraSet=has data
I/libsensortelemetry(  922): FrameSet 'wt_raw10' valid dispatches: count=45, allInvalidDrops=1, maxConsecutive=1
I/libsensortelemetry(  922): FrameSet 'col_fulps' valid dispatches: count=4, allInvalidDrops=218, maxConsecutive=218
I/libsensortelemetry(  922): FrameSet 'wt_0_1_raw10' valid dispatches: count=14, allInvalidDrops=0, maxConsecutive=0
I/libsensortelemetry(  922): FrameSet 'wt_raw10' full framesets: fullCount=45, partialDrops=1, maxConsecutive=1
I/libsensortelemetry(  922): FrameSet 'col_fulps' full framesets: fullCount=4, partialDrops=218, maxConsecutive=218
I/libsensortelemetry(  922): FrameSet 'wt_0_1_raw10' full framesets: fullCount=14, partialDrops=0, maxConsecutive=0
I/ColorCameraSystem(  922): [color] Set camera sync mode to display
I/SyncBossFW(  899): 8770602 [info   ] {BRGB}: Enabling display sync mode
W/SensorService(  922): received frame for disabled cam5
I/SyncBossFW(  899): 8770604 [info   ] {GCM }: general_cam_mgr_set_frame_rate_config cams 0x30 period 13888us
I/SensorService(  922): Active camera ids set to: [4,5]
W/SensorService(  922): [color] Skipped updateSyncbossFrameTag - no updater or override provided
E/TrackingFidelityService( 1184): Requested fidelity level is 3, but mux mode defaultDisplay does not support enabling requested feature mr_passthrough.
I/TrackingFidelityService( 1184): Setting feature fidelity for feature MR_PASSTHROUGH to fidelity 0 for muxMode defaultDisplay
D/TrackingFidelityService( 1184): TrackingFidelitySharedMemory - setFeatureFidelity: 13 0
D/TrackingFidelityService( 1184): TrackingFidelitySharedMemory - setFeatureFidelity: 19 0
D/TrackingFidelityService( 1184): TrackingFidelitySharedMemory - setFeatureFidelity: 20 0
I/TrackingFidelityService( 1184): Setting feature fidelity for feature LOW_LATENCY_PT to fidelity 5 for muxMode defaultDisplay
D/TrackingFidelityService( 1184): TrackingFidelitySharedMemory - setFeatureFidelity: 15 5
I/TrackingFidelityService( 1184): endTransition[color]: default(1)->defaultDisplay(2), seqId=267, succeeded=true
I/SyncBossFW(  899): 8770606 [info   ] {GCM }: general_cam_mgr_start_streaming for cameras 0x30
I/libsensortelemetry(  922): Updating camera metrics frame period from 20000 to 13888
E/SyncBossHAL(  922): Failed to match frame for syncbossCamId 16 to recent shutter packet: queue is empty
E/SyncBossHAL(  922): [error  ] syncboss_hal_impl_camera_v2_metadata.c(1454): Failed to match imx471 frame to timestamp packet. cam_id: 16, tag: 3
E/SensorService(  922): SyncbossCameraController::getFrameMetadata(syncbossCamId: 16): rc: -1.
E/SensorService(  922): failed to handle frame metadata for cam 4 streamType 13, dropping frame!
E/FrameSetCollator(  922): [{COL:FULPS}] 1 FrameSets had unexpected timestamps (in the last 188.07ms). Ex: slot 0 8770569.800ms -> 8770645.837ms (observed period: 76.037ms, expected period: 13.888ms (62.149ms))
I/FrameSetDispatcher(  922): [{COL:FULPS}] 1 older Mux Mode settings are removed.
I/FrameSetDispatcher(  922): [{COL:FULPS}] Client pid=1160 (MrSSCamS): Remove old Mux Mode 1: slot indices: SLOT_0 
W/AppOps  ( 1539): Noting op not finished: uid 10098 pkg com.oculus.vrshell code 140 startTime of in progress event=1774653041837
W/MemoryBroker( 1539): attachClient: found client in attached list (uid: 10064, pid: 3759)
W/AppOps  ( 1539): Noting op not finished: uid 10098 pkg com.oculus.vrshell code 140 startTime of in progress event=1774653041837
W/AppOps  ( 1539): Noting op not finished: uid 10098 pkg com.oculus.vrshell code 140 startTime of in progress event=1774653041837
W/AppOps  ( 1539): Noting op not finished: uid 10098 pkg com.oculus.vrshell code 140 startTime of in progress event=1774653041837
D/TrackingFidelityService( 1184): TrackingFidelitySharedMemory - setFeatureFidelity: 16 5
I/TrackingFidelityService( 1184): Request(s)={constellation:5,hands:0,environment_lighting:0,keyboard:5,scene_reconstruction:0,}, Mux mode idx=3, name=lowLightControllerObject, score=-44
I/TrackingFidelityService( 1184): beginTransition[worldTracking]: lowLightControllerObject(3)->lowLightControllerObject(3)
I/TrackingFidelityService( 1184): _applyMuxModeLockedInternal: Mode lowLightControllerObject already set. Returning.
I/TrackingFidelityService( 1184): endTransition[worldTracking]: lowLightControllerObject(3)->lowLightControllerObject(3), seqId=-1, succeeded=true
W/AppOps  ( 1539): Noting op not finished: uid 10098 pkg com.oculus.vrshell code 140 startTime of in progress event=1774653041837
W/AppOps  ( 1539): Noting op not finished: uid 10098 pkg com.oculus.vrshell code 140 startTime of in progress event=1774653041837
W/AppOps  ( 1539): Noting op not finished: uid 10098 pkg com.oculus.vrshell code 140 startTime of in progress event=1774653041837
W/AppOps  ( 1539): Noting op not finished: uid 10098 pkg com.oculus.vrshell code 140 startTime of in progress event=1774653041837
W/AppOps  ( 1539): Noting op not finished: uid 10098 pkg com.oculus.vrshell code 140 startTime of in progress event=1774653041837
W/AppOps  ( 1539): Noting op not finished: uid 10098 pkg com.oculus.vrshell code 140 startTime of in progress event=1774653041837
W/AppOps  ( 1539): Noting op not finished: uid 10098 pkg com.oculus.vrshell code 140 startTime of in progress event=1774653041837
W/AppOps  ( 1539): Noting op not finished: uid 10098 pkg com.oculus.vrshell code 140 startTime of in progress event=1774653041837
I/WorldManagerService( 1539): Added World 9351906201599529 to the recent worlds stack
I/WorldManagerService( 1539): Setting active world with ID: 9351906201599529 and tpye: 1
D/CompatibilityChangeReporter( 1539): Compat change id reported: 265195908; UID 10126; state: ENABLED
I/DisplayDeviceRepository( 1539): Display device added: DisplayDeviceInfo{"com.oculus.android_panel_app.AndroidPanelLayer-com.oculus.vrshell-controlbar10": uniqueId="virtual:com.oculus.vrshell,10098,com.oculus.android_panel_app.AndroidPanelLayer-com.oculus.vrshell-controlbar10,0", 550 x 60, modeId 744, renderFrameRate 60.0, defaultModeId 744, supportedModes [{id=744, width=550, height=60, fps=60.0, alternativeRefreshRates=[], supportedHdrTypes=[]}], colorMode 0, supportedColorModes [0], hdrCapabilities null, allmSupported false, gameContentTypeSupported false, density 200, 200.0 x 200.0 dpi, appVsyncOff 0, presDeadline 16666666, touch NONE, rotation 0, type VIRTUAL, deviceProductInfo null, state OFF, committedState UNKNOWN, owner com.oculus.vrshell (uid 10098), frameRateOverride , brightnessMinimum 0.0, brightnessMaximum 0.0, brightnessDefault 0.0, hdrSdrRatio NaN, FLAG_PRIVATE, FLAG_NEVER_BLANK, FLAG_OWN_CONTENT_ONLY, installOrientation 0, displayShape DisplayShape{ spec=854794591 displayWidth=550 displayHeight=60 physicalPixelDisplaySizeRatio=1.0 rotation=0 offsetX=0 offsetY=0 scale=1.0}}
I/LogicalDisplayMapper( 1539): Applying layout: [{dispId: 0(ON), displayGroupName: , addr: {port=146, model=0x40446da74f6028}, mThermalBrightnessThrottlingMapId: null, mRefreshRateZoneId: null, mLeadDisplayId: -1, mThermalRefreshRateThrottlingMapId: null}], Previous layout: [{dispId: 0(ON), displayGroupName: , addr: {port=146, model=0x40446da74f6028}, mThermalBrightnessThrottlingMapId: null, mRefreshRateZoneId: null, mLeadDisplayId: -1, mThermalRefreshRateThrottlingMapId: null}]
I/LogicalDisplayMapper( 1539): Setting new display group 0 for display 580, from previous group: null
I/LogicalDisplayMapper( 1539): Adding new display: 580: DisplayInfo{"com.oculus.android_panel_app.AndroidPanelLayer-com.oculus.vrshell-controlbar10", displayId 580, displayGroupId 0, FLAG_PRIVATE, real 550 x 60, largest app 550 x 60, smallest app 550 x 60, appVsyncOff 0, presDeadline 16666666, mode 74460.0, defaultMode 744, modes [{id=744, width=550, height=60, fps=60.0, alternativeRefreshRates=[], supportedHdrTypes=[]}], hdrCapabilities null, userDisabledHdrTypes [], minimalPostProcessingSupported false, rotation 0, state OFF, committedState UNKNOWN, type VIRTUAL, uniqueId "virtual:com.oculus.vrshell,10098,com.oculus.android_panel_app.AndroidPanelLayer-com.oculus.vrshell-controlbar10,0", app 550 x 60, density 200 (200.0 x 200.0) dpi, layerStack 580, colorMode 0, supportedColorModes [0], deviceProductInfo null, owner com.oculus.vrshell (uid 10098), removeMode 1, refreshRateOverride 0.0, brightnessMinimum 0.0, brightnessMaximum 0.0, brightnessDefault 0.0, installOrientation ROTATION_0, layoutLimitedRefreshRate null, hdrSdrRatio not_available, thermalRefreshRateThrottling {}, thermalBrightnessThrottlingDataId default}
W/BrightnessThrottler( 1539): DeviceConfig ThermalBrightnessThrottlingData is null
W/DisplayPowerController2[580]( 1539): Screen brightness nits configuration is unavailable; falling back
I/WindowManager( 1539): Override config changes=20005df8 {0.0 ?mcc0mnc ?localeList ?layoutDir sw48dp w440dp h48dp 200dpi smll land ?uimode ?night -touch -keyb/v/h -nav/h winConfig={ mBounds=Rect(0, 0 - 550, 60) mAppBounds=Rect(0, 0 - 550, 60) mMaxBounds=Rect(0, 0 - 550, 60) mDisplayRotation=ROTATION_0 mWindowingMode=fullscreen mDisplayWindowingMode=fullscreen mActivityType=undefined mAlwaysOnTop=undefined mRotation=ROTATION_0} ?fontWeightAdjustment} for displayId=580
W/DisplayController( 2270): Skipping Display Configuration change on non-added display.
D/DisplayManagerService( 1539): Ignore redundant display event 580/2 to 10109/26131
D/DisplayManagerService( 1539): Ignore redundant display event 580/2 to 10200/29192
V/WindowManager( 1539): Queueing transition: TransitionRecord{864dee9 id=-1 type=SLEEP flags=0x0}
V/WindowManager( 1539): Content Recording: Display 580 state is now (1), so update recording?
D/IntervalStats( 1539): Unable to parse usage stats packages: [8, 30, 84, 330, 420, 421, 422, 423, 424, 425, 426, 431]
I/DisplayDeviceRepository( 1539): Display device added: DisplayDeviceInfo{"com.oculus.android_panel_app.AndroidPanelLayer-com.oculus.vrshell-controlbar8": uniqueId="virtual:com.oculus.vrshell,10098,com.oculus.android_panel_app.AndroidPanelLayer-com.oculus.vrshell-controlbar8,0", 550 x 60, modeId 745, renderFrameRate 60.0, defaultModeId 745, supportedModes [{id=745, width=550, height=60, fps=60.0, alternativeRefreshRates=[], supportedHdrTypes=[]}], colorMode 0, supportedColorModes [0], hdrCapabilities null, allmSupported false, gameContentTypeSupported false, density 200, 200.0 x 200.0 dpi, appVsyncOff 0, presDeadline 16666666, touch NONE, rotation 0, type VIRTUAL, deviceProductInfo null, state OFF, committedState UNKNOWN, owner com.oculus.vrshell (uid 10098), frameRateOverride , brightnessMinimum 0.0, brightnessMaximum 0.0, brightnessDefault 0.0, hdrSdrRatio NaN, FLAG_PRIVATE, FLAG_NEVER_BLANK, FLAG_OWN_CONTENT_ONLY, installOrientation 0, displayShape DisplayShape{ spec=854794591 displayWidth=550 displayHeight=60 physicalPixelDisplaySizeRatio=1.0 rotation=0 offsetX=0 offsetY=0 scale=1.0}}
I/LogicalDisplayMapper( 1539): Applying layout: [{dispId: 0(ON), displayGroupName: , addr: {port=146, model=0x40446da74f6028}, mThermalBrightnessThrottlingMapId: null, mRefreshRateZoneId: null, mLeadDisplayId: -1, mThermalRefreshRateThrottlingMapId: null}], Previous layout: [{dispId: 0(ON), displayGroupName: , addr: {port=146, model=0x40446da74f6028}, mThermalBrightnessThrottlingMapId: null, mRefreshRateZoneId: null, mLeadDisplayId: -1, mThermalRefreshRateThrottlingMapId: null}]
I/LogicalDisplayMapper( 1539): Setting new display group 0 for display 581, from previous group: null
V/WindowManager( 1539): Sent Transition #1905 createdAt=03-28 00:10:43.510
V/WindowManager( 1539):     startWCT=WindowContainerTransaction { changes = {RemoteToken{56793b3 Task{9453d22 #13170 type=standard}}={}, RemoteToken{f5e50d4 Task{2142627 #13168 type=standard}}={}} hops = [] errorCallbackToken=null taskFragmentOrganizer=null }
V/WindowManager( 1539):     info={id=1905 t=CHANGE f=0x0 trk=0 r=[0@Point(0, 0)] c=[{WCT{RemoteToken{fbaf194 Task{63d7c1e #13169 type=standard A=10109:com.oculus.remotedesktop}}} m=TO_FRONT f=NONE p=WCT{RemoteToken{f5e50d4 Task{2142627 #13168 type=standard}}} leash=Surface(name=Task=13169)/@0xc03cee8 sb=Rect(0, 0 - 3303, 1416) eb=Rect(0, 0 - 3303, 1416) d=0},{WCT{RemoteToken{f5e50d4 Task{2142627 #13168 type=standard}}} m=TO_FRONT f=TRANSLUCENT leash=Surface(name=Task=13168)/@0xe8f400b sb=Rect(0, 0 - 3303, 1416) eb=Rect(0, 0 - 3303, 1416) d=0},{WCT{RemoteToken{a991d61 Task{5baf1a6 #13171 type=standard A=10200:org.godotengine.editor.v4.meta}}} m=TO_FRONT f=NONE p=WCT{RemoteToken{56793b3 Task{9453d22 #13170 type=standard}}} leash=Surface(name=Task=13171)/@0x1355962 sb=Rect(0, 0 - 1280, 900) eb=Rect(0, 0 - 1280, 900) d=0},{WCT{RemoteToken{56793b3 Task{9453d22 #13170 type=standard}}} m=TO_FRONT f=TRANSLUCENT leash=Surface(name=Task=13170)/@0x362e02d sb=Rect(0, 0 - 1280, 900) eb=Rect(0, 0 - 1280, 900) d=0}]}
I/LogicalDisplayMapper( 1539): Adding new display: 581: DisplayInfo{"com.oculus.android_panel_app.AndroidPanelLayer-com.oculus.vrshell-controlbar8", displayId 581, displayGroupId 0, FLAG_PRIVATE, real 550 x 60, largest app 550 x 60, smallest app 550 x 60, appVsyncOff 0, presDeadline 16666666, mode 74560.0, defaultMode 745, modes [{id=745, width=550, height=60, fps=60.0, alternativeRefreshRates=[], supportedHdrTypes=[]}], hdrCapabilities null, userDisabledHdrTypes [], minimalPostProcessingSupported false, rotation 0, state OFF, committedState UNKNOWN, type VIRTUAL, uniqueId "virtual:com.oculus.vrshell,10098,com.oculus.android_panel_app.AndroidPanelLayer-com.oculus.vrshell-controlbar8,0", app 550 x 60, density 200 (200.0 x 200.0) dpi, layerStack 581, colorMode 0, supportedColorModes [0], deviceProductInfo null, owner com.oculus.vrshell (uid 10098), removeMode 1, refreshRateOverride 0.0, brightnessMinimum 0.0, brightnessMaximum 0.0, brightnessDefault 0.0, installOrientation ROTATION_0, layoutLimitedRefreshRate null, hdrSdrRatio not_available, thermalRefreshRateThrottling {}, thermalBrightnessThrottlingDataId default}
W/BrightnessThrottler( 1539): DeviceConfig ThermalBrightnessThrottlingData is null
W/DisplayPowerController2[581]( 1539): Screen brightness nits configuration is unavailable; falling back
I/VolumetricWindow( 1539): [setDrawn] VW=a9fe2ebf-3306-4058-a87b-73f2a3a7337e: isDrawn=true (isActive=true, isVisible=true)
I/VolumetricWindow( 1539): [setDrawn] VW=11ffdab9-cc96-4770-b338-87654b7e2c54: isDrawn=true (isActive=true, isVisible=true)
V/WindowManager( 1539): Sent Transition #1906 createdAt=03-28 00:10:43.523 via request=TransitionRequestInfo { type = SLEEP, triggerTask = null, remoteTransition = null, displayChange = null }
V/WindowManager( 1539):     startWCT=null
V/WindowManager( 1539):     info={id=1906 t=SLEEP f=0x0 trk=0 r=[] c=[]}
I/WindowManager( 1539): Override config changes=20005df8 {0.0 ?mcc0mnc ?localeList ?layoutDir sw48dp w440dp h48dp 200dpi smll land ?uimode ?night -touch -keyb/v/h -nav/h winConfig={ mBounds=Rect(0, 0 - 550, 60) mAppBounds=Rect(0, 0 - 550, 60) mMaxBounds=Rect(0, 0 - 550, 60) mDisplayRotation=ROTATION_0 mWindowingMode=fullscreen mDisplayWindowingMode=fullscreen mActivityType=undefined mAlwaysOnTop=undefined mRotation=ROTATION_0} ?fontWeightAdjustment} for displayId=581
W/DisplayController( 2270): Skipping Display Configuration change on non-added display.
V/WindowManager( 1539): Content Recording: Display 581 state is now (1), so update recording?
V/WindowManager( 1539): Finish Transition #1905: created at 03-28 00:10:43.510 collect-started=0.022ms started=0.067ms ready=2.851ms sent=65.384ms finished=109.729ms
V/WindowManager( 1539): Sent Transition #1907 createdAt=03-28 00:10:43.622 via request=TransitionRequestInfo { type = SLEEP, triggerTask = null, remoteTransition = null, displayChange = null }
V/WindowManager( 1539):     startWCT=null
V/WindowManager( 1539):     info={id=1907 t=SLEEP f=0x0 trk=0 r=[] c=[]}
W/Transition( 1539): Transition already started id=1906 state=2
W/Transition( 1539): Transition already started id=1907 state=2
D/TrackingFidelityService( 1184): TrackingFidelitySharedMemory - setFeatureFidelity: 16 5
V/WindowManager( 1539): Finish Transition #1906: created at 03-28 00:10:43.523 collect-started=52.745ms request-sent=61.592ms started=61.615ms ready=61.613ms sent=62.008ms finished=110.782ms
V/WindowManager( 1539): Finish Transition #1907: created at 03-28 00:10:43.622 collect-started=0.022ms request-sent=0.075ms started=0.097ms ready=0.095ms sent=0.183ms finished=12.941ms
I/TrackingFidelityService( 1184): Request(s)={constellation:5,hands:0,environment_lighting:0,keyboard:5,scene_reconstruction:0,}, Mux mode idx=3, name=lowLightControllerObject, score=-44
I/TrackingFidelityService( 1184): beginTransition[worldTracking]: lowLightControllerObject(3)->lowLightControllerObject(3)
I/TrackingFidelityService( 1184): _applyMuxModeLockedInternal: Mode lowLightControllerObject already set. Returning.
I/TrackingFidelityService( 1184): endTransition[worldTracking]: lowLightControllerObject(3)->lowLightControllerObject(3), seqId=-1, succeeded=true
