I/TrackingFidelityService( 1184): _applyMuxModeLockedInternal: Mode lowLightController already set. Returning.
I/TrackingFidelityService( 1184): endTransition[worldTracking]: lowLightController(1)->lowLightController(1), seqId=-1, succeeded=true
D/TrackingFidelityService( 1184): TrackingFidelitySharedMemory - setFeatureFidelity: 16 5
I/TrackingFidelityService( 1184): Request(s)={constellation:5,hands:0,environment_lighting:0,keyboard:0,scene_reconstruction:0,}, Mux mode idx=1, name=lowLightController, score=3
I/TrackingFidelityService( 1184): beginTransition[worldTracking]: lowLightController(1)->lowLightController(1)
I/TrackingFidelityService( 1184): _applyMuxModeLockedInternal: Mode lowLightController already set. Returning.
I/TrackingFidelityService( 1184): endTransition[worldTracking]: lowLightController(1)->lowLightController(1), seqId=-1, succeeded=true
D/CameraStream(  922): [ocal] Client [IOT(894)] attempting start
I/FrameSetDispatcher(  922): [{COL:FULPS}] Client pid=894 (IOT): Client thread[{COL:FULPS}:IOT] started
I/CameraClientManager(  922): [IOT(894)][ocal] client started (estimated 1 started clients total)
I/CameraClientManager(  922): [[IOT(894)][ocal]] definitely starting stream
I/SensorService(  922): [color] Starting cameras for purpose ocal
I/VrSensors-HidlWrapper(  922): Create IMU Sensor using fmq
I/VrSensors-HidlWrapper(  922): Create IMU Sensor using fmq
I/CAM_INFO(    0): CAM-SENSOR: cam_sensor_driver_cmd: 1211 CAM_ACQUIRE_DEV Success for imx471 id:0x471,slave-addr:0x34 crm:[0]
I/CAM_INFO(   23): CAM-SMMU: cam_smmu_map_user_iova: 3257 fd=814 already in list [23:9:53:852] cb=ife idx=0 handle=30633 len=573440,give same addr back
I/CAM_INFO(   23): CAM-SMMU: cam_smmu_map_user_iova: 3257 fd=815 already in list [23:9:53:852] cb=ife idx=0 handle=30633 len=471040,give same addr back
I/CAM_INFO(   23): CAM-SMMU: cam_smmu_map_user_iova: 3257 fd=816 already in list [23:9:53:852] cb=ife idx=0 handle=30633 len=495616,give same addr back
I/CAM_INFO(    0): CAM-SENSOR: cam_sensor_driver_cmd: 1211 CAM_ACQUIRE_DEV Success for imx471 id:0x471,slave-addr:0x34 crm:[0]
I/CAM_INFO(   23): CAM-SMMU: cam_smmu_map_user_iova: 3257 fd=883 already in list [23:9:53:867] cb=ife idx=0 handle=30633 len=573440,give same addr back
I/CAM_INFO(   23): CAM-SMMU: cam_smmu_map_user_iova: 3257 fd=884 already in list [23:9:53:867] cb=ife idx=0 handle=30633 len=471040,give same addr back
I/CAM_INFO(   23): CAM-SMMU: cam_smmu_map_user_iova: 3257 fd=885 already in list [23:9:53:867] cb=ife idx=0 handle=30633 len=495616,give same addr back
I/CAM_INFO(    0): CAM-CRM: cam_req_mgr_link_v3: 4951 link reserved 0000000000000000 0 trigger_type:1 num_devs:2 sess_hdl:6226452 no_crm:4
I/CAM_INFO(    0): CAM-ISP: cam_ife_hw_mgr_print_acquire_info: 2027 23:9:53.873 Acquired Single IFE[1] with [9 pix] [0 pd] [0 rdi] ports for ctx:4 per_port_enabled :0 sensor:-559038737 ul: 0
I/CAM_INFO(    0): CAM-ISP: __cam_isp_ctx_acquire_hw_v2: 9792 NO CRM session,top state machine assigned for no crm ctx 4
I/CAM_INFO(    0): CAM-ISP: __cam_isp_ctx_start_dev_in_ready: 10826 Start IFE device ctx 4 with irq state machine [Activated State Machine IRQ] in initial SubState [SOF] UL_path 0
I/CAM_INFO(    0): CAM-SENSOR: cam_sensor_driver_cmd: 1352 23:9:53.877 CAM_START_DEV[5] Success for imx471 sensor_id:0x471,sensor_slave_addr:0x34
I/CAM_INFO(    0): CAM-CRM: cam_req_mgr_link_v3: 4951 link reserved 0000000000000000 0 trigger_type:1 num_devs:2 sess_hdl:6226452 no_crm:4
I/CAM_INFO(    0): CAM-ISP: cam_ife_hw_mgr_print_acquire_info: 2027 23:9:53.877 Acquired Single IFE[0] with [9 pix] [0 pd] [0 rdi] ports for ctx:5 per_port_enabled :0 sensor:-559038737 ul: 0
I/SensorService(  922): doEnableHalCameras[Color] Create SyncbossHandleWrapper
I/SensorService(  922): doEnableHalCameras[Color] FsyncEventHandler::GetInstance
I/CAM_INFO(    0): CAM-ISP: __cam_isp_ctx_acquire_hw_v2: 9792 NO CRM session,top state machine assigned for no crm ctx 5
I/CAM_INFO(    0): CAM-ISP: __cam_isp_ctx_start_dev_in_ready: 10826 Start IFE device ctx 5 with irq state machine [Activated State Machine IRQ] in initial SubState [SOF] UL_path 0
I/SyncBossFW(  899): 8722406 [info   ] {GCM }: general_cam_mgr_deinit for cameras 0x30
W/SyncBossFW(  899): 8722406 [warning] {GCM }: Camera imx471[0x10] not primed yet
W/SyncBossFW(  899): 8722406 [warning] {GCM }: Camera imx471[0x20] not primed yet
I/SyncBossFW(  899): 8722408 [info   ] {GCM }: general_cam_mgr_init for cameras 0x30
I/FrameSetCollator(  922): [{COL:FULPS}] started at 59532.17
I/SensorService(  922): [color] Starting camera streams for purpose: ocal, current muxmode = 1
I/CameraClientManager(  922): [[IOT(894)][ocal]] stream start completed
D/CameraStream(  922): [ocal] Client [IOT(894)]: start complete
I/SyncBossFW(  899): 8722468 [info   ] {GCM }: general_cam_mgr_set_frame_rate_config cams 0x30 period 20000us
I/SyncBossFW(  899): 8722469 [info   ] {GCM }: general_cam_mgr_get_stream_info for cameras 0x10
I/SyncBossFW(  899): 8722471 [info   ] {GCM }: general_cam_mgr_start_streaming for cameras 0x30
D/TrackingFidelityService( 1184): TrackingFidelitySharedMemory - setFeatureFidelity: 16 5
I/TrackingFidelityService( 1184): Request(s)={constellation:5,hands:0,environment_lighting:0,keyboard:0,scene_reconstruction:0,}, Mux mode idx=1, name=lowLightController, score=3
I/TrackingFidelityService( 1184): beginTransition[worldTracking]: lowLightController(1)->lowLightController(1)
I/TrackingFidelityService( 1184): _applyMuxModeLockedInternal: Mode lowLightController already set. Returning.
I/TrackingFidelityService( 1184): endTransition[worldTracking]: lowLightController(1)->lowLightController(1), seqId=-1, succeeded=true
D/TrackingService(  894): bf4654138ddad3be: isControllerInHand(59533.06s): 1 ctEnabled: 1 btnPress(59512.87s): 0 *btnOrTpdTouch(59533.06s): 1 *btnOrTpdProx(59533.06s): 1 static(59533.06s): 1 
D/TrackingService(  894): [HANDTRACKING] Controller bf4654138ddad3be in hand: Y, valid: Y
D/ControllerManagement( 2157): RemoteService::recordControllerStatusUpdate: device bf4654138ddad3be: status: CONNECTED_ACTIVE tracking: POSITION, errors: --
D/CameraStream(  922): [ocal] Client [IOT(894)] attempting stop
I/FrameSetDispatcher(  922): [{COL:FULPS}] Client pid=894 (IOT): Client thread stopping
I/CameraClientManager(  922): [IOT(894)][ocal] client stopped (estimated 0 started clients remaining)
I/CameraClientManager(  922): [[IOT(894)][ocal]] definitely stopping stream
I/SensorService(  922): [color] Stopping cameras for purpose ocal
I/FrameSetCollator(  922): [{COL:FULPS}] stopped. Ran for 1.13s
I/SensorService(  922): [color] Stopping camera streams for purpose: ocal
I/CAM_INFO(    0): CAM-SENSOR: cam_sensor_driver_cmd: 1352 23:9:53.882 CAM_START_DEV[4] Success for imx471 sensor_id:0x471,sensor_slave_addr:0x34
I/CAM_INFO(    0): CAM-ISP: __cam_isp_ctx_flush_req_in_top_state: 6201 Last request id to flush is 59, ctx_id:4
I/CAM_WARN(    0): CAM-ISP: cam_ife_mgr_handle_reg_dump: 332 Reg dump values might be from more than one request
I/CAM_INFO(    0): CAM-ISP: __cam_isp_ctx_flush_req_in_top_state: 6223 Stop HW complete. Reset HW next.
I/CAM_INFO(    0): CAM-ISP: __cam_isp_ctx_flush_req_in_top_state: 6201 Last request id to flush is 59, ctx_id:5
I/CAM_WARN(    0): CAM-ISP: cam_ife_mgr_handle_reg_dump: 332 Reg dump values might be from more than one request
I/CAM_INFO(    0): CAM-ISP: __cam_isp_ctx_flush_req_in_top_state: 6223 Stop HW complete. Reset HW next.
I/CAM_WARN(    0): CAM-CORE: cam_context_handle_flush_dev: 547 No flush device in dev 13959447, state 4
I/SyncBossFW(  899): 8723616 [info   ] {GCM }: general_cam_mgr_stop_streaming for cameras 0x30
I/SyncBossFW(  899): 8723618 [info   ] {GCM }: general_cam_mgr_deinit for cameras 0x30
I/CAM_WARN(    0): CAM-CORE: cam_context_handle_flush_dev: 547 No flush device in dev 9503003, state 4
I/CAM_WARN(    0): CAM-CORE: cam_context_handle_flush_dev: 547 No flush device in dev 13959447, state 4
I/CAM_WARN(    0): CAM-CORE: cam_context_handle_flush_dev: 547 No flush device in dev 9503003, state 4
I/CAM_WARN(    0): CAM-CORE: cam_context_handle_flush_dev: 547 No flush device in dev 13959447, state 4
I/CAM_WARN(    0): CAM-CORE: cam_context_handle_flush_dev: 547 No flush device in dev 9503003, state 4
I/CAM_INFO(    0): CAM-SENSOR: cam_sensor_driver_cmd: 1391 23:9:55.123 CAM_STOP_DEV Success for imx471 sensor_id:0x471,sensor_slave_addr:0x34
I/CAM_INFO(    0): CAM-ISP: cam_ife_mgr_release_hw: 11425 23:9:55.123 Release HW success ctx id: 4
I/CAM_INFO(    0): CAM-SENSOR: cam_sensor_driver_cmd: 1391 23:9:55.125 CAM_STOP_DEV Success for imx471 sensor_id:0x471,sensor_slave_addr:0x34
I/CAM_INFO(    0): CAM-ISP: cam_ife_mgr_release_hw: 11425 23:9:55.126 Release HW success ctx id: 5
I/CAM_INFO(    0): CAM-SENSOR: cam_sensor_driver_cmd: 1270 CAM_RELEASE_DEV Success for imx471 sensor_id:0x471, slave_addr:0x34
I/CameraClientManager(  922): [[IOT(894)][ocal]] stream stop completed
D/CameraStream(  922): [ocal] Client [IOT(894)]: stop complete
D/TrackingFidelityService( 1184): TrackingFidelitySharedMemory - setFeatureFidelity: 16 5
I/TrackingFidelityService( 1184): Request(s)={constellation:5,hands:0,environment_lighting:0,keyboard:0,scene_reconstruction:0,}, Mux mode idx=1, name=lowLightController, score=3
I/TrackingFidelityService( 1184): beginTransition[worldTracking]: lowLightController(1)->lowLightController(1)
I/TrackingFidelityService( 1184): _applyMuxModeLockedInternal: Mode lowLightController already set. Returning.
I/TrackingFidelityService( 1184): endTransition[worldTracking]: lowLightController(1)->lowLightController(1), seqId=-1, succeeded=true
E/libsensortelemetry(  922): imu samples delayed: 6716386ns capture to arrival (ERS limit: 3500000ns)
E/libsensortelemetry(  894): imu_iot samples delayed: 6794511ns capture to arrival (ERS limit: 3500000ns)
D/TrackingFidelityService( 1184): TrackingFidelitySharedMemory - setFeatureFidelity: 16 5
I/TrackingFidelityService( 1184): Request(s)={constellation:5,hands:0,environment_lighting:0,keyboard:0,scene_reconstruction:0,}, Mux mode idx=1, name=lowLightController, score=3
I/TrackingFidelityService( 1184): beginTransition[worldTracking]: lowLightController(1)->lowLightController(1)
I/TrackingFidelityService( 1184): _applyMuxModeLockedInternal: Mode lowLightController already set. Returning.
I/TrackingFidelityService( 1184): endTransition[worldTracking]: lowLightController(1)->lowLightController(1), seqId=-1, succeeded=true
D/TrackingFidelityService( 1184): TrackingFidelitySharedMemory - setFeatureFidelity: 16 5
I/TrackingFidelityService( 1184): Request(s)={constellation:5,hands:0,environment_lighting:0,keyboard:0,scene_reconstruction:0,}, Mux mode idx=1, name=lowLightController, score=3
I/TrackingFidelityService( 1184): beginTransition[worldTracking]: lowLightController(1)->lowLightController(1)
I/TrackingFidelityService( 1184): _applyMuxModeLockedInternal: Mode lowLightController already set. Returning.
I/TrackingFidelityService( 1184): endTransition[worldTracking]: lowLightController(1)->lowLightController(1), seqId=-1, succeeded=true
E/libsensortelemetry(  922): imu samples delayed: 6779027ns capture to arrival (ERS limit: 3500000ns)
E/libsensortelemetry(  894): imu_iot samples delayed: 6855694ns capture to arrival (ERS limit: 3500000ns)
D/TrackingFidelityService( 1184): TrackingFidelitySharedMemory - setFeatureFidelity: 16 5
I/TrackingFidelityService( 1184): Request(s)={constellation:5,hands:0,environment_lighting:0,keyboard:0,scene_reconstruction:0,}, Mux mode idx=1, name=lowLightController, score=3
I/TrackingFidelityService( 1184): beginTransition[worldTracking]: lowLightController(1)->lowLightController(1)
I/TrackingFidelityService( 1184): _applyMuxModeLockedInternal: Mode lowLightController already set. Returning.
I/TrackingFidelityService( 1184): endTransition[worldTracking]: lowLightController(1)->lowLightController(1), seqId=-1, succeeded=true
I/CAM_INFO(    0): CAM-SENSOR: cam_sensor_driver_cmd: 1270 CAM_RELEASE_DEV Success for imx471 sensor_id:0x471, slave_addr:0x34
E/syncboss_spi spi0.0(    0): bad magic from MCU (value: 0xcacacaca, data_ready_irq: 1, wake_timer: 0, send_timer: 0, msg_to_send: 0)
W/healthd (    0): battery l=40 v=3896 t=46.0 h=2 st=2 c=48707 fc=4561000 cc=62 chg=a
D/TrackingFidelityService( 1184): TrackingFidelitySharedMemory - setFeatureFidelity: 16 5
I/TrackingFidelityService( 1184): Request(s)={constellation:5,hands:0,environment_lighting:0,keyboard:0,scene_reconstruction:0,}, Mux mode idx=1, name=lowLightController, score=3
I/TrackingFidelityService( 1184): beginTransition[worldTracking]: lowLightController(1)->lowLightController(1)
I/TrackingFidelityService( 1184): _applyMuxModeLockedInternal: Mode lowLightController already set. Returning.
I/TrackingFidelityService( 1184): endTransition[worldTracking]: lowLightController(1)->lowLightController(1), seqId=-1, succeeded=true
V/WindowManager( 1539): Sent Transition #1899 createdAt=03-28 00:09:59.892 via request=TransitionRequestInfo { type = TO_FRONT, triggerTask = null, remoteTransition = null, displayChange = null }
V/WindowManager( 1539):     startWCT=WindowContainerTransaction { changes = {} hops = [] errorCallbackToken=null taskFragmentOrganizer=null }
V/WindowManager( 1539):     info={id=1899 t=TO_FRONT f=0x0 trk=0 r=[0@Point(0, 0)] c=[{WCT{RemoteToken{a991d61 Task{5baf1a6 #13171 type=standard A=10200:org.godotengine.editor.v4.meta}}} m=CHANGE f=MOVE_TO_TOP p=WCT{RemoteToken{56793b3 Task{9453d22 #13170 type=standard}}} leash=Surface(name=Task=13171)/@0x1355962 sb=Rect(0, 0 - 1280, 900) eb=Rect(0, 0 - 1280, 900) d=0},{WCT{RemoteToken{56793b3 Task{9453d22 #13170 type=standard}}} m=CHANGE f=TRANSLUCENT|MOVE_TO_TOP leash=Surface(name=Task=13170)/@0x362e02d sb=Rect(0, 0 - 1280, 900) eb=Rect(0, 0 - 1280, 900) d=0}]}
I/OculusWindowMgr( 1539): OWMS::focusChanged: windowRootTaskId: 13170
I/OculusWindowMgr( 1539): OWMS::focusChanged: getImmersiveTask returned
I/OculusWindowMgr( 1539): OWMS::focusChanged: mFocusPlaceholderActivity found in Task.
V/WindowManager( 1539): Finish Transition #1899: created at 03-28 00:09:59.892 collect-started=0.017ms request-sent=1.114ms started=2.103ms ready=2.09ms sent=5.37ms finished=9.803ms
D/ActivityTaskManager( 1539): getDisplaysWithTopActivities: immersive ActivityRecord{fd9839d u0 org.godotengine.editor.v4.meta/org.godotengine.editor.GodotXRGame t13172}
D/VolumetricContentMonitor( 1539): Focused window changed to RunningWindowInfo{  pid: 29192, uid: 10200, userId: 0, windowContainerToken: 162853721, windowToken: android.view.IWindow$Stub$Proxy@406eb1e, windowId: com.android.server.wm.WindowState$WindowId@9c96fff, displayId: 0, windowType: 1, activity: RunningActivityInfo { rootTask: 13170, uid: 10200, pid: 29192, userId: 0, activity: org.godotengine.editor.GodotEditor, windowId: com.android.server.wm.WindowState$WindowId@9c96fff, state: ACTIVITY_STATE_VISIBLE}}, from android.view.IWindow$Stub$Proxy@3726d47
D/SpatialAudioService( 1539): Skipping processing for app: com.oculus.vrshell (isNewApp: false, epsService: true)
V/WorldManagerService( 1539): VW Content Listener: com.oculus.vrshell -1
D/SpatialAudioService( 1539): Skipping processing for app: org.godotengine.editor.v4.meta (isNewApp: false, epsService: true)
V/WorldManagerService( 1539): VW Content Listener: org.godotengine.editor.v4.meta -1
I/libsensortelemetry(  922): Captured histograms for camera system color: dispatcher=has data, cameraSet=has data
I/libsensortelemetry(  922): Captured histograms for camera system worldTracking: dispatcher=has data, cameraSet=has data
I/libsensortelemetry(  922): FrameSet 'wt_raw10' valid dispatches: count=1026, allInvalidDrops=0, maxConsecutive=0
I/libsensortelemetry(  922): FrameSet 'col_fulps' valid dispatches: count=108, allInvalidDrops=1010, maxConsecutive=1010
I/libsensortelemetry(  922): FrameSet 'wt_0_1_raw10' valid dispatches: count=37, allInvalidDrops=0, maxConsecutive=0
I/libsensortelemetry(  922): FrameSet 'wt_raw10' full framesets: fullCount=1026, partialDrops=0, maxConsecutive=0
I/libsensortelemetry(  922): FrameSet 'col_fulps' full framesets: fullCount=108, partialDrops=1010, maxConsecutive=1010
I/libsensortelemetry(  922): FrameSet 'wt_0_1_raw10' full framesets: fullCount=37, partialDrops=0, maxConsecutive=0
W/SyncBossFW(  899): 8728820 [warning] {BSP }: Mag interrupt pin LOW in drdy handler
D/TrackingFidelityService( 1184): TrackingFidelitySharedMemory - setFeatureFidelity: 16 5
I/TrackingFidelityService( 1184): Request(s)={constellation:5,hands:0,environment_lighting:0,keyboard:0,scene_reconstruction:0,}, Mux mode idx=1, name=lowLightController, score=3
I/TrackingFidelityService( 1184): beginTransition[worldTracking]: lowLightController(1)->lowLightController(1)
I/TrackingFidelityService( 1184): _applyMuxModeLockedInternal: Mode lowLightController already set. Returning.
I/TrackingFidelityService( 1184): endTransition[worldTracking]: lowLightController(1)->lowLightController(1), seqId=-1, succeeded=true
W/healthd (    0): battery l=40 v=3909 t=46.0 h=2 st=2 c=245001 fc=4561000 cc=62 chg=a
D/TrackingFidelityService( 1184): TrackingFidelitySharedMemory - setFeatureFidelity: 16 5
I/TrackingFidelityService( 1184): Request(s)={constellation:5,hands:0,environment_lighting:0,keyboard:0,scene_reconstruction:0,}, Mux mode idx=1, name=lowLightController, score=3
I/TrackingFidelityService( 1184): beginTransition[worldTracking]: lowLightController(1)->lowLightController(1)
I/TrackingFidelityService( 1184): _applyMuxModeLockedInternal: Mode lowLightController already set. Returning.
I/TrackingFidelityService( 1184): endTransition[worldTracking]: lowLightController(1)->lowLightController(1), seqId=-1, succeeded=true
D/TrackingFidelityService( 1184): TrackingFidelitySharedMemory - setFeatureFidelity: 16 5
I/TrackingFidelityService( 1184): Request(s)={constellation:5,hands:0,environment_lighting:0,keyboard:0,scene_reconstruction:0,}, Mux mode idx=1, name=lowLightController, score=3
I/TrackingFidelityService( 1184): beginTransition[worldTracking]: lowLightController(1)->lowLightController(1)
I/TrackingFidelityService( 1184): _applyMuxModeLockedInternal: Mode lowLightController already set. Returning.
I/TrackingFidelityService( 1184): endTransition[worldTracking]: lowLightController(1)->lowLightController(1), seqId=-1, succeeded=true
D/TrackingFidelityService( 1184): TrackingFidelitySharedMemory - setFeatureFidelity: 16 5
I/TrackingFidelityService( 1184): Request(s)={constellation:5,hands:0,environment_lighting:0,keyboard:0,scene_reconstruction:0,}, Mux mode idx=1, name=lowLightController, score=3
I/TrackingFidelityService( 1184): beginTransition[worldTracking]: lowLightController(1)->lowLightController(1)
I/TrackingFidelityService( 1184): _applyMuxModeLockedInternal: Mode lowLightController already set. Returning.
I/TrackingFidelityService( 1184): endTransition[worldTracking]: lowLightController(1)->lowLightController(1), seqId=-1, succeeded=true
D/TrackingFidelityService( 1184): TrackingFidelitySharedMemory - setFeatureFidelity: 16 5
I/TrackingFidelityService( 1184): Request(s)={constellation:5,hands:0,environment_lighting:0,keyboard:0,scene_reconstruction:0,}, Mux mode idx=1, name=lowLightController, score=3
I/TrackingFidelityService( 1184): beginTransition[worldTracking]: lowLightController(1)->lowLightController(1)
I/TrackingFidelityService( 1184): _applyMuxModeLockedInternal: Mode lowLightController already set. Returning.
I/TrackingFidelityService( 1184): endTransition[worldTracking]: lowLightController(1)->lowLightController(1), seqId=-1, succeeded=true
W/ProcessStats( 1539): Tracking association SourceState{f28a04e com.oculus.remotedesktop:RemoteDesktop/10109 BTop #105111} whose proc state 2 is better than process ProcessState{86662c3 com.microsoft.rdc.androidx/10114 pkg=com.microsoft.rdc.androidx} proc state 8 (10 skipped)
D/CompatibilityChangeReporter( 1539): Compat change id reported: 265195908; UID 10142; state: ENABLED
D/TrackingFidelityService( 1184): TrackingFidelitySharedMemory - setFeatureFidelity: 16 5
I/TrackingFidelityService( 1184): Request(s)={constellation:5,hands:0,environment_lighting:0,keyboard:0,scene_reconstruction:0,}, Mux mode idx=1, name=lowLightController, score=3
I/TrackingFidelityService( 1184): beginTransition[worldTracking]: lowLightController(1)->lowLightController(1)
I/TrackingFidelityService( 1184): _applyMuxModeLockedInternal: Mode lowLightController already set. Returning.
I/TrackingFidelityService( 1184): endTransition[worldTracking]: lowLightController(1)->lowLightController(1), seqId=-1, succeeded=true
D/TrackingFidelityService( 1184): TrackingFidelitySharedMemory - setFeatureFidelity: 16 5
I/TrackingFidelityService( 1184): Request(s)={constellation:5,hands:0,environment_lighting:0,keyboard:0,scene_reconstruction:0,}, Mux mode idx=1, name=lowLightController, score=3
I/TrackingFidelityService( 1184): beginTransition[worldTracking]: lowLightController(1)->lowLightController(1)
I/TrackingFidelityService( 1184): _applyMuxModeLockedInternal: Mode lowLightController already set. Returning.
I/TrackingFidelityService( 1184): endTransition[worldTracking]: lowLightController(1)->lowLightController(1), seqId=-1, succeeded=true
D/TrackingFidelityService( 1184): TrackingFidelitySharedMemory - setFeatureFidelity: 16 5
I/TrackingFidelityService( 1184): Request(s)={constellation:5,hands:0,environment_lighting:0,keyboard:0,scene_reconstruction:0,}, Mux mode idx=1, name=lowLightController, score=3
I/TrackingFidelityService( 1184): beginTransition[worldTracking]: lowLightController(1)->lowLightController(1)
I/TrackingFidelityService( 1184): _applyMuxModeLockedInternal: Mode lowLightController already set. Returning.
I/TrackingFidelityService( 1184): endTransition[worldTracking]: lowLightController(1)->lowLightController(1), seqId=-1, succeeded=true
D/TrackingFidelityService( 1184): TrackingFidelitySharedMemory - setFeatureFidelity: 16 5
I/TrackingFidelityService( 1184): Request(s)={constellation:5,hands:0,environment_lighting:0,keyboard:0,scene_reconstruction:0,}, Mux mode idx=1, name=lowLightController, score=3
I/TrackingFidelityService( 1184): beginTransition[worldTracking]: lowLightController(1)->lowLightController(1)
I/TrackingFidelityService( 1184): _applyMuxModeLockedInternal: Mode lowLightController already set. Returning.
I/TrackingFidelityService( 1184): endTransition[worldTracking]: lowLightController(1)->lowLightController(1), seqId=-1, succeeded=true
D/TrackingFidelityService( 1184): TrackingFidelitySharedMemory - setFeatureFidelity: 16 5
I/TrackingFidelityService( 1184): Request(s)={constellation:5,hands:0,environment_lighting:0,keyboard:0,scene_reconstruction:0,}, Mux mode idx=1, name=lowLightController, score=3
I/TrackingFidelityService( 1184): beginTransition[worldTracking]: lowLightController(1)->lowLightController(1)
I/TrackingFidelityService( 1184): _applyMuxModeLockedInternal: Mode lowLightController already set. Returning.
I/TrackingFidelityService( 1184): endTransition[worldTracking]: lowLightController(1)->lowLightController(1), seqId=-1, succeeded=true
W/healthd (    0): battery l=40 v=3904 t=46.0 h=2 st=2 c=175785 fc=4561000 cc=62 chg=a
I/SyncBossHAL(  922): [info   ] syncboss_hal_input_controller.c(125): 9961d850d74714d4: IMU 0 missed/60000 expected (PER 0.00%), 0 max consecutive drops
D/TrackingFidelityService( 1184): TrackingFidelitySharedMemory - setFeatureFidelity: 16 5
I/TrackingFidelityService( 1184): Request(s)={constellation:5,hands:0,environment_lighting:0,keyboard:0,scene_reconstruction:0,}, Mux mode idx=1, name=lowLightController, score=3
I/TrackingFidelityService( 1184): beginTransition[worldTracking]: lowLightController(1)->lowLightController(1)
I/TrackingFidelityService( 1184): _applyMuxModeLockedInternal: Mode lowLightController already set. Returning.
I/TrackingFidelityService( 1184): endTransition[worldTracking]: lowLightController(1)->lowLightController(1), seqId=-1, succeeded=true
D/TrackingFidelityService( 1184): TrackingFidelitySharedMemory - setFeatureFidelity: 16 5
I/TrackingFidelityService( 1184): Request(s)={constellation:5,hands:0,environment_lighting:0,keyboard:0,scene_reconstruction:0,}, Mux mode idx=1, name=lowLightController, score=3
I/TrackingFidelityService( 1184): beginTransition[worldTracking]: lowLightController(1)->lowLightController(1)
I/TrackingFidelityService( 1184): _applyMuxModeLockedInternal: Mode lowLightController already set. Returning.
I/TrackingFidelityService( 1184): endTransition[worldTracking]: lowLightController(1)->lowLightController(1), seqId=-1, succeeded=true
D/TrackingFidelityService( 1184): TrackingFidelitySharedMemory - setFeatureFidelity: 16 5
I/TrackingFidelityService( 1184): Request(s)={constellation:5,hands:0,environment_lighting:0,keyboard:0,scene_reconstruction:0,}, Mux mode idx=1, name=lowLightController, score=3
I/TrackingFidelityService( 1184): beginTransition[worldTracking]: lowLightController(1)->lowLightController(1)
I/TrackingFidelityService( 1184): _applyMuxModeLockedInternal: Mode lowLightController already set. Returning.
I/TrackingFidelityService( 1184): endTransition[worldTracking]: lowLightController(1)->lowLightController(1), seqId=-1, succeeded=true
D/TrackingFidelityService( 1184): TrackingFidelitySharedMemory - setFeatureFidelity: 16 5
I/TrackingFidelityService( 1184): Request(s)={constellation:5,hands:0,environment_lighting:0,keyboard:0,scene_reconstruction:0,}, Mux mode idx=1, name=lowLightController, score=3
I/TrackingFidelityService( 1184): beginTransition[worldTracking]: lowLightController(1)->lowLightController(1)
I/TrackingFidelityService( 1184): _applyMuxModeLockedInternal: Mode lowLightController already set. Returning.
I/TrackingFidelityService( 1184): endTransition[worldTracking]: lowLightController(1)->lowLightController(1), seqId=-1, succeeded=true
D/CameraStream(  922): [ocal] Client [IOT(894)] attempting start
I/FrameSetDispatcher(  922): [{COL:FULPS}] Client pid=894 (IOT): Client thread[{COL:FULPS}:IOT] started
I/CameraClientManager(  922): [IOT(894)][ocal] client started (estimated 1 started clients total)
I/CameraClientManager(  922): [[IOT(894)][ocal]] definitely starting stream
I/SensorService(  922): [color] Starting cameras for purpose ocal
I/VrSensors-HidlWrapper(  922): Create IMU Sensor using fmq
I/VrSensors-HidlWrapper(  922): Create IMU Sensor using fmq
I/CAM_INFO(    0): CAM-SENSOR: cam_sensor_driver_cmd: 1211 CAM_ACQUIRE_DEV Success for imx471 id:0x471,slave-addr:0x34 crm:[0]
I/CAM_INFO(   23): CAM-SMMU: cam_smmu_map_user_iova: 3257 fd=814 already in list [23:10:15:173] cb=ife idx=0 handle=30633 len=573440,give same addr back
I/CAM_INFO(   23): CAM-SMMU: cam_smmu_map_user_iova: 3257 fd=815 already in list [23:10:15:173] cb=ife idx=0 handle=30633 len=471040,give same addr back
I/CAM_INFO(   23): CAM-SMMU: cam_smmu_map_user_iova: 3257 fd=816 already in list [23:10:15:173] cb=ife idx=0 handle=30633 len=495616,give same addr back
I/CAM_INFO(    0): CAM-SENSOR: cam_sensor_driver_cmd: 1211 CAM_ACQUIRE_DEV Success for imx471 id:0x471,slave-addr:0x34 crm:[0]
I/CAM_INFO(   23): CAM-SMMU: cam_smmu_map_user_iova: 3257 fd=883 already in list [23:10:15:193] cb=ife idx=0 handle=30633 len=573440,give same addr back
I/CAM_INFO(   23): CAM-SMMU: cam_smmu_map_user_iova: 3257 fd=884 already in list [23:10:15:193] cb=ife idx=0 handle=30633 len=471040,give same addr back
I/CAM_INFO(   23): CAM-SMMU: cam_smmu_map_user_iova: 3257 fd=885 already in list [23:10:15:193] cb=ife idx=0 handle=30633 len=495616,give same addr back
I/CAM_INFO(    0): CAM-CRM: cam_req_mgr_link_v3: 4951 link reserved 0000000000000000 0 trigger_type:1 num_devs:2 sess_hdl:15270420 no_crm:4
I/CAM_INFO(    0): CAM-ISP: cam_ife_hw_mgr_print_acquire_info: 2027 23:10:15.198 Acquired Single IFE[1] with [9 pix] [0 pd] [0 rdi] ports for ctx:8 per_port_enabled :0 sensor:-559038737 ul: 0
I/CAM_INFO(    0): CAM-ISP: __cam_isp_ctx_acquire_hw_v2: 9792 NO CRM session,top state machine assigned for no crm ctx 8
I/CAM_INFO(    0): CAM-ISP: __cam_isp_ctx_start_dev_in_ready: 10826 Start IFE device ctx 8 with irq state machine [Activated State Machine IRQ] in initial SubState [SOF] UL_path 0
I/CAM_INFO(    0): CAM-SENSOR: cam_sensor_driver_cmd: 1352 23:10:15.202 CAM_START_DEV[5] Success for imx471 sensor_id:0x471,sensor_slave_addr:0x34
I/CAM_INFO(    0): CAM-CRM: cam_req_mgr_link_v3: 4951 link reserved 0000000000000000 0 trigger_type:1 num_devs:2 sess_hdl:15270420 no_crm:4
I/CAM_INFO(    0): CAM-ISP: cam_ife_hw_mgr_print_acquire_info: 2027 23:10:15.202 Acquired Single IFE[0] with [9 pix] [0 pd] [0 rdi] ports for ctx:9 per_port_enabled :0 sensor:-559038737 ul: 0
I/SensorService(  922): doEnableHalCameras[Color] Create SyncbossHandleWrapper
I/SensorService(  922): doEnableHalCameras[Color] FsyncEventHandler::GetInstance
I/CAM_INFO(    0): CAM-ISP: __cam_isp_ctx_acquire_hw_v2: 9792 NO CRM session,top state machine assigned for no crm ctx 9
I/CAM_INFO(    0): CAM-ISP: __cam_isp_ctx_start_dev_in_ready: 10826 Start IFE device ctx 9 with irq state machine [Activated State Machine IRQ] in initial SubState [SOF] UL_path 0
I/SyncBossFW(  899): 8743729 [info   ] {GCM }: general_cam_mgr_deinit for cameras 0x30
W/SyncBossFW(  899): 8743729 [warning] {GCM }: Camera imx471[0x10] not primed yet
W/SyncBossFW(  899): 8743729 [warning] {GCM }: Camera imx471[0x20] not primed yet
I/SyncBossFW(  899): 8743731 [info   ] {GCM }: general_cam_mgr_init for cameras 0x30
W/ProcessStats( 1539): Tracking association SourceState{f28a04e com.oculus.remotedesktop:RemoteDesktop/10109 BTop #105127} whose proc state 2 is better than process ProcessState{86662c3 com.microsoft.rdc.androidx/10114 pkg=com.microsoft.rdc.androidx} proc state 8 (9 skipped)
I/FrameSetCollator(  922): [{COL:FULPS}] started at 59553.49
I/SensorService(  922): [color] Starting camera streams for purpose: ocal, current muxmode = 1
I/SyncBossFW(  899): 8743791 [info   ] {GCM }: general_cam_mgr_set_frame_rate_config cams 0x30 period 20000us
I/SyncBossFW(  899): 8743793 [info   ] {GCM }: general_cam_mgr_get_stream_info for cameras 0x10
I/CameraClientManager(  922): [[IOT(894)][ocal]] stream start completed
D/CameraStream(  922): [ocal] Client [IOT(894)]: start complete
I/SyncBossFW(  899): 8743796 [info   ] {GCM }: general_cam_mgr_start_streaming for cameras 0x30
D/TrackingFidelityService( 1184): TrackingFidelitySharedMemory - setFeatureFidelity: 16 5
I/TrackingFidelityService( 1184): Request(s)={constellation:5,hands:0,environment_lighting:0,keyboard:0,scene_reconstruction:0,}, Mux mode idx=1, name=lowLightController, score=3
I/TrackingFidelityService( 1184): beginTransition[worldTracking]: lowLightController(1)->lowLightController(1)
I/TrackingFidelityService( 1184): _applyMuxModeLockedInternal: Mode lowLightController already set. Returning.
I/TrackingFidelityService( 1184): endTransition[worldTracking]: lowLightController(1)->lowLightController(1), seqId=-1, succeeded=true
E/libsensortelemetry(  922): imu samples delayed: 6972645ns capture to arrival (ERS limit: 3500000ns)
E/libsensortelemetry(  894): imu_iot samples delayed: 7075822ns capture to arrival (ERS limit: 3500000ns)
I/CAM_INFO(    0): CAM-SENSOR: cam_sensor_driver_cmd: 1352 23:10:15.206 CAM_START_DEV[4] Success for imx471 sensor_id:0x471,sensor_slave_addr:0x34
E/syncboss_spi spi0.0(    0): bad magic from MCU (value: 0xcacacaca, data_ready_irq: 1, wake_timer: 0, send_timer: 0, msg_to_send: 0)
D/CameraStream(  922): [ocal] Client [IOT(894)] attempting stop
I/FrameSetDispatcher(  922): [{COL:FULPS}] Client pid=894 (IOT): Client thread stopping
I/CameraClientManager(  922): [IOT(894)][ocal] client stopped (estimated 0 started clients remaining)
I/CameraClientManager(  922): [[IOT(894)][ocal]] definitely stopping stream
I/SensorService(  922): [color] Stopping cameras for purpose ocal
I/FrameSetCollator(  922): [{COL:FULPS}] stopped. Ran for 1.13s
I/SensorService(  922): [color] Stopping camera streams for purpose: ocal
I/CAM_INFO(    0): CAM-ISP: __cam_isp_ctx_flush_req_in_top_state: 6201 Last request id to flush is 59, ctx_id:8
I/CAM_WARN(    0): CAM-ISP: cam_ife_mgr_handle_reg_dump: 332 Reg dump values might be from more than one request
I/CAM_INFO(    0): CAM-ISP: __cam_isp_ctx_flush_req_in_top_state: 6223 Stop HW complete. Reset HW next.
I/CAM_INFO(    0): CAM-ISP: __cam_isp_ctx_flush_req_in_top_state: 6201 Last request id to flush is 59, ctx_id:9
I/CAM_WARN(    0): CAM-ISP: cam_ife_mgr_handle_reg_dump: 332 Reg dump values might be from more than one request
I/CAM_INFO(    0): CAM-ISP: __cam_isp_ctx_flush_req_in_top_state: 6223 Stop HW complete. Reset HW next.
I/CAM_WARN(    0): CAM-CORE: cam_context_handle_flush_dev: 547 No flush device in dev 10420503, state 4
I/SyncBossFW(  899): 8744936 [info   ] {GCM }: general_cam_mgr_stop_streaming for cameras 0x30
I/SyncBossFW(  899): 8744938 [info   ] {GCM }: general_cam_mgr_deinit for cameras 0x30
I/CAM_WARN(    0): CAM-CORE: cam_context_handle_flush_dev: 547 No flush device in dev 10158363, state 4
I/CAM_WARN(    0): CAM-CORE: cam_context_handle_flush_dev: 547 No flush device in dev 10420503, state 4
I/CAM_WARN(    0): CAM-CORE: cam_context_handle_flush_dev: 547 No flush device in dev 10158363, state 4
I/CAM_WARN(    0): CAM-CORE: cam_context_handle_flush_dev: 547 No flush device in dev 10420503, state 4
I/CAM_WARN(    0): CAM-CORE: cam_context_handle_flush_dev: 547 No flush device in dev 10158363, state 4
I/CAM_INFO(    0): CAM-SENSOR: cam_sensor_driver_cmd: 1391 23:10:16.444 CAM_STOP_DEV Success for imx471 sensor_id:0x471,sensor_slave_addr:0x34
I/CAM_INFO(    0): CAM-ISP: cam_ife_mgr_release_hw: 11425 23:10:16.444 Release HW success ctx id: 8
I/CAM_INFO(    0): CAM-SENSOR: cam_sensor_driver_cmd: 1391 23:10:16.446 CAM_STOP_DEV Success for imx471 sensor_id:0x471,sensor_slave_addr:0x34
I/CAM_INFO(    0): CAM-ISP: cam_ife_mgr_release_hw: 11425 23:10:16.447 Release HW success ctx id: 9
I/CAM_INFO(    0): CAM-SENSOR: cam_sensor_driver_cmd: 1270 CAM_RELEASE_DEV Success for imx471 sensor_id:0x471, slave_addr:0x34
I/CameraClientManager(  922): [[IOT(894)][ocal]] stream stop completed
D/CameraStream(  922): [ocal] Client [IOT(894)]: stop complete
D/TrackingFidelityService( 1184): TrackingFidelitySharedMemory - setFeatureFidelity: 16 5
I/TrackingFidelityService( 1184): Request(s)={constellation:5,hands:0,environment_lighting:0,keyboard:0,scene_reconstruction:0,}, Mux mode idx=1, name=lowLightController, score=3
I/TrackingFidelityService( 1184): beginTransition[worldTracking]: lowLightController(1)->lowLightController(1)
I/TrackingFidelityService( 1184): _applyMuxModeLockedInternal: Mode lowLightController already set. Returning.
I/TrackingFidelityService( 1184): endTransition[worldTracking]: lowLightController(1)->lowLightController(1), seqId=-1, succeeded=true
W/SyncBossFW(  899): 8745480 [warning] {BSP }: Mag interrupt pin LOW in drdy handler
E/libsensortelemetry(  922): imu samples delayed: 6737327ns capture to arrival (ERS limit: 3500000ns)
E/libsensortelemetry(  894): imu_iot samples delayed: 6807014ns capture to arrival (ERS limit: 3500000ns)
D/TrackingFidelityService( 1184): TrackingFidelitySharedMemory - setFeatureFidelity: 16 5
I/TrackingFidelityService( 1184): Request(s)={constellation:5,hands:0,environment_lighting:0,keyboard:0,scene_reconstruction:0,}, Mux mode idx=1, name=lowLightController, score=3
I/TrackingFidelityService( 1184): beginTransition[worldTracking]: lowLightController(1)->lowLightController(1)
I/TrackingFidelityService( 1184): _applyMuxModeLockedInternal: Mode lowLightController already set. Returning.
I/TrackingFidelityService( 1184): endTransition[worldTracking]: lowLightController(1)->lowLightController(1), seqId=-1, succeeded=true
D/TrackingFidelityService( 1184): TrackingFidelitySharedMemory - setFeatureFidelity: 16 5
I/TrackingFidelityService( 1184): Request(s)={constellation:5,hands:0,environment_lighting:0,keyboard:0,scene_reconstruction:0,}, Mux mode idx=1, name=lowLightController, score=3
I/TrackingFidelityService( 1184): beginTransition[worldTracking]: lowLightController(1)->lowLightController(1)
I/TrackingFidelityService( 1184): _applyMuxModeLockedInternal: Mode lowLightController already set. Returning.
I/TrackingFidelityService( 1184): endTransition[worldTracking]: lowLightController(1)->lowLightController(1), seqId=-1, succeeded=true
D/TrackingFidelityService( 1184): TrackingFidelitySharedMemory - setFeatureFidelity: 16 5
I/TrackingFidelityService( 1184): Request(s)={constellation:5,hands:0,environment_lighting:0,keyboard:0,scene_reconstruction:0,}, Mux mode idx=1, name=lowLightController, score=3
I/TrackingFidelityService( 1184): beginTransition[worldTracking]: lowLightController(1)->lowLightController(1)
I/TrackingFidelityService( 1184): _applyMuxModeLockedInternal: Mode lowLightController already set. Returning.
I/TrackingFidelityService( 1184): endTransition[worldTracking]: lowLightController(1)->lowLightController(1), seqId=-1, succeeded=true
D/TrackingFidelityService( 1184): TrackingFidelitySharedMemory - setFeatureFidelity: 16 5
I/TrackingFidelityService( 1184): Request(s)={constellation:5,hands:0,environment_lighting:0,keyboard:0,scene_reconstruction:0,}, Mux mode idx=1, name=lowLightController, score=3
I/TrackingFidelityService( 1184): beginTransition[worldTracking]: lowLightController(1)->lowLightController(1)
I/TrackingFidelityService( 1184): _applyMuxModeLockedInternal: Mode lowLightController already set. Returning.
I/TrackingFidelityService( 1184): endTransition[worldTracking]: lowLightController(1)->lowLightController(1), seqId=-1, succeeded=true
I/CAM_INFO(    0): CAM-SENSOR: cam_sensor_driver_cmd: 1270 CAM_RELEASE_DEV Success for imx471 sensor_id:0x471, slave_addr:0x34
W/healthd (    0): battery l=40 v=3908 t=46.0 h=2 st=2 c=227422 fc=4561000 cc=62 chg=a
D/TrackingFidelityService( 1184): TrackingFidelitySharedMemory - setFeatureFidelity: 16 5
I/TrackingFidelityService( 1184): Request(s)={constellation:5,hands:0,environment_lighting:0,keyboard:0,scene_reconstruction:0,}, Mux mode idx=1, name=lowLightController, score=3
I/TrackingFidelityService( 1184): beginTransition[worldTracking]: lowLightController(1)->lowLightController(1)
I/TrackingFidelityService( 1184): _applyMuxModeLockedInternal: Mode lowLightController already set. Returning.
I/TrackingFidelityService( 1184): endTransition[worldTracking]: lowLightController(1)->lowLightController(1), seqId=-1, succeeded=true
D/TrackingFidelityService( 1184): TrackingFidelitySharedMemory - setFeatureFidelity: 16 5
I/TrackingFidelityService( 1184): Request(s)={constellation:5,hands:0,environment_lighting:0,keyboard:0,scene_reconstruction:0,}, Mux mode idx=1, name=lowLightController, score=3
I/TrackingFidelityService( 1184): beginTransition[worldTracking]: lowLightController(1)->lowLightController(1)
I/TrackingFidelityService( 1184): _applyMuxModeLockedInternal: Mode lowLightController already set. Returning.
I/TrackingFidelityService( 1184): endTransition[worldTracking]: lowLightController(1)->lowLightController(1), seqId=-1, succeeded=true
D/TrackingFidelityService( 1184): TrackingFidelitySharedMemory - setFeatureFidelity: 16 5
I/TrackingFidelityService( 1184): Request(s)={constellation:5,hands:0,environment_lighting:0,keyboard:0,scene_reconstruction:0,}, Mux mode idx=1, name=lowLightController, score=3
I/TrackingFidelityService( 1184): beginTransition[worldTracking]: lowLightController(1)->lowLightController(1)
I/TrackingFidelityService( 1184): _applyMuxModeLockedInternal: Mode lowLightController already set. Returning.
I/TrackingFidelityService( 1184): endTransition[worldTracking]: lowLightController(1)->lowLightController(1), seqId=-1, succeeded=true
D/TrackingFidelityService( 1184): TrackingFidelitySharedMemory - setFeatureFidelity: 16 5
I/TrackingFidelityService( 1184): Request(s)={constellation:5,hands:0,environment_lighting:0,keyboard:0,scene_reconstruction:0,}, Mux mode idx=1, name=lowLightController, score=3
I/TrackingFidelityService( 1184): beginTransition[worldTracking]: lowLightController(1)->lowLightController(1)
I/TrackingFidelityService( 1184): _applyMuxModeLockedInternal: Mode lowLightController already set. Returning.
I/TrackingFidelityService( 1184): endTransition[worldTracking]: lowLightController(1)->lowLightController(1), seqId=-1, succeeded=true
D/TrackingFidelityService( 1184): TrackingFidelitySharedMemory - setFeatureFidelity: 16 5
I/TrackingFidelityService( 1184): Request(s)={constellation:5,hands:0,environment_lighting:0,keyboard:0,scene_reconstruction:0,}, Mux mode idx=1, name=lowLightController, score=3
I/TrackingFidelityService( 1184): beginTransition[worldTracking]: lowLightController(1)->lowLightController(1)
I/TrackingFidelityService( 1184): _applyMuxModeLockedInternal: Mode lowLightController already set. Returning.
I/TrackingFidelityService( 1184): endTransition[worldTracking]: lowLightController(1)->lowLightController(1), seqId=-1, succeeded=true
D/TrackingFidelityService( 1184): TrackingFidelitySharedMemory - setFeatureFidelity: 16 5
I/TrackingFidelityService( 1184): Request(s)={constellation:5,hands:0,environment_lighting:0,keyboard:0,scene_reconstruction:0,}, Mux mode idx=1, name=lowLightController, score=3
I/TrackingFidelityService( 1184): beginTransition[worldTracking]: lowLightController(1)->lowLightController(1)
I/TrackingFidelityService( 1184): _applyMuxModeLockedInternal: Mode lowLightController already set. Returning.
I/TrackingFidelityService( 1184): endTransition[worldTracking]: lowLightController(1)->lowLightController(1), seqId=-1, succeeded=true
W/ProcessStats( 1539): Tracking association SourceState{d8b07dc com.oculus.ocms/10074 BTop #105140} whose proc state 2 is better than process ProcessState{ab435ae com.oculus.userserver2/10065 pkg=com.oculus.userserver2} proc state 5 (9 skipped)
D/TrackingFidelityService( 1184): TrackingFidelitySharedMemory - setFeatureFidelity: 16 5
I/TrackingFidelityService( 1184): Request(s)={constellation:5,hands:0,environment_lighting:0,keyboard:0,scene_reconstruction:0,}, Mux mode idx=1, name=lowLightController, score=3
I/TrackingFidelityService( 1184): beginTransition[worldTracking]: lowLightController(1)->lowLightController(1)
I/TrackingFidelityService( 1184): _applyMuxModeLockedInternal: Mode lowLightController already set. Returning.
I/TrackingFidelityService( 1184): endTransition[worldTracking]: lowLightController(1)->lowLightController(1), seqId=-1, succeeded=true
E/ClipboardService( 1539): Denying clipboard access to com.microsoft.rdc.androidx, application is not in focus nor is it a system service for user 0
E/ClipboardService( 1539): Denying clipboard access to com.microsoft.rdc.androidx, application is not in focus nor is it a system service for user 0
D/TrackingFidelityService( 1184): TrackingFidelitySharedMemory - setFeatureFidelity: 16 5
I/TrackingFidelityService( 1184): Request(s)={constellation:5,hands:0,environment_lighting:0,keyboard:0,scene_reconstruction:0,}, Mux mode idx=1, name=lowLightController, score=3
I/TrackingFidelityService( 1184): beginTransition[worldTracking]: lowLightController(1)->lowLightController(1)
I/TrackingFidelityService( 1184): _applyMuxModeLockedInternal: Mode lowLightController already set. Returning.
I/TrackingFidelityService( 1184): endTransition[worldTracking]: lowLightController(1)->lowLightController(1), seqId=-1, succeeded=true
W/healthd (    0): battery l=40 v=3900 t=46.0 h=2 st=2 c=96682 fc=4561000 cc=62 chg=a
D/TrackingFidelityService( 1184): TrackingFidelitySharedMemory - setFeatureFidelity: 16 5
I/TrackingFidelityService( 1184): Request(s)={constellation:5,hands:0,environment_lighting:0,keyboard:0,scene_reconstruction:0,}, Mux mode idx=1, name=lowLightController, score=3
I/TrackingFidelityService( 1184): beginTransition[worldTracking]: lowLightController(1)->lowLightController(1)
I/TrackingFidelityService( 1184): _applyMuxModeLockedInternal: Mode lowLightController already set. Returning.
I/TrackingFidelityService( 1184): endTransition[worldTracking]: lowLightController(1)->lowLightController(1), seqId=-1, succeeded=true
W/healthd (    0): battery l=40 v=3902 t=46.0 h=2 st=2 c=146488 fc=4561000 cc=62 chg=a
D/TrackingFidelityService( 1184): TrackingFidelitySharedMemory - setFeatureFidelity: 16 5
I/TrackingFidelityService( 1184): Request(s)={constellation:5,hands:0,environment_lighting:0,keyboard:0,scene_reconstruction:0,}, Mux mode idx=1, name=lowLightController, score=3
I/TrackingFidelityService( 1184): beginTransition[worldTracking]: lowLightController(1)->lowLightController(1)
I/TrackingFidelityService( 1184): _applyMuxModeLockedInternal: Mode lowLightController already set. Returning.
I/TrackingFidelityService( 1184): endTransition[worldTracking]: lowLightController(1)->lowLightController(1), seqId=-1, succeeded=true
V/WindowManager( 1539): Sent Transition #1900 createdAt=03-28 00:10:32.038 via request=TransitionRequestInfo { type = TO_FRONT, triggerTask = null, remoteTransition = null, displayChange = null }
V/WindowManager( 1539):     startWCT=WindowContainerTransaction { changes = {} hops = [] errorCallbackToken=null taskFragmentOrganizer=null }
V/WindowManager( 1539):     info={id=1900 t=TO_FRONT f=0x0 trk=0 r=[0@Point(0, 0)] c=[{WCT{RemoteToken{fbaf194 Task{63d7c1e #13169 type=standard A=10109:com.oculus.remotedesktop}}} m=CHANGE f=MOVE_TO_TOP p=WCT{RemoteToken{f5e50d4 Task{2142627 #13168 type=standard}}} leash=Surface(name=Task=13169)/@0xc03cee8 sb=Rect(0, 0 - 3303, 1416) eb=Rect(0, 0 - 3303, 1416) d=0},{WCT{RemoteToken{f5e50d4 Task{2142627 #13168 type=standard}}} m=CHANGE f=TRANSLUCENT|MOVE_TO_TOP leash=Surface(name=Task=13168)/@0xe8f400b sb=Rect(0, 0 - 3303, 1416) eb=Rect(0, 0 - 3303, 1416) d=0}]}
V/WindowManager( 1539): Finish Transition #1900: created at 03-28 00:10:32.038 collect-started=0.016ms request-sent=1.28ms started=2.135ms ready=2.128ms sent=4.307ms finished=5.515ms
I/OculusWindowMgr( 1539): OWMS::focusChanged: windowRootTaskId: 13168
I/OculusWindowMgr( 1539): OWMS::focusChanged: getImmersiveTask returned
I/OculusWindowMgr( 1539): OWMS::focusChanged: mFocusPlaceholderActivity found in Task.
D/ActivityTaskManager( 1539): getDisplaysWithTopActivities: immersive ActivityRecord{fd9839d u0 org.godotengine.editor.v4.meta/org.godotengine.editor.GodotXRGame t13172}
D/VolumetricContentMonitor( 1539): Focused window changed to RunningWindowInfo{  pid: 26131, uid: 10109, userId: 0, windowContainerToken: 5356552, windowToken: android.view.IWindow$Stub$Proxy@47afa1, windowId: com.android.server.wm.WindowState$WindowId@d8f05c6, displayId: 0, windowType: 1, activity: RunningActivityInfo { rootTask: 13168, uid: 10109, pid: 26131, userId: 0, activity: com.oculus.remotedesktop.activity.main.RemoteDesktopMainActivity, windowId: com.android.server.wm.WindowState$WindowId@d8f05c6, state: ACTIVITY_STATE_VISIBLE}}, from android.view.IWindow$Stub$Proxy@406eb1e
D/SpatialAudioService( 1539): Skipping processing for app: org.godotengine.editor.v4.meta (isNewApp: false, epsService: true)
V/WorldManagerService( 1539): VW Content Listener: org.godotengine.editor.v4.meta -1
D/SpatialAudioService( 1539): Skipping processing for app: com.oculus.remotedesktop (isNewApp: false, epsService: true)
V/WorldManagerService( 1539): VW Content Listener: com.oculus.remotedesktop -1
D/TrackingFidelityService( 1184): TrackingFidelitySharedMemory - setFeatureFidelity: 16 5
I/TrackingFidelityService( 1184): Request(s)={constellation:5,hands:0,environment_lighting:0,keyboard:0,scene_reconstruction:0,}, Mux mode idx=1, name=lowLightController, score=3
I/TrackingFidelityService( 1184): beginTransition[worldTracking]: lowLightController(1)->lowLightController(1)
I/TrackingFidelityService( 1184): _applyMuxModeLockedInternal: Mode lowLightController already set. Returning.
I/TrackingFidelityService( 1184): endTransition[worldTracking]: lowLightController(1)->lowLightController(1), seqId=-1, succeeded=true
D/TrackingFidelityService( 1184): TrackingFidelitySharedMemory - setFeatureFidelity: 16 5
I/TrackingFidelityService( 1184): Request(s)={constellation:5,hands:0,environment_lighting:0,keyboard:0,scene_reconstruction:0,}, Mux mode idx=1, name=lowLightController, score=3
I/TrackingFidelityService( 1184): beginTransition[worldTracking]: lowLightController(1)->lowLightController(1)
I/TrackingFidelityService( 1184): _applyMuxModeLockedInternal: Mode lowLightController already set. Returning.
I/TrackingFidelityService( 1184): endTransition[worldTracking]: lowLightController(1)->lowLightController(1), seqId=-1, succeeded=true
D/TrackingFidelityService( 1184): TrackingFidelitySharedMemory - setFeatureFidelity: 16 5
I/TrackingFidelityService( 1184): Request(s)={constellation:5,hands:0,environment_lighting:0,keyboard:0,scene_reconstruction:0,}, Mux mode idx=1, name=lowLightController, score=3
I/TrackingFidelityService( 1184): beginTransition[worldTracking]: lowLightController(1)->lowLightController(1)
I/TrackingFidelityService( 1184): _applyMuxModeLockedInternal: Mode lowLightController already set. Returning.
I/TrackingFidelityService( 1184): endTransition[worldTracking]: lowLightController(1)->lowLightController(1), seqId=-1, succeeded=true
E/libsensortelemetry(  922): imu samples delayed: 6909123ns capture to arrival (ERS limit: 3500000ns)
E/libsensortelemetry(  894): imu_iot samples delayed: 7014800ns capture to arrival (ERS limit: 3500000ns)
D/TrackingFidelityService( 1184): TrackingFidelitySharedMemory - setFeatureFidelity: 16 5
I/TrackingFidelityService( 1184): Request(s)={constellation:5,hands:0,environment_lighting:0,keyboard:0,scene_reconstruction:0,}, Mux mode idx=1, name=lowLightController, score=3
I/TrackingFidelityService( 1184): beginTransition[worldTracking]: lowLightController(1)->lowLightController(1)
I/TrackingFidelityService( 1184): _applyMuxModeLockedInternal: Mode lowLightController already set. Returning.
