03-27 01:49:51.812 I/[SEO] PanelAnchoringExperience( 3817): Updating panel com.oculus.browser/com.oculus.browser.BrowserActivity visibility to false
03-27 01:49:51.812 I/[SEO] PanelAnchoringExperience( 3817): Removing panel com.oculus.browser/com.oculus.browser.BrowserActivity from monitors
03-27 01:49:51.812 I/[SEO] VrShellDesktopBase( 3817): No recall for spatialized apps
03-27 01:49:51.812 I/VrGuardianService( 3045): com.oculus.vrshell -> GuardianSDKServer::SetGuardianHitDialog 0
03-27 01:49:51.812 I/[SEO] HPIManagementSystem( 3817): HPIManagementSystem: Deactivating HPIs due to reason: NotInHome
03-27 01:49:51.814 D/BufferQueueProducer(31379): Waiting for available buffer SurfaceView[org.godotengine.editor.v4.meta/org.godotengine.editor.GodotEditor]#1(BLAST Consumer)1 lastFrameNumber=1553
03-27 01:49:51.816 I/stub_zygote(  853): zygote partition wrote back 1 bytes, index=0, pid=858
03-27 01:49:51.816 I/stub_zygote(  853): zygote partition wrote back 1 bytes, index=0, pid=858
03-27 01:49:51.816 I/stub_zygote(  853): zygote partition wrote back 1 bytes, index=0, pid=858
03-27 01:49:51.816 I/stub_zygote(  853): zygote partition wrote back 1 bytes, index=0, pid=858
03-27 01:49:51.816 I/stub_zygote(  853): zygote partition wrote back 1 bytes, index=0, pid=858
03-27 01:49:51.817 W/TrackingAccessCache( 1539): PID is not attached yet to ActivityInfo{71b0996 org.godotengine.editor.GodotXRGame}
03-27 01:49:51.817 I/VolumetricWindow( 1539): [setDrawn] VW=156ab322-4e48-458f-9a64-35d46fc934f7: isDrawn=false (isActive=true, isVisible=true)
03-27 01:49:51.817 W/TrackingAccessCache( 1539): PID is not attached yet to ActivityInfo{71b0996 org.godotengine.editor.GodotXRGame}
03-27 01:49:51.817 I/ActivityManager( 1539): Start proc 31570:org.godotengine.editor.v4.meta:GodotXRGame/u0a200 for next-top-activity {org.godotengine.editor.v4.meta/org.godotengine.editor.GodotXRGame}
03-27 01:49:51.817 D/TrackingAccessCache( 1539): Tracking access changed: [ProcessTrackingAccess { uid = 10200, pid = 31379, trackingAccessPose = 0, trackingAccessInput = 0 }]
03-27 01:49:51.817 I/VolumetricWindow( 1539): [setDrawn] VW=a24100a1-bdf6-46b7-b6fc-f1db002b1503: isDrawn=false (isActive=true, isVisible=true)
03-27 01:49:51.817 W/TrackingAccessCache( 1539): PID is not attached yet to ActivityInfo{71b0996 org.godotengine.editor.GodotXRGame}
03-27 01:49:51.818 D/TrackingAccessCache( 1539): Tracking access changed: [ProcessTrackingAccess { uid = 10109, pid = 9927, trackingAccessPose = 0, trackingAccessInput = 0 }]
03-27 01:49:51.817 W/TrustedCallerVerifier( 4049): Could not verify trusted caller for uidPackageNames=[com.oculus.systemux] and uidSignature=android.content.pm.Signature@89661ab1
03-27 01:49:51.818 D/Zygote  (  858): zygote client update, removed fd=8
03-27 01:49:51.818 V/WindowManager( 1539): Queueing transition: TransitionRecord{b4e0ea0 id=-1 type=CHANGE flags=0x0}
03-27 01:49:51.818 I/Cgroup  ( 1539): Cgroup /uid_10200/pid_31570 created
03-27 01:49:51.818 E/Cgroup  ( 1539): Failed to read processes from /uid_10200/pid_31570/cgroup.procs : java.nio.file.NoSuchFileException: /uid_10200/pid_31570/cgroup.procs
03-27 01:49:51.820 I/DisplayDeviceRepository( 1539): Display device removed: DisplayDeviceInfo{"com.oculus.android_panel_app.AndroidPanelLayer-com.oculus.vrshell-controlbar12": uniqueId="virtual:com.oculus.vrshell,10098,com.oculus.android_panel_app.AndroidPanelLayer-com.oculus.vrshell-controlbar12,0", 550 x 60, modeId 364, renderFrameRate 60.0, defaultModeId 364, supportedModes [{id=364, width=550, height=60, fps=60.0, alternativeRefreshRates=[], supportedHdrTypes=[]}], colorMode 0, supportedColorModes [0], hdrCapabilities null, allmSupported false, gameContentTypeSupported false, density 200, 200.0 x 200.0 dpi, appVsyncOff 0, presDeadline 16666666, touch NONE, rotation 0, type VIRTUAL, deviceProductInfo null, state ON, committedState UNKNOWN, owner com.oculus.vrshell (uid 10098), frameRateOverride , brightnessMinimum 0.0, brightnessMaximum 0.0, brightnessDefault 0.0, hdrSdrRatio NaN, FLAG_PRIVATE, FLAG_NEVER_BLANK, FLAG_OWN_CONTENT_ONLY, installOrientation 0, displayShape DisplayShape{ spec=854794591 displayWidth=550 displayHeight=60 physicalPixelDisplaySizeRatio=1.0 rotation=0 offsetX=0 offsetY=0 scale=1.0}}
03-27 01:49:51.821 W/TrustedCallerVerifier( 4049): Could not verify trusted caller for uidPackageNames=[com.oculus.systemux] and uidSignature=android.content.pm.Signature@89661ab1
03-27 01:49:51.821 E/VrDeviceManagerService( 1186): Permission denied: process 3817 (uid 10098) doesn't have the required permission: com.oculus.permission.SET_THREAD_POLICY
03-27 01:49:51.822 I/LogicalDisplayMapper( 1539): Removing display: 247
03-27 01:49:51.822 D/WindowEngineStream(  957):  WINDOW_SPATIALIZATION_STATE change for session(1857): {
03-27 01:49:51.822 D/WindowEngineStream(  957):     "is_initial": false,
03-27 01:49:51.822 D/WindowEngineStream(  957):     "package": "org.godotengine.editor.v4.meta",
03-27 01:49:51.822 D/WindowEngineStream(  957):     "session": 1857,
03-27 01:49:51.822 D/WindowEngineStream(  957):     "state": {
03-27 01:49:51.822 D/WindowEngineStream(  957):         "has_volumetric_token": true,
03-27 01:49:51.822 D/WindowEngineStream(  957):         "has_window_metadata": true,
03-27 01:49:51.822 D/WindowEngineStream(  957):         "is_spatialized": false,
03-27 01:49:51.822 D/WindowEngineStream(  957):         "is_visible": false,
03-27 01:49:51.822 D/WindowEngineStream(  957):         "settings_spatialization_strategy": "window-locked",
03-27 01:49:51.822 D/WindowEngineStream(  957):         "spatial_settings": {
03-27 01:49:51.822 D/WindowEngineStream(  957):             "global spatial preference": true,
03-27 01:49:51.822 D/WindowEngineStream(  957):             "in shell env": true,
03-27 01:49:51.822 D/WindowEngineStream(  957):             "package spatial preference": true
03-27 01:49:51.822 D/WindowEngineStream(  957):         }
03-27 01:49:51.822 D/WindowEngineStream(  957):     },
03-27 01:49:51.822 D/WindowEngineStream(  957):     "state_start_time": 1774572591821
03-27 01:49:51.822 D/WindowEngineStream(  957): }
03-27 01:49:51.822 D/WindowEngineStream(  957): Duration of previous WINDOW_SPATIALIZATION_STATE for session(1857): {
03-27 01:49:51.822 D/WindowEngineStream(  957):     "duration_ms": 31484,
03-27 01:49:51.822 D/WindowEngineStream(  957):     "package": "org.godotengine.editor.v4.meta",
03-27 01:49:51.822 D/WindowEngineStream(  957):     "session": 1857,
03-27 01:49:51.822 D/WindowEngineStream(  957):     "state": {
03-27 01:49:51.822 D/WindowEngineStream(  957):         "has_volumetric_token": true,
03-27 01:49:51.822 D/WindowEngineStream(  957):         "has_window_metadata": true,
03-27 01:49:51.822 D/WindowEngineStream(  957):         "is_spatialized": true,
03-27 01:49:51.822 D/WindowEngineStream(  957):         "is_visible": true,
03-27 01:49:51.822 D/WindowEngineStream(  957):         "settings_spatialization_strategy": "window-locked",
03-27 01:49:51.822 D/WindowEngineStream(  957):         "spatial_settings": {
03-27 01:49:51.822 D/WindowEngineStream(  957):             "global spatial preference": true,
03-27 01:49:51.822 D/WindowEngineStream(  957):             "in shell env": true,
03-27 01:49:51.822 D/WindowEngineStream(  957):             "package spatial preference": true
03-27 01:49:51.822 D/WindowEngineStream(  957):         }
03-27 01:49:51.822 D/WindowEngineStream(  957):     },
03-27 01:49:51.822 D/WindowEngineStream(  957):     "state_start_time": 1774572560337
03-27 01:49:51.822 D/WindowEngineStream(  957): }
03-27 01:49:51.823 D/IPCService( 3817): Sending command prefix: layerVisib to token: VolumetricWindowToken { scope = 1, token = android.os.BinderProxy@d51815f, persistableToken = 5ec8617e-380d-4a69-9ebc-c0eab2db9f62 } shellSate: true
03-27 01:49:51.823 D/[SEO] ShellApplication( 3817): Sending command: layerVisibility controlbar12 0 6421391268692210832 to panelId 4
03-27 01:49:51.824 I/[CT]    ( 3817): HandPoseSampler: Filter reset
03-27 01:49:51.824 I/InputDevice_Hand( 3817): HANDTRACKING ADMIRE hand 0: hpm=1 -> shared=0
03-27 01:49:51.824 I/[CT]    ( 3817): HandPoseSampler: Filter reset
03-27 01:49:51.824 I/InputDevice_Hand( 3817): HANDTRACKING ADMIRE hand 1: hpm=1 -> shared=0
03-27 01:49:51.827 W/TrustedCallerVerifier( 4049): Could not verify trusted caller for uidPackageNames=[com.oculus.systemux] and uidSignature=android.content.pm.Signature@89661ab1
03-27 01:49:51.827 I/OpenXR_Anchor( 3817): xrQuerySpacesFB: split anchor query enabled
03-27 01:49:51.827 W/WindowOnBackDispatcher( 3817): sendCancelIfRunning: isInProgress=falsecallback=android.view.ViewRootImpl$$ExternalSyntheticLambda18@be465f
03-27 01:49:51.828 I/Shell   ( 3817): ResMan : skinnedmesh records unloaded: asset=0000000000000000  data=0000007b62ed8b00,0000007afc6bbd80,0000007afc6bbd80,0000007afbd74f00,0000007afc6b7c80,0000007afc6bbd80,0000007afbd74a00,0000007afbd75180,0000007aec0d9d80,0000007aec36b800,0000007afc3f0080,0000007afc3f0800,0000007aec36b800,0000007aec36d100,0000007aec1ab000,0000007aec1aee80,0000007aec36b800,0000007aec36d100,0000007aec1ad300,0000007aec1aee80,0000007aec1ace00,0000007aec1ae700,0000007aea71d900,0000007b48017280,0000007aec1ad300,0000007aec1aee80,0000007afc3f0800,0000007aec0d9b00,0000007aec1af380,0000007aec36b800,0000007aec1ab000,0000007aec1ad300,  dstryFlg=1,1,1,1,1,1,1,1,1,1,1,1,1,1,1,1,1,1,1,1,1,1,1,1,1,1,1,1,1,1,1,1,  vec=0000000000000000/0000000000000000/0000000000000000,0000000000000000/0000000000000000/0000000000000000,0000000000000000/0000000000000000/0000000000000000,0000000000000000/0000000000000000/0000000000000000,0000000000000000/0000000000000000/0000000000000000,0000000000000000/0000000000000000/0000000000000000,0000000000000000/0000000000000000/0000000000000000,0000000000000000/0000000000000000/0000000000000000,0000000000000000/0000000000000000/0000000000000000,0000000000000000/0000000000000000/0000000000000000,0000000000000000/0000000000000000/0000000000000000,0000000000000000/0000000000000000/0000000000000000,0000000000000000/0000000000000000/0000000000000000,0000000000000000/0000000000000000/0000000000000000,0000000000000000/0000000000000000/0000000000000000,0000000000000000/0000000000000000/0000000000000000,0000000000000000/0000000000000000/0000000000000000,0000000000000000/0000000000000000/0000000000000000,0000000000000000/0000000000000000/0000000000000000,0000000000000000/0000000000000000/0000000000000000,0000000000000000/0000000000000000/0000000000000000,0000000000000000/0000000000000000/0000000000000000,0000000000000000/0000000000000000/0000000000000000,0000000000000000/0000000000000000/0000000000000000,0000000000000000/0000000000000000/0000000000000000,0000000000000000/0000000000000000/0000000000000000,0000000000000000/0000000000000000/0000000000000000,0000000000000000/0000000000000000/0000000000000000,0000000000000000/0000000000000000/0000000000000000,0000000000000000/0000000000000000/0000000000000000,0000000000000000/0000000000000000/0000000000000000,0000000000000000/0000000000000000/0000000000000000,  dstry=00000002f9999fbf,00000002f9999fc4,00000002fa071f71,00000002fa071f75,00000002fab509fb,00000002fab509ff,00000002fab50a08,00000002fab50a0c,00000003044c9ad4,00000003044c9ad8,00000003044c9adf,00000003044c9ae4,000000030538233e,0000000305382344,0000000305382353,0000000305382359,00000003054a8105,00000003054a8109,00000003054a8110,00000003054a8113,000000030550a109,000000030550a10f,000000030550a119,000000030550a11d,0000000305755006,000000030575500b,0000000305755014,000000030575501b,000000030fc952d4,000000030fc952d9,000000030fc952e2,000000030fc952e9,  unld=00000002f9999fe5,00000002f9999fe7,00000002fa071f94,00000002fa071f95,00000002fab50a26,00000002fab50a28,00000002fab50a29,00000002fab50a2a,00000003044c9afd,00000003044c9aff,00000003044c9b00,00000003044c9b02,0000000305382386,0000000305382388,000000030538238a,000000030538238b,00000003054a812b,00000003054a812d,00000003054a812e,00000003054a812f,000000030550a138,000000030550a13a,000000030550a13c,000000030550a13e,0000000305755036,0000000305755038,000000030575503a,000000030575503b,000000030fc95330,000000030fc95332,000000030fc95333,000000030fc95334,
03-27 01:49:51.828 I/[CT]    ( 3759): SP:AP:AnchorPersistenceRuntimeIpcServer: checkRPC start: sessionUuid:e8b4f71a-e29f-9eec-848a-c1dd71d2993d, clientId:1395276349, givenPackageName:com.oculus.vrshell
03-27 01:49:51.828 I/[CT]    ( 3759): SP:AP:AnchorPersistenceRuntimeIpcServer: checkPackageAccess - detectedPackageName:com.oculus.vrshell, detectedProcessName:com.oculus.vrshell, givenPackageName:com.oculus.vrshell
03-27 01:49:51.828 I/[CT]    ( 3759): SP:AP:AnchorPersistenceRuntimeIpcServer: checkRPC package name matches: sessionUuid:e8b4f71a-e29f-9eec-848a-c1dd71d2993d, clientId:1395276349, givenPackageName:com.oculus.vrshell, detectedPackageName:com.oculus.vrshell, detectedProcessName:com.oculus.vrshell
03-27 01:49:51.828 I/[CT]    ( 3759): SP:AP:AnchorPersistenceRuntimeIpcServer: queryAvailableAnchorsSMV2: clientId: 1395276349, maxAnchors: 500, filter: 0, queryMultipleRoomsEnabledByOpenXrVersion: true, source: 1, appId: com.oculus.vrshell
03-27 01:49:51.828 I/[CT]    ( 3759): SP:AP:AnchorPersistenceConfig: getSceneRuntimePermissionEnabled: USE_SCENE permission is enabled on this device
03-27 01:49:51.828 I/[CT]    ( 3759): SP:AP:AnchorPersistenceScenePermissions: hasClientGrantedScenePermission: USE_SCENE permission is enabled on this device, check client 1395276349, grant is true
03-27 01:49:51.828 I/[CT]    ( 3759): SP:AP:AnchorPersistenceConfig: getSceneRuntimePermissionEnabled: USE_SCENE permission is enabled on this device
03-27 01:49:51.828 I/eta:GodotXRGame(31570): Using CollectorTypeCC GC.
03-27 01:49:51.829 I/.oculus.vrshell( 3817): Method exceeds compiler instruction limit: 18428 in java.lang.Object kotlin.coroutines.jvm.internal.BaseContinuationImpl.invokeSuspend(java.lang.Object)
03-27 01:49:51.831 I/[CT]    ( 3817): HandPoseSampler: Filter reset
03-27 01:49:51.831 I/InputDevice_Hand( 3817): HANDTRACKING ADMIRE hand 0: hpm=1 -> shared=0
03-27 01:49:51.831 I/[CT]    ( 3817): HandPoseSampler: Filter reset
03-27 01:49:51.831 I/InputDevice_Hand( 3817): HANDTRACKING ADMIRE hand 1: hpm=1 -> shared=0
03-27 01:49:51.832 I/[CT]    ( 3759): SP:SceneAnchorFilterUtil: filterSceneDataByPermission: com.oculus.vrshell permission check passed, keep scene data. anchors size: 0
03-27 01:49:51.834 E/CoresdkAnalyticsEvent( 5591): could not set key=session_id value=null
03-27 01:49:51.833 I/[SUI] 1h7( 5083): Bar visibility changed to false
03-27 01:49:51.835 I/[SUI] GuardianManager( 5083): Stop Polling
03-27 01:49:51.835 I/[SUI] 1h5( 5083): onBarVisibilityChanged: false
03-27 01:49:51.837 D/CoreBackPreview( 1539): Window{12ed42e u0 com.oculus.android_panel_app.AndroidPanelLayer-com.oculus.vrshell-controlbar10}: Setting back callback null
03-27 01:49:51.838 I/adbd    (18949): jdwp connection from 31570
03-27 01:49:51.842 I/[CT]    ( 3817): HandPoseSampler: Filter reset
03-27 01:49:51.842 I/InputDevice_Hand( 3817): HANDTRACKING ADMIRE hand 0: hpm=1 -> shared=0
03-27 01:49:51.842 I/[CT]    ( 3817): HandPoseSampler: Filter reset
03-27 01:49:51.842 I/InputDevice_Hand( 3817): HANDTRACKING ADMIRE hand 1: hpm=1 -> shared=0
03-27 01:49:51.845 W/InputManager-JNI( 1539): Input channel object '12ed42e com.oculus.android_panel_app.AndroidPanelLayer-com.oculus.vrshell-controlbar10 (client)' was disposed without first being removed with the input manager!
03-27 01:49:51.848 I/ResourceProtectionService( 1539): Setting medium perceptability app flavor for VRShell
03-27 01:49:51.849 I/DisplayDeviceRepository( 1539): Display device removed: DisplayDeviceInfo{"com.oculus.android_panel_app.AndroidPanelLayer-com.oculus.vrshell-controlbar10": uniqueId="virtual:com.oculus.vrshell,10098,com.oculus.android_panel_app.AndroidPanelLayer-com.oculus.vrshell-controlbar10,0", 550 x 60, modeId 362, renderFrameRate 60.0, defaultModeId 362, supportedModes [{id=362, width=550, height=60, fps=60.0, alternativeRefreshRates=[], supportedHdrTypes=[]}], colorMode 0, supportedColorModes [0], hdrCapabilities null, allmSupported false, gameContentTypeSupported false, density 200, 200.0 x 200.0 dpi, appVsyncOff 0, presDeadline 16666666, touch NONE, rotation 0, type VIRTUAL, deviceProductInfo null, state ON, committedState UNKNOWN, owner com.oculus.vrshell (uid 10098), frameRateOverride , brightnessMinimum 0.0, brightnessMaximum 0.0, brightnessDefault 0.0, hdrSdrRatio NaN, FLAG_PRIVATE, FLAG_NEVER_BLANK, FLAG_OWN_CONTENT_ONLY, installOrientation 0, displayShape DisplayShape{ spec=854794591 displayWidth=550 displayHeight=60 physicalPixelDisplaySizeRatio=1.0 rotation=0 offsetX=0 offsetY=0 scale=1.0}}
03-27 01:49:51.850 I/LogicalDisplayMapper( 1539): Removing display: 245
03-27 01:49:51.851 D/BufferQueueProducer(31379): Waiting for available buffer SurfaceView[org.godotengine.editor.v4.meta/org.godotengine.editor.GodotEditor]#1(BLAST Consumer)1 lastFrameNumber=1556
03-27 01:49:51.852 I/FaceEyeTrackingServerManager_Impl( 2582): [FaceEyeTrackingServerManager] - orthofitManager is NULL.
03-27 01:49:51.852 I/MRSS    ( 1160): MIXEDREALITY: MrServiceController: VrFocusManager::Top Activity Changed, topActivity now is: 'org.godotengine.editor.v4.meta', immersiveApp now is: ''.
03-27 01:49:51.852 D/IPCService( 3817): Sending command prefix: layerVisib to token: VolumetricWindowToken { scope = 1, token = android.os.BinderProxy@d51815f, persistableToken = 5ec8617e-380d-4a69-9ebc-c0eab2db9f62 } shellSate: true
03-27 01:49:51.852 D/[SEO] ShellApplication( 3817): Sending command: layerVisibility controlbar10 0 2064741524360257177 to panelId 4
03-27 01:49:51.853 I/FocusedClientsListener( 2582): onTopActivityChanged: Updated TopActivityChangeEvent - topActivityName: org.godotengine.editor.v4.meta, immersiveAppPackageName: nullopt, isImmersiveAppTopActivity: false, pid: -1
03-27 01:49:51.853 I/ClientMgrPerFrameUpdate( 2582): TopActivityChangedCallback: org.godotengine.editor.v4.meta, -1
03-27 01:49:51.853 I/ClientMgrPerFrameUpdate( 2582): ImmersiveAppChangedCallback: org.godotengine.editor.v4.meta, -1
03-27 01:49:51.853 I/ClientMgrFocus( 2582): OnForegroundVrAppClient: uid -1 pid -1 hasImmersiveApp 0 isTopActivity 0 --> org.godotengine.editor.v4.meta
03-27 01:49:51.853 I/InterstitialManager( 2582): Foreground app change: immersiveApp org.godotengine.editor.v4.meta, pid: -1,  renderingEnabled: 0. submittedFrames: 0
03-27 01:49:51.853 I/ClientMgr( 2582): [ClientOptedOutLDM] Entered with packageName: org.godotengine.editor.v4.meta
03-27 01:49:51.853 I/[CT]    ( 2582): MIXEDREALITY: MrServiceController: VrFocusManager::Top Activity Changed, topActivity now is: 'org.godotengine.editor.v4.meta', immersiveApp now is: ''.
03-27 01:49:51.853 D/[SEO] ShellService( 3817): setOverlayInputFocus(0) : Vwr(1)
03-27 01:49:51.853 D/FocusPlaceholderActivity( 3817): Finishing activity
03-27 01:49:51.854 I/[CT]    ( 3817): HandPoseSampler: Filter reset
03-27 01:49:51.854 I/InputDevice_Hand( 3817): HANDTRACKING ADMIRE hand 0: hpm=1 -> shared=0
03-27 01:49:51.854 D/EpsSpatialWindowSettingsClientImpl(  957): Global spatial settings change {
03-27 01:49:51.854 D/EpsSpatialWindowSettingsClientImpl(  957):     "global spatial preference": true,
03-27 01:49:51.854 D/EpsSpatialWindowSettingsClientImpl(  957):     "in shell env": false,
03-27 01:49:51.854 D/EpsSpatialWindowSettingsClientImpl(  957):     "package spatial preference": false
03-27 01:49:51.854 D/EpsSpatialWindowSettingsClientImpl(  957): }
03-27 01:49:51.854 I/[CT]    ( 3817): HandPoseSampler: Filter reset
03-27 01:49:51.854 I/InputDevice_Hand( 3817): HANDTRACKING ADMIRE hand 1: hpm=1 -> shared=0
03-27 01:49:51.854 D/WindowEngineStream(  957):  WINDOW_SPATIALIZATION_STATE change for session(1857): {
03-27 01:49:51.854 D/WindowEngineStream(  957):     "is_initial": false,
03-27 01:49:51.854 D/WindowEngineStream(  957):     "package": "org.godotengine.editor.v4.meta",
03-27 01:49:51.854 D/WindowEngineStream(  957):     "session": 1857,
03-27 01:49:51.854 D/WindowEngineStream(  957):     "state": {
03-27 01:49:51.854 D/WindowEngineStream(  957):         "has_volumetric_token": true,
03-27 01:49:51.854 D/WindowEngineStream(  957):         "has_window_metadata": true,
03-27 01:49:51.854 D/WindowEngineStream(  957):         "is_spatialized": false,
03-27 01:49:51.854 D/WindowEngineStream(  957):         "is_visible": false,
03-27 01:49:51.854 D/WindowEngineStream(  957):         "settings_spatialization_strategy": "head-locked",
03-27 01:49:51.854 D/WindowEngineStream(  957):         "spatial_settings": {
03-27 01:49:51.854 D/WindowEngineStream(  957):             "global spatial preference": true,
03-27 01:49:51.854 D/WindowEngineStream(  957):             "in shell env": false,
03-27 01:49:51.854 D/WindowEngineStream(  957):             "package spatial preference": true
03-27 01:49:51.854 D/WindowEngineStream(  957):         }
03-27 01:49:51.854 D/WindowEngineStream(  957):     },
03-27 01:49:51.854 D/WindowEngineStream(  957):     "state_start_time": 1774572591854
03-27 01:49:51.854 D/WindowEngineStream(  957): }
03-27 01:49:51.854 D/WindowEngineStream(  957): Duration of previous WINDOW_SPATIALIZATION_STATE for session(1857): {
03-27 01:49:51.854 D/WindowEngineStream(  957):     "duration_ms": 32,
03-27 01:49:51.854 D/WindowEngineStream(  957):     "package": "org.godotengine.editor.v4.meta",
03-27 01:49:51.854 D/WindowEngineStream(  957):     "session": 1857,
03-27 01:49:51.854 D/WindowEngineStream(  957):     "state": {
03-27 01:49:51.854 D/WindowEngineStream(  957):         "has_volumetric_token": true,
03-27 01:49:51.854 D/WindowEngineStream(  957):         "has_window_metadata": true,
03-27 01:49:51.854 D/WindowEngineStream(  957):         "is_spatialized": false,
03-27 01:49:51.854 D/WindowEngineStream(  957):         "is_visible": false,
03-27 01:49:51.854 D/WindowEngineStream(  957):         "settings_spatialization_strategy": "window-locked",
03-27 01:49:51.854 D/WindowEngineStream(  957):         "spatial_settings": {
03-27 01:49:51.854 D/WindowEngineStream(  957):             "global spatial preference": true,
03-27 01:49:51.854 D/WindowEngineStream(  957):             "in shell env": true,
03-27 01:49:51.854 D/WindowEngineStream(  957):             "package spatial preference": true
03-27 01:49:51.854 D/WindowEngineStream(  957):         }
03-27 01:49:51.854 D/WindowEngineStream(  957):     },
03-27 01:49:51.854 D/WindowEngineStream(  957):     "state_start_time": 1774572591822
03-27 01:49:51.854 D/WindowEngineStream(  957): }
03-27 01:49:51.856 D/[SEO] ShellService( 3817): setOverlayInputFocus(0) : Vwr(1), setWindowFocus VolumetricWindowToken { scope = 1, token = android.os.BinderProxy@f4f19ae, persistableToken = 53269630-79b8-4731-a62a-d926e7d042d7 }
03-27 01:49:51.856 D/[SEO] ShellService( 3817): setOverlayInputFocus : completed - inputFocus=false
03-27 01:49:51.856 D/[SEO] ShellApplication( 3817): Updating window drawn state: false for panelId 70
03-27 01:49:51.856 D/[SEO] ShellApplication( 3817): Updating window drawn state: false for panelId 15
03-27 01:49:51.859 I/HorizonOsWindowManagerUtils( 1539): setFocusedWindowSync: setting focus to ActivityRecord{c0d543b u0 org.godotengine.editor.v4.meta/org.godotengine.editor.GodotXRGame t13001}
03-27 01:49:51.860 D/CompatibilityChangeReporter(31570): Compat change id reported: 171979766; UID 10200; state: ENABLED
03-27 01:49:51.860 D/CompatibilityChangeReporter(31570): Compat change id reported: 242716250; UID 10200; state: DISABLED
03-27 01:49:51.861 I/InputManager( 1539): Not applying additional properties for display 247 because the pointer is currently targeting display 0.
03-27 01:49:51.863 W/TrustedCallerVerifier( 4049): Could not verify trusted caller for uidPackageNames=[com.oculus.systemux] and uidSignature=android.content.pm.Signature@89661ab1
03-27 01:49:51.863 I/InterstitialManager( 2582): Update: Current client changed to immersiveApp package org.godotengine.editor.v4.meta, renderingEnabled=0, submittedFrames=0
03-27 01:49:51.863 I/InterstitialManager( 2582): ComputeRequiredInterstitials: org.godotengine.editor.v4.meta pid: -1 enabled for rendering: 0
03-27 01:49:51.863 I/JVMHandler( 2582): JVMHandler: callStaticMethodWithVariableArguments. [functionName:isMrHomeWorldActive] is valid: [1]
03-27 01:49:51.864 I/JVMHandler( 2582): JVMHandler: callStaticMethodWithVariableArguments. [functionName:getApplicationSplashBackground] is valid: [1]
03-27 01:49:51.864 I/JVMHandler( 2582): JVMHandler: callStaticMethodWithVariableArguments. [functionName:isBoundarylessApplication] is valid: [1]
03-27 01:49:51.864 I/ClientMgrFocus( 2582): Passthrough transition for org.godotengine.editor.v4.meta: 1 (background "passthrough-contextual", [App Launched already: 0] [MR home enabled: 1], [App Enabled for PT: 1], [isBoundarylessApp: 0])
03-27 01:49:51.864 I/JVMHandler( 2582): JVMHandler: callStaticMethodWithVariableArguments. [functionName:applicationRequiresSplash] is valid: [1]
03-27 01:49:51.864 I/InterstitialManager( 2582): Interstitial mask: 2, transitionType: 1, description: SWM-render Splash image over passthrough for regular app launch
03-27 01:49:51.864 I/ClientMgrFocus( 2582): ClientMgr::FireTransitionStartEvent
03-27 01:49:51.864 I/InterstitialRenderer( 2582): SetTransitionType: background=1
03-27 01:49:51.864 I/InterstitialRenderer( 2582): ovrInterstitialRenderer::Start frameType=2, clientPackageName=org.godotengine.editor.v4.meta, description=SWM-render Splash image over passthrough for regular app launch launchId=
03-27 01:49:51.864 I/CompositorClientManager( 2582): CompositorClientManager::EnableClient 1, processName=internal:InterstitialRenderer, isSWM=0
03-27 01:49:51.864 I/CompositorServer( 2582): EnableCompositorClient client(1): default aperture uuid(00000000-0000-0000-0000-000000000000) layer placement(252) flags(8) sm(0x7b4d452720) isSpatialWindowManager(0)
03-27 01:49:51.864 D/BufferQueueProducer(31379): Waiting for available buffer SurfaceView[org.godotengine.editor.v4.meta/org.godotengine.editor.GodotEditor]#1(BLAST Consumer)1 lastFrameNumber=1557
03-27 01:49:51.864 I/InterstitialRendererLoggerSession( 2582): ---------- InterstitialRenderer LoggerSession Begin ----------
03-27 01:49:51.864 I/InterstitialRendererLoggerSession( 2582): ID: 3fb9863d2606771c9ab703fa49426420
03-27 01:49:51.864 I/InterstitialRendererLoggerSession( 2582): Frame Type: Black[2]
03-27 01:49:51.864 I/InterstitialRendererLoggerSession( 2582): Event Type: start
03-27 01:49:51.864 I/InterstitialRendererLoggerSession( 2582): Status: Started [3]
03-27 01:49:51.864 I/InterstitialRendererLoggerSession( 2582): [Start Time 13176673]
03-27 01:49:51.864 I/InterstitialRendererLoggerSession( 2582): 	 [event_type: start]
03-27 01:49:51.864 I/InterstitialRendererLoggerSession( 2582): 	 [launch_id: ]
03-27 01:49:51.864 I/InterstitialRendererLoggerSession( 2582): 	 [previous_session_id: 1723b7d3a6902350cc0b38ce84620738]
03-27 01:49:51.864 I/InterstitialRendererLoggerSession( 2582): 	 [last_top_activity_start: com.oculus.vrshell]
03-27 01:49:51.864 I/InterstitialRendererLoggerSession( 2582): 	 [top_activity_start: org.godotengine.editor.v4.meta]
03-27 01:49:51.864 I/InterstitialRendererLoggerSession( 2582): 	 [description: SWM-render Splash image over passthrough for regular app launch]
03-27 01:49:51.864 I/InterstitialRendererLoggerSession( 2582): 	 [client_package_name: org.godotengine.editor.v4.meta]
03-27 01:49:51.864 I/InterstitialRendererLoggerSession( 2582): 	 [transition_type: 1]
03-27 01:49:51.864 I/InterstitialRendererLoggerSession( 2582): 	 [frame_type: 2]
03-27 01:49:51.864 I/InterstitialRendererLoggerSession( 2582): 
03-27 01:49:51.864 I/InterstitialRendererLoggerSession( 2582): ---------- InterstitialRenderer LoggerSession End ----------
03-27 01:49:51.864 I/InterstitialRendererLoggerSession( 2582): SessionId: 3fb9863d2606771c9ab703fa49426420, Event: start, FrameType: Black, Reason: SWM-render Splash image over passthrough for regular app launch, Duration: 0, Category: 
03-27 01:49:51.864 I/InterstitialRenderer( 2582): Starting logsoftTimer_
03-27 01:49:51.864 I/InterstitialRenderer( 2582): Starting broadcastTimer_
03-27 01:49:51.865 I/[SEO] PanelAppHost( 3817): Setting panel layer visibility of layer "controlbar12" to invisible, panel (panelId:4) (com.oculus.vrshell/com.oculus.panelapp.controlbar.ControlBarActivity)
03-27 01:49:51.865 I/[SEO] PanelAppHost( 3817): Setting panel layer visibility of layer "controlbar10" to invisible, panel (panelId:4) (com.oculus.vrshell/com.oculus.panelapp.controlbar.ControlBarActivity)
03-27 01:49:51.866 D/ActivityTaskManager( 1539): getDisplaysWithTopActivities: immersive ActivityRecord{c0d543b u0 org.godotengine.editor.v4.meta/org.godotengine.editor.GodotXRGame t13001}
03-27 01:49:51.866 D/IPCService( 3817): Sending command prefix: layerClipp to token: VolumetricWindowToken { scope = 2, token = android.os.BinderProxy@2c69040, persistableToken = 5ec8617e-380d-4a69-9ebc-c0eab2db9f62 } shellSate: true
03-27 01:49:51.866 I/.oculus.vrshell( 3817): Method exceeds compiler instruction limit: 18428 in java.lang.Object kotlin.coroutines.jvm.internal.BaseContinuationImpl.invokeSuspend(java.lang.Object)
03-27 01:49:51.866 D/VrFocus ( 1187): onForegroundActivitiesChanged: uid: 10200, pid: 31570, fg: 1, display main: 1, secondary: 0
03-27 01:49:51.866 W/OVRLibrary( 5083): null cursor received for query content://com.oculus.ocms.library/apps/com.oculus.systemux
03-27 01:49:51.867 D/[SEO] ActivityManagerUtilsHelperImpl( 3817): onForegroundActivitiesChanged: Instance: com.oculus.common.activitymanager.ActivityManagerUtilsHelperImpl@87cb2a6, Pid: 31570, Tid: 10200, foregroundActivities: true, foreground app: org.godotengine.editor.v4.meta, previous app: com.oculus.vrshell
03-27 01:49:51.868 I/[CT]    ( 3817): HandPoseSampler: Filter reset
03-27 01:49:51.868 I/InputDevice_Hand( 3817): HANDTRACKING ADMIRE hand 0: hpm=1 -> shared=0
03-27 01:49:51.868 I/[CT]    ( 3817): HandPoseSampler: Filter reset
03-27 01:49:51.868 I/InputDevice_Hand( 3817): HANDTRACKING ADMIRE hand 1: hpm=1 -> shared=0
03-27 01:49:51.870 D/ApplicationLoaders(31570): Returning zygote-cached class loader: /system_ext/framework/androidx.window.extensions.jar
03-27 01:49:51.870 D/ApplicationLoaders(31570): Returning zygote-cached class loader: /system_ext/framework/androidx.window.sidecar.jar
03-27 01:49:51.871 I/SafetyIntentMgr( 3045): [SafetyIntentMgr::handleImmersiveAppChange] Immersive App: com.oculus.vrshell -> org.godotengine.editor.v4.meta
03-27 01:49:51.871 I/SpatialShiftLogger( 3045): [SpatialShift][Telemetry][FloorHeight]: [ event: IMMERSIVE_APP_ENTERED, eventReason: [org.godotengine.editor.v4.meta], numGuardians: 0 hasActiveSafetyBound: 1 activeSafetyBound: 0ca42e47-fc15-289f-7f9a-72892bd89ba9, stageFloorHeight: -1.01701, guardianFloorHeight: -1.01066, isSlamFloorHeightValid: 1 slamFloorHeight: -0.911023 guardianSlamDiff:-0.0996349 guardianStageDiff: 0.00634682 ]
03-27 01:49:51.872 I/[SEO] TravelController( 3817): ProcessImmersiveTransitionEvent: Start Transition for package: org.godotengine.editor.v4.meta and launchId: , isPassthroughTransition: true, isResumeTransition: false TravelState: Inactive
03-27 01:49:51.872 I/[SEO] TravelController( 3817): LogTravelStateChange: from current state: Inactive to state: App Loading  currentWorldId: []
03-27 01:49:51.872 I/[SEO] WorldManager( 3817): Requesting world change to World: 
03-27 01:49:51.872 I/SafetyIntentMgr( 3045): [SafetyIntentMgr::setRunningAppInfoFromPackage] org.godotengine.editor.v4.meta has appBoundaryRequirementType_: BoundaryRequired
03-27 01:49:51.872 I/SafetyIntentMgr( 3045): [SafetyIntentMgr::internalSetIsBoundarylessModeEnable] requestedBoundarylessMode: 0
03-27 01:49:51.872 I/[SEO] TransitionsController( 3817): Updating System RunMode from Vr to Overlay
03-27 01:49:51.872 I/Shell   ( 3817): [OnDemand] Set pending SystemRunMode: Overlay
03-27 01:49:51.872 I/[SEO] TransitionsController( 3817): StartImmersiveTransition: [org.godotengine.editor.v4.meta], isPassthroughTransition: [true]
03-27 01:49:51.872 I/Shell   ( 3817): ImmersiveTransitionSystem: Emplacing start request for package org.godotengine.editor.v4.meta (0x24c)
03-27 01:49:51.872 I/Shell   ( 3817): ImmersiveTransitionSystem : immersive transition event: init=2e+12  sh=BETR,CTIN,CTTI,CTTI,CTTI,CTIS,ENTR,CTTO,CTIA,BETR,CTIN,CTTI,CTIS,CTTO,CTIA,BETR  sct=00b42a9b,00b42ac9,00b42add,00b42ae8,00b42af2,00b42d53,00b43c9a,00b43ca4,00b44285,00c7bebe,00c7bf2e,00c7bf52,00c7c1ae,00c7c1ba,00c7c7a6,00c8a665,
03-27 01:49:51.872 I/GuardianJavaMethodBinder( 3045): [GuardianJavaMethodBinder::setUserPackageBoundarylessModeEnabled] org.godotengine.editor.v4.meta: false
03-27 01:49:51.872 I/VrGuardianService( 3045): setUserPackageBoundarylessModeEnabled() org.godotengine.editor.v4.meta, isEnabled = false)
03-27 01:49:51.872 I/VrRuntimeService( 2582): RuntimeServiceSDKServer::UpdateGuardianBoundaryVisibility: 3391017573, visible
03-27 01:49:51.872 I/VrRuntimeService( 2582): RuntimeIPC: SendGuardianBoundaryVisibilityChangeEventToAllClients: PostClientEvent SUCCESS: native_process.system:/system_ext/bin/mrsystemservice:1160, visible
03-27 01:49:51.872 I/VrRuntimeService( 2582): RuntimeIPC: SendGuardianBoundaryVisibilityChangeEventToAllClients: PostClientEvent SUCCESS: native_process.system:/odm/bin/trackingservice:894, visible
03-27 01:49:51.872 I/VrRuntimeService( 2582): RuntimeIPC: SendGuardianBoundaryVisibilityChangeEventToAllClients: PostClientEvent SUCCESS: com.oculus.vrshell:com.oculus.vrshell:3817, visible
03-27 01:49:51.872 I/VrRuntimeService( 2582): RuntimeIPC: SendGuardianBoundaryVisibilityChangeEventToAllClients: PostClientEvent SUCCESS: com.oculus.vrshell:com.oculus.vrshell:3817, visible
03-27 01:49:51.872 I/VrRuntimeService( 2582): RuntimeIPC: SendGuardianBoundaryVisibilityChangeEventToAllClients: PostClientEvent SUCCESS: native_process.system:/system_ext/bin/mrsystemservice:1160, visible
03-27 01:49:51.872 I/VrRuntimeService( 2582): RuntimeIPC: SendGuardianBoundaryVisibilityChangeEventToAllClients: PostClientEvent SUCCESS: com.oculus.guardian:com.oculus.vrguardianservice:3045, visible
03-27 01:49:51.872 I/VrRuntimeClient( 1347): BoundaryVisibilityChangeEvent Occurred: Boundary is visible
03-27 01:49:51.872 I/VrRuntimeClient( 3045): BoundaryVisibilityChangeEvent Occurred: Boundary is visible
03-27 01:49:51.872 I/VrRuntimeService( 2582): RuntimeIPC: SendGuardianBoundaryVisibilityChangeEventToAllClients: PostClientEvent SUCCESS: native_process.system:/system/bin/surfaceflinger:1347, visible
03-27 01:49:51.872 I/VrRuntimeService( 2582): RuntimeIPC: SendGuardianBoundaryVisibilityChangeEventToAllClients: PostClientEvent SUCCESS: com.oculus.guardian:com.oculus.vrguardianservice:3045, visible
03-27 01:49:51.872 I/VrRuntimeService( 2582): RuntimeIPC: SendGuardianBoundaryVisibilityChangeEventToAllClients: PostClientEvent SUCCESS: native_process.system:/system_ext/bin/mrsystemservice:1160, visible
03-27 01:49:51.872 I/VrRuntimeClient( 3817): BoundaryVisibilityChangeEvent Occurred: Boundary is visible
03-27 01:49:51.872 I/VrRuntimeClient( 1160): BoundaryVisibilityChangeEvent Occurred: Boundary is visible
03-27 01:49:51.873 I/EnvironmentBlendModeHelper( 2582): Client 1 (internal:InterstitialRenderer) changed environment blend mode to ALPHA_BLEND
03-27 01:49:51.873 I/LocalGroupMgr( 3045): [LocalGroupMgr::handleImmersiveAppChange]: early return because the user is not in a local group
03-27 01:49:51.873 I/WorldsSafetySystemStateMachine( 3045): [WorldsSafetySystemStateMachine::handleImmersiveAppChange] Immersive App: com.oculus.vrshell -> org.godotengine.editor.v4.meta
03-27 01:49:51.873 I/WorldsSafetySystemStateMachine( 3045): [WorldsSafetySystemStateMachine::handleImmersiveAppChange] org.godotengine.editor.v4.meta has AppBoundaryRequirementType: BoundaryRequired
03-27 01:49:51.873 I/GuardianFocusListener( 3045): [GuardianFocusListener::notifyImmersiveAppChanged] From app: com.oculus.vrshell To App: org.godotengine.editor.v4.meta
03-27 01:49:51.873 I/SafetyIntentMgr( 3045): [SafetyIntentMgr::updateSafetyIntentMode] SafetyIntentMode: SAFETY_INTENT_MR_HOME -> SAFETY_INTENT_MR_APP (Package Name: org.godotengine.editor.v4.meta) isWorldManagerApiRefactorEnabled: 0
03-27 01:49:51.873 I/CompositorVR( 2582): Passthrough usage state changed: app 0, guardian 0, shell 1, system 1, mask 0, surface_proj 0
03-27 01:49:51.873 I/GuardianMapDataMgr( 3045): [GuardianMapDataMgr::isAnyRoomscaleTracked] Checking 2 existing guardian data
03-27 01:49:51.873 I/GuardianMapDataMgr( 3045): [GuardianMapDataMgr::isValidTrackedRoomscale] [254050306] Valid=yes, Roomscale=yes, Anchor [e715197c-9214-d63c-8c3d-7daffac9d7f5] Tracked=yes
03-27 01:49:51.873 I/GuardianMapDataMgr( 3045): [GuardianMapDataMgr::isValidTrackedRoomscale] [616860794] Valid=yes, Roomscale=yes, Anchor [0ca42e47-fc15-289f-7f9a-72892bd89ba9] Tracked=yes
03-27 01:49:51.873 I/GuardianBoundaryChecking( 3045): [GuardianBoundaryChecking::isInsideDormantRoomscaleBoundary] Checking 2 existing guardian data
03-27 01:49:51.873 I/GuardianMapDataMgr( 3045): [GuardianMapDataMgr::isValidTrackedRoomscale] [254050306] Valid=yes, Roomscale=yes, Anchor [e715197c-9214-d63c-8c3d-7daffac9d7f5] Tracked=yes
03-27 01:49:51.873 I/GuardianBoundaryChecking( 3045): [GuardianBoundaryChecking::isInsideDormantRoomscaleBoundary] [254050306] Distance to HMD: -14.978417
03-27 01:49:51.873 I/GuardianMapDataMgr( 3045): [GuardianMapDataMgr::isValidTrackedRoomscale] [616860794] Valid=yes, Roomscale=yes, Anchor [0ca42e47-fc15-289f-7f9a-72892bd89ba9] Tracked=yes
03-27 01:49:51.873 I/GuardianBoundaryChecking( 3045): [GuardianBoundaryChecking::isInsideDormantRoomscaleBoundary] [616860794] Distance to HMD: 0.998556
03-27 01:49:51.873 I/WorldsSafetySystemStateMachine( 3045): [NotActiveState::Update] User is inside a dormant Roomscale boundary. Switching to Roomscale, but no toasts needed.
03-27 01:49:51.873 I/GuardianMapDataMgr( 3045): [GuardianMapDataMgr::isAnyRoomscaleTracked] Checking 2 existing guardian data
03-27 01:49:51.873 I/GuardianMapDataMgr( 3045): [GuardianMapDataMgr::isValidTrackedRoomscale] [254050306] Valid=yes, Roomscale=yes, Anchor [e715197c-9214-d63c-8c3d-7daffac9d7f5] Tracked=yes
03-27 01:49:51.873 I/GuardianMapDataMgr( 3045): [GuardianMapDataMgr::isValidTrackedRoomscale] [616860794] Valid=yes, Roomscale=yes, Anchor [0ca42e47-fc15-289f-7f9a-72892bd89ba9] Tracked=yes
03-27 01:49:51.873 I/AutoStationaryHelper( 3045): [AutoStationaryHelper::switchToRoomscale] Switching to Pre-Existing Roomscale
03-27 01:49:51.873 I/SafetyBoundMgr( 3045): Active safety bound policy changed: from Closest to Closest
03-27 01:49:51.874 I/InputManager( 1539): Not applying additional properties for display 245 because the pointer is currently targeting display 0.
03-27 01:49:51.875 I/GuardianFocusListener( 3045): [GuardianFocusListener::updateCurrentProcess] org.godotengine.editor.v4.meta
03-27 01:49:51.875 I/GuardianShellAndProcessUtil( 3045): setCurrentProcessName: org.godotengine.editor.v4.meta, previous ProcessName: com.oculus.vrshell
03-27 01:49:51.875 D/nativeloader(31570): Configuring clns-6 for other apk /data/app/~~5pQbAJ45XjQPLbjWL-RPTg==/org.godotengine.editor.v4.meta-AFIrgAjHowt-IkXaiKVLUg==/base.apk. target_sdk_version=32, uses_libraries=libhzos.meta.so:libhzos_trackingclient.meta.so:libhzos_trackedinput.meta.so, library_path=/data/app/~~5pQbAJ45XjQPLbjWL-RPTg==/org.godotengine.editor.v4.meta-AFIrgAjHowt-IkXaiKVLUg==/lib/arm64:/data/app/~~5pQbAJ45XjQPLbjWL-RPTg==/org.godotengine.editor.v4.meta-AFIrgAjHowt-IkXaiKVLUg==/base.apk!/lib/arm64-v8a:/apex/com.meta.xr/priv-app/VrDriver/VrDriver.apk!/lib/arm64-v8a, permitted_path=/data:/mnt/expand:/data/user/0/org.godotengine.editor.v4.meta
03-27 01:49:51.875 D/nativeloader(31570): Extending system_exposed_libraries: libhzos.meta.so:libhzos_trackingclient.meta.so:libhzos_trackedinput.meta.so
03-27 01:49:51.876 I/[SEO] FlowController( 3817): UpdateActiveFlow from NonModalFlow to TransitionsFlow
03-27 01:49:51.876 I/[SEO] SystemKeyboardController( 3817): DeferCloseKeyboard: isKeyboardActive false, VWHost false.
03-27 01:49:51.876 I/[SEO] NonModalFlow( 3817): Deactivated
03-27 01:49:51.876 I/[SEO] TransitionsFlow( 3817): Activated - Starting Immersive Transition
03-27 01:49:51.876 D/BufferQueueProducer(31379): Waiting for available buffer SurfaceView[org.godotengine.editor.v4.meta/org.godotengine.editor.GodotEditor]#1(BLAST Consumer)1 lastFrameNumber=1558
03-27 01:49:51.877 I/VrGuardianService( 3045): com.oculus.vrshell -> GuardianSDKServer::SetTravelAndTransitionsInfoNoWait: isAppTransitionActive true, isWorldTravelActive false, travelDestinationWorldId 
03-27 01:49:51.877 I/GuardianInterstitialRequestsHandler( 3045): [GuardianInterstitialRequestsHandler::setTravelAndTransitionsInfo] isAppTransitionActive: true, isWorldTravelActive: false, travelDestinationWorldId: 
03-27 01:49:51.877 I/VrGuardianService( 3045): com.oculus.vrshell -> GuardianSDKServer::SetShellWorldManagerInfo to 4, null
03-27 01:49:51.877 I/[SEO] PerformanceController( 3817): Sending Transitions State Signal: 1
03-27 01:49:51.877 D/[SEO] ShellApplication( 3817): Setting boost to true for foreground panel service com.oculus.vrshell/com.oculus.vrshell.ShellService
03-27 01:49:51.877 D/[SEO] ShellApplication( 3817): Setting boost to true for foreground panel service com.oculus.systemux/com.oculus.panelapp.anytimeui.AnytimeUIActivity
03-27 01:49:51.877 D/[SEO] ShellApplication( 3817): Setting boost to true for foreground panel service com.oculus.vrshell/com.oculus.panelapp.qam.QuickActionsMenuActivity
03-27 01:49:51.877 D/[SEO] ShellApplication( 3817): Setting boost to true for foreground panel service com.oculus.vrshell/com.oculus.panelapp.controlbar.ControlBarActivity
03-27 01:49:51.877 I/[SEO] WorldManager( 3817): Frame: Setting world id to [] topActivity: [org.godotengine.editor.v4.meta]
03-27 01:49:51.877 I/[SEO] WorldManager( 3817): Processing world change OLD: 9351906201599529 type 1 NEW:  type 3
03-27 01:49:51.877 I/[SEO] WorldManager( 3817): SetMRHomeWorldPassthrough, enable: 0, reason world id is set as non mr home world
03-27 01:49:51.877 D/[SEO] WorldManagerClient( 3817): Updating active world id to  with type 3
03-27 01:49:51.877 I/WorldManagerService( 1539): Added World  to the recent worlds stack
03-27 01:49:51.877 I/WorldManagerService( 1539): Setting active world with ID:  and tpye: 3
03-27 01:49:51.878 W/ActivityManager( 1539): setIsForegroundPanelService: ComponentInfo{com.oculus.systemux/com.oculus.panelapp.anytimeui.AnytimeUIActivity} not found
03-27 01:49:51.879 V/[SEO] FullPassthroughToastMediaManager( 3817): updateActiveWorld id:  isWorldActive:false
03-27 01:49:51.879 D/[SEO] ShellApplication( 3817): Sending command: layerClipping {"layerName":"controlbar12","u":0.0,"v":0.0,"width":1.0,"height":1.0} to panelId 4
03-27 01:49:51.880 D/IPCService( 3817): Sending command prefix: layerClipp to token: VolumetricWindowToken { scope = 2, token = android.os.BinderProxy@2c69040, persistableToken = 5ec8617e-380d-4a69-9ebc-c0eab2db9f62 } shellSate: true
03-27 01:49:51.880 W/ActivityManager( 1539): setIsForegroundPanelService: ComponentInfo{com.oculus.vrshell/com.oculus.panelapp.qam.QuickActionsMenuActivity} not found
03-27 01:49:51.880 W/ActivityManager( 1539): setIsForegroundPanelService: ComponentInfo{com.oculus.vrshell/com.oculus.panelapp.controlbar.ControlBarActivity} not found
03-27 01:49:51.880 I/OpenXR  ( 3817): xrPerfSettingsSetPerformanceLevelEXT [package=com.oculus.vrshell, domain=cpu, level=boost]
03-27 01:49:51.880 I/OpenXR  ( 3817): xrPerfSettingsSetPerformanceLevelEXT [package=com.oculus.vrshell, domain=gpu, level=boost]
03-27 01:49:51.880 I/[SEO] PanelTetheringExperience( 3817): Setting tethering active false, reason: AnchoringDisabled
03-27 01:49:51.880 I/[SEO] AnchorManagementSystem( 3817): Setting anchor provider body_tethered active state to false
03-27 01:49:51.881 I/WorldChangeBroadcastReceiver(21350): doReceive intent: Intent { act=com.oculus.intent.action.WORLD_CHANGE flg=0x10 cmp=com.oculus.mrds/.msft.background.WorldChangeBroadcastReceiver (has extras) }
03-27 01:49:51.881 I/WorldChangeBroadcastReceiver(21350): worldType: 3
03-27 01:49:51.881 I/[CT]    ( 3817): HandPoseSampler: Filter reset
03-27 01:49:51.881 I/InputDevice_Hand( 3817): HANDTRACKING ADMIRE hand 0: hpm=1 -> shared=0
03-27 01:49:51.881 I/[CT]    ( 3817): HandPoseSampler: Filter reset
03-27 01:49:51.881 I/InputDevice_Hand( 3817): HANDTRACKING ADMIRE hand 1: hpm=1 -> shared=0
03-27 01:49:51.882 I/WorldChangeBroadcastReceiver( 9927): doReceive intent: Intent { act=com.oculus.intent.action.WORLD_CHANGE flg=0x10 cmp=com.oculus.remotedesktop/com.oculus.mrds.msft.background.WorldChangeBroadcastReceiver (has extras) }
03-27 01:49:51.882 I/WorldChangeBroadcastReceiver( 9927): worldType: 3
03-27 01:49:51.883 D/CompatibilityChangeReporter(31570): Compat change id reported: 183155436; UID 10200; state: DISABLED
03-27 01:49:51.884 D/[SEO] ShellApplication( 3817): Sending command: layerClipping {"layerName":"controlbar10","u":0.0,"v":0.0,"width":1.0,"height":1.0} to panelId 4
03-27 01:49:51.884 D/ToastsActivity( 3817): Received ActivityStateChanges - org.godotengine.editor.v4.meta
03-27 01:49:51.884 D/[SEO] RunningAppManager( 3817): Updated current destination - org.godotengine.editor.v4.meta
03-27 01:49:51.884 I/RdpaWorldChangeBroadcastReceiver( 9927): doReceive intent: Intent { act=com.oculus.intent.action.WORLD_CHANGE flg=0x10 cmp=com.oculus.remotedesktop/.worldbroadcastreceiver.RdpaWorldChangeBroadcastReceiver (has extras) }
03-27 01:49:51.884 I/RdpaWorldChangeBroadcastReceiver( 9927): worldType: 3 setPassthroughEnabled: false, MR_HOME: 1
03-27 01:49:51.884 I/WorldUtil( 9927):  World changed and passthrough is now false
03-27 01:49:51.885 V/GraphicsEnvironment(31570): Currently set values for:
03-27 01:49:51.885 V/GraphicsEnvironment(31570):   angle_gl_driver_selection_pkgs=[]
03-27 01:49:51.885 V/GraphicsEnvironment(31570):   angle_gl_driver_selection_values=[]
03-27 01:49:51.885 V/GraphicsEnvironment(31570): ANGLE GameManagerService for org.godotengine.editor.v4.meta: false
03-27 01:49:51.885 V/GraphicsEnvironment(31570): org.godotengine.editor.v4.meta is not listed in per-application setting
03-27 01:49:51.885 V/GraphicsEnvironment(31570): Neither updatable production driver nor prerelease driver is supported.
03-27 01:49:51.886 D/CompatibilityChangeReporter(31570): Compat change id reported: 175409949; UID 10200; state: DISABLED
03-27 01:49:51.886 D/CompatibilityChangeReporter(31570): Compat change id reported: 175409951; UID 10200; state: DISABLED
03-27 01:49:51.886 D/CompatibilityChangeReporter(31570): Compat change id reported: 175409956; UID 10200; state: DISABLED
03-27 01:49:51.886 D/TrackingAccessCache( 1539): Tracking access changed: [ProcessTrackingAccess { uid = 10200, pid = 31570, trackingAccessPose = 2046, trackingAccessInput = 2046 }]
03-27 01:49:51.886 D/CompatibilityChangeReporter(31570): Compat change id reported: 175409950; UID 10200; state: DISABLED
03-27 01:49:51.886 D/CompatibilityChangeReporter(31570): Compat change id reported: 175409952; UID 10200; state: DISABLED
03-27 01:49:51.887 D/BufferQueueProducer(31379): Waiting for available buffer SurfaceView[org.godotengine.editor.v4.meta/org.godotengine.editor.GodotEditor]#1(BLAST Consumer)1 lastFrameNumber=1559
03-27 01:49:51.887 I/ActivityManager( 1539): Flag disabled. Ignoring finishAttachApplication from uid: 10200. pid: 31570
03-27 01:49:51.887 I/UiModeController( 1539): Switching from org.godotengine.editor.v4.meta to org.godotengine.editor.v4.meta
03-27 01:49:51.887 D/SpatialAudioService( 1539): Skipping processing for app: org.godotengine.editor.v4.meta (isNewApp: false, epsService: true)
03-27 01:49:51.888 V/WorldManagerService( 1539): VW Content Listener: org.godotengine.editor.v4.meta -1
03-27 01:49:51.888 I/[SEO] GuardianController( 3817): ShouldAllowShellUi changed from [true] to [false]
03-27 01:49:51.889 I/Shell   ( 3817): ShellClayApp: dynamic resolution override change: beforePrecedence=9  afterPrecedence=8  before=-1,-1  after=1024,1024
03-27 01:49:51.889 I/Shell   ( 3817): [OnDemand] Set SystemRunMode to Overlay
03-27 01:49:51.889 I/Shell   ( 3817): [OnDemand] Unloading System: EnvironmentSystem
03-27 01:49:51.889 I/Shell   ( 3817): EnvironmentSystem : env state changed: init=2e+12  sh=VIST,ENVR,PASS,ULOD,VIST,ENVR,PASS,ULOD,VIST,ENVR,PASS,ULOD,VIST,ENVR,PASS,ULOD  sct=0095cc35,0095d4a0,0095d4a0,009c074c,009da07e,009da80f,009da80f,00a0141d,00a11492,00a11c9b,00a11c9b,00b42aad,00c7beef,00c7c79d,00c7c79d,00c8a676,  envEnabled=0
03-27 01:49:51.889 I/Shell   ( 3817): EnvironmentSystem: Unloading Environment
03-27 01:49:51.889 I/Shell   ( 3817): ImmersiveTransitionSystem: Received HsrEnvironmentEvent isEnabled: 0
03-27 01:49:51.889 I/Shell   ( 3817): OpenXRSystem::createSwapchain: 395: texture, 1024x1024, 2 view(s),  1 mip(s), 3 buffer(s)
03-27 01:49:51.889 W/JIT_JITEducationService( 5230): Could not properly process intent, stopping service :
03-27 01:49:51.889 W/JIT_JITEducationService( 5230): java.lang.IllegalArgumentException: Unknown or missing world type: 3
03-27 01:49:51.889 W/JIT_JITEducationService( 5230): 	at X.0Zn.A04(Unknown Source:6)
03-27 01:49:51.889 W/JIT_JITEducationService( 5230): 	at com.oculus.guidebook.JITEducationService.onStartCommand(Unknown Source:928)
03-27 01:49:51.889 W/JIT_JITEducationService( 5230): 	at android.app.ActivityThread.handleServiceArgs(ActivityThread.java:4878)
03-27 01:49:51.889 W/JIT_JITEducationService( 5230): 	at android.app.ActivityThread.-$$Nest$mhandleServiceArgs(Unknown Source:0)
03-27 01:49:51.889 W/JIT_JITEducationService( 5230): 	at android.app.ActivityThread$H.handleMessage(ActivityThread.java:2331)
03-27 01:49:51.889 W/JIT_JITEducationService( 5230): 	at android.os.Handler.dispatchMessage(Handler.java:106)
