03-27 01:49:19.724 D/CompatibilityChangeReporter( 1539): Compat change id reported: 143937733; UID 10200; state: ENABLED
03-27 01:49:19.725 D/CoreBackPreview( 1539): Window{7c98289 u0 Splash Screen org.godotengine.editor.v4.meta}: Setting back callback OnBackInvokedCallbackInfo{mCallback=android.window.IOnBackInvokedCallback$Stub$Proxy@8e399a, mPriority=0, mIsAnimationCallback=false}
03-27 01:49:19.728 I/OculusWindowMgr( 1539): OWMS::focusChanged: windowRootTaskId: 12997
03-27 01:49:19.728 I/OculusWindowMgr( 1539): OWMS::focusChanged: getImmersiveTask returned
03-27 01:49:19.728 I/OculusWindowMgr( 1539): OWMS::focusChanged: mFocusPlaceholderActivity found in Task.
03-27 01:49:19.729 D/VolumetricContentMonitor( 1539): Focused window changed to RunningWindowInfo{  pid: 3817, uid: 10098, userId: 0, windowContainerToken: 64226278, windowToken: android.view.IWindow$Stub$Proxy@459ed27, windowId: com.android.server.wm.WindowState$WindowId@3b60bd4, displayId: 0, windowType: 1, activity: RunningActivityInfo { rootTask: 12997, uid: 10098, pid: 3817, userId: 0, activity: com.oculus.vrshell.FocusPlaceholderActivity, windowId: com.android.server.wm.WindowState$WindowId@3b60bd4, state: ACTIVITY_STATE_VISIBLE}}, from android.view.IWindow$Stub$Proxy@5cd5679
03-27 01:49:19.729 D/SpatialAudioService( 1539): Skipping processing for app: org.godotengine.editor.v4.meta (isNewApp: false, epsService: true)
03-27 01:49:19.729 V/WorldManagerService( 1539): VW Content Listener: org.godotengine.editor.v4.meta -1
03-27 01:49:19.730 D/SpatialAudioService( 1539): Skipping processing for app: com.oculus.vrshell (isNewApp: false, epsService: true)
03-27 01:49:19.730 V/WorldManagerService( 1539): VW Content Listener: com.oculus.vrshell -1
03-27 01:49:19.742 I/ActivityManager( 1539): Start proc 31379:org.godotengine.editor.v4.meta/u0a200 for top-activity {org.godotengine.editor.v4.meta/org.godotengine.editor.GodotEditor}
03-27 01:49:19.762 V/WindowManager( 1539): Sent Transition #796 createdAt=03-27 01:49:19.629 via request=TransitionRequestInfo { type = OPEN, triggerTask = TaskInfo{userId=0 taskId=13000 displayId=0 isRunning=true baseIntent=Intent { act=android.intent.action.MAIN cat=[com.oculus.intent.category.VR_HOME_LAUNCHER] flg=0x10010100 pkg=org.godotengine.editor.v4.meta cmp=org.godotengine.editor.v4.meta/org.godotengine.editor.ProjectManager } baseActivity=ComponentInfo{org.godotengine.editor.v4.meta/org.godotengine.editor.GodotEditor} topActivity=ComponentInfo{org.godotengine.editor.v4.meta/org.godotengine.godot.utils.ProcessPhoenix} origActivity=ComponentInfo{org.godotengine.editor.v4.meta/org.godotengine.editor.ProjectManager} realActivity=ComponentInfo{org.godotengine.editor.v4.meta/org.godotengine.editor.GodotEditor} numActivities=2 numActivitiesPerUser={0=2} lastActiveTime=13144443 supportsMultiWindow=true resizeMode=1 isResizeable=true minWidth=-1 minHeight=-1 defaultMinSize=1 token=WCT{RemoteToken{a21d7aa Task{b493497 #13000 type=standard A=10200:org.godotengine.editor.v4.meta}}} topActivityType=1 pictureInPictureParams=null shouldDockBigOverlays=false launchIntoPipHostTaskId=-1 lastParentTaskIdBeforePip=-1 displayCutoutSafeInsets=null topActivityInfo=ActivityInfo{b03325c org.godotengine.godot.utils.ProcessPhoenix} launchCookies=[] telemetryLaunchIds=[android.os.BinderProxy@50dcf38] positionInParent=Point(0, 0) parentTaskId=12999 isFocused=true isVisible=true isVisibleRequested=true isSleeping=false topActivityInSizeCompat=false topActivityEligibleForLetterboxEducation= false topActivityLetterboxed= false isFromDoubleTap= false topActivityLetterboxVerticalPosition= -1 topActivityLetterboxHorizontalPosition= -1 topActivityLetterboxWidth=-1 topActivityLetterboxHeight=-1 locusId=null displayAreaFeatureId=1 cameraCompatControlState=hidden finishingActivityExitReason=0}, remoteTransition = null, displayChange = null }
03-27 01:49:19.762 V/WindowManager( 1539):     startWCT=WindowContainerTransaction { changes = {} hops = [] errorCallbackToken=null taskFragmentOrganizer=null }
03-27 01:49:19.762 V/WindowManager( 1539):     info={id=796 t=OPEN f=0x0 trk=0 r=[0@Point(0, 0)] c=[{null m=OPEN f=FILLS_TASK|IS_BEHIND_STARTING_WINDOW leash=Surface(name=ActivityRecord{58d2378 u0 org.godotengine.editor.v4.meta/org.godotengine.editor.GodotEditor)/@0x4065566 sb=Rect(0, 0 - 0, 0) eb=Rect(0, 0 - 1280, 900) d=-1->0 r=-1->0:-1}]}
03-27 01:49:19.766 V/WindowManager( 1539): Finish Transition #796: created at 03-27 01:49:19.629 collect-started=0.014ms request-sent=7.49ms started=9.319ms ready=129.714ms sent=131.903ms finished=136.268ms
03-27 01:49:19.767 D/SpatialAudioService( 1539): Skipping processing for app: org.godotengine.editor.v4.meta (isNewApp: false, epsService: true)
03-27 01:49:19.767 V/WorldManagerService( 1539): VW Content Listener: org.godotengine.editor.v4.meta -1
03-27 01:49:19.781 I/ActivityManager( 1539): Flag disabled. Ignoring finishAttachApplication from uid: 10200. pid: 31379
03-27 01:49:19.800 W/wlan    (17611): [17611:W:PE] lim_process_action_frame: Spectrum mgmt action id: 2 not handled
03-27 01:49:19.880 W/WindowManager( 1539): Failed looking up window session=Session{fd80197 31379:u0a10200} callers=com.android.server.wm.WindowManagerService.windowForClientLocked:6162 com.android.server.wm.Session.updateRequestedVisibleTypes:690 android.view.IWindowSession$Stub.onTransact:1040 
03-27 01:49:19.884 D/CoreBackPreview( 1539): Window{8112033 u0 org.godotengine.editor.v4.meta/org.godotengine.editor.GodotEditor}: Setting back callback OnBackInvokedCallbackInfo{mCallback=android.window.IOnBackInvokedCallback$Stub$Proxy@686f969, mPriority=0, mIsAnimationCallback=false}
03-27 01:49:19.903 I/OculusWindowMgr( 1539): OWMS::focusChanged: windowRootTaskId: 12999
03-27 01:49:19.904 I/OculusWindowMgr( 1539): OWMS::focusChanged: getImmersiveTask returned
03-27 01:49:19.904 I/OculusWindowMgr( 1539): OWMS::focusChanged: mFocusPlaceholderActivity found in Task.
03-27 01:49:19.904 D/VolumetricContentMonitor( 1539): Focused window changed to RunningWindowInfo{  pid: 31379, uid: 10200, userId: 0, windowContainerToken: 128737262, windowToken: android.view.IWindow$Stub$Proxy@9b38c8f, windowId: com.android.server.wm.WindowState$WindowId@be09b1c, displayId: 0, windowType: 1, activity: RunningActivityInfo { rootTask: 12999, uid: 10200, pid: 31379, userId: 0, activity: org.godotengine.editor.GodotEditor, windowId: com.android.server.wm.WindowState$WindowId@be09b1c, state: ACTIVITY_STATE_VISIBLE}}, from android.view.IWindow$Stub$Proxy@459ed27
03-27 01:49:19.905 D/SpatialAudioService( 1539): Skipping processing for app: com.oculus.vrshell (isNewApp: false, epsService: true)
03-27 01:49:19.905 V/WorldManagerService( 1539): VW Content Listener: com.oculus.vrshell -1
03-27 01:49:19.905 D/SpatialAudioService( 1539): Skipping processing for app: org.godotengine.editor.v4.meta (isNewApp: false, epsService: true)
03-27 01:49:19.905 V/WorldManagerService( 1539): VW Content Listener: org.godotengine.editor.v4.meta -1
03-27 01:49:19.920 I/servicemanager(    0): Could not find android.hardware.graphics.allocator.IAllocator/default in the VINTF manifest.
03-27 01:49:19.922 I/servicemanager(    0): Could not find android.hardware.graphics.allocator.IAllocator/default in the VINTF manifest.
03-27 01:49:19.915 D/CompatibilityChangeReporter( 1539): Compat change id reported: 214016041; UID 10200; state: DISABLED
03-27 01:49:20.133 W/ActivityTaskManager( 1539): Activity top resumed state loss timeout for ActivityRecord{6bf0316 u0 org.godotengine.editor.v4.meta/org.godotengine.editor.ProjectManager t-1 f}}
03-27 01:49:20.194 D/CoreBackPreview( 1539): Window{7c98289 u0 Splash Screen org.godotengine.editor.v4.meta EXITING}: Setting back callback null
03-27 01:49:20.932 W/healthd (    0): battery l=40 v=3908 t=49.0 h=2 st=2 c=485607 fc=4503000 cc=61 chg=a
03-27 01:49:22.800 W/wlan    (17611): [17611:W:PE] lim_process_action_frame: Spectrum mgmt action id: 2 not handled
03-27 01:49:25.800 W/wlan    (17611): [17611:W:PE] lim_process_action_frame: Spectrum mgmt action id: 2 not handled
03-27 01:49:25.994 E/libsensortelemetry(  922): imu samples delayed: 5632303ns capture to arrival (ERS limit: 3500000ns)
03-27 01:49:26.074 E/libsensortelemetry(  894): imu_iot samples delayed: 5709178ns capture to arrival (ERS limit: 3500000ns)
03-27 01:49:28.802 W/wlan    (17611): [17611:W:PE] lim_process_action_frame: Spectrum mgmt action id: 2 not handled
03-27 01:49:30.943 W/healthd (    0): battery l=40 v=3897 t=49.0 h=2 st=2 c=338387 fc=4503000 cc=61 chg=a
03-27 01:49:31.801 W/wlan    (17611): [17611:W:PE] lim_process_action_frame: Spectrum mgmt action id: 2 not handled
03-27 01:49:33.976 W/SyncBossFW(  899): 13151520 [warning] {BSP }: Mag interrupt pin LOW in drdy handler
03-27 01:49:34.802 W/wlan    (17611): [17611:W:PE] lim_process_action_frame: Spectrum mgmt action id: 2 not handled
03-27 01:49:35.115 E/libsensortelemetry(  922): imu samples delayed: 6300388ns capture to arrival (ERS limit: 3500000ns)
03-27 01:49:35.127 E/libsensortelemetry(  894): imu_iot samples delayed: 6372628ns capture to arrival (ERS limit: 3500000ns)
03-27 01:49:37.801 W/wlan    (17611): [17611:W:PE] lim_process_action_frame: Spectrum mgmt action id: 2 not handled
03-27 01:49:38.080 D/CameraStream(  922): [ocal] Client [IOT(894)] attempting start
03-27 01:49:38.081 I/FrameSetDispatcher(  922): [{COL:FULPS}] Client pid=894 (IOT): Client thread[{COL:FULPS}:IOT] started
03-27 01:49:38.081 I/CameraClientManager(  922): [IOT(894)][ocal] client started (estimated 1 started clients total)
03-27 01:49:38.081 I/CameraClientManager(  922): [[IOT(894)][ocal]] definitely starting stream
03-27 01:49:38.081 I/SensorService(  922): [color] Starting cameras for purpose ocal
03-27 01:49:38.081 I/FrameSetCollator(  922): [{COL:FULPS}] Skipping start, already running (camera system color start count: 2)
03-27 01:49:38.081 I/SensorService(  922): [color] Starting camera streams for purpose: ocal, current muxmode = 1
03-27 01:49:38.081 I/CameraClientManager(  922): [[IOT(894)][ocal]] stream start completed
03-27 01:49:38.081 D/CameraStream(  922): [ocal] Client [IOT(894)]: start complete
03-27 01:49:38.085 W/TrackingService(  894): 1 late Color frame set were dropped: timestamp 13155.609800, last release 13155.610800.
03-27 01:49:39.206 D/CameraStream(  922): [ocal] Client [IOT(894)] attempting stop
03-27 01:49:39.206 I/FrameSetDispatcher(  922): [{COL:FULPS}] Client pid=894 (IOT): Client thread stopping
03-27 01:49:39.220 I/CameraClientManager(  922): [IOT(894)][ocal] client stopped (estimated 0 started clients remaining)
03-27 01:49:39.220 I/CameraClientManager(  922): [[IOT(894)][ocal]] definitely stopping stream
03-27 01:49:39.220 I/SensorService(  922): [color] Stopping cameras for purpose ocal
03-27 01:49:39.220 I/SensorService(  922): [color] Stopping camera streams for purpose: ocal
03-27 01:49:39.220 I/CameraClientManager(  922): [[IOT(894)][ocal]] stream stop completed
03-27 01:49:39.220 D/CameraStream(  922): [ocal] Client [IOT(894)]: stop complete
03-27 01:49:40.802 W/wlan    (17611): [17611:W:PE] lim_process_action_frame: Spectrum mgmt action id: 2 not handled
03-27 01:49:40.953 W/healthd (    0): battery l=40 v=3902 t=48.0 h=2 st=2 c=381235 fc=4503000 cc=61 chg=a
03-27 01:49:43.802 W/wlan    (17611): [17611:W:PE] lim_process_action_frame: Spectrum mgmt action id: 2 not handled
03-27 01:49:45.742 E/libsensortelemetry(  922): imu samples delayed: 5274708ns capture to arrival (ERS limit: 3500000ns)
03-27 01:49:45.831 E/libsensortelemetry(  894): imu_iot samples delayed: 5360802ns capture to arrival (ERS limit: 3500000ns)
03-27 01:49:46.802 W/wlan    (17611): [17611:W:PE] lim_process_action_frame: Spectrum mgmt action id: 2 not handled
03-27 01:49:47.397 W/SyncBossFW(  899): 13164940 [warning] {BSP }: Mag interrupt pin LOW in drdy handler
03-27 01:49:47.516 W/SyncBossFW(  899): 13165060 [warning] {BSP }: Mag interrupt pin LOW in drdy handler
03-27 01:49:47.585 W/healthd (    0): battery l=40 v=3908 t=48.0 h=2 st=2 c=464733 fc=4503000 cc=61 chg=a
03-27 01:49:49.802 W/wlan    (17611): [17611:W:PE] lim_process_action_frame: Spectrum mgmt action id: 2 not handled
--------- beginning of main
03-27 01:49:50.815 I/InputDevice_Hand( 3817): HANDTRACKING ADMIRE hand 1: hpm=1 -> shared=0
03-27 01:49:50.817 D/BufferQueueProducer(31379): Waiting for available buffer SurfaceView[org.godotengine.editor.v4.meta/org.godotengine.editor.GodotEditor]#1(BLAST Consumer)1 lastFrameNumber=1465
03-27 01:49:50.826 I/[CT]    ( 3817): HandPoseSampler: Filter reset
03-27 01:49:50.826 I/InputDevice_Hand( 3817): HANDTRACKING ADMIRE hand 0: hpm=1 -> shared=0
03-27 01:49:50.826 I/[CT]    ( 3817): HandPoseSampler: Filter reset
03-27 01:49:50.826 I/InputDevice_Hand( 3817): HANDTRACKING ADMIRE hand 1: hpm=1 -> shared=0
03-27 01:49:50.827 D/BufferQueueProducer(31379): Waiting for available buffer SurfaceView[org.godotengine.editor.v4.meta/org.godotengine.editor.GodotEditor]#1(BLAST Consumer)1 lastFrameNumber=1466
03-27 01:49:50.837 I/[CT]    ( 3817): HandPoseSampler: Filter reset
03-27 01:49:50.837 I/InputDevice_Hand( 3817): HANDTRACKING ADMIRE hand 0: hpm=1 -> shared=0
03-27 01:49:50.837 I/[CT]    ( 3817): HandPoseSampler: Filter reset
03-27 01:49:50.837 I/InputDevice_Hand( 3817): HANDTRACKING ADMIRE hand 1: hpm=1 -> shared=0
03-27 01:49:50.839 D/BufferQueueProducer(31379): Waiting for available buffer SurfaceView[org.godotengine.editor.v4.meta/org.godotengine.editor.GodotEditor]#1(BLAST Consumer)1 lastFrameNumber=1467
03-27 01:49:50.849 I/[CT]    ( 3817): HandPoseSampler: Filter reset
03-27 01:49:50.849 I/InputDevice_Hand( 3817): HANDTRACKING ADMIRE hand 0: hpm=1 -> shared=0
03-27 01:49:50.849 I/[CT]    ( 3817): HandPoseSampler: Filter reset
03-27 01:49:50.849 I/InputDevice_Hand( 3817): HANDTRACKING ADMIRE hand 1: hpm=1 -> shared=0
03-27 01:49:50.850 D/BufferQueueProducer(31379): Waiting for available buffer SurfaceView[org.godotengine.editor.v4.meta/org.godotengine.editor.GodotEditor]#1(BLAST Consumer)1 lastFrameNumber=1468
03-27 01:49:50.859 W/TrustedCallerVerifier( 4049): Could not verify trusted caller for uidPackageNames=[com.oculus.systemux] and uidSignature=android.content.pm.Signature@89661ab1
03-27 01:49:50.860 I/[CT]    ( 3817): HandPoseSampler: Filter reset
03-27 01:49:50.860 I/InputDevice_Hand( 3817): HANDTRACKING ADMIRE hand 0: hpm=1 -> shared=0
03-27 01:49:50.860 I/[CT]    ( 3817): HandPoseSampler: Filter reset
03-27 01:49:50.860 I/InputDevice_Hand( 3817): HANDTRACKING ADMIRE hand 1: hpm=1 -> shared=0
03-27 01:49:50.860 W/OVRLibrary( 5083): null cursor received for query content://com.oculus.ocms.library/apps/com.oculus.systemux
03-27 01:49:50.861 D/BufferQueueProducer(31379): Waiting for available buffer SurfaceView[org.godotengine.editor.v4.meta/org.godotengine.editor.GodotEditor]#1(BLAST Consumer)1 lastFrameNumber=1469
03-27 01:49:50.863 I/OpenXR_Anchor( 3817): xrQuerySpacesFB: split anchor query enabled
03-27 01:49:50.864 I/[CT]    ( 3759): SP:AP:AnchorPersistenceRuntimeIpcServer: checkRPC start: sessionUuid:e8b4f71a-e29f-9eec-848a-c1dd71d2993d, clientId:1395276349, givenPackageName:com.oculus.vrshell
03-27 01:49:50.864 I/[CT]    ( 3759): SP:AP:AnchorPersistenceRuntimeIpcServer: checkPackageAccess - detectedPackageName:com.oculus.vrshell, detectedProcessName:com.oculus.vrshell, givenPackageName:com.oculus.vrshell
03-27 01:49:50.864 I/[CT]    ( 3759): SP:AP:AnchorPersistenceRuntimeIpcServer: checkRPC package name matches: sessionUuid:e8b4f71a-e29f-9eec-848a-c1dd71d2993d, clientId:1395276349, givenPackageName:com.oculus.vrshell, detectedPackageName:com.oculus.vrshell, detectedProcessName:com.oculus.vrshell
03-27 01:49:50.864 I/[CT]    ( 3759): SP:AP:AnchorPersistenceRuntimeIpcServer: queryAvailableAnchorsSMV2: clientId: 1395276349, maxAnchors: 500, filter: 0, queryMultipleRoomsEnabledByOpenXrVersion: true, source: 1, appId: com.oculus.vrshell
03-27 01:49:50.864 I/[CT]    ( 3759): SP:AP:AnchorPersistenceConfig: getSceneRuntimePermissionEnabled: USE_SCENE permission is enabled on this device
03-27 01:49:50.864 I/[CT]    ( 3759): SP:AP:AnchorPersistenceScenePermissions: hasClientGrantedScenePermission: USE_SCENE permission is enabled on this device, check client 1395276349, grant is true
03-27 01:49:50.864 I/[CT]    ( 3759): SP:AP:AnchorPersistenceConfig: getSceneRuntimePermissionEnabled: USE_SCENE permission is enabled on this device
03-27 01:49:50.864 I/[CT]    ( 3759): SP:SceneAnchorFilterUtil: filterSceneDataByPermission: com.oculus.vrshell permission check passed, keep scene data. anchors size: 0
03-27 01:49:50.870 I/[CT]    ( 3817): HandPoseSampler: Filter reset
03-27 01:49:50.871 I/InputDevice_Hand( 3817): HANDTRACKING ADMIRE hand 0: hpm=1 -> shared=0
03-27 01:49:50.871 I/[CT]    ( 3817): HandPoseSampler: Filter reset
03-27 01:49:50.871 I/InputDevice_Hand( 3817): HANDTRACKING ADMIRE hand 1: hpm=1 -> shared=0
03-27 01:49:50.872 D/BufferQueueProducer(31379): Waiting for available buffer SurfaceView[org.godotengine.editor.v4.meta/org.godotengine.editor.GodotEditor]#1(BLAST Consumer)1 lastFrameNumber=1470
03-27 01:49:50.882 I/[CT]    ( 3817): HandPoseSampler: Filter reset
03-27 01:49:50.882 I/InputDevice_Hand( 3817): HANDTRACKING ADMIRE hand 0: hpm=1 -> shared=0
03-27 01:49:50.882 I/[CT]    ( 3817): HandPoseSampler: Filter reset
03-27 01:49:50.882 I/InputDevice_Hand( 3817): HANDTRACKING ADMIRE hand 1: hpm=1 -> shared=0
03-27 01:49:50.884 D/BufferQueueProducer(31379): Waiting for available buffer SurfaceView[org.godotengine.editor.v4.meta/org.godotengine.editor.GodotEditor]#1(BLAST Consumer)1 lastFrameNumber=1471
03-27 01:49:50.893 I/[CT]    ( 3817): HandPoseSampler: Filter reset
03-27 01:49:50.893 I/InputDevice_Hand( 3817): HANDTRACKING ADMIRE hand 0: hpm=1 -> shared=0
03-27 01:49:50.893 I/[CT]    ( 3817): HandPoseSampler: Filter reset
03-27 01:49:50.893 I/InputDevice_Hand( 3817): HANDTRACKING ADMIRE hand 1: hpm=1 -> shared=0
03-27 01:49:50.894 D/BufferQueueProducer(31379): Waiting for available buffer SurfaceView[org.godotengine.editor.v4.meta/org.godotengine.editor.GodotEditor]#1(BLAST Consumer)1 lastFrameNumber=1472
03-27 01:49:50.904 I/[CT]    ( 3817): HandPoseSampler: Filter reset
03-27 01:49:50.904 I/InputDevice_Hand( 3817): HANDTRACKING ADMIRE hand 0: hpm=1 -> shared=0
03-27 01:49:50.904 I/[CT]    ( 3817): HandPoseSampler: Filter reset
03-27 01:49:50.904 I/InputDevice_Hand( 3817): HANDTRACKING ADMIRE hand 1: hpm=1 -> shared=0
03-27 01:49:50.905 D/BufferQueueProducer(31379): Waiting for available buffer SurfaceView[org.godotengine.editor.v4.meta/org.godotengine.editor.GodotEditor]#1(BLAST Consumer)1 lastFrameNumber=1473
03-27 01:49:50.915 I/[CT]    ( 3817): HandPoseSampler: Filter reset
03-27 01:49:50.915 I/InputDevice_Hand( 3817): HANDTRACKING ADMIRE hand 0: hpm=1 -> shared=0
03-27 01:49:50.915 I/[CT]    ( 3817): HandPoseSampler: Filter reset
03-27 01:49:50.915 I/InputDevice_Hand( 3817): HANDTRACKING ADMIRE hand 1: hpm=1 -> shared=0
03-27 01:49:50.916 D/BufferQueueProducer(31379): Waiting for available buffer SurfaceView[org.godotengine.editor.v4.meta/org.godotengine.editor.GodotEditor]#1(BLAST Consumer)1 lastFrameNumber=1474
03-27 01:49:50.926 I/[CT]    ( 3817): HandPoseSampler: Filter reset
03-27 01:49:50.926 I/InputDevice_Hand( 3817): HANDTRACKING ADMIRE hand 0: hpm=1 -> shared=0
03-27 01:49:50.926 I/[CT]    ( 3817): HandPoseSampler: Filter reset
03-27 01:49:50.926 I/InputDevice_Hand( 3817): HANDTRACKING ADMIRE hand 1: hpm=1 -> shared=0
03-27 01:49:50.927 D/BufferQueueProducer(31379): Waiting for available buffer SurfaceView[org.godotengine.editor.v4.meta/org.godotengine.editor.GodotEditor]#1(BLAST Consumer)1 lastFrameNumber=1475
03-27 01:49:50.937 I/[CT]    ( 3817): HandPoseSampler: Filter reset
03-27 01:49:50.937 I/InputDevice_Hand( 3817): HANDTRACKING ADMIRE hand 0: hpm=1 -> shared=0
03-27 01:49:50.937 I/[CT]    ( 3817): HandPoseSampler: Filter reset
03-27 01:49:50.937 I/InputDevice_Hand( 3817): HANDTRACKING ADMIRE hand 1: hpm=1 -> shared=0
03-27 01:49:50.939 D/BufferQueueProducer(31379): Waiting for available buffer SurfaceView[org.godotengine.editor.v4.meta/org.godotengine.editor.GodotEditor]#1(BLAST Consumer)1 lastFrameNumber=1476
03-27 01:49:50.941 I/HorizonDsatHelper( 3416): fetchTokenValueAsync - callingPackage: com.oculus.horizon, actionName: com.oculus.auth.ACTION_FETCH_HORIZON_DEVICE_SCOPED_CREDENTIALS
03-27 01:49:50.941 I/HorizonDsatHelper( 3416): fetchTokenAsync - forceRefresh: false, actionName: com.oculus.auth.ACTION_FETCH_HORIZON_DEVICE_SCOPED_CREDENTIALS
03-27 01:49:50.941 I/HorizonDsatHelper( 3416): Returning stored token
03-27 01:49:50.941 I/AuthLogger( 3416): Action succeeded: OBTAIN_TOKEN, callingPackage: com.oculus.horizon, accountType: com.oculus, tokenType: dsat, extras: {logging_source=HorizonDsatHelper, options={"forceRefresh":false,"method":"fetchTokenValueAsync","isCachedToken":true}, token_scope=ROOT, outcome=token, status=success}, duration: 0ms
03-27 01:49:50.941 I/HorizonDsatHelper( 3416): fetchTokenAsync:: OnResult - callingPackage: com.oculus.horizon, actionName: com.oculus.auth.ACTION_FETCH_HORIZON_DEVICE_SCOPED_CREDENTIALS, forceRefresh: false, isResultPresent: true
03-27 01:49:50.962 W/healthd (    0): battery l=40 v=3911 t=48.0 h=2 st=2 c=505383 fc=4503000 cc=61 chg=a
03-27 01:49:50.948 I/[CT]    ( 3817): HandPoseSampler: Filter reset
03-27 01:49:50.948 I/InputDevice_Hand( 3817): HANDTRACKING ADMIRE hand 0: hpm=1 -> shared=0
03-27 01:49:50.948 I/[CT]    ( 3817): HandPoseSampler: Filter reset
03-27 01:49:50.948 I/InputDevice_Hand( 3817): HANDTRACKING ADMIRE hand 1: hpm=1 -> shared=0
03-27 01:49:50.949 D/BufferQueueProducer(31379): Waiting for available buffer SurfaceView[org.godotengine.editor.v4.meta/org.godotengine.editor.GodotEditor]#1(BLAST Consumer)1 lastFrameNumber=1477
03-27 01:49:50.951 D/[MRDS_MQTT](21350): [MqttBrokerComms] sendMessage: /ovd_advertise
03-27 01:49:50.960 I/[CT]    ( 3817): HandPoseSampler: Filter reset
03-27 01:49:50.960 I/InputDevice_Hand( 3817): HANDTRACKING ADMIRE hand 0: hpm=1 -> shared=0
03-27 01:49:50.960 I/[CT]    ( 3817): HandPoseSampler: Filter reset
03-27 01:49:50.960 I/InputDevice_Hand( 3817): HANDTRACKING ADMIRE hand 1: hpm=1 -> shared=0
03-27 01:49:50.961 D/BufferQueueProducer(31379): Waiting for available buffer SurfaceView[org.godotengine.editor.v4.meta/org.godotengine.editor.GodotEditor]#1(BLAST Consumer)1 lastFrameNumber=1478
03-27 01:49:50.970 I/[CT]    ( 3817): HandPoseSampler: Filter reset
03-27 01:49:50.971 I/InputDevice_Hand( 3817): HANDTRACKING ADMIRE hand 0: hpm=1 -> shared=0
03-27 01:49:50.971 I/[CT]    ( 3817): HandPoseSampler: Filter reset
03-27 01:49:50.971 I/InputDevice_Hand( 3817): HANDTRACKING ADMIRE hand 1: hpm=1 -> shared=0
03-27 01:49:50.972 D/BufferQueueProducer(31379): Waiting for available buffer SurfaceView[org.godotengine.editor.v4.meta/org.godotengine.editor.GodotEditor]#1(BLAST Consumer)1 lastFrameNumber=1479
03-27 01:49:50.978 I/OpenXR_Anchor( 3817): xrQuerySpacesFB: split anchor query enabled
03-27 01:49:50.979 I/[CT]    ( 3759): SP:AP:AnchorPersistenceRuntimeIpcServer: checkRPC start: sessionUuid:e8b4f71a-e29f-9eec-848a-c1dd71d2993d, clientId:1395276349, givenPackageName:com.oculus.vrshell
03-27 01:49:50.979 I/[CT]    ( 3759): SP:AP:AnchorPersistenceRuntimeIpcServer: checkPackageAccess - detectedPackageName:com.oculus.vrshell, detectedProcessName:com.oculus.vrshell, givenPackageName:com.oculus.vrshell
03-27 01:49:50.979 I/[CT]    ( 3759): SP:AP:AnchorPersistenceRuntimeIpcServer: checkRPC package name matches: sessionUuid:e8b4f71a-e29f-9eec-848a-c1dd71d2993d, clientId:1395276349, givenPackageName:com.oculus.vrshell, detectedPackageName:com.oculus.vrshell, detectedProcessName:com.oculus.vrshell
03-27 01:49:50.979 I/[CT]    ( 3759): SP:AP:AnchorPersistenceRuntimeIpcServer: queryAvailableAnchorsSMV2: clientId: 1395276349, maxAnchors: 500, filter: 0, queryMultipleRoomsEnabledByOpenXrVersion: true, source: 1, appId: com.oculus.vrshell
03-27 01:49:50.979 I/[CT]    ( 3759): SP:AP:AnchorPersistenceConfig: getSceneRuntimePermissionEnabled: USE_SCENE permission is enabled on this device
03-27 01:49:50.979 I/[CT]    ( 3759): SP:AP:AnchorPersistenceScenePermissions: hasClientGrantedScenePermission: USE_SCENE permission is enabled on this device, check client 1395276349, grant is true
03-27 01:49:50.979 I/[CT]    ( 3759): SP:AP:AnchorPersistenceConfig: getSceneRuntimePermissionEnabled: USE_SCENE permission is enabled on this device
03-27 01:49:50.980 I/[CT]    ( 3759): SP:SceneAnchorFilterUtil: filterSceneDataByPermission: com.oculus.vrshell permission check passed, keep scene data. anchors size: 0
03-27 01:49:50.982 I/[CT]    ( 3817): HandPoseSampler: Filter reset
03-27 01:49:50.982 I/InputDevice_Hand( 3817): HANDTRACKING ADMIRE hand 0: hpm=1 -> shared=0
03-27 01:49:50.982 I/[CT]    ( 3817): HandPoseSampler: Filter reset
03-27 01:49:50.982 I/InputDevice_Hand( 3817): HANDTRACKING ADMIRE hand 1: hpm=1 -> shared=0
03-27 01:49:50.983 D/BufferQueueProducer(31379): Waiting for available buffer SurfaceView[org.godotengine.editor.v4.meta/org.godotengine.editor.GodotEditor]#1(BLAST Consumer)1 lastFrameNumber=1480
03-27 01:49:50.991 I/[CT]    ( 3817): HandPoseSampler: Filter reset
03-27 01:49:50.991 I/InputDevice_Hand( 3817): HANDTRACKING ADMIRE hand 0: hpm=1 -> shared=0
03-27 01:49:50.991 I/[CT]    ( 3817): HandPoseSampler: Filter reset
03-27 01:49:50.991 I/InputDevice_Hand( 3817): HANDTRACKING ADMIRE hand 1: hpm=1 -> shared=0
03-27 01:49:50.993 D/BufferQueueProducer(31379): Waiting for available buffer SurfaceView[org.godotengine.editor.v4.meta/org.godotengine.editor.GodotEditor]#1(BLAST Consumer)1 lastFrameNumber=1481
03-27 01:49:51.002 I/[CT]    ( 3817): HandPoseSampler: Filter reset
03-27 01:49:51.002 I/InputDevice_Hand( 3817): HANDTRACKING ADMIRE hand 0: hpm=1 -> shared=0
03-27 01:49:51.002 I/[CT]    ( 3817): HandPoseSampler: Filter reset
03-27 01:49:51.002 I/InputDevice_Hand( 3817): HANDTRACKING ADMIRE hand 1: hpm=1 -> shared=0
03-27 01:49:51.005 I/MRSS    ( 1160): MIXEDREALITY: MrRuntimeCompute: dispatchFrameset : (every 5 seconds). PlaneFreespace: ON, SceneReconstruction: OFF, TrackedKeypoints: OFF, MrFeatureTelemetry: ON, SporadicDepth: OFF, Passthrough: ON, SceneObjects: OFF, DepthMeshing: OFF, MetaBackgroundFreespaceScan: ON, Depth: ON, Semantics: OFF, Camera: ON, SceneLayout: OFF, InstantPlacement: OFF, SemanticVolume: OFF, Fiducials: OFF, MetaForegroundFreespaceScan: OFF, VisionInterfaceTelemetry: ON, FloorHeight: OFF, LightingEstimation: OFF, MetaAssistedSceneCapture: OFF, MetaEnvironmentDepth: ON
03-27 01:49:51.005 D/BufferQueueProducer(31379): Waiting for available buffer SurfaceView[org.godotengine.editor.v4.meta/org.godotengine.editor.GodotEditor]#1(BLAST Consumer)1 lastFrameNumber=1482
03-27 01:49:51.014 I/[CT]    ( 3817): HandPoseSampler: Filter reset
03-27 01:49:51.014 I/InputDevice_Hand( 3817): HANDTRACKING ADMIRE hand 0: hpm=1 -> shared=0
03-27 01:49:51.014 I/[CT]    ( 3817): HandPoseSampler: Filter reset
03-27 01:49:51.014 I/InputDevice_Hand( 3817): HANDTRACKING ADMIRE hand 1: hpm=1 -> shared=0
03-27 01:49:51.017 D/BufferQueueProducer(31379): Waiting for available buffer SurfaceView[org.godotengine.editor.v4.meta/org.godotengine.editor.GodotEditor]#1(BLAST Consumer)1 lastFrameNumber=1483
03-27 01:49:51.025 I/[CT]    ( 3817): HandPoseSampler: Filter reset
03-27 01:49:51.025 I/InputDevice_Hand( 3817): HANDTRACKING ADMIRE hand 0: hpm=1 -> shared=0
03-27 01:49:51.025 I/[CT]    ( 3817): HandPoseSampler: Filter reset
03-27 01:49:51.025 I/InputDevice_Hand( 3817): HANDTRACKING ADMIRE hand 1: hpm=1 -> shared=0
03-27 01:49:51.027 D/BufferQueueProducer(31379): Waiting for available buffer SurfaceView[org.godotengine.editor.v4.meta/org.godotengine.editor.GodotEditor]#1(BLAST Consumer)1 lastFrameNumber=1484
03-27 01:49:51.036 I/[CT]    ( 3817): HandPoseSampler: Filter reset
03-27 01:49:51.036 I/InputDevice_Hand( 3817): HANDTRACKING ADMIRE hand 0: hpm=1 -> shared=0
03-27 01:49:51.036 I/[CT]    ( 3817): HandPoseSampler: Filter reset
03-27 01:49:51.036 I/InputDevice_Hand( 3817): HANDTRACKING ADMIRE hand 1: hpm=1 -> shared=0
03-27 01:49:51.038 D/BufferQueueProducer(31379): Waiting for available buffer SurfaceView[org.godotengine.editor.v4.meta/org.godotengine.editor.GodotEditor]#1(BLAST Consumer)1 lastFrameNumber=1485
03-27 01:49:51.047 I/[CT]    ( 3817): HandPoseSampler: Filter reset
03-27 01:49:51.047 I/InputDevice_Hand( 3817): HANDTRACKING ADMIRE hand 0: hpm=1 -> shared=0
03-27 01:49:51.047 I/[CT]    ( 3817): HandPoseSampler: Filter reset
03-27 01:49:51.047 I/InputDevice_Hand( 3817): HANDTRACKING ADMIRE hand 1: hpm=1 -> shared=0
03-27 01:49:51.049 D/BufferQueueProducer(31379): Waiting for available buffer SurfaceView[org.godotengine.editor.v4.meta/org.godotengine.editor.GodotEditor]#1(BLAST Consumer)1 lastFrameNumber=1486
03-27 01:49:51.058 I/[CT]    ( 3817): HandPoseSampler: Filter reset
03-27 01:49:51.058 I/InputDevice_Hand( 3817): HANDTRACKING ADMIRE hand 0: hpm=1 -> shared=0
03-27 01:49:51.058 I/[CT]    ( 3817): HandPoseSampler: Filter reset
03-27 01:49:51.058 I/InputDevice_Hand( 3817): HANDTRACKING ADMIRE hand 1: hpm=1 -> shared=0
03-27 01:49:51.061 D/BufferQueueProducer(31379): Waiting for available buffer SurfaceView[org.godotengine.editor.v4.meta/org.godotengine.editor.GodotEditor]#1(BLAST Consumer)1 lastFrameNumber=1487
03-27 01:49:51.070 I/[CT]    ( 3817): HandPoseSampler: Filter reset
03-27 01:49:51.070 I/InputDevice_Hand( 3817): HANDTRACKING ADMIRE hand 0: hpm=1 -> shared=0
03-27 01:49:51.070 I/[CT]    ( 3817): HandPoseSampler: Filter reset
03-27 01:49:51.070 I/InputDevice_Hand( 3817): HANDTRACKING ADMIRE hand 1: hpm=1 -> shared=0
03-27 01:49:51.071 V/[MRDS_MQTT](21350): [MqttBrokerComms] Received message for topic: /ovd_discover
03-27 01:49:51.072 V/[MRDS_PAD_Service](21350): Rediscovered [{75d5f03f-0891-11f1-8972-806e6f6e6963}] previously seen 0.512s ago
03-27 01:49:51.072 V/[MRDS_PAD_Service](21350): Notif will not be sent for re-discovered device [{75d5f03f-0891-11f1-8972-806e6f6e6963}]
03-27 01:49:51.072 V/[MRDS_MQTT](21350): [MqttBrokerComms] dataCallback topic:[/ovd_discover] message:[{"appId":274792665692239,"sessionId":"83381a9a-8d0d-424f-94b0-553c881d12ee","deviceId":"{75d5f03f-0891-11f1-8972-806e6f6e6963}","deviceOSVersion":"10.0 (28020)","protocolVersion":5,"minProtocolVersion":5,"deviceType":"server","xr2dsVersion":"1.72.0.0.4891","networkSecurityDomain":"","deviceManagementStatus":"","appVersion":"78.0.0.1.108","accessibilityPermission":true,"screenRecordingPermission":true,"transportType":32768,"microphonePermission":true,"isRpOutdated":false,"skipConfirmation":true,"headsetDeviceType":"0","anonymizedDeviceId":""}]
03-27 01:49:51.072 D/BufferQueueProducer(31379): Waiting for available buffer SurfaceView[org.godotengine.editor.v4.meta/org.godotengine.editor.GodotEditor]#1(BLAST Consumer)1 lastFrameNumber=1488
03-27 01:49:51.076 D/PipelineWatcher(21426): onInputBufferReleased: frameIndex not found (537460); ignored
03-27 01:49:51.080 I/[CT]    ( 3817): HandPoseSampler: Filter reset
03-27 01:49:51.080 I/InputDevice_Hand( 3817): HANDTRACKING ADMIRE hand 0: hpm=1 -> shared=0
03-27 01:49:51.080 I/[CT]    ( 3817): HandPoseSampler: Filter reset
03-27 01:49:51.080 I/InputDevice_Hand( 3817): HANDTRACKING ADMIRE hand 1: hpm=1 -> shared=0
03-27 01:49:51.084 D/BufferQueueProducer(31379): Waiting for available buffer SurfaceView[org.godotengine.editor.v4.meta/org.godotengine.editor.GodotEditor]#1(BLAST Consumer)1 lastFrameNumber=1489
03-27 01:49:51.085 I/OpenXR_Anchor( 3817): xrQuerySpacesFB: split anchor query enabled
03-27 01:49:51.085 I/[CT]    ( 3759): SP:AP:AnchorPersistenceRuntimeIpcServer: checkRPC start: sessionUuid:e8b4f71a-e29f-9eec-848a-c1dd71d2993d, clientId:1395276349, givenPackageName:com.oculus.vrshell
03-27 01:49:51.085 I/[CT]    ( 3759): SP:AP:AnchorPersistenceRuntimeIpcServer: checkPackageAccess - detectedPackageName:com.oculus.vrshell, detectedProcessName:com.oculus.vrshell, givenPackageName:com.oculus.vrshell
03-27 01:49:51.085 I/[CT]    ( 3759): SP:AP:AnchorPersistenceRuntimeIpcServer: checkRPC package name matches: sessionUuid:e8b4f71a-e29f-9eec-848a-c1dd71d2993d, clientId:1395276349, givenPackageName:com.oculus.vrshell, detectedPackageName:com.oculus.vrshell, detectedProcessName:com.oculus.vrshell
03-27 01:49:51.085 I/[CT]    ( 3759): SP:AP:AnchorPersistenceRuntimeIpcServer: queryAvailableAnchorsSMV2: clientId: 1395276349, maxAnchors: 500, filter: 0, queryMultipleRoomsEnabledByOpenXrVersion: true, source: 1, appId: com.oculus.vrshell
03-27 01:49:51.085 I/[CT]    ( 3759): SP:SM:SceneManager: queryAvailableAnchors: maxAnchors: 500, filter: 0, queryMultipleRoomsEnabledByOpenXrVersion: true, source: 1, appId: com.oculus.vrshell
03-27 01:49:51.085 I/[CT]    ( 3759): SP:AP:AnchorPersistenceConfig: getSceneRuntimePermissionEnabled: USE_SCENE permission is enabled on this device
03-27 01:49:51.085 I/[CT]    ( 3759): SP:AP:AnchorPersistenceScenePermissions: hasClientGrantedScenePermission: USE_SCENE permission is enabled on this device, check client 1395276349, grant is true
03-27 01:49:51.085 I/[CT]    ( 3759): SP:AP:AnchorPersistenceConfig: getSceneRuntimePermissionEnabled: USE_SCENE permission is enabled on this device
03-27 01:49:51.086 I/[CT]    ( 3759): SP:SceneAnchorFilterUtil: filterSceneDataByPermission: com.oculus.vrshell permission check passed, keep scene data. anchors size: 0
03-27 01:49:51.089 I/VrApi   ( 3817): FPS=90/90,Prd=27ms,Tear=0,Early=0,Stale=0,Stale2/5/10/max=0/0/0/0,VSnc=1,Lat=-3,Fov=0,CPU4/GPU=-1/-1,1920/545MHz,OC=3F,TA=0/0/0,SP=N/N/N,Mem=3196MHz,Free=1990MB,PLS=0,Temp=48.0C/0.0C,TW=3.27ms,App=2.79ms,GD=0.00ms,CPU&GPU=10.23ms,LCnt=10(DR0,LM0),GPU%=0.58,CPU%=0.53(W0.55),CFL=12.35/16.86,ICFLp95=15.84,LD=0,CABC=1,SF=1.00,LP=0,DVFS=0,ShrpLCnt=7,ShrpR=1.000,SSLCnt=1/2,Preempt=347,PoseAgeP95=0.00
03-27 01:49:51.089 I/VrApi   ( 3817): ASW=0,Type=PTWFromStereo,E=0.000/0.000,D=0.000/0.000
03-27 01:49:51.091 I/[CT]    ( 3817): HandPoseSampler: Filter reset
03-27 01:49:51.091 I/InputDevice_Hand( 3817): HANDTRACKING ADMIRE hand 0: hpm=1 -> shared=0
03-27 01:49:51.091 I/[CT]    ( 3817): HandPoseSampler: Filter reset
03-27 01:49:51.091 I/InputDevice_Hand( 3817): HANDTRACKING ADMIRE hand 1: hpm=1 -> shared=0
03-27 01:49:51.094 D/BufferQueueProducer(31379): Waiting for available buffer SurfaceView[org.godotengine.editor.v4.meta/org.godotengine.editor.GodotEditor]#1(BLAST Consumer)1 lastFrameNumber=1490
03-27 01:49:51.102 I/[CT]    ( 3817): HandPoseSampler: Filter reset
03-27 01:49:51.103 I/InputDevice_Hand( 3817): HANDTRACKING ADMIRE hand 0: hpm=1 -> shared=0
03-27 01:49:51.103 I/[CT]    ( 3817): HandPoseSampler: Filter reset
03-27 01:49:51.103 I/InputDevice_Hand( 3817): HANDTRACKING ADMIRE hand 1: hpm=1 -> shared=0
03-27 01:49:51.105 D/BufferQueueProducer(31379): Waiting for available buffer SurfaceView[org.godotengine.editor.v4.meta/org.godotengine.editor.GodotEditor]#1(BLAST Consumer)1 lastFrameNumber=1491
03-27 01:49:51.114 I/[CT]    ( 3817): HandPoseSampler: Filter reset
03-27 01:49:51.114 I/InputDevice_Hand( 3817): HANDTRACKING ADMIRE hand 0: hpm=1 -> shared=0
03-27 01:49:51.114 I/[CT]    ( 3817): HandPoseSampler: Filter reset
03-27 01:49:51.114 I/InputDevice_Hand( 3817): HANDTRACKING ADMIRE hand 1: hpm=1 -> shared=0
03-27 01:49:51.117 D/BufferQueueProducer(31379): Waiting for available buffer SurfaceView[org.godotengine.editor.v4.meta/org.godotengine.editor.GodotEditor]#1(BLAST Consumer)1 lastFrameNumber=1492
03-27 01:49:51.125 I/[CT]    ( 3817): HandPoseSampler: Filter reset
03-27 01:49:51.125 I/InputDevice_Hand( 3817): HANDTRACKING ADMIRE hand 0: hpm=1 -> shared=0
03-27 01:49:51.125 I/[CT]    ( 3817): HandPoseSampler: Filter reset
03-27 01:49:51.125 I/InputDevice_Hand( 3817): HANDTRACKING ADMIRE hand 1: hpm=1 -> shared=0
03-27 01:49:51.127 D/BufferQueueProducer(31379): Waiting for available buffer SurfaceView[org.godotengine.editor.v4.meta/org.godotengine.editor.GodotEditor]#1(BLAST Consumer)1 lastFrameNumber=1493
03-27 01:49:51.134 I/Tracking(  894): CONSTELLATION_Left: [Throttled count=27] P+C Left: Applying Consistent Zero Velocity Update during slow motion.
03-27 01:49:51.136 I/[CT]    ( 3817): HandPoseSampler: Filter reset
03-27 01:49:51.136 I/InputDevice_Hand( 3817): HANDTRACKING ADMIRE hand 0: hpm=1 -> shared=0
03-27 01:49:51.136 I/[CT]    ( 3817): HandPoseSampler: Filter reset
03-27 01:49:51.136 I/InputDevice_Hand( 3817): HANDTRACKING ADMIRE hand 1: hpm=1 -> shared=0
03-27 01:49:51.138 D/BufferQueueProducer(31379): Waiting for available buffer SurfaceView[org.godotengine.editor.v4.meta/org.godotengine.editor.GodotEditor]#1(BLAST Consumer)1 lastFrameNumber=1494
03-27 01:49:51.147 I/[CT]    ( 3817): HandPoseSampler: Filter reset
03-27 01:49:51.147 I/InputDevice_Hand( 3817): HANDTRACKING ADMIRE hand 0: hpm=1 -> shared=0
03-27 01:49:51.147 I/[CT]    ( 3817): HandPoseSampler: Filter reset
03-27 01:49:51.147 I/InputDevice_Hand( 3817): HANDTRACKING ADMIRE hand 1: hpm=1 -> shared=0
03-27 01:49:51.149 D/BufferQueueProducer(31379): Waiting for available buffer SurfaceView[org.godotengine.editor.v4.meta/org.godotengine.editor.GodotEditor]#1(BLAST Consumer)1 lastFrameNumber=1495
03-27 01:49:51.158 I/[CT]    ( 3817): HandPoseSampler: Filter reset
03-27 01:49:51.158 I/InputDevice_Hand( 3817): HANDTRACKING ADMIRE hand 0: hpm=1 -> shared=0
03-27 01:49:51.158 I/[CT]    ( 3817): HandPoseSampler: Filter reset
03-27 01:49:51.158 I/InputDevice_Hand( 3817): HANDTRACKING ADMIRE hand 1: hpm=1 -> shared=0
03-27 01:49:51.161 D/BufferQueueProducer(31379): Waiting for available buffer SurfaceView[org.godotengine.editor.v4.meta/org.godotengine.editor.GodotEditor]#1(BLAST Consumer)1 lastFrameNumber=1496
03-27 01:49:51.169 I/[CT]    ( 3817): HandPoseSampler: Filter reset
03-27 01:49:51.169 I/InputDevice_Hand( 3817): HANDTRACKING ADMIRE hand 0: hpm=1 -> shared=0
03-27 01:49:51.169 I/[CT]    ( 3817): HandPoseSampler: Filter reset
03-27 01:49:51.169 I/InputDevice_Hand( 3817): HANDTRACKING ADMIRE hand 1: hpm=1 -> shared=0
03-27 01:49:51.172 D/BufferQueueProducer(31379): Waiting for available buffer SurfaceView[org.godotengine.editor.v4.meta/org.godotengine.editor.GodotEditor]#1(BLAST Consumer)1 lastFrameNumber=1497
03-27 01:49:51.174 D/[MRDS_MQTT](21350): [MqttBrokerComms] Successfully sent MQTT message: /ovd_advertise
03-27 01:49:51.180 I/[CT]    ( 3817): HandPoseSampler: Filter reset
03-27 01:49:51.180 I/InputDevice_Hand( 3817): HANDTRACKING ADMIRE hand 0: hpm=1 -> shared=0
03-27 01:49:51.180 I/[CT]    ( 3817): HandPoseSampler: Filter reset
03-27 01:49:51.180 I/InputDevice_Hand( 3817): HANDTRACKING ADMIRE hand 1: hpm=1 -> shared=0
03-27 01:49:51.184 D/BufferQueueProducer(31379): Waiting for available buffer SurfaceView[org.godotengine.editor.v4.meta/org.godotengine.editor.GodotEditor]#1(BLAST Consumer)1 lastFrameNumber=1498
03-27 01:49:51.185 I/OpenXR_Anchor( 3817): xrQuerySpacesFB: split anchor query enabled
03-27 01:49:51.186 I/[CT]    ( 3759): SP:AP:AnchorPersistenceRuntimeIpcServer: checkRPC start: sessionUuid:e8b4f71a-e29f-9eec-848a-c1dd71d2993d, clientId:1395276349, givenPackageName:com.oculus.vrshell
03-27 01:49:51.186 I/[CT]    ( 3759): SP:AP:AnchorPersistenceRuntimeIpcServer: checkPackageAccess - detectedPackageName:com.oculus.vrshell, detectedProcessName:com.oculus.vrshell, givenPackageName:com.oculus.vrshell
03-27 01:49:51.186 I/[CT]    ( 3759): SP:AP:AnchorPersistenceRuntimeIpcServer: checkRPC package name matches: sessionUuid:e8b4f71a-e29f-9eec-848a-c1dd71d2993d, clientId:1395276349, givenPackageName:com.oculus.vrshell, detectedPackageName:com.oculus.vrshell, detectedProcessName:com.oculus.vrshell
03-27 01:49:51.186 I/[CT]    ( 3759): SP:AP:AnchorPersistenceRuntimeIpcServer: queryAvailableAnchorsSMV2: clientId: 1395276349, maxAnchors: 500, filter: 0, queryMultipleRoomsEnabledByOpenXrVersion: true, source: 1, appId: com.oculus.vrshell
03-27 01:49:51.186 I/[CT]    ( 3759): SP:AP:AnchorPersistenceConfig: getSceneRuntimePermissionEnabled: USE_SCENE permission is enabled on this device
03-27 01:49:51.186 I/[CT]    ( 3759): SP:AP:AnchorPersistenceScenePermissions: hasClientGrantedScenePermission: USE_SCENE permission is enabled on this device, check client 1395276349, grant is true
03-27 01:49:51.186 I/[CT]    ( 3759): SP:AP:AnchorPersistenceConfig: getSceneRuntimePermissionEnabled: USE_SCENE permission is enabled on this device
03-27 01:49:51.186 I/[CT]    ( 3759): SP:SceneAnchorFilterUtil: filterSceneDataByPermission: com.oculus.vrshell permission check passed, keep scene data. anchors size: 0
03-27 01:49:51.191 I/[CT]    ( 3817): HandPoseSampler: Filter reset
03-27 01:49:51.191 I/InputDevice_Hand( 3817): HANDTRACKING ADMIRE hand 0: hpm=1 -> shared=0
03-27 01:49:51.191 I/[CT]    ( 3817): HandPoseSampler: Filter reset
03-27 01:49:51.191 I/InputDevice_Hand( 3817): HANDTRACKING ADMIRE hand 1: hpm=1 -> shared=0
03-27 01:49:51.194 D/BufferQueueProducer(31379): Waiting for available buffer SurfaceView[org.godotengine.editor.v4.meta/org.godotengine.editor.GodotEditor]#1(BLAST Consumer)1 lastFrameNumber=1499
03-27 01:49:51.203 I/[CT]    ( 3817): HandPoseSampler: Filter reset
03-27 01:49:51.203 I/InputDevice_Hand( 3817): HANDTRACKING ADMIRE hand 0: hpm=1 -> shared=0
03-27 01:49:51.203 I/[CT]    ( 3817): HandPoseSampler: Filter reset
03-27 01:49:51.203 I/InputDevice_Hand( 3817): HANDTRACKING ADMIRE hand 1: hpm=1 -> shared=0
03-27 01:49:51.205 D/BufferQueueProducer(31379): Waiting for available buffer SurfaceView[org.godotengine.editor.v4.meta/org.godotengine.editor.GodotEditor]#1(BLAST Consumer)1 lastFrameNumber=1500
03-27 01:49:51.210 W/Tracking(  894): VEGA:HM:MAP_TRACKING: Validation failed on Submap id = 2, version = 445033815
03-27 01:49:51.214 I/[CT]    ( 3817): HandPoseSampler: Filter reset
03-27 01:49:51.214 I/InputDevice_Hand( 3817): HANDTRACKING ADMIRE hand 0: hpm=1 -> shared=0
03-27 01:49:51.214 I/[CT]    ( 3817): HandPoseSampler: Filter reset
03-27 01:49:51.214 I/InputDevice_Hand( 3817): HANDTRACKING ADMIRE hand 1: hpm=1 -> shared=0
03-27 01:49:51.216 D/BufferQueueProducer(31379): Waiting for available buffer SurfaceView[org.godotengine.editor.v4.meta/org.godotengine.editor.GodotEditor]#1(BLAST Consumer)1 lastFrameNumber=1501
03-27 01:49:51.216 I/MRSS    ( 1160): MIXEDREALITY: PlaneFreeSpace: PlaneFreespaceComputeCapability: [INSIGHTS] 63 input frames - 62 processed framesMax distance travelled: 0    [VOLUME]: # points integrated (avg): 3271.467741935484 - # points on body (avg): 8.209677419354838    [HEIGHTMAP]: Valid heightmap area (m^2) (avg): 0 - Invalid heightmap area (m^2) (avg): 0 - Floor area (m^2) (avg): 0 - Clutter area (m^2) (avg): 0    [SYSTEM]: Depth data processing freq: 12.495351468363117 - Pipeline processing time: 5.327420749971943 Floor update freq: 0 CPU System usage: 0,  Memory Usage: 67043328
03-27 01:49:51.222 D/telemetry-tokenbucket( 1142): Quota event rate (volume per 60 second) exceeds max, rejecting, process: /system_ext/bin/mrsystemservice, rate: 151240 , max: 129000
03-27 01:49:51.225 I/[CT]    ( 3817): HandPoseSampler: Filter reset
03-27 01:49:51.225 I/InputDevice_Hand( 3817): HANDTRACKING ADMIRE hand 0: hpm=1 -> shared=0
03-27 01:49:51.225 I/[CT]    ( 3817): HandPoseSampler: Filter reset
03-27 01:49:51.225 I/InputDevice_Hand( 3817): HANDTRACKING ADMIRE hand 1: hpm=1 -> shared=0
03-27 01:49:51.227 D/BufferQueueProducer(31379): Waiting for available buffer SurfaceView[org.godotengine.editor.v4.meta/org.godotengine.editor.GodotEditor]#1(BLAST Consumer)1 lastFrameNumber=1502
03-27 01:49:51.236 I/[CT]    ( 3817): HandPoseSampler: Filter reset
03-27 01:49:51.236 I/InputDevice_Hand( 3817): HANDTRACKING ADMIRE hand 0: hpm=1 -> shared=0
03-27 01:49:51.236 I/[CT]    ( 3817): HandPoseSampler: Filter reset
03-27 01:49:51.236 I/InputDevice_Hand( 3817): HANDTRACKING ADMIRE hand 1: hpm=1 -> shared=0
03-27 01:49:51.238 D/BufferQueueProducer(31379): Waiting for available buffer SurfaceView[org.godotengine.editor.v4.meta/org.godotengine.editor.GodotEditor]#1(BLAST Consumer)1 lastFrameNumber=1503
03-27 01:49:51.247 I/[CT]    ( 3817): HandPoseSampler: Filter reset
03-27 01:49:51.247 I/InputDevice_Hand( 3817): HANDTRACKING ADMIRE hand 0: hpm=1 -> shared=0
03-27 01:49:51.247 I/[CT]    ( 3817): HandPoseSampler: Filter reset
03-27 01:49:51.247 I/InputDevice_Hand( 3817): HANDTRACKING ADMIRE hand 1: hpm=1 -> shared=0
03-27 01:49:51.250 D/BufferQueueProducer(31379): Waiting for available buffer SurfaceView[org.godotengine.editor.v4.meta/org.godotengine.editor.GodotEditor]#1(BLAST Consumer)1 lastFrameNumber=1504
03-27 01:49:51.258 I/[CT]    ( 3817): HandPoseSampler: Filter reset
03-27 01:49:51.258 I/InputDevice_Hand( 3817): HANDTRACKING ADMIRE hand 0: hpm=1 -> shared=0
03-27 01:49:51.258 I/[CT]    ( 3817): HandPoseSampler: Filter reset
03-27 01:49:51.258 I/InputDevice_Hand( 3817): HANDTRACKING ADMIRE hand 1: hpm=1 -> shared=0
03-27 01:49:51.260 D/BufferQueueProducer(31379): Waiting for available buffer SurfaceView[org.godotengine.editor.v4.meta/org.godotengine.editor.GodotEditor]#1(BLAST Consumer)1 lastFrameNumber=1505
03-27 01:49:51.269 I/[CT]    ( 3817): HandPoseSampler: Filter reset
03-27 01:49:51.269 I/InputDevice_Hand( 3817): HANDTRACKING ADMIRE hand 0: hpm=1 -> shared=0
03-27 01:49:51.269 I/[CT]    ( 3817): HandPoseSampler: Filter reset
03-27 01:49:51.269 I/InputDevice_Hand( 3817): HANDTRACKING ADMIRE hand 1: hpm=1 -> shared=0
03-27 01:49:51.272 D/BufferQueueProducer(31379): Waiting for available buffer SurfaceView[org.godotengine.editor.v4.meta/org.godotengine.editor.GodotEditor]#1(BLAST Consumer)1 lastFrameNumber=1506
03-27 01:49:51.280 I/[CT]    ( 3817): HandPoseSampler: Filter reset
03-27 01:49:51.280 I/InputDevice_Hand( 3817): HANDTRACKING ADMIRE hand 0: hpm=1 -> shared=0
03-27 01:49:51.281 I/[CT]    ( 3817): HandPoseSampler: Filter reset
03-27 01:49:51.281 I/InputDevice_Hand( 3817): HANDTRACKING ADMIRE hand 1: hpm=1 -> shared=0
03-27 01:49:51.285 I/OpenXR_Anchor( 3817): xrQuerySpacesFB: split anchor query enabled
03-27 01:49:51.286 D/BufferQueueProducer(31379): Waiting for available buffer SurfaceView[org.godotengine.editor.v4.meta/org.godotengine.editor.GodotEditor]#1(BLAST Consumer)1 lastFrameNumber=1507
03-27 01:49:51.286 I/[CT]    ( 3759): SP:AP:AnchorPersistenceRuntimeIpcServer: checkRPC start: sessionUuid:e8b4f71a-e29f-9eec-848a-c1dd71d2993d, clientId:1395276349, givenPackageName:com.oculus.vrshell
03-27 01:49:51.286 I/[CT]    ( 3759): SP:AP:AnchorPersistenceRuntimeIpcServer: checkPackageAccess - detectedPackageName:com.oculus.vrshell, detectedProcessName:com.oculus.vrshell, givenPackageName:com.oculus.vrshell
03-27 01:49:51.286 I/[CT]    ( 3759): SP:AP:AnchorPersistenceRuntimeIpcServer: checkRPC package name matches: sessionUuid:e8b4f71a-e29f-9eec-848a-c1dd71d2993d, clientId:1395276349, givenPackageName:com.oculus.vrshell, detectedPackageName:com.oculus.vrshell, detectedProcessName:com.oculus.vrshell
03-27 01:49:51.286 I/[CT]    ( 3759): SP:AP:AnchorPersistenceRuntimeIpcServer: queryAvailableAnchorsSMV2: clientId: 1395276349, maxAnchors: 500, filter: 0, queryMultipleRoomsEnabledByOpenXrVersion: true, source: 1, appId: com.oculus.vrshell
03-27 01:49:51.286 I/[CT]    ( 3759): SP:AP:AnchorPersistenceConfig: getSceneRuntimePermissionEnabled: USE_SCENE permission is enabled on this device
03-27 01:49:51.286 I/[CT]    ( 3759): SP:AP:AnchorPersistenceScenePermissions: hasClientGrantedScenePermission: USE_SCENE permission is enabled on this device, check client 1395276349, grant is true
03-27 01:49:51.286 I/[CT]    ( 3759): SP:AP:AnchorPersistenceConfig: getSceneRuntimePermissionEnabled: USE_SCENE permission is enabled on this device
03-27 01:49:51.287 I/[CT]    ( 3759): SP:SceneAnchorFilterUtil: filterSceneDataByPermission: com.oculus.vrshell permission check passed, keep scene data. anchors size: 0
03-27 01:49:51.291 I/[CT]    ( 3817): HandPoseSampler: Filter reset
03-27 01:49:51.292 I/InputDevice_Hand( 3817): HANDTRACKING ADMIRE hand 0: hpm=1 -> shared=0
03-27 01:49:51.292 I/[CT]    ( 3817): HandPoseSampler: Filter reset
03-27 01:49:51.292 I/InputDevice_Hand( 3817): HANDTRACKING ADMIRE hand 1: hpm=1 -> shared=0
03-27 01:49:51.294 D/BufferQueueProducer(31379): Waiting for available buffer SurfaceView[org.godotengine.editor.v4.meta/org.godotengine.editor.GodotEditor]#1(BLAST Consumer)1 lastFrameNumber=1508
03-27 01:49:51.302 I/[CT]    ( 3817): HandPoseSampler: Filter reset
03-27 01:49:51.302 I/InputDevice_Hand( 3817): HANDTRACKING ADMIRE hand 0: hpm=1 -> shared=0
03-27 01:49:51.302 I/[CT]    ( 3817): HandPoseSampler: Filter reset
03-27 01:49:51.302 I/InputDevice_Hand( 3817): HANDTRACKING ADMIRE hand 1: hpm=1 -> shared=0
03-27 01:49:51.305 D/BufferQueueProducer(31379): Waiting for available buffer SurfaceView[org.godotengine.editor.v4.meta/org.godotengine.editor.GodotEditor]#1(BLAST Consumer)1 lastFrameNumber=1509
03-27 01:49:51.314 I/[CT]    ( 3817): HandPoseSampler: Filter reset
03-27 01:49:51.314 I/InputDevice_Hand( 3817): HANDTRACKING ADMIRE hand 0: hpm=1 -> shared=0
03-27 01:49:51.314 I/[CT]    ( 3817): HandPoseSampler: Filter reset
03-27 01:49:51.314 I/InputDevice_Hand( 3817): HANDTRACKING ADMIRE hand 1: hpm=1 -> shared=0
03-27 01:49:51.316 D/BufferQueueProducer(31379): Waiting for available buffer SurfaceView[org.godotengine.editor.v4.meta/org.godotengine.editor.GodotEditor]#1(BLAST Consumer)1 lastFrameNumber=1510
03-27 01:49:51.325 I/[CT]    ( 3817): HandPoseSampler: Filter reset
03-27 01:49:51.325 I/InputDevice_Hand( 3817): HANDTRACKING ADMIRE hand 0: hpm=1 -> shared=0
03-27 01:49:51.325 I/[CT]    ( 3817): HandPoseSampler: Filter reset
03-27 01:49:51.325 I/InputDevice_Hand( 3817): HANDTRACKING ADMIRE hand 1: hpm=1 -> shared=0
03-27 01:49:51.329 D/BufferQueueProducer(31379): Waiting for available buffer SurfaceView[org.godotengine.editor.v4.meta/org.godotengine.editor.GodotEditor]#1(BLAST Consumer)1 lastFrameNumber=1511
03-27 01:49:51.336 I/[CT]    ( 3817): HandPoseSampler: Filter reset
