03-27 01:49:52.080 W/VolumetricWindowManagerServiceImpl( 1539): onTopWindowFlagsChanged: VW not found for WCT{RemoteToken{cdcc9b2 Task{a5b9fbd #12997 type=standard}}}
03-27 01:49:52.080 I/MRSS    ( 1160): VoxelOccupancyGrid: ~VoxelOccupancyGrid
03-27 01:49:52.081 D/nativeloader(31570): Configuring clns-shared-7 for other apk /system/framework/org.apache.http.legacy.jar. target_sdk_version=24, uses_libraries=ALL, library_path=/apex/com.meta.xr/priv-app/VrDriver/lib/arm64:/apex/com.meta.xr/priv-app/VrDriver/VrDriver.apk!/lib/arm64-v8a:/system/lib64:/system_ext/lib64:/apex/com.meta.xr/priv-app/VrDriver/VrDriver.apk!/lib/arm64-v8a, permitted_path=/data:/mnt/expand::/apex/com.meta.xr/priv-app/VrDriver:/system/lib64:/system_ext/lib64
03-27 01:49:52.081 D/nativeloader(31570): Extending system_exposed_libraries: libaudiotapper.oculus.so:libcalibrationmanager.oculus.so:libheadtracker.oculus.so:libinstsamp.oculus.so:libossdk.oculus.so:libparfait.oculus.so:libripcclient.oculus.so:libripcmanager.oculus.so:libappsensoraccess.oculus.so:libOVRMrcLib.oculus.so:libxrstreaminghost.oculus.so:libhzos.meta.so:libhzos_featurejournal.meta.so:libhzos_gaze.meta.so:libhzos_orthofit.meta.so:libhzos_prescriptionlens.meta.so:libhzos_reportstatsevent.meta.so:libhzos_spaces.meta.so:libhzos_trackedinput.meta.so:libhzos_trackingclient.meta.so
03-27 01:49:52.084 I/MRSS    ( 1160): MIXEDREALITY: MrSystemServiceIPCServer: Got notification for PlaneFreespace, fidelity level: NONE, command: 0
03-27 01:49:52.084 I/MRSS    ( 1160): MIXEDREALITY: CapabilityController: Stop PlaneFreespace duration: 5.476824 millisec.
03-27 01:49:52.086 I/MRSS    ( 1160): MIXEDREALITY: MrSystemService: FramesetTelemetry: valid: -/-, stereo/depth/color: avail:  280/   0/ 559, accepted %: 100.0/0.0/100.0, dropped %: 0.0/0.0/0.0, valid %: 100.0/0.0/100.0, textured %: 0.0/0.0/100.0.
03-27 01:49:52.086 I/MRSS    ( 1160): MIXEDREALITY: MrSystemService: FramesetTelemetry: timeouts stereo/color: compute side: 0/0, render side: 0/0, egl: 0.
03-27 01:49:52.087 I/[CT]    ( 3817): HandPoseSampler: Filter reset
03-27 01:49:52.087 I/InputDevice_Hand( 3817): HANDTRACKING ADMIRE hand 0: hpm=1 -> shared=0
03-27 01:49:52.087 I/[CT]    ( 3817): HandPoseSampler: Filter reset
03-27 01:49:52.087 I/InputDevice_Hand( 3817): HANDTRACKING ADMIRE hand 1: hpm=1 -> shared=0
03-27 01:49:52.087 V/WindowManager( 1539): Finish Transition #800: created at 03-27 01:49:51.818 collect-started=233.634ms started=236.128ms ready=236.974ms sent=239.151ms finished=269.189ms
03-27 01:49:52.089 D/nativeloader(31570): Configuring clns-shared-8 for other apk /apex/com.meta.xr/priv-app/VrDriver/VrDriver.apk. target_sdk_version=24, uses_libraries=, library_path=/apex/com.meta.xr/priv-app/VrDriver/lib/arm64:/apex/com.meta.xr/priv-app/VrDriver/VrDriver.apk!/lib/arm64-v8a:/system/lib64:/system_ext/lib64:/apex/com.meta.xr/priv-app/VrDriver/VrDriver.apk!/lib/arm64-v8a, permitted_path=/data:/mnt/expand::/apex/com.meta.xr/priv-app/VrDriver:/system/lib64:/system_ext/lib64
03-27 01:49:52.089 D/nativeloader(31570): Extending system_exposed_libraries: libaudiotapper.oculus.so:libcalibrationmanager.oculus.so:libheadtracker.oculus.so:libinstsamp.oculus.so:libossdk.oculus.so:libparfait.oculus.so:libripcclient.oculus.so:libripcmanager.oculus.so:libappsensoraccess.oculus.so:libOVRMrcLib.oculus.so:libxrstreaminghost.oculus.so:libhzos.meta.so:libhzos_featurejournal.meta.so:libhzos_gaze.meta.so:libhzos_orthofit.meta.so:libhzos_prescriptionlens.meta.so:libhzos_reportstatsevent.meta.so:libhzos_spaces.meta.so:libhzos_trackedinput.meta.so:libhzos_trackingclient.meta.so
03-27 01:49:52.089 I/VrApi   ( 3817): FPS=91/90,Prd=27ms,Tear=0,Early=0,Stale=0,Stale2/5/10/max=0/0/0/0,VSnc=1,Lat=-3,Fov=0,CPU4/GPU=-1/-1,1920/545MHz,OC=3F,TA=0/0/0,SP=N/N/N,Mem=3196MHz,Free=1990MB,PLS=0,Temp=48.0C/0.0C,TW=3.27ms,App=2.68ms,GD=0.00ms,CPU&GPU=10.25ms,LCnt=10(DR0,LM0),GPU%=0.58,CPU%=0.53(W0.54),CFL=12.25/16.88,ICFLp95=15.82,LD=0,CABC=1,SF=1.00,LP=0,DVFS=0,ShrpLCnt=7,ShrpR=1.000,SSLCnt=1/2,Preempt=327,PoseAgeP95=0.00
03-27 01:49:52.089 I/VrApi   ( 3817): ASW=0,Type=PTWFromStereo,E=0.000/0.000,D=0.000/0.000
03-27 01:49:52.090 I/GuardianLifecycleMgr( 3045): ~~[GuardianLifecycleMgr::updateLifecycleState] Lifecycle state changed from SAFETY_SYSTEM_MR to SAFETY_SYSTEM_VR
03-27 01:49:52.090 I/GuardianRender( 3045): GuardianRender::processFrameBufferChanges: resolution 0 -> 1024, depth 0 -> 1
03-27 01:49:52.090 I/GuardianFramebuffer( 3045): GuardianRender::Framebuffer_Destroy: destroying framebuffers
03-27 01:49:52.090 I/GuardianRender( 3045): Rebuilding framebuffers! Normal
03-27 01:49:52.090 I/GuardianFramebuffer( 3045): GuardianRender::Framebuffer_Create: W: 1024, H: 1024
03-27 01:49:52.091 D/nativeloader(31570): InitApexLibraries:
03-27 01:49:52.091 D/nativeloader(31570):   com_android_adservices: libhpke_jni.so:libtflite_support_classifiers_native.so
03-27 01:49:52.091 D/nativeloader(31570):   com_android_appsearch: libicing.so
03-27 01:49:52.091 D/nativeloader(31570):   com_android_art: libartservice.so
03-27 01:49:52.091 D/nativeloader(31570):   com_android_btservices: libbluetooth_jni.so
03-27 01:49:52.091 D/nativeloader(31570):   com_android_conscrypt: libjavacrypto.so
03-27 01:49:52.091 D/nativeloader(31570):   com_android_extservices: libhpke_jni.so:libtflite_support_classifiers_native.so
03-27 01:49:52.091 D/nativeloader(31570):   com_android_os_statsd: libstats_jni.so
03-27 01:49:52.091 D/nativeloader(31570):   com_android_tethering: libcronet.114.0.5735.84.so:libframework-connectivity-jni.so:libframework-connectivity-tiramisu-jni.so:libandroid_net_connectivity_com_android_net_module_util_jni.so:libservice-connectivity.so
03-27 01:49:52.091 D/nativeloader(31570):   com_android_uwb: libuwb_uci_jni_rust.so
03-27 01:49:52.091 D/nativeloader(31570):   com_android_virt: libvirtualizationservice_jni.so:libvirtualmachine_jni.so
03-27 01:49:52.091 D/nativeloader(31570):   com_meta_xr: libmrservice_plugin.so
03-27 01:49:52.092 I/OpenXR  (31570): Loading 64-bit Runtime.
03-27 01:49:52.095 V/[SEO] VolumetricWindowManagerClient( 3817): Closing panel app VolumetricWindowToken { scope = 1, token = android.os.BinderProxy@5a5cb4d, persistableToken = 1fdcee2e-4ca2-413c-bd81-1a1f84fba02d }
03-27 01:49:52.099 I/InputManager( 1539): Not applying additional properties for display 244 because the pointer is currently targeting display 0.
03-27 01:49:52.099 V/[MRDS_MQTT](21350): [MqttBrokerComms] Received message for topic: /ovd_discover
03-27 01:49:52.099 V/[MRDS_PAD_Service](21350): Rediscovered [{75d5f03f-0891-11f1-8972-806e6f6e6963}] previously seen 0.617s ago
03-27 01:49:52.099 V/[MRDS_PAD_Service](21350): Notif will not be sent for re-discovered device [{75d5f03f-0891-11f1-8972-806e6f6e6963}]
03-27 01:49:52.099 V/[MRDS_MQTT](21350): [MqttBrokerComms] dataCallback topic:[/ovd_discover] message:[{"appId":274792665692239,"sessionId":"83381a9a-8d0d-424f-94b0-553c881d12ee","deviceId":"{75d5f03f-0891-11f1-8972-806e6f6e6963}","deviceOSVersion":"10.0 (28020)","protocolVersion":5,"minProtocolVersion":5,"deviceType":"server","xr2dsVersion":"1.72.0.0.4891","networkSecurityDomain":"","deviceManagementStatus":"","appVersion":"78.0.0.1.108","accessibilityPermission":true,"screenRecordingPermission":true,"transportType":32768,"microphonePermission":true,"isRpOutdated":false,"skipConfirmation":true,"headsetDeviceType":"0","anonymizedDeviceId":""}]
03-27 01:49:52.100 V/VolumetricContentMonitor( 1539): Removed VW VolumetricWindowToken { scope = 1, token = horizonos.view.VolumetricWindowToken$InternalVolumetricToken@3d52b14, persistableToken = 1fdcee2e-4ca2-413c-bd81-1a1f84fba02d }
03-27 01:49:52.100 E/libprocessgroup( 1539): couldn't write HzosExt flag ALLOW_RT to /proc/31379/hzos_ext_flags
03-27 01:49:52.102 V/Godot   (31379): OnPause: GodotFragment{46b6f0} (fd39bbd8-111e-470e-ba93-88c4e0fea63c id=0x7f0800bb)
03-27 01:49:52.104 E/libprocessgroup( 1539): couldn't write HzosExt flag ALLOW_RT to /proc/9927/hzos_ext_flags
03-27 01:49:52.105 W/[SEO] FrameCommandHelpers( 3817): Could not close panel app 1fdcee2e-4ca2-413c-bd81-1a1f84fba02d
03-27 01:49:52.106 W/MRSS    ( 1160): MIXEDREALITY: CapabilityWorkExecutor: WatchdogProbe [mrss_compu_sys]: Capability Depth timed out, it's taking more than 30ms to complete, expected max 30ms. Total expirations: 1.
03-27 01:49:52.107 I/VrRuntimeService( 2582): CreateSwapChain: 1479835406
03-27 01:49:52.107 I/VrRuntimeService( 2582): CreateSwapChain: api:gles 2 0x8c43 1024 1024 1 2 2 0 3
03-27 01:49:52.109 I/@@@     ( 2582): surface: SUCCESS posting result to queue
03-27 01:49:52.109 V/CompositorServer( 2582): CreateTextureSwapChain: result importswapchainfromdevice 1
03-27 01:49:52.111 I/VrRuntimeClient(31570): VrRuntimeClient(): 0x7b83f4d5c0
03-27 01:49:52.111 D/OsSdkLoader(31570): OSSDK loading module 'libossdk.oculus.so'
03-27 01:49:52.111 D/VrFocus ( 1187): onForegroundActivitiesChanged: uid: 10200, pid: 31379, fg: 1, display main: 0, secondary: 0
03-27 01:49:52.112 I/[CT]    ( 3817): HandPoseSampler: Filter reset
03-27 01:49:52.112 I/InputDevice_Hand( 3817): HANDTRACKING ADMIRE hand 0: hpm=1 -> shared=0
03-27 01:49:52.112 I/[CT]    ( 3817): HandPoseSampler: Filter reset
03-27 01:49:52.112 I/InputDevice_Hand( 3817): HANDTRACKING ADMIRE hand 1: hpm=1 -> shared=0
03-27 01:49:52.112 E/perfservice(  895): DspDCVSPower: Invalid DSP DCVS QE config: 
03-27 01:49:52.112 E/perfservice(  895): DspDCVSPower: Invalid DSP DCVS QE config: 
03-27 01:49:52.112 W/FrameSetDispatcher(  922): [{WT:RAW10}] Client pid=894 (IOT): client is taking longer than 33ms to return FrameSets (1x in the past 521.026s)
03-27 01:49:52.112 E/perfservice(  895): DspDCVSPower: Invalid DSP DCVS QE config: 
03-27 01:49:52.113 E/perfservice(  895): DspDCVSPower: Invalid DSP DCVS QE config: 
03-27 01:49:52.114 I/SyncBossInput(  922): [info   ] [rubyprq (right) 9961d850d74714d4]: 15704114 [info   ] {IRLD}: IR LED configured: p=80000, ot=19, d=29787
03-27 01:49:52.115 D/VrFocus ( 1187): onForegroundActivitiesChanged: uid: 10109, pid: 9927, fg: 1, display main: 0, secondary: 0
03-27 01:49:52.116 W/MRSS    ( 1160): MIXEDREALITY: CameraComputeCapability: Page acquisition for frame Grayscale failed
03-27 01:49:52.116 W/MRSS    ( 1160): MIXEDREALITY: ServiceLogic: onGrayscaleFramesetUpdateFromSensorsBegin: Failed to obtain page.
03-27 01:49:52.116 W/MRSS    ( 1160): MIXEDREALITY: ServiceLogic: onFrameSetBegin: Skipping frame Grayscale.
03-27 01:49:52.117 W/MRSS    ( 1160): DEPTH: DepthSystemCoreImpl: WatchdogProbe: DepthSystemCoreImpl CoreDisparity completed in 33ms, expected max 18ms.
03-27 01:49:52.117 E/MRSS    ( 1160): MUSTFIX: MIXEDREALITY.DepthSystemCoreImpl: [Throttled count=1] Final timeout: DepthSystemCoreImpl CoreDisparity completed in 33ms, expected max 18ms.
03-27 01:49:52.120 W/MRSS    ( 1160): MIXEDREALITY: CapabilityWorkExecutor: WatchdogProbe [mrss_compu_sys]: Capability Depth completed in 43ms, expected max 30ms. Total expirations: 1.
03-27 01:49:52.120 W/MRSS    ( 1160): MIXEDREALITY: MrRuntimeCompute: Grayscale frame compute took 44.07 ms
03-27 01:49:52.121 I/SyncBossInput(  922): [info   ] [ruby ( left) bf4654138ddad3be]: 16206189 [info   ] {IRLD}: IR LED configured: p=80000, ot=19, d=29787
03-27 01:49:52.122 V/OpenXR_GPUMemTrace( 3045): Swapchain creation, id=554, idx=0, width: 1024, height: 1024, array size: 2, MemoryAllocationSize: 8229 KB
03-27 01:49:52.122 V/OpenXR_GPUMemTrace( 3045): Swapchain creation, id=554, idx=1, width: 1024, height: 1024, array size: 2, MemoryAllocationSize: 8229 KB
03-27 01:49:52.122 I/VrRuntimeService( 2582): CreateSwapChain: 1479835406
03-27 01:49:52.122 I/VrRuntimeService( 2582): CreateSwapChain: api:gles 2 0x81a5 1024 1024 1 2 2 0 18
03-27 01:49:52.123 I/DriverLoader(31570): Calling into SetLegacyVrApiEntryPointOverride
03-27 01:49:52.123 I/VrApi_DriverLoader(31570): SetLegacyVrApiEntryPointOverride: calling sprintf
03-27 01:49:52.123 I/VrApi_DriverLoader(31570): SetLegacyVrApiEntryPointOverride: env buffer is '0x7b83e5903c'
03-27 01:49:52.123 I/VrApi_DriverLoader(31570): SetLegacyVrApiEntryPointOverride: calling setenv
03-27 01:49:52.123 I/DriverLoader(31570): Creating Temp JNIEnv
03-27 01:49:52.123 I/DriverLoader(31570): Calling FindClass
03-27 01:49:52.123 I/DriverLoader(31570): Calling RegisterNativeVrApiLoaderMethods
03-27 01:49:52.123 I/VrApi_DriverLoader(31570): RegisterNativeVrApiLoaderMethods: calling RegisterNatives
03-27 01:49:52.123 I/DriverLoader(31570): Calling RegisterNativeXrLoaderMethods
03-27 01:49:52.123 I/OpenXR_DriverLoader(31570): RegisterNativeVrApiLoaderMethods: calling RegisterNatives
03-27 01:49:52.123 I/DriverLoader(31570): Exiting JNI_OnLoad
03-27 01:49:52.123 I/OpenXR_ClientState(31570): OpenXRClientState::create - from xrInitializeLoaderKHR
03-27 01:49:52.123 I/XrRuntimeSharedClientState(31570): SharedClientState::create called from 'OpenXRClientState::init'
03-27 01:49:52.123 I/RuntimeIPCLoader [RUNTIMEIPC](31570): RuntimeIPC: Loader: IPC Service API Loader Version: 84 Mar 10 2026 16:03:46
03-27 01:49:52.123 I/RuntimeIPCLoader [RUNTIMEIPC](31570): Using android_get_exported_namespace: libripcclient.oculus.so
03-27 01:49:52.124 I/[CT]    ( 3817): HandPoseSampler: Filter reset
03-27 01:49:52.124 I/InputDevice_Hand( 3817): HANDTRACKING ADMIRE hand 0: hpm=1 -> shared=0
03-27 01:49:52.124 I/[CT]    ( 3817): HandPoseSampler: Filter reset
03-27 01:49:52.124 I/InputDevice_Hand( 3817): HANDTRACKING ADMIRE hand 1: hpm=1 -> shared=0
03-27 01:49:52.125 I/@@@     ( 2582): surface: SUCCESS posting result to queue
03-27 01:49:52.125 V/CompositorServer( 2582): CreateTextureSwapChain: result importswapchainfromdevice 1
03-27 01:49:52.125 I/RuntimeIPCLoader [RUNTIMEIPC](31570): android_get_exported_namespace SUCCESS: libripcclient.oculus.so
03-27 01:49:52.126 I/RuntimeIPCSystem [RUNTIMEIPC](31570): RuntimeIPCSystem: Init called: Version: 84, Platform: Android, Build Date: Mar 21 2026, Build Time: 20:32:36, BuildMode: shared
03-27 01:49:52.126 D/OsSdkLoader(31570): OSSDK loading module 'libossdk.oculus.so'
03-27 01:49:52.127 I/RuntimeIPCSystem [RUNTIMEIPC](31570): Init: Java VM is null
03-27 01:49:52.127 I/BrokerMethodsAndroidLegacyOssdk [RUNTIMEIPC](31570): BrokerMethodsAndroidLegacyOssdk::Init
03-27 01:49:52.127 D/OsSdkLoader(31570): OSSDK loading module 'libripcmanager.oculus.so'
03-27 01:49:52.129 I/BrokerMethodsAndroidLegacyOssdk [RUNTIMEIPC](31570): BrokerMethodsAndroidLegacyOssdk::Init SUCCESS
03-27 01:49:52.129 I/BrokerRPC [RUNTIMEIPC](31570): InitRPCToServiceInternal
03-27 01:49:52.130 I/RuntimeIpcManager(31570): RuntimeIpcManager: attempting to get a service connection
03-27 01:49:52.130 I/RuntimeIpcBroker(  868): [RuntimeIpcBroker] Attempting to retrieve package name and version for client
03-27 01:49:52.130 I/RuntimeIpcBroker(  868): [RuntimeIpcBroker] Retrieving service manager for org.godotengine.editor.v4.meta:GodotXRGame
03-27 01:49:52.130 I/RuntimeIpcBroker(  868): [RuntimeIpcBroker] Retrieving permission service [binder] from service manager for org.godotengine.editor.v4.meta:GodotXRGame
03-27 01:49:52.130 I/RuntimeIpcBroker(  868): [RuntimeIpcBroker] Successfully retrieved permission service [binder] from service manager for org.godotengine.editor.v4.meta:GodotXRGame
03-27 01:49:52.130 I/RuntimeIpcBroker(  868): [RuntimeIpcBroker] Retrieving service manager for org.godotengine.editor.v4.meta
03-27 01:49:52.130 I/RuntimeIpcBroker(  868): [RuntimeIpcBroker] Retrieving package_native service [binder] for org.godotengine.editor.v4.meta
03-27 01:49:52.131 V/OpenXR_GPUMemTrace( 3045): Swapchain creation, id=555, idx=0, width: 1024, height: 1024, array size: 2, MemoryAllocationSize: 4133 KB
03-27 01:49:52.131 V/OpenXR_GPUMemTrace( 3045): Swapchain creation, id=555, idx=1, width: 1024, height: 1024, array size: 2, MemoryAllocationSize: 4133 KB
03-27 01:49:52.131 I/GuardianFramebuffer( 3045): GuardianRender::Framebuffer_Create SUCCESS
03-27 01:49:52.131 W/RuntimeTelemetryThread( 3045): [OpenXR] frame call order invalid; 
03-27 01:49:52.131 I/OpenXRHelpers( 3045): OpenXR error: xrBeginFrame(session_, &beginFrameDesc): XR_ERROR_CALL_ORDER_INVALID
03-27 01:49:52.131 I/RuntimeIpcBroker(  868): [RuntimeIpcBroker] Successfully retrieved package_native service [binder] for org.godotengine.editor.v4.meta
03-27 01:49:52.131 I/RuntimeIpcBroker(  868): [RuntimeIpcBroker] Attempting to connect: org.godotengine.editor.v4.meta -- org.godotengine.editor.v4.meta:GodotXRGame, [uid: 10200, pid: 31570]
03-27 01:49:52.131 I/RuntimeIpcBroker(  868): [RuntimeIpcBroker] Connections lock acquired
03-27 01:49:52.131 I/IPCBrokerConnectionMgr [RUNTIMEIPC](  868): CreateBrokerConnection: Pre-lock brokerConnections.mutex_: packageName: org.godotengine.editor.v4.meta, processName: org.godotengine.editor.v4.meta:GodotXRGame, pid: 31570
03-27 01:49:52.131 I/IPCBrokerConnectionMgr [RUNTIMEIPC](  868): CreateBrokerConnection: [Client Descriptor - 31570:org.godotengine.editor.v4.meta:org.godotengine.editor.v4.meta:GodotXRGame] [Connection Id - -2097603798]
03-27 01:49:52.132 I/IPCBrokerConnection [RUNTIMEIPC](  868): CreateBrokerConnection: Package org.godotengine.editor.v4.meta: permission RIPC_CAN_REGISTER_SERVER denied
03-27 01:49:52.132 I/RuntimeIpcBroker(  868): [RuntimeIpcBroker] initClientId successful on client binder
03-27 01:49:52.132 I/RuntimeIpcBroker(  868): [RuntimeIpcBroker] Connection established for org.godotengine.editor.v4.meta -- org.godotengine.editor.v4.meta:GodotXRGame, [uid: 10200, pid: 31570]
03-27 01:49:52.132 I/RuntimeIpcManager(31570): RuntimeIpcManager: Binder call to service->connect SUCCESS
03-27 01:49:52.133 V/IPCBrokerConnectionMgr [RUNTIMEIPC](  868): GetServiceBinder: org.godotengine.editor.v4.meta:org.godotengine.editor.v4.meta:GodotXRGame:31570
03-27 01:49:52.133 W/GuardianWall( 3045): GetWorldFromTexU: Invalid U: 48.02
03-27 01:49:52.133 V/IPCDataChannelAndroidBinder [RUNTIMEIPC](  868): alloc binder info: 30
03-27 01:49:52.133 D/IPCDataChannelServer [RUNTIMEIPC](  868): Connected: 2197363498, org.godotengine.editor.v4.meta:org.godotengine.editor.v4.meta:GodotXRGame:31570
03-27 01:49:52.133 I/BrokerRPC [RUNTIMEIPC](31570): InitRPCToServiceInternal: SUCCESS
03-27 01:49:52.133 I/GuardianWall( 3045): buildFromPoints: Original: 630, New: 244, Triangles: 6292
03-27 01:49:52.133 W/ThreadHelpers [RUNTIMEIPC](31570): RuntimeIPC::SetName: thread name 'RipcTransportMgr' was truncated to 'RipcTransportMg'
03-27 01:49:52.133 I/RipcTransportMgr [RUNTIMEIPC](31570): RipcTransportMgr::MainLoop Start
03-27 01:49:52.133 I/RuntimeIPCSystem [RUNTIMEIPC](31570): RuntimeIPCSystem: Init SUCCESS: Version: 84, Platform: Android, Build Date: Mar 21 2026, Build Time: 20:32:36, BuildMode: shared
03-27 01:49:52.133 W/IPCBrokerConnectionMgr [RUNTIMEIPC](  868): SetServerList: Connection not allowed to register servers. Package: org.godotengine.editor.v4.meta, Process: org.godotengine.editor.v4.meta:GodotXRGame
03-27 01:49:52.134 I/RipcServerMgr [RUNTIMEIPC](31570): UpdateServerListOnBroker (pid: 31570): SUCCESS (shouldNotify=true): []
03-27 01:49:52.134 I/RuntimeIpcHelperService( 1539): Going to start ComponentInfo{com.oculus.systemdriver/com.oculus.vrruntimeservice.VrRuntimeService} as foreground, Calling uid: 10200 pid: 31570
03-27 01:49:52.135 I/OpenGLRenderer(31379): setStopped(1)
03-27 01:49:52.135 I/ClientProcessConnector [RUNTIMEIPC](31570): GetProcessConnection: com.oculus.systemdriver:com.oculus.vrruntimeservice
03-27 01:49:52.135 I/OpenGLRenderer(31379): setStopped(1): complete
03-27 01:49:52.136 W/RuntimeTelemetryThread( 3045): [OpenXR] xrEndFrame: Invalid frame call; 2
03-27 01:49:52.136 I/RipcServerClientHandler [RUNTIMEIPC]( 2582): Event buffer size (server): 8192
03-27 01:49:52.136 I/OpenXRHelpers( 3045): OpenXR error: xrEndFrame(session_, &endFrameInfo): XR_ERROR_CALL_ORDER_INVALID
03-27 01:49:52.136 I/[CT]    ( 3817): HandPoseSampler: Filter reset
03-27 01:49:52.136 I/InputDevice_Hand( 3817): HANDTRACKING ADMIRE hand 0: hpm=1 -> shared=0
03-27 01:49:52.136 I/[CT]    ( 3817): HandPoseSampler: Filter reset
03-27 01:49:52.136 I/InputDevice_Hand( 3817): HANDTRACKING ADMIRE hand 1: hpm=1 -> shared=0
03-27 01:49:52.136 I/RipcServerMgr [RUNTIMEIPC]( 2582): HandleClientConnect SUCCESS: Client: org.godotengine.editor.v4.meta:org.godotengine.editor.v4.meta:GodotXRGame:31570:, Server: com.oculus.systemdriver:com.oculus.vrruntimeservice (gkcache)
03-27 01:49:52.137 I/GkCacheQuerierServer( 2582): Client 2197360175 from org.godotengine.editor.v4.meta:GodotXRGame:31570 connected.
03-27 01:49:52.137 I/RipcClient [RUNTIMEIPC](31570): Event buffer size (client): 8192
03-27 01:49:52.137 I/RipcClient [RUNTIMEIPC](31570): TryToGetIPCResourcesFromServer: RPC_CONNECTOR_CONNECT_TO_SERVER SUCCESS: Client: org.godotengine.editor.v4.meta:org.godotengine.editor.v4.meta:GodotXRGame:31570, Server: com.oculus.systemdriver:com.oculus.vrruntimeservice:0 (gkcache), Version: 84, Platform: Android, Build Date: Mar 21 2026, Build Time: 20:32:36, BuildMode: shared
03-27 01:49:52.137 I/RipcClient [RUNTIMEIPC](31570): EnsureServerConnection: SUCCESS. Client: org.godotengine.editor.v4.meta:org.godotengine.editor.v4.meta:GodotXRGame:31570, Server: com.oculus.systemdriver:com.oculus.vrruntimeservice:0 (gkcache)
03-27 01:49:52.137 I/RipcClient [RUNTIMEIPC](31570): [RIPC_CONNECT_LOG] ConnectToServer: SUCCESS: Client: org.godotengine.editor.v4.meta:org.godotengine.editor.v4.meta:GodotXRGame:31570, Server: com.oculus.systemdriver:com.oculus.vrruntimeservice:0 (gkcache)
03-27 01:49:52.137 I/OpenGLRenderer( 9927): setStopped(1)
03-27 01:49:52.138 I/RipcClient [RUNTIMEIPC](31570): InitServerStateBuffer: SUCCESS. 0, Client: org.godotengine.editor.v4.meta:org.godotengine.editor.v4.meta:GodotXRGame:31570, Server: com.oculus.systemdriver:com.oculus.vrruntimeservice:0 (gkcache)
03-27 01:49:52.138 I/OpenGLRenderer( 9927): setStopped(1): complete
03-27 01:49:52.138 I/OpenXR_ClientState(31570): Client state creation succeeded.
03-27 01:49:52.138 V/OpenXR  (31570): OpenXRForwardLoader::xrInitializeLoaderKHR [end]
03-27 01:49:52.138 V/OpenXR  (31570): OpenXRForwardLoader::xrNegotiateLoaderRuntimeInterface [start]
03-27 01:49:52.138 V/Godot   (31379): OnStop: GodotFragment{46b6f0} (fd39bbd8-111e-470e-ba93-88c4e0fea63c id=0x7f0800bb)
03-27 01:49:52.138 V/OpenXR  (31570): OpenXRForwardLoader::xrNegotiateLoaderRuntimeInterface [end]
03-27 01:49:52.138 I/OpenXR-Loader(31570): Info [GENERAL | xrEnumerateInstanceExtensionProperties | OpenXR-Loader] : RuntimeInterface::LoadRuntime succeeded loading runtime defined in manifest file /odm/etc/openxr/1/active_runtime.aarch64.json using interface version 1 and OpenXR API version 1.0
03-27 01:49:52.139 I/ForegroundManager( 9927): oculus_remote_desktop_panel_app_user_event {
03-27 01:49:52.139 I/ForegroundManager( 9927): event: app_background,
03-27 01:49:52.139 I/ForegroundManager( 9927): message: windowId=7f0dc10a-c5db-49cf-9390-9b2fed96febf
03-27 01:49:52.139 I/ForegroundManager( 9927): }
03-27 01:49:52.141 I/ApplicationAttributes(31570): IsPrivileged 0
03-27 01:49:52.141 I/OpenXR  (31570): Is_X_PartnerGateKeeper
03-27 01:49:52.141 I/OpenXR  (31570): PGK Status: exp = 0, dc = false
03-27 01:49:52.141 I/OpenXR  (31570): oculus_first_access = false
03-27 01:49:52.141 I/OpenXR  (31570): Extension status: P
03-27 01:49:52.141 I/ApplicationAttributes(31570): IsSystem 0
03-27 01:49:52.142 E/libosutils(31570): Failed to get real path of file '/sys/devices/soc0/oem_variant', err: Permission denied
03-27 01:49:52.142 E/libosutils(31570): Failed to get real path of file '/sys/devices/soc0/platform_subtype_id', err: Permission denied
03-27 01:49:52.142 E/libosutils(31570): Failed to get real path of file '/sys/devices/soc0/platform_version', err: Permission denied
03-27 01:49:52.142 W/libdeviceid(31570): DeviceId unknown with subtype FFFFFFFF and version: 0xFFFFFFFF
03-27 01:49:52.143 E/VrDeviceManagerService( 1186): Permission denied: process 31570 (uid 10200) doesn't have the required permission: horizonos.permission.SET_VR_DEVICE_PARAMS
03-27 01:49:52.143 E/VrDeviceManagerService( 1186): Permission denied: process 31570 (uid 10200) doesn't have the required permission: horizonos.permission.READ_VR_DEVICE_PARAMS
03-27 01:49:52.143 E/VrDeviceManagerService( 1186): Permission denied: process 31570 (uid 10200) doesn't have the required permission: horizonos.permission.SET_VR_DEVICE_PARAMS
03-27 01:49:52.143 E/VrDeviceManagerService( 1186): Permission denied: process 31570 (uid 10200) doesn't have the required permission: horizonos.permission.READ_VR_DEVICE_PARAMS
03-27 01:49:52.143 E/VrDeviceManagerService( 1186): Permission denied: process 31570 (uid 10200) doesn't have the required permission: horizonos.permission.SET_VR_DEVICE_PARAMS
03-27 01:49:52.143 E/VrDeviceManagerService( 1186): Permission denied: process 31570 (uid 10200) doesn't have the required permission: horizonos.permission.READ_VR_DEVICE_PARAMS
03-27 01:49:52.139 W/VkThread(31570): type=1400 audit(0.0:52568): avc:  denied  { search } for  name="soc0" dev="sysfs" ino=69890 scontext=u:r:untrusted_app_32:s0:c200,c256,c512,c768 tcontext=u:object_r:vendor_sysfs_soc:s0 tclass=dir permissive=0 app=org.godotengine.editor.v4.meta
03-27 01:49:52.139 W/VkThread(31570): type=1400 audit(0.0:52569): avc:  denied  { search } for  name="soc0" dev="sysfs" ino=69890 scontext=u:r:untrusted_app_32:s0:c200,c256,c512,c768 tcontext=u:object_r:vendor_sysfs_soc:s0 tclass=dir permissive=0 app=org.godotengine.editor.v4.meta
03-27 01:49:52.143 E/VrDeviceManagerService( 1186): Permission denied: process 31570 (uid 10200) doesn't have the required permission: horizonos.permission.SET_VR_DEVICE_PARAMS
03-27 01:49:52.143 E/VrDeviceManagerService( 1186): Permission denied: process 31570 (uid 10200) doesn't have the required permission: horizonos.permission.READ_VR_DEVICE_PARAMS
03-27 01:49:52.144 D/VrFocus ( 1187): onForegroundActivitiesChanged: uid: 10109, pid: 9927, fg: 0, display main: 0, secondary: 0
03-27 01:49:52.146 D/VrFocus ( 1187): onForegroundActivitiesChanged: uid: 10200, pid: 31379, fg: 0, display main: 0, secondary: 0
03-27 01:49:52.159 W/audit   (    0): audit_lost=34788 audit_rate_limit=5 audit_backlog_limit=64
03-27 01:49:52.159 E/audit   (    0): rate limit exceeded
03-27 01:49:52.147 E/VrDeviceManagerService( 1186): Permission denied: process 31570 (uid 10200) doesn't have the required permission: horizonos.permission.SET_VR_DEVICE_PARAMS
03-27 01:49:52.147 E/VrDeviceManagerService( 1186): Permission denied: process 31570 (uid 10200) doesn't have the required permission: horizonos.permission.READ_VR_DEVICE_PARAMS
03-27 01:49:52.147 W/libc    (31570): Access denied finding property "ro.vendor.product.model_extended"
03-27 01:49:52.147 I/OpenXR  (31570): Checking for permissions of package org.godotengine.editor.v4.meta
03-27 01:49:52.147 I/OpenXR  (31570): Checking for features of package org.godotengine.editor.v4.meta
03-27 01:49:52.147 I/OpenXR  (31570): xrEnumerateInstanceExtensionProperties: skipping extension=`XR_META_body_tracking_full_body` due to: missing uses-feature string `com.oculus.software.body_tracking` from AndroidManifest
03-27 01:49:52.147 I/OpenXR  (31570): xrEnumerateInstanceExtensionProperties: skipping extension=`XR_FB_body_tracking` due to: missing uses-feature string `com.oculus.software.body_tracking` from AndroidManifest
03-27 01:49:52.147 I/OpenXR  (31570): checkTrexKillswitchGk 'oculus_trex_render_model_killsw' = false
03-27 01:49:52.147 I/OpenXR  (31570): PassesGKKillswitch 1
03-27 01:49:52.147 W/GkCacheQuerierClient(31570): getGkValue: Query result for 'oculus_xrruntime:oculus_trex_anchor_persistence_discovery_killsw' not successful: 4
03-27 01:49:52.147 W/GkCacheQuerierClient(31570): getGkValue: Query result for 'oculus_xrruntime_sessionless:oculus_trex_anchor_persistence_discovery_killsw' not successful: 4
03-27 01:49:52.147 W/GkHelper(31570): GkHelper: query failed for oculus_trex_anchor_persistence_discovery_killsw, result code: 4
03-27 01:49:52.147 I/OpenXR  (31570): checkTrexKillswitchGk 'oculus_trex_anchor_persistence_discovery_killsw' = false
03-27 01:49:52.147 I/OpenXR  (31570): PassesGKKillswitch 1
03-27 01:49:52.147 W/GkCacheQuerierClient(31570): getGkValue: Query result for 'oculus_xrruntime:oculus_trex_anchor_persistence_discovery_killsw' not successful: 4
03-27 01:49:52.147 W/GkCacheQuerierClient(31570): getGkValue: Query result for 'oculus_xrruntime_sessionless:oculus_trex_anchor_persistence_discovery_killsw' not successful: 4
03-27 01:49:52.147 W/GkHelper(31570): GkHelper: query failed for oculus_trex_anchor_persistence_discovery_killsw, result code: 4
03-27 01:49:52.147 I/OpenXR  (31570): checkTrexKillswitchGk 'oculus_trex_anchor_persistence_discovery_killsw' = false
03-27 01:49:52.147 I/OpenXR  (31570): PassesGKKillswitch 1
03-27 01:49:52.147 I/OpenXR  (31570): xrEnumerateInstanceExtensionProperties: skipping extension=`XR_FBX1_touch_controller_extras` due to: Tier=40 extState=P deviceIsExpEnabled=false expManifestSet=false isFirstPartyApp=false isSystemApp=false
03-27 01:49:52.147 I/OpenXR  (31570): xrEnumerateInstanceExtensionProperties: skipping extension=`XR_FB_spatial_entity_sharing` due to: missing uses-permission string `horizonos.permission.IMPORT_EXPORT_IOT_MAP_DATA` from AndroidManifest in package `org.godotengine.editor.v4.meta`
03-27 01:49:52.147 I/OpenXR  (31570): xrEnumerateInstanceExtensionProperties: skipping extension=`XR_META_spatial_entity_sharing` due to: missing uses-permission string `horizonos.permission.IMPORT_EXPORT_IOT_MAP_DATA` from AndroidManifest in package `org.godotengine.editor.v4.meta`
03-27 01:49:52.147 I/OpenXR  (31570): xrEnumerateInstanceExtensionProperties: skipping extension=`XR_META_spatial_entity_group_sharing` due to: missing uses-permission string `horizonos.permission.IMPORT_EXPORT_IOT_MAP_DATA` from AndroidManifest in package `org.godotengine.editor.v4.meta`
03-27 01:49:52.147 I/OpenXR  (31570): xrEnumerateInstanceExtensionProperties: skipping extension=`XR_META_colocation_discovery` due to: missing uses-permission string `com.oculus.permission.USE_COLOCATION_DISCOVERY_API` from AndroidManifest in package `org.godotengine.editor.v4.meta`
03-27 01:49:52.147 I/OpenXR  (31570): xrEnumerateInstanceExtensionProperties: skipping extension=`XR_FB_face_tracking` due to: missing uses-feature string `oculus.software.face_tracking` from AndroidManifest
03-27 01:49:52.147 I/OpenXR  (31570): xrEnumerateInstanceExtensionProperties: skipping extension=`XR_FB_face_tracking2` due to: missing uses-feature string `oculus.software.face_tracking` from AndroidManifest
03-27 01:49:52.147 I/OpenXR  (31570): xrEnumerateInstanceExtensionProperties: skipping extension=`XR_META_face_tracking_visemes` due to: missing uses-feature string `oculus.software.face_tracking` from AndroidManifest
03-27 01:49:52.147 I/OpenXR  (31570): xrEnumerateInstanceExtensionProperties: skipping extension 'XR_META_local_dimming' as device requirements requirements (16) are not met.
03-27 01:49:52.147 I/OpenXR  (31570): xrEnumerateInstanceExtensionProperties: skipping extension=`XR_META_foveation_eye_tracked` due to: missing uses-feature string `oculus.software.eye_tracking` from AndroidManifest
03-27 01:49:52.147 I/OpenXR  (31570): xrEnumerateInstanceExtensionProperties: skipping extension=`XR_FB_eye_tracking_social` due to: missing uses-feature string `oculus.software.eye_tracking` from AndroidManifest
03-27 01:49:52.147 I/OpenXR  (31570): xrEnumerateInstanceExtensionProperties: skipping extension=`XR_FBX1_composition_layer_settings` due to: Tier=40 extState=P deviceIsExpEnabled=false expManifestSet=false isFirstPartyApp=false isSystemApp=false
03-27 01:49:52.147 I/OpenXR  (31570): xrEnumerateInstanceExtensionProperties: skipping extension=`XR_FBX1_composition_layer_depth_test` due to: Tier=40 extState=P deviceIsExpEnabled=false expManifestSet=false isFirstPartyApp=false isSystemApp=false
03-27 01:49:52.147 I/OpenXR  (31570): xrEnumerateInstanceExtensionProperties: skipping extension=`XR_EXT_eye_gaze_interaction` due to: missing uses-permission string `horizonos.permission.EYE_TRACKING` from AndroidManifest in package `org.godotengine.editor.v4.meta`
03-27 01:49:52.147 I/OpenXR  (31570): xrEnumerateInstanceExtensionProperties: skipping extension=`XR_META_hand_tracking_wide_motion_mode` due to: missing uses-feature string `com.oculus.software.body_tracking` from AndroidManifest
03-27 01:49:52.147 I/OpenXR  (31570): xrEnumerateInstanceExtensionProperties: skipping extension=`XR_METAX1_hand_tracking_wide_motion_mode2` due to: Tier=40 extState=P deviceIsExpEnabled=false expManifestSet=false isFirstPartyApp=false isSystemApp=false
03-27 01:49:52.147 I/OpenXR  (31570): xrEnumerateInstanceExtensionProperties: skipping extension=`XR_META_hand_tracking_wide_motion_mode2` due to: missing uses-feature string `com.oculus.software.body_tracking` from AndroidManifest
03-27 01:49:52.147 I/OpenXR  (31570): xrEnumerateInstanceExtensionProperties: skipping extension=`XR_METAX1_hand_tracking_frequency_hint` due to: Tier=40 extState=P deviceIsExpEnabled=false expManifestSet=false isFirstPartyApp=false isSystemApp=false
03-27 01:49:52.147 I/OpenXR  (31570): xrEnumerateInstanceExtensionProperties: skipping extension=`XR_METAX1_hand_tracking_unextrapolated_poses` due to: Tier=40 extState=P deviceIsExpEnabled=false expManifestSet=false isFirstPartyApp=false isSystemApp=false
03-27 01:49:52.147 I/OpenXR  (31570): xrEnumerateInstanceExtensionProperties: skipping extension=`XR_METAX1_performance_metrics` due to: Tier=40 extState=P deviceIsExpEnabled=false expManifestSet=false isFirstPartyApp=false isSystemApp=false
03-27 01:49:52.147 I/OpenXR  (31570): xrEnumerateInstanceExtensionProperties: skipping extension=`XR_METAX1_spatial_entity_marker` due to: Tier=40 extState=P deviceIsExpEnabled=false expManifestSet=false isFirstPartyApp=false isSystemApp=false
03-27 01:49:52.147 I/OpenXR  (31570): xrEnumerateInstanceExtensionProperties: skipping extension=`XR_METAX1_virtual_keyboard` due to: Tier=40 extState=P deviceIsExpEnabled=false expManifestSet=false isFirstPartyApp=false isSystemApp=false
03-27 01:49:52.147 I/OpenXR  (31570): xrEnumerateInstanceExtensionProperties: skipping extension=`XR_METAX2_virtual_keyboard` due to: Tier=40 extState=P deviceIsExpEnabled=false expManifestSet=false isFirstPartyApp=false isSystemApp=false
03-27 01:49:52.147 I/OpenXR  (31570): xrEnumerateInstanceExtensionProperties: skipping extension=`XR_EXTX1_event_channel` due to: Tier=40 extState=P deviceIsExpEnabled=false expManifestSet=false isFirstPartyApp=false isSystemApp=false
03-27 01:49:52.147 I/OpenXR  (31570): xrEnumerateInstanceExtensionProperties: skipping extension=`XR_METAX1_environment_depth` due to: Tier=40 extState=P deviceIsExpEnabled=false expManifestSet=false isFirstPartyApp=false isSystemApp=false
03-27 01:49:52.147 I/OpenXR  (31570): xrEnumerateInstanceExtensionProperties: skipping extension=`XR_METAX2_environment_depth` due to: Tier=40 extState=P deviceIsExpEnabled=false expManifestSet=false isFirstPartyApp=false isSystemApp=false
03-27 01:49:52.147 W/GkCacheQuerierClient(31570): getGkValue: Query result for 'oculus_xrruntime:oculus_trex_environment_depth_tier3_killsw' not successful: 4
03-27 01:49:52.147 W/GkCacheQuerierClient(31570): getGkValue: Query result for 'oculus_xrruntime_sessionless:oculus_trex_environment_depth_tier3_killsw' not successful: 4
03-27 01:49:52.147 W/GkHelper(31570): GkHelper: query failed for oculus_trex_environment_depth_tier3_killsw, result code: 4
03-27 01:49:52.147 I/OpenXR  (31570): checkTrexKillswitchGk 'oculus_trex_environment_depth_tier3_killsw' = false
03-27 01:49:52.147 I/OpenXR  (31570): PassesGKKillswitch 1
03-27 01:49:52.147 I/OpenXR  (31570): xrEnumerateInstanceExtensionProperties: skipping extension=`XR_META_body_tracking_fidelity` due to: missing uses-feature string `com.oculus.software.body_tracking` from AndroidManifest
03-27 01:49:52.147 I/OpenXR  (31570): xrEnumerateInstanceExtensionProperties: skipping extension=`XR_META_body_tracking_calibration` due to: missing uses-feature string `com.oculus.software.body_tracking` from AndroidManifest
03-27 01:49:52.147 I/OpenXR  (31570): xrEnumerateInstanceExtensionProperties: skipping extension=`XR_META_boundary_visibility` due to: missing uses-permission string `com.oculus.permission.BOUNDARY_VISIBILITY` from AndroidManifest in package `org.godotengine.editor.v4.meta`
03-27 01:49:52.147 I/OpenXR  (31570): xrEnumerateInstanceExtensionProperties: skipping extension=`XR_METAX1_dynamic_object_tracker` due to: Tier=40 extState=P deviceIsExpEnabled=false expManifestSet=false isFirstPartyApp=false isSystemApp=false
03-27 01:49:52.147 I/OpenXR  (31570): xrEnumerateInstanceExtensionProperties: skipping extension=`XR_METAX2_debug_utils_region_profiling` due to: Tier=40 extState=P deviceIsExpEnabled=false expManifestSet=false isFirstPartyApp=false isSystemApp=false
03-27 01:49:52.147 I/OpenXR  (31570): xrEnumerateInstanceExtensionProperties: skipping extension=`XR_METAX3_debug_utils_region_profiling` due to: Tier=40 extState=P deviceIsExpEnabled=false expManifestSet=false isFirstPartyApp=false isSystemApp=false
03-27 01:49:52.147 I/OpenXR  (31570): xrEnumerateInstanceExtensionProperties: skipping extension=`XR_EXTX2_stationary_reference_space` due to: Tier=40 extState=P deviceIsExpEnabled=false expManifestSet=false isFirstPartyApp=false isSystemApp=false
03-27 01:49:52.147 I/OpenXR  (31570): xrEnumerateInstanceExtensionProperties: skipping extension=`XR_EXTX1_haptic_parametric` due to: Tier=40 extState=P deviceIsExpEnabled=false expManifestSet=false isFirstPartyApp=false isSystemApp=false
03-27 01:49:52.147 V/OpenXR-Loader(31570): Verbose [GENERAL | xrEnumerateInstanceExtensionProperties | OpenXR-Loader] : Completed loader trampoline
03-27 01:49:52.147 V/OpenXR-Loader(31570): Verbose [GENERAL | xrEnumerateInstanceExtensionProperties | OpenXR-Loader] : Entering loader trampoline
03-27 01:49:52.148 I/[CT]    ( 3817): HandPoseSampler: Filter reset
03-27 01:49:52.148 I/@@@     ( 2582): removegraphicbuffers: SUCCESS posting result to queue
03-27 01:49:52.148 I/InputDevice_Hand( 3817): HANDTRACKING ADMIRE hand 0: hpm=1 -> shared=0
03-27 01:49:52.148 V/OpenXR-Loader(31570): Verbose [GENERAL | xrEnumerateInstanceExtensionProperties | OpenXR-Loader] : Completed loader trampoline
03-27 01:49:52.148 I/[CT]    ( 3817): HandPoseSampler: Filter reset
03-27 01:49:52.148 I/InputDevice_Hand( 3817): HANDTRACKING ADMIRE hand 1: hpm=1 -> shared=0
03-27 01:49:52.148 V/OpenXR-Loader(31570): Verbose [GENERAL | xrCreateInstance | OpenXR-Loader] : Entering loader trampoline
03-27 01:49:52.148 V/OpenXR-Loader(31570): Verbose [GENERAL | xrCreateInstance | OpenXR-Loader] : Entering LoaderInstance::CreateInstance
03-27 01:49:52.148 V/OpenXR-Loader(31570): Verbose [GENERAL | xrCreateInstance | OpenXR-Loader] : Entering loader terminator
03-27 01:49:52.148 I/OpenXR  (31570): ----------- xrCreateInstance [start] ----------
03-27 01:49:52.148 I/OpenXR_ClientState(31570): OpenXRClientState::create - from xrCreateInstance
03-27 01:49:52.148 I/VersionGater(31570): App OpenXR version is 1.1.54
03-27 01:49:52.148 I/VersionGater(31570): Version gate state: 1111 1111 1111 1111 1111 1111 10
03-27 01:49:52.150 D/.editor.v4.meta(31379): PlayerBase::pause() from IPlayer
03-27 01:49:52.152 I/TREX    (31570): Initializing TREX for client 372c1211dfacb565...
03-27 01:49:52.152 I/TREX    (31570): Initializing system...
03-27 01:49:52.152 I/XrRuntimeSystem_Client(31570): BodyPoweredHands checkSysPropForBodyAPIOverride 0
03-27 01:49:52.152 W/libc    (31570): Access denied finding property "ro.device.feature.tracking.inside_out_body_tracking.disabled"
03-27 01:49:52.152 I/XrRuntimeSystem_Client(31570): SP plugin: permissionMatch 1, skipSysProp 0. shouldLoad 1
03-27 01:49:52.152 I/TREXLoadPolicy(31570): RenderModelPlugin: all features matched!
03-27 01:49:52.152 I/TREXLoadPolicy(31570): RenderModelPlugin: all permissions matched!
03-27 01:49:52.152 I/TREX    (31570): Created plugin package context for com.oculus.systemdriver
03-27 01:49:52.153 I/RuntimeIPCSystem [RUNTIMEIPC](31570): RuntimeIPCSystem: Init called: Version: 84, Platform: Android, Build Date: Mar 21 2026, Build Time: 20:32:36, BuildMode: shared
03-27 01:49:52.153 I/RuntimeIpcHelperService( 1539): Going to start ComponentInfo{com.oculus.systemdriver/com.oculus.vrruntimeservice.VrRuntimeService} as foreground, Calling uid: 10200 pid: 31570
03-27 01:49:52.155 I/RipcServerClientHandler [RUNTIMEIPC]( 2582): Event buffer size (server): 8192
03-27 01:49:52.156 I/RipcServerMgr [RUNTIMEIPC]( 2582): HandleClientConnect SUCCESS: Client: org.godotengine.editor.v4.meta:org.godotengine.editor.v4.meta:GodotXRGame:31570:, Server: com.oculus.systemdriver:com.oculus.vrruntimeservice (RenderModelServer)
03-27 01:49:52.156 I/RipcClient [RUNTIMEIPC](31570): Event buffer size (client): 8192
03-27 01:49:52.156 I/RipcClient [RUNTIMEIPC](31570): TryToGetIPCResourcesFromServer: RPC_CONNECTOR_CONNECT_TO_SERVER SUCCESS: Client: org.godotengine.editor.v4.meta:org.godotengine.editor.v4.meta:GodotXRGame:31570, Server: com.oculus.systemdriver:com.oculus.vrruntimeservice:0 (RenderModelServer), Version: 84, Platform: Android, Build Date: Mar 21 2026, Build Time: 20:32:36, BuildMode: shared
03-27 01:49:52.156 I/RipcClient [RUNTIMEIPC](31570): EnsureServerConnection: SUCCESS. Client: org.godotengine.editor.v4.meta:org.godotengine.editor.v4.meta:GodotXRGame:31570, Server: com.oculus.systemdriver:com.oculus.vrruntimeservice:0 (RenderModelServer)
03-27 01:49:52.156 I/RipcClient [RUNTIMEIPC](31570): [RIPC_CONNECT_LOG] ConnectToServer: SUCCESS: Client: org.godotengine.editor.v4.meta:org.godotengine.editor.v4.meta:GodotXRGame:31570, Server: com.oculus.systemdriver:com.oculus.vrruntimeservice:0 (RenderModelServer)
03-27 01:49:52.156 D/MemoryBrokerClient(31570): memorybroker::ClientConnection ctor
03-27 01:49:52.157 W/GkCacheQuerierClient(31570): getGkValue: Query result for 'oculus_xrruntime:oculus_trex_insightsdk_killsw' not successful: 4
03-27 01:49:52.157 W/GkCacheQuerierClient(31570): getGkValue: Query result for 'oculus_xrruntime_sessionless:oculus_trex_insightsdk_killsw' not successful: 4
03-27 01:49:52.157 W/libc    (31570): Access denied finding property "ro.vendor.hw.device_config"
03-27 01:49:52.157 W/libc    (31570): Access denied finding property "ro.vendor.product.model_extended"
03-27 01:49:52.157 I/TREX    (31570): PTINC: API=vrruntime
03-27 01:49:52.157 I/TREXLoadPolicy(31570): InsightMrPassthrough: all features matched!
03-27 01:49:52.157 I/TREX    (31570): Created plugin package context for com.oculus.systemdriver
03-27 01:49:52.158 I/[CT]    (31570): MIXEDREALITY: TREX-MRPT: Passthrough API in VrRuntime enabled.
03-27 01:49:52.158 W/GkCacheQuerierClient(31570): getGkValue: Query result for 'oculus_xrruntime:oculus_trex_insightsdk_killsw' not successful: 4
03-27 01:49:52.158 W/GkCacheQuerierClient(31570): getGkValue: Query result for 'oculus_xrruntime_sessionless:oculus_trex_insightsdk_killsw' not successful: 4
03-27 01:49:52.158 I/TREXLoadPolicy(31570): Plugin ':': GK killswitch is enabled! Plugin will be skipped!
03-27 01:49:52.158 I/TREX    (31570): Created plugin package context for com.oculus.systemdriver
03-27 01:49:52.158 I/RuntimeIPCSystem [RUNTIMEIPC](31570): RuntimeIPCSystem: Init called: Version: 84, Platform: Android, Build Date: Mar 21 2026, Build Time: 20:32:36, BuildMode: shared
03-27 01:49:52.158 D/TelemetryService( 1142): PathwayGuard: from OSSDK/NDK is not allowed to send oculus_trex_plugin_load_succeeded; dropping; Please use the Statsd approach https://www.internalfb.com/intern/wiki/HzOS_Systems/HzOS_Systems_Performance_and_Reliability/VROS_System_Insights/VROS_Telemetry/XFN/Statsd/
03-27 01:49:52.158 D/TelemetryService( 1142): Reported oculus_telemetry_blocked_ossdk_events breach event
03-27 01:49:52.158 D/TelemetryService( 1142): PathwayGuard: from OSSDK/NDK is not allowed to send oculus_trex_plugin_load_succeeded; dropping; Please use the Statsd approach https://www.internalfb.com/intern/wiki/HzOS_Systems/HzOS_Systems_Performance_and_Reliability/VROS_System_Insights/VROS_Telemetry/XFN/Statsd/
03-27 01:49:52.158 D/TelemetryService( 1142): Reported oculus_telemetry_blocked_ossdk_events breach event
03-27 01:49:52.158 W/SurfaceFlinger( 1347): couldn't log to binary event log: overflow.
03-27 01:49:52.159 I/RuntimeIpcHelperService( 1539): Going to start ComponentInfo{com.oculus.systemdriver/com.oculus.vrruntimeservice.VrRuntimeService} as foreground, Calling uid: 10200 pid: 31570
03-27 01:49:52.160 I/[CT]    ( 3817): HandPoseSampler: Filter reset
03-27 01:49:52.160 I/InputDevice_Hand( 3817): HANDTRACKING ADMIRE hand 0: hpm=1 -> shared=0
03-27 01:49:52.160 I/[CT]    ( 3817): HandPoseSampler: Filter reset
03-27 01:49:52.160 I/InputDevice_Hand( 3817): HANDTRACKING ADMIRE hand 1: hpm=1 -> shared=0
03-27 01:49:52.160 I/RipcServerClientHandler [RUNTIMEIPC]( 2582): Event buffer size (server): 8192
03-27 01:49:52.168 I/RipcServerMgr [RUNTIMEIPC]( 2582): HandleClientConnect SUCCESS: Client: org.godotengine.editor.v4.meta:org.godotengine.editor.v4.meta:GodotXRGame:31570:, Server: com.oculus.systemdriver:com.oculus.vrruntimeservice (HapticsServer)
03-27 01:49:52.168 I/RipcClient [RUNTIMEIPC](31570): Event buffer size (client): 8192
03-27 01:49:52.168 I/RipcClient [RUNTIMEIPC](31570): TryToGetIPCResourcesFromServer: RPC_CONNECTOR_CONNECT_TO_SERVER SUCCESS: Client: org.godotengine.editor.v4.meta:org.godotengine.editor.v4.meta:GodotXRGame:31570, Server: com.oculus.systemdriver:com.oculus.vrruntimeservice:0 (HapticsServer), Version: 84, Platform: Android, Build Date: Mar 21 2026, Build Time: 20:32:36, BuildMode: shared
03-27 01:49:52.168 I/RipcClient [RUNTIMEIPC](31570): EnsureServerConnection: SUCCESS. Client: org.godotengine.editor.v4.meta:org.godotengine.editor.v4.meta:GodotXRGame:31570, Server: com.oculus.systemdriver:com.oculus.vrruntimeservice:0 (HapticsServer)
03-27 01:49:52.168 I/RipcClient [RUNTIMEIPC](31570): [RIPC_CONNECT_LOG] ConnectToServer: SUCCESS: Client: org.godotengine.editor.v4.meta:org.godotengine.editor.v4.meta:GodotXRGame:31570, Server: com.oculus.systemdriver:com.oculus.vrruntimeservice:0 (HapticsServer)
03-27 01:49:52.168 I/TREX    (31570): Loading EMGSDK Client Plugin
03-27 01:49:52.168 I/TREX    (31570): Created plugin package context for com.oculus.systemdriver
03-27 01:49:52.168 I/RuntimeIPCSystem [RUNTIMEIPC](31570): RuntimeIPCSystem: Init called: Version: 84, Platform: Android, Build Date: Mar 21 2026, Build Time: 20:32:36, BuildMode: shared
03-27 01:49:52.169 D/TelemetryService( 1142): PathwayGuard: from OSSDK/NDK is not allowed to send oculus_trex_plugin_load_succeeded; dropping; Please use the Statsd approach https://www.internalfb.com/intern/wiki/HzOS_Systems/HzOS_Systems_Performance_and_Reliability/VROS_System_Insights/VROS_Telemetry/XFN/Statsd/
03-27 01:49:52.169 D/TelemetryService( 1142): Reported oculus_telemetry_blocked_ossdk_events breach event
03-27 01:49:52.169 I/RuntimeIpcHelperService( 1539): Going to start ComponentInfo{com.oculus.systemdriver/com.oculus.vrruntimeservice.VrRuntimeService} as foreground, Calling uid: 10200 pid: 31570
03-27 01:49:52.172 I/[CT]    ( 3817): HandPoseSampler: Filter reset
03-27 01:49:52.172 I/InputDevice_Hand( 3817): HANDTRACKING ADMIRE hand 0: hpm=1 -> shared=0
03-27 01:49:52.172 I/[CT]    ( 3817): HandPoseSampler: Filter reset
03-27 01:49:52.172 I/InputDevice_Hand( 3817): HANDTRACKING ADMIRE hand 1: hpm=1 -> shared=0
03-27 01:49:52.173 I/VD628x  (  920): Flicker results: freq 100.000000, max 999.886963, dcr 8.676664, pct 0.706832, idx 0.139213, conf 0.982791, snr 17.652878, svm 0.259495, sus 1
03-27 01:49:52.173 I/RuntimeIpcHelperService( 1539): Going to start ComponentInfo{com.oculus.systemdriver/com.oculus.vrruntimeservice.VrRuntimeService} as foreground, Calling uid: 10200 pid: 31570
03-27 01:49:52.174 I/RipcServerClientHandler [RUNTIMEIPC]( 2582): Event buffer size (server): 8192
03-27 01:49:52.174 I/EpsMixer(  957): [13] setTrackEnabled(0) session(1857) track (243)
03-27 01:49:52.175 I/RipcServerMgr [RUNTIMEIPC]( 2582): HandleClientConnect SUCCESS: Client: org.godotengine.editor.v4.meta:org.godotengine.editor.v4.meta:GodotXRGame:31570:, Server: com.oculus.systemdriver:com.oculus.vrruntimeservice (HandInputDataServer)
03-27 01:49:52.175 I/TrexHandInputDataServerPlugin( 2582): HandInputDataServerRIPC: onClientConnected. 2197360175 name: org.godotengine.editor.v4.meta  process: org.godotengine.editor.v4.meta:GodotXRGame:31570
03-27 01:49:52.175 W/RipcServerMgr [RUNTIMEIPC]( 2582): GetConnectedClient: ClientId invalid: 0
03-27 01:49:52.175 W/RipcServerMgr [RUNTIMEIPC]( 2582): EnableServerStateGroup: GetConnectedClient FAILED: 6, 0
03-27 01:49:52.175 W/RipcServerMgr [RUNTIMEIPC]( 2582): GetConnectedClient: ClientId invalid: 0
03-27 01:49:52.175 W/RipcServerMgr [RUNTIMEIPC]( 2582): EnableServerStateGroup: GetConnectedClient FAILED: 6, 0
03-27 01:49:52.175 W/RipcServerMgr [RUNTIMEIPC]( 2582): GetConnectedClient: ClientId invalid: 0
03-27 01:49:52.175 W/RipcServerMgr [RUNTIMEIPC]( 2582): EnableServerStateGroup: GetConnectedClient FAILED: 6, 0
03-27 01:49:52.175 W/RipcServerMgr [RUNTIMEIPC]( 2582): GetConnectedClient: ClientId invalid: 0
03-27 01:49:52.175 W/RipcServerMgr [RUNTIMEIPC]( 2582): EnableServerStateGroup: GetConnectedClient FAILED: 6, 0
03-27 01:49:52.175 I/RipcClient [RUNTIMEIPC](31570): Event buffer size (client): 8192
03-27 01:49:52.175 I/RipcClient [RUNTIMEIPC](31570): TryToGetIPCResourcesFromServer: RPC_CONNECTOR_CONNECT_TO_SERVER SUCCESS: Client: org.godotengine.editor.v4.meta:org.godotengine.editor.v4.meta:GodotXRGame:31570, Server: com.oculus.systemdriver:com.oculus.vrruntimeservice:0 (HandInputDataServer), Version: 84, Platform: Android, Build Date: Mar 21 2026, Build Time: 20:32:36, BuildMode: shared
