03-27 01:49:51.889 W/JIT_JITEducationService( 5230): 	at android.os.Looper.loopOnce(Looper.java:218)
03-27 01:49:51.889 W/JIT_JITEducationService( 5230): 	at android.os.Looper.loop(Looper.java:310)
03-27 01:49:51.889 W/JIT_JITEducationService( 5230): 	at android.app.ActivityThread.main(ActivityThread.java:8297)
03-27 01:49:51.889 W/JIT_JITEducationService( 5230): 	at java.lang.reflect.Method.invoke(Native Method)
03-27 01:49:51.889 W/JIT_JITEducationService( 5230): 	at com.android.internal.os.RuntimeInit$MethodAndArgsCaller.run(RuntimeInit.java:552)
03-27 01:49:51.889 W/JIT_JITEducationService( 5230): 	at com.android.internal.os.ZygoteInit.main(ZygoteInit.java:978)
03-27 01:49:51.889 I/Shell   ( 3817): EnvironmentSystem: Unregistering HSR template for asset 30490662667199654:6381287006332705820:2719744159
03-27 01:49:51.889 I/VrRuntimeService( 2582): CreateSwapChain: 3238041430
03-27 01:49:51.889 I/VrRuntimeService( 2582): CreateSwapChain: api:vk 2 0x2b 1024 1024 1 3 2 4 3
03-27 01:49:51.891 I/@@@     ( 2582): surface: SUCCESS posting result to queue
03-27 01:49:51.891 V/CompositorServer( 2582): CreateTextureSwapChain: result importswapchainfromdevice 1
03-27 01:49:51.892 V/SwapChain_Vulkan_Memory_Export( 3817): Imported texture has requirements 3, ends up index 0
03-27 01:49:51.892 V/SwapChain_Vulkan_Memory_Export( 3817): Imported texture has requirements 3, ends up index 0
03-27 01:49:51.892 V/SwapChain_Vulkan_Memory_Export( 3817): Imported texture has requirements 3, ends up index 0
03-27 01:49:51.893 V/OpenXR_GPUMemTrace( 3817): Swapchain creation, id=551, idx=0, width: 1024, height: 1024, array size: 2, MemoryAllocationSize: 8229 KB
03-27 01:49:51.893 V/OpenXR_GPUMemTrace( 3817): Swapchain creation, id=551, idx=1, width: 1024, height: 1024, array size: 2, MemoryAllocationSize: 8229 KB
03-27 01:49:51.893 V/OpenXR_GPUMemTrace( 3817): Swapchain creation, id=551, idx=2, width: 1024, height: 1024, array size: 2, MemoryAllocationSize: 8229 KB
03-27 01:49:51.896 I/orchestrator( 1138): orchestrator_common::policy_manager: Enrolling policy: PolicyId { id: PerProcess { pid: 31570 }, factory_name: "CgroupV2TelemetryFactory" }
03-27 01:49:51.900 D/BufferQueueProducer(31379): Waiting for available buffer SurfaceView[org.godotengine.editor.v4.meta/org.godotengine.editor.GodotEditor]#1(BLAST Consumer)1 lastFrameNumber=1560
03-27 01:49:51.900 D/VrosSpatialAudio(31570): Immersive activity detected, skip VrosSpatialAudio init
03-27 01:49:51.907 I/TransitionsSignalController( 1539): Transitions state changed: true
03-27 01:49:51.907 I/ResourceProtectionService( 1539): Processing transitions state change: true
03-27 01:49:51.907 I/ResourceProtectionService( 1539): Clearing app flavor for VRShell
03-27 01:49:51.908 I/Shell   ( 3817): EnvironmentSystem: Unregistering HSR template for asset 18277155192449757554:9583363541873812509:2719744159
03-27 01:49:51.908 W/Shell   ( 3817): EnvironmentSystem: Deleting prefab 997209
03-27 01:49:51.910 W/PermissionsUtil(31570): Unable to identify permission com.oculus.permission.RENDER_MODEL
03-27 01:49:51.910 W/PermissionsUtil(31570): android.content.pm.PackageManager$NameNotFoundException: com.oculus.permission.RENDER_MODEL
03-27 01:49:51.910 W/PermissionsUtil(31570): 	at android.app.ApplicationPackageManager.getPermissionInfo(ApplicationPackageManager.java:433)
03-27 01:49:51.910 W/PermissionsUtil(31570): 	at org.godotengine.godot.utils.PermissionsUtil.getPermissionInfo(PermissionsUtil.java:309)
03-27 01:49:51.910 W/PermissionsUtil(31570): 	at org.godotengine.godot.utils.PermissionsUtil.requestPermissions(PermissionsUtil.java:120)
03-27 01:49:51.910 W/PermissionsUtil(31570): 	at org.godotengine.godot.utils.PermissionsUtil.requestPermissions(PermissionsUtil.java:83)
03-27 01:49:51.910 W/PermissionsUtil(31570): 	at org.godotengine.godot.utils.PermissionsUtil.requestManifestPermissions(PermissionsUtil.java:223)
03-27 01:49:51.910 W/PermissionsUtil(31570): 	at org.godotengine.editor.BaseGodotEditor.onCreate(BaseGodotEditor.kt:252)
03-27 01:49:51.910 W/PermissionsUtil(31570): 	at android.app.Activity.performCreate(Activity.java:8636)
03-27 01:49:51.910 W/PermissionsUtil(31570): 	at android.app.Activity.performCreate(Activity.java:8614)
03-27 01:49:51.910 W/PermissionsUtil(31570): 	at android.app.Instrumentation.callActivityOnCreate(Instrumentation.java:1456)
03-27 01:49:51.910 W/PermissionsUtil(31570): 	at android.app.ActivityThread.performLaunchActivity(ActivityThread.java:3821)
03-27 01:49:51.910 W/PermissionsUtil(31570): 	at android.app.ActivityThread.handleLaunchActivity(ActivityThread.java:3979)
03-27 01:49:51.910 W/PermissionsUtil(31570): 	at android.app.servertransaction.LaunchActivityItem.execute(LaunchActivityItem.java:106)
03-27 01:49:51.910 W/PermissionsUtil(31570): 	at android.app.servertransaction.TransactionExecutor.executeCallbacks(TransactionExecutor.java:139)
03-27 01:49:51.910 W/PermissionsUtil(31570): 	at android.app.servertransaction.TransactionExecutor.execute(TransactionExecutor.java:96)
03-27 01:49:51.910 W/PermissionsUtil(31570): 	at android.app.ActivityThread$H.handleMessage(ActivityThread.java:2485)
03-27 01:49:51.910 W/PermissionsUtil(31570): 	at android.os.Handler.dispatchMessage(Handler.java:106)
03-27 01:49:51.910 W/PermissionsUtil(31570): 	at android.os.Looper.loopOnce(Looper.java:218)
03-27 01:49:51.910 W/PermissionsUtil(31570): 	at android.os.Looper.loop(Looper.java:310)
03-27 01:49:51.910 W/PermissionsUtil(31570): 	at android.app.ActivityThread.main(ActivityThread.java:8297)
03-27 01:49:51.910 W/PermissionsUtil(31570): 	at java.lang.reflect.Method.invoke(Native Method)
03-27 01:49:51.910 W/PermissionsUtil(31570): 	at com.android.internal.os.RuntimeInit$MethodAndArgsCaller.run(RuntimeInit.java:552)
03-27 01:49:51.910 W/PermissionsUtil(31570): 	at com.android.internal.os.ZygoteInit.main(ZygoteInit.java:978)
03-27 01:49:51.910 D/BufferQueueProducer(31379): Waiting for available buffer SurfaceView[org.godotengine.editor.v4.meta/org.godotengine.editor.GodotEditor]#1(BLAST Consumer)1 lastFrameNumber=1561
03-27 01:49:51.911 W/PermissionsUtil(31570): Unable to identify permission org.khronos.openxr.permission.OPENXR
03-27 01:49:51.911 W/PermissionsUtil(31570): android.content.pm.PackageManager$NameNotFoundException: org.khronos.openxr.permission.OPENXR
03-27 01:49:51.911 W/PermissionsUtil(31570): 	at android.app.ApplicationPackageManager.getPermissionInfo(ApplicationPackageManager.java:433)
03-27 01:49:51.911 W/PermissionsUtil(31570): 	at org.godotengine.godot.utils.PermissionsUtil.getPermissionInfo(PermissionsUtil.java:309)
03-27 01:49:51.911 W/PermissionsUtil(31570): 	at org.godotengine.godot.utils.PermissionsUtil.requestPermissions(PermissionsUtil.java:120)
03-27 01:49:51.911 W/PermissionsUtil(31570): 	at org.godotengine.godot.utils.PermissionsUtil.requestPermissions(PermissionsUtil.java:83)
03-27 01:49:51.911 W/PermissionsUtil(31570): 	at org.godotengine.godot.utils.PermissionsUtil.requestManifestPermissions(PermissionsUtil.java:223)
03-27 01:49:51.911 W/PermissionsUtil(31570): 	at org.godotengine.editor.BaseGodotEditor.onCreate(BaseGodotEditor.kt:252)
03-27 01:49:51.911 W/PermissionsUtil(31570): 	at android.app.Activity.performCreate(Activity.java:8636)
03-27 01:49:51.911 W/PermissionsUtil(31570): 	at android.app.Activity.performCreate(Activity.java:8614)
03-27 01:49:51.911 W/PermissionsUtil(31570): 	at android.app.Instrumentation.callActivityOnCreate(Instrumentation.java:1456)
03-27 01:49:51.911 W/PermissionsUtil(31570): 	at android.app.ActivityThread.performLaunchActivity(ActivityThread.java:3821)
03-27 01:49:51.911 W/PermissionsUtil(31570): 	at android.app.ActivityThread.handleLaunchActivity(ActivityThread.java:3979)
03-27 01:49:51.911 W/PermissionsUtil(31570): 	at android.app.servertransaction.LaunchActivityItem.execute(LaunchActivityItem.java:106)
03-27 01:49:51.911 W/PermissionsUtil(31570): 	at android.app.servertransaction.TransactionExecutor.executeCallbacks(TransactionExecutor.java:139)
03-27 01:49:51.911 W/PermissionsUtil(31570): 	at android.app.servertransaction.TransactionExecutor.execute(TransactionExecutor.java:96)
03-27 01:49:51.911 W/PermissionsUtil(31570): 	at android.app.ActivityThread$H.handleMessage(ActivityThread.java:2485)
03-27 01:49:51.911 W/PermissionsUtil(31570): 	at android.os.Handler.dispatchMessage(Handler.java:106)
03-27 01:49:51.911 W/PermissionsUtil(31570): 	at android.os.Looper.loopOnce(Looper.java:218)
03-27 01:49:51.911 W/PermissionsUtil(31570): 	at android.os.Looper.loop(Looper.java:310)
03-27 01:49:51.911 W/PermissionsUtil(31570): 	at android.app.ActivityThread.main(ActivityThread.java:8297)
03-27 01:49:51.911 W/PermissionsUtil(31570): 	at java.lang.reflect.Method.invoke(Native Method)
03-27 01:49:51.911 W/PermissionsUtil(31570): 	at com.android.internal.os.RuntimeInit$MethodAndArgsCaller.run(RuntimeInit.java:552)
03-27 01:49:51.911 W/PermissionsUtil(31570): 	at com.android.internal.os.ZygoteInit.main(ZygoteInit.java:978)
03-27 01:49:51.912 W/PermissionsUtil(31570): Unable to identify permission org.khronos.openxr.permission.OPENXR_SYSTEM
03-27 01:49:51.912 W/PermissionsUtil(31570): android.content.pm.PackageManager$NameNotFoundException: org.khronos.openxr.permission.OPENXR_SYSTEM
03-27 01:49:51.912 W/PermissionsUtil(31570): 	at android.app.ApplicationPackageManager.getPermissionInfo(ApplicationPackageManager.java:433)
03-27 01:49:51.912 W/PermissionsUtil(31570): 	at org.godotengine.godot.utils.PermissionsUtil.getPermissionInfo(PermissionsUtil.java:309)
03-27 01:49:51.912 W/PermissionsUtil(31570): 	at org.godotengine.godot.utils.PermissionsUtil.requestPermissions(PermissionsUtil.java:120)
03-27 01:49:51.912 W/PermissionsUtil(31570): 	at org.godotengine.godot.utils.PermissionsUtil.requestPermissions(PermissionsUtil.java:83)
03-27 01:49:51.912 W/PermissionsUtil(31570): 	at org.godotengine.godot.utils.PermissionsUtil.requestManifestPermissions(PermissionsUtil.java:223)
03-27 01:49:51.912 W/PermissionsUtil(31570): 	at org.godotengine.editor.BaseGodotEditor.onCreate(BaseGodotEditor.kt:252)
03-27 01:49:51.912 W/PermissionsUtil(31570): 	at android.app.Activity.performCreate(Activity.java:8636)
03-27 01:49:51.912 W/PermissionsUtil(31570): 	at android.app.Activity.performCreate(Activity.java:8614)
03-27 01:49:51.912 W/PermissionsUtil(31570): 	at android.app.Instrumentation.callActivityOnCreate(Instrumentation.java:1456)
03-27 01:49:51.912 W/PermissionsUtil(31570): 	at android.app.ActivityThread.performLaunchActivity(ActivityThread.java:3821)
03-27 01:49:51.912 W/PermissionsUtil(31570): 	at android.app.ActivityThread.handleLaunchActivity(ActivityThread.java:3979)
03-27 01:49:51.912 W/PermissionsUtil(31570): 	at android.app.servertransaction.LaunchActivityItem.execute(LaunchActivityItem.java:106)
03-27 01:49:51.912 W/PermissionsUtil(31570): 	at android.app.servertransaction.TransactionExecutor.executeCallbacks(TransactionExecutor.java:139)
03-27 01:49:51.912 W/PermissionsUtil(31570): 	at android.app.servertransaction.TransactionExecutor.execute(TransactionExecutor.java:96)
03-27 01:49:51.912 W/PermissionsUtil(31570): 	at android.app.ActivityThread$H.handleMessage(ActivityThread.java:2485)
03-27 01:49:51.912 W/PermissionsUtil(31570): 	at android.os.Handler.dispatchMessage(Handler.java:106)
03-27 01:49:51.912 W/PermissionsUtil(31570): 	at android.os.Looper.loopOnce(Looper.java:218)
03-27 01:49:51.912 W/PermissionsUtil(31570): 	at android.os.Looper.loop(Looper.java:310)
03-27 01:49:51.912 W/PermissionsUtil(31570): 	at android.app.ActivityThread.main(ActivityThread.java:8297)
03-27 01:49:51.912 W/PermissionsUtil(31570): 	at java.lang.reflect.Method.invoke(Native Method)
03-27 01:49:51.912 W/PermissionsUtil(31570): 	at com.android.internal.os.RuntimeInit$MethodAndArgsCaller.run(RuntimeInit.java:552)
03-27 01:49:51.912 W/PermissionsUtil(31570): 	at com.android.internal.os.ZygoteInit.main(ZygoteInit.java:978)
03-27 01:49:51.912 D/BaseGodotEditor(31570): Editor 777 connected!
03-27 01:49:51.913 V/EditorMessageDispatcher(31570): Registering self 1667 to host
03-27 01:49:51.913 D/BaseGodotEditor(31379): Editor 1667 connected!
03-27 01:49:51.914 D/GodotActivity(31570): Project command line parameters: []
03-27 01:49:51.914 D/GodotActivity(31570): Launch intent Intent { flg=0x10010100 cmp=org.godotengine.editor.v4.meta/org.godotengine.editor.GodotXRGame (has extras) } with parameters [--path, /storage/emulated/0/Projects/Lumax-Vulkan, --remote-debug, tcp://127.0.0.1:6007, --editor-pid, 31379, --position, 0,0, --scene, res://Nexus/Lumax_Core.tscn]
03-27 01:49:51.915 V/GodotActivity(31570): Creating new Godot fragment instance.
03-27 01:49:51.919 D/BufferQueueProducer(31379): Waiting for available buffer SurfaceView[org.godotengine.editor.v4.meta/org.godotengine.editor.GodotEditor]#1(BLAST Consumer)1 lastFrameNumber=1562
03-27 01:49:51.921 V/Godot   (31570): InitEngine with params: [--path, /storage/emulated/0/Projects/Lumax-Vulkan, --remote-debug, tcp://127.0.0.1:6007, --editor-pid, 31379, --position, 0,0, --scene, res://Nexus/Lumax_Core.tscn, --xr_mode_openxr, --xr-mode, on]
03-27 01:49:51.921 V/Godot   (31570): Initializing Godot plugin registry
03-27 01:49:51.921 I/GodotPluginRegistry(31570): Registering runtime plugin AndroidRuntime
03-27 01:49:51.921 I/GodotPluginRegistry(31570): Initializing Godot plugin GodotOpenXRHybridAppInternal
03-27 01:49:51.921 I/GodotPluginRegistry(31570): Completed initialization for Godot plugin GodotOpenXRHybridAppInternal
03-27 01:49:51.923 I/Shell   ( 3817): EnvironmentSystem: Scene loaded: <none>
03-27 01:49:51.923 I/Shell   ( 3817): [OnDemand] Unloading System: LocalHsrAvatarSystem
03-27 01:49:51.923 I/Shell   ( 3817): [OnDemand] Unloading System: PortalSystem
03-27 01:49:51.923 I/Shell   ( 3817): PortalSystem - Freeing assets
03-27 01:49:51.923 I/ShellHsr( 3817): Asset: Unregistering asset loader 'LooseFileAssetLoader' from asset context 0
03-27 01:49:51.924 I/ShellHsr( 3817): Asset: Unregistering asset loader 'LooseFileAssetLoader' from asset context 0
03-27 01:49:51.924 I/Shell   ( 3817): PortalSystem: Deleting template prefab: 997196
03-27 01:49:51.924 I/ShellHsr( 3817): Asset: Unregistering asset loader 'LooseFileAssetLoader' from asset context 0
03-27 01:49:51.924 I/Shell   ( 3817): PortalSystem: Deleting template prefab: 997206
03-27 01:49:51.924 I/ShellHsr( 3817): Asset: Unregistering asset loader 'LooseFileAssetLoader' from asset context 0
03-27 01:49:51.925 I/Shell   ( 3817): [OnDemand] Unloading System: CameraToolSystem
03-27 01:49:51.925 I/Shell   ( 3817): [OnDemand] Unloading System: EnvironmentEffectsSystem
03-27 01:49:51.925 I/Shell   ( 3817): [OnDemand] Unloading System: InitialSceneSystem
03-27 01:49:51.925 I/Shell   ( 3817): [OnDemand] Unloading System: HomeAvatarSystem
03-27 01:49:51.925 I/Shell   ( 3817): HomeAvatarSystem - destroy shared body
03-27 01:49:51.925 I/Shell   ( 3817): [OnDemand] Unloading System: HsrLocomotionSystem
03-27 01:49:51.927 I/Shell   ( 3817): [AvaCamSystem] Overlay mode, no avacam allowed
03-27 01:49:51.927 I/ShellHsr( 3817): Player: Destroyed local player with id: 2190056
03-27 01:49:51.927 I/Shell   ( 3817): [HsrVirtualCameraSystem] Run mode changed from 1 to 2
03-27 01:49:51.927 I/Shell   ( 3817): PassthroughFeatureRendererSystem::systemRunModeChanged 2
03-27 01:49:51.927 I/Shell   ( 3817): Clearing shader cache
03-27 01:49:51.927 I/Shell   ( 3817): UnifiedShellSystem systemRunModeChanged mode=2
03-27 01:49:51.927 I/Shell   ( 3817): OpenXRSystem - Eye tracking is allowed
03-27 01:49:51.927 I/Shell   ( 3817): OpenXRSystem - Face tracking is allowed
03-27 01:49:51.927 I/Shell   ( 3817): Dynamic fov disabled.
03-27 01:49:51.927 I/Shell   ( 3817): Lightprobe debug disabled.
03-27 01:49:51.927 I/Shell   ( 3817): Lightprobe sampling offset enabled.
03-27 01:49:51.927 I/Shell   ( 3817): Panel shading normal offset changed to 0.000000
03-27 01:49:51.927 I/Shell   ( 3817): Light probe wipe in delay changed to 0.800000
03-27 01:49:51.927 I/Shell   ( 3817): Light probe wipe out delay changed to 0.700000
03-27 01:49:51.927 W/Shell   ( 3817): OpenXRSystem: Environment depth provider already exists, ignoring
03-27 01:49:51.927 I/Shell   ( 3817): [AvaCamSystem] Background image setting to: Light
03-27 01:49:51.927 I/Shell   ( 3817): [AvaCamSystem] Relighting setting to: Neutral
03-27 01:49:51.927 D/BufferQueueProducer(31379): Waiting for available buffer SurfaceView[org.godotengine.editor.v4.meta/org.godotengine.editor.GodotEditor]#1(BLAST Consumer)1 lastFrameNumber=1563
03-27 01:49:51.927 I/Shell   ( 3817): [AvaCamSystem] update active render system
03-27 01:49:51.927 I/Shell   ( 3817): [HSRVirtualCameraSystem] Setting zoom level to 0.000000
03-27 01:49:51.927 I/Shell   ( 3817): Set Lens Visibility Mask: None
03-27 01:49:51.927 I/Shell   ( 3817): SpatialUnitSystem::SetDebugDrawEanbled: 0
03-27 01:49:51.927 I/Shell   ( 3817): HologramCallingSystem: setVisualizationMode(3)
03-27 01:49:51.928 I/ShellHsr( 3817): Telemetry: Setting SystemRunMode: Overlay
03-27 01:49:51.928 I/[SEO] AnchoringSystem( 3817): Detected transition: space MR Home to Empty isAnchoringActive 0
03-27 01:49:51.928 I/[SEO] PanelAnchoringExperience( 3817): Updating panel com.oculus.browser/com.oculus.browser.BrowserActivity visibility to false
03-27 01:49:51.928 I/[SEO] PanelAnchoringExperience( 3817): Removing panel com.oculus.browser/com.oculus.browser.BrowserActivity from monitors
03-27 01:49:51.928 I/[SEO] VrShellDesktopBase( 3817): No recall for spatialized apps
03-27 01:49:51.928 I/OpenXR_Anchor( 3817): xrQuerySpacesFB: split anchor query enabled
03-27 01:49:51.928 I/Shell   ( 3817): ImmersiveTransitionSystem: Process start request for org.godotengine.editor.v4.meta
03-27 01:49:51.928 I/[CT]    ( 3759): SP:AP:AnchorPersistenceRuntimeIpcServer: checkRPC start: sessionUuid:e8b4f71a-e29f-9eec-848a-c1dd71d2993d, clientId:1395276349, givenPackageName:com.oculus.vrshell
03-27 01:49:51.928 I/[CT]    ( 3759): SP:AP:AnchorPersistenceRuntimeIpcServer: checkPackageAccess - detectedPackageName:com.oculus.vrshell, detectedProcessName:com.oculus.vrshell, givenPackageName:com.oculus.vrshell
03-27 01:49:51.928 I/[CT]    ( 3759): SP:AP:AnchorPersistenceRuntimeIpcServer: checkRPC package name matches: sessionUuid:e8b4f71a-e29f-9eec-848a-c1dd71d2993d, clientId:1395276349, givenPackageName:com.oculus.vrshell, detectedPackageName:com.oculus.vrshell, detectedProcessName:com.oculus.vrshell
03-27 01:49:51.928 I/[CT]    ( 3759): SP:AP:AnchorPersistenceRuntimeIpcServer: queryAvailableAnchorsSMV2: clientId: 1395276349, maxAnchors: 500, filter: 0, queryMultipleRoomsEnabledByOpenXrVersion: true, source: 1, appId: com.oculus.vrshell
03-27 01:49:51.928 I/[CT]    ( 3759): SP:AP:AnchorPersistenceConfig: getSceneRuntimePermissionEnabled: USE_SCENE permission is enabled on this device
03-27 01:49:51.928 I/[CT]    ( 3759): SP:AP:AnchorPersistenceScenePermissions: hasClientGrantedScenePermission: USE_SCENE permission is enabled on this device, check client 1395276349, grant is true
03-27 01:49:51.928 I/[CT]    ( 3759): SP:AP:AnchorPersistenceConfig: getSceneRuntimePermissionEnabled: USE_SCENE permission is enabled on this device
03-27 01:49:51.929 I/[CT]    ( 3759): SP:SceneAnchorFilterUtil: filterSceneDataByPermission: com.oculus.vrshell permission check passed, keep scene data. anchors size: 0
03-27 01:49:51.929 I/Shell   ( 3817): TransitionAssetManager: Splash logo found for package: org.godotengine.editor.v4.meta
03-27 01:49:51.931 I/Shell   ( 3817): TransitionAssetManager: Successfully loaded splash logo texture (800x600)
03-27 01:49:51.931 I/Shell   ( 3817): ImmersiveTransitionSystem : immersive transition event: init=2e+12  sh=CTIN,CTTI,CTTI,CTTI,CTIS,ENTR,CTTO,CTIA,BETR,CTIN,CTTI,CTIS,CTTO,CTIA,BETR,CTIN  sct=00b42ac9,00b42add,00b42ae8,00b42af2,00b42d53,00b43c9a,00b43ca4,00b44285,00c7bebe,00c7bf2e,00c7bf52,00c7c1ae,00c7c1ba,00c7c7a6,00c8a665,00c8a69d,
03-27 01:49:51.932 I/Shell   ( 3817): ImmersiveTransitionSystem: Creating rendering with size 1680 x 1760
03-27 01:49:51.932 I/Shell   ( 3817): OpenXRSystem::createSwapchain: 396: texture, 1680x1760, 2 view(s),  1 mip(s), 3 buffer(s)
03-27 01:49:51.932 I/VrRuntimeService( 2582): CreateSwapChain: 3238041430
03-27 01:49:51.932 I/VrRuntimeService( 2582): CreateSwapChain: api:vk 2 0x2b 1680 1760 1 3 2 4 3
03-27 01:49:51.934 I/@@@     ( 2582): surface: SUCCESS posting result to queue
03-27 01:49:51.934 V/CompositorServer( 2582): CreateTextureSwapChain: result importswapchainfromdevice 1
03-27 01:49:51.934 V/SwapChain_Vulkan_Memory_Export( 3817): Imported texture has requirements 3, ends up index 0
03-27 01:49:51.935 V/SwapChain_Vulkan_Memory_Export( 3817): Imported texture has requirements 3, ends up index 0
03-27 01:49:51.935 V/SwapChain_Vulkan_Memory_Export( 3817): Imported texture has requirements 3, ends up index 0
03-27 01:49:51.935 V/OpenXR_GPUMemTrace( 3817): Swapchain creation, id=552, idx=0, width: 1680, height: 1760, array size: 2, MemoryAllocationSize: 23877 KB
03-27 01:49:51.935 V/OpenXR_GPUMemTrace( 3817): Swapchain creation, id=552, idx=1, width: 1680, height: 1760, array size: 2, MemoryAllocationSize: 23877 KB
03-27 01:49:51.935 V/OpenXR_GPUMemTrace( 3817): Swapchain creation, id=552, idx=2, width: 1680, height: 1760, array size: 2, MemoryAllocationSize: 23877 KB
03-27 01:49:51.935 I/Shell   ( 3817): ImmersiveTransitionSystem::_recreateRenderingLayer: renderSurfaceSystem=0x0000007b50f67200  targetLayer_=-1  newTargetLayer=55
03-27 01:49:51.935 I/Shell   ( 3817): HsrSoundSystem::playEventSound2D for GUID a72956c8-4d69-4682-9e95-8c754c611506 with event name transitionEnterPathway
03-27 01:49:51.935 I/Shell   ( 3817): TransitionAudioManager: Playing pathway event transitionEnterPathway with ID transitionEnterPathway
03-27 01:49:51.935 I/Shell   ( 3817): HsrSoundSystem::playEventSound2D for GUID 8b02cdbf-c432-4953-9506-e10a03dc6c6d with event name transitionPathwayDark
03-27 01:49:51.935 I/Shell   ( 3817): TransitionAudioManager: Playing pathway event transitionPathwayDark with ID transitionPathwayDark
03-27 01:49:51.936 I/Shell   ( 3817): ImmersiveTransitionSystem: Changed state from Inactive to Initializing
03-27 01:49:51.936 I/Shell   ( 3817): ImmersiveTransitionSystem: Captured head pose at transition start
03-27 01:49:51.936 I/Shell   ( 3817): TrackedObjectsSystem::_setKeyboardRenderingEnabled: (type 0) false
03-27 01:49:51.936 I/Shell   ( 3817): TrackedObjectsSystem::_setInputSuppressionEnabled: (type 0) false
03-27 01:49:51.936 I/Shell   ( 3817): TrackedObjectsSystem::SetGtkTrackerEnabled: false, anchor engine: Anchora
03-27 01:49:51.936 I/OpenXR_DynamicObject( 3817): ------------ xrDestroyDynamicObjectTrackerMETA -----------
03-27 01:49:51.936 I/Shell   ( 3817): OpenXRSystem - Destroyed DynamicObjectTrackers
03-27 01:49:51.936 I/[SEO] AnchorManagementSystem( 3817): Setting anchor provider mr_dynamic_object active state to false
03-27 01:49:51.936 I/[CT]    ( 3817): SP:AF:SceneManagerTrackerRegistry: removeEnabledTrackerTypeForApiExtSuite: DYNAMIC_OBJECT tracker is disabled for META API.
03-27 01:49:51.936 I/[CT]    ( 3817): SP:AF:AnchorFramework: coroDestroyDynamicObjectTracker: Scene Manager enabled
03-27 01:49:51.936 I/[CT]    ( 3817): SP:SM:SceneManagerRuntimeIpcClient: setTrackerStatus: trackerType: SceneManagerTrackerType::DYNAMIC_OBJECT(5), trackerMode: TrackerMode::DISABLED(2), appId: com.oculus.vrshell
03-27 01:49:51.936 I/[CT]    ( 3759): SP:AP:AnchorPersistenceRuntimeIpcServer: checkRPC start: sessionUuid:e8b4f71a-e29f-9eec-848a-c1dd71d2993d, clientId:298959285, givenPackageName:com.oculus.vrshell
03-27 01:49:51.936 I/[CT]    ( 3759): SP:AP:AnchorPersistenceRuntimeIpcServer: checkPackageAccess - detectedPackageName:com.oculus.vrshell, detectedProcessName:com.oculus.vrshell, givenPackageName:com.oculus.vrshell
03-27 01:49:51.936 I/[CT]    ( 3759): SP:AP:AnchorPersistenceRuntimeIpcServer: checkRPC package name matches: sessionUuid:e8b4f71a-e29f-9eec-848a-c1dd71d2993d, clientId:298959285, givenPackageName:com.oculus.vrshell, detectedPackageName:com.oculus.vrshell, detectedProcessName:com.oculus.vrshell
03-27 01:49:51.936 I/[CT]    ( 3759): SP:AP:AnchorPersistenceRuntimeIpcServer: setTrackerStatusSM: clientId: 298959285, trackerType: SceneManagerTrackerType::DYNAMIC_OBJECT(5), trackerEnabled: false, appId: com.oculus.vrshell, planeApplicationType: PlaneDetectionApplication::Invalid(-1)
03-27 01:49:51.936 I/[CT]    ( 3759): SP:SM:SceneManager: setTrackerStatus: trackerType: SceneManagerTrackerType::DYNAMIC_OBJECT(5), trackerMode: TrackerMode::DISABLED(2), appId: com.oculus.vrshell
03-27 01:49:51.936 I/[CT]    ( 3759): SP:SM:SceneAnchorAggregator: setTrackerStatus: appId: com.oculus.vrshell, trackerType: SceneManagerTrackerType::DYNAMIC_OBJECT(5), trackerMode: TrackerMode::DISABLED(2)
03-27 01:49:51.936 I/[CT]    ( 3759): SP:SM:SceneAnchorAggregator: disableTrackerUpdates: trackerType: SceneManagerTrackerType::DYNAMIC_OBJECT(5)
03-27 01:49:51.936 I/[CT]    ( 3759): SP:SM:SceneAnchorAggregator: destroyTracker: trackerType: SceneManagerTrackerType::DYNAMIC_OBJECT(5)
03-27 01:49:51.936 I/DynamicObjectClient( 3759): Destroy Dynamic Object Tracker
03-27 01:49:51.938 V/Godot   (31570): Godot native layer initialization completed: true
03-27 01:49:51.938 I/ShellHsr( 3817): Config: ConfigChanged: horizon::avatars_core::AvatarsCoreConfig v64 (LocalConfigChange)
03-27 01:49:51.938 I/ShellHsr( 3817): Config: ConfigChanged: horizon::avatar::AvatarConfig v40 (LocalConfigChange)
03-27 01:49:51.939 I/DynamicObjectTrackingServer( 2582): destrying tracker at server side
03-27 01:49:51.940 I/Tracking(  894): KEYBOARD: ObjectTrackingEngine::stopTrackingKeyboard(): Requesting to stop tracking keyboard id = 1000043.
03-27 01:49:51.940 I/Tracking(  894): KEYBOARD: Stopped tracking keyboardId = 1000043.
03-27 01:49:51.940 I/TrackingFidelityService( 1184): Request(s)={keyboard:0,}
03-27 01:49:51.940 D/TrackingFidelityService( 1184): TrackingFidelitySharedMemory - setFeatureFidelity: 16 5
03-27 01:49:51.941 D/BufferQueueProducer(31379): Waiting for available buffer SurfaceView[org.godotengine.editor.v4.meta/org.godotengine.editor.GodotEditor]#1(BLAST Consumer)1 lastFrameNumber=1564
03-27 01:49:51.941 I/[SEO] PassthroughFeatureController( 3817): [ConfigureMrServiceClient] Disabling System Reconstructed Passthrough
03-27 01:49:51.941 I/OpenXR_Passthrough( 3817): ------------ xrPassthroughLayerPauseFB -----------
03-27 01:49:51.942 I/ShellHsr( 3817): Renderer: TextureManager async uploads: 1 submitted (0 with mip generation), 0 completed, 1 pending
03-27 01:49:51.942 I/TrackingFidelityService( 1184): Request(s)={keyboard:0,hands:0,scene_reconstruction:0,constellation:5,}, Mux mode idx=1, name=lowLightController, score=-7
03-27 01:49:51.942 I/[CT]    ( 2582): MIXEDREALITY: MrClientModelStates: setLayerPaused true layer 1003 for client 1395276349.
03-27 01:49:51.942 I/[CT]    ( 2582): MIXEDREALITY: MrSvc: PassthroughLayer: setPaused: Layer 1003 is being paused
03-27 01:49:51.942 I/TrackingFidelityService( 1184): beginTransition[worldTracking]: lowLightControllerObject(3)->lowLightController(1)
03-27 01:49:51.942 I/TrackingFidelityService( 1184): _applyMuxModeLockedInternal: Applying camera mux mode lowLightController via requestFeaturesWithFidelitiesLocked
03-27 01:49:51.942 I/[SEO] PassthroughFeatureController( 3817): [PausePassthroughSession] Passthrough type changed from PT_TYPE_SYSTEM_RECONSTRUCTED to PT_TYPE_PAUSED
03-27 01:49:51.942 I/SensorService(  922): [worldTracking] Setting camera mux mode to 1
03-27 01:49:51.942 I/SensorService(  922): updating CameraStream mux states
03-27 01:49:51.943 E/SensorService(  922): Error Notification does not match current mux state: ,  
03-27 01:49:51.943 I/VrSensors-HidlWrapper(  894): Sending mux states (multiple) update to client
03-27 01:49:51.943 D/SensorControl(  894): onMuxStateUpdate started for modeIdentifier[cameraSystemName[worldTracking]-modeId[1] ]
03-27 01:49:51.943 I/SensorDataTransforms(  894): [ExpCtl:exposure_control_worldTracking] Staging mux mode updates for {worldTracking: ind-1, seqId-99},
03-27 01:49:51.943 I/SensorDataTransforms(  894): [ExpCtl:exposure_control_worldTracking] Signaling start of the mode transition
03-27 01:49:51.943 I/SensorDataTransforms(  894): [ExpCtl:exposure_control_worldTracking] Mux mode updates successfully staged
03-27 01:49:51.943 D/SensorControl(  894): onMuxStateUpdate ended for modeIdentifier[cameraSystemName[worldTracking]-modeId[1] ]
03-27 01:49:51.943 W/culus.guidebook( 5230): Reducing the number of considered missed Gc histogram windows from 446 to 100
03-27 01:49:51.943 I/[CT]    ( 3817): HandPoseSampler: Filter reset
03-27 01:49:51.943 I/InputDevice_Hand( 3817): HANDTRACKING ADMIRE hand 0: hpm=1 -> shared=0
03-27 01:49:51.943 I/[CT]    ( 3817): HandPoseSampler: Filter reset
03-27 01:49:51.943 I/InputDevice_Hand( 3817): HANDTRACKING ADMIRE hand 1: hpm=1 -> shared=0
03-27 01:49:51.943 E/SensorService(  922): Error Notification does not match current mux state: ,  
03-27 01:49:51.943 I/VrSensors-HidlWrapper( 1160): Sending mux states (multiple) update to client
03-27 01:49:51.943 I/SensorDataTransforms( 1160): [MrStreamControl:mr_monochrome] Staging mux mode updates for {worldTracking: ind-1, seqId-99},
03-27 01:49:51.943 I/SensorDataTransforms( 1160): [MrStreamControl:mr_monochrome] Signaling start of the mode transition
03-27 01:49:51.943 I/SensorDataTransforms( 1160): [MrStreamControl:mr_monochrome] Mux mode updates successfully staged
03-27 01:49:51.943 E/SensorService(  922): Error Notification does not match current mux state: ,  
03-27 01:49:51.943 I/VrSensors-HidlWrapper(  894): Sending mux states (multiple) update to client
03-27 01:49:51.944 I/SensorDataTransforms(  894): [constellation:constellation] Staging mux mode updates for {worldTracking: ind-1, seqId-99},
03-27 01:49:51.944 I/SensorDataTransforms(  894): [constellation:constellation] Signaling start of the mode transition
03-27 01:49:51.944 I/TrackingService(  894): [constellation:constellation] Start configuration update starting
03-27 01:49:51.944 I/TrackingService(  894): [constellation:constellation] Start configuration update done
03-27 01:49:51.944 I/SensorDataTransforms(  894): [constellation:constellation] Mux mode updates successfully staged
03-27 01:49:51.944 D/TrackingService(  894): [constellation:constellation]Queue mux mode update notification: lowLightController
03-27 01:49:51.944 D/TrackingService(  894): [constellation]start onMuxStateUpdate. ModeId: lowLightControllerObject -> lowLightController
03-27 01:49:51.944 D/TrackingService(  894): [constellation][constellation]handleMuxModeNotification started for muxMode[worldTracking: lowLightController]
03-27 01:49:51.944 D/TrackingService(  894): [constellation][constellation]handleMuxModeNotification finished for muxMode[worldTracking: lowLightController]
03-27 01:49:51.944 D/TrackingService(  894): [constellation]end onMuxStateUpdate. ModeId: lowLightControllerObject -> lowLightController
03-27 01:49:51.944 I/TrackingService(  894): [     constellation:constellation] Mux Mode Transition from sensor service: lowLightControllerObject -> lowLightController transition time: 0 ms
03-27 01:49:51.944 E/SensorService(  922): Error Notification does not match current mux state: ,  
03-27 01:49:51.944 I/VrSensors-HidlWrapper(  894): Sending mux states (multiple) update to client
03-27 01:49:51.944 I/SensorDataTransforms(  894): [constellation:ambient_controller] Staging mux mode updates for {worldTracking: ind-1, seqId-99},
03-27 01:49:51.944 I/SensorDataTransforms(  894): [constellation:ambient_controller] Signaling start of the mode transition
03-27 01:49:51.944 I/TrackingService(  894): [constellation:ambient_controller] Start configuration update starting
03-27 01:49:51.944 I/TrackingService(  894): [constellation:ambient_controller] Start configuration update done
03-27 01:49:51.944 I/SensorDataTransforms(  894): [constellation:ambient_controller] Mux mode updates successfully staged
03-27 01:49:51.944 D/TrackingService(  894): [constellation:ambient_controller]Queue mux mode update notification: lowLightController
03-27 01:49:51.944 E/SensorService(  922): Error Notification does not match current mux state: ,  
03-27 01:49:51.944 D/TrackingService(  894): [ambient_controller]start onMuxStateUpdate. ModeId: lowLightController -> lowLightController
03-27 01:49:51.944 D/TrackingService(  894): [constellation][ambient_controller]handleMuxModeNotification started for muxMode[worldTracking: lowLightController]
03-27 01:49:51.944 E/TrackingService(  894): Resetting MuxMode lowLightController which is already set
03-27 01:49:51.944 D/TrackingService(  894): [ambient_controller]end onMuxStateUpdate. ModeId: lowLightController -> lowLightController
03-27 01:49:51.944 I/TrackingService(  894): [constellation:ambient_controller] Mux Mode Transition from sensor service: lowLightController -> lowLightController transition time: 0 ms
03-27 01:49:51.944 I/VrSensors-HidlWrapper(  894): Sending mux states (multiple) update to client
03-27 01:49:51.944 I/SensorDataTransforms(  894): [object:object] Staging mux mode updates for {worldTracking: ind-1, seqId-99},
03-27 01:49:51.944 I/SensorDataTransforms(  894): [object:object] Signaling start of the mode transition
03-27 01:49:51.944 I/TrackingService(  894): [object:object] Start configuration update starting
03-27 01:49:51.944 I/TrackingService(  894): [object:object] Start configuration update done
03-27 01:49:51.944 I/SensorDataTransforms(  894): [object:object] Mux mode updates successfully staged
03-27 01:49:51.944 D/TrackingService(  894): [object:object]Queue mux mode update notification: lowLightController
03-27 01:49:51.944 D/TrackingService(  894): [object]start onMuxStateUpdate. ModeId: lowLightControllerObject -> lowLightController
03-27 01:49:51.944 D/TrackingService(  894): [object][object]handleMuxModeNotification started for muxMode[worldTracking: lowLightController]
03-27 01:49:51.944 E/SensorService(  922): Error Notification does not match current mux state: ,  
03-27 01:49:51.944 D/CameraStream(  922): [object] Client [Obj(894)] attempting stop
03-27 01:49:51.944 I/FrameSetDispatcher(  922): [{WT:RAW10}] Client pid=894 (Obj): Client thread stopping
03-27 01:49:51.945 I/VrSensors-HidlWrapper(  894): Sending mux states (multiple) update to client
03-27 01:49:51.945 I/SensorDataTransforms(  894): [iot:iot] Staging mux mode updates for {worldTracking: ind-1, seqId-99},
03-27 01:49:51.945 I/SensorDataTransforms(  894): [iot:iot] Signaling start of the mode transition
03-27 01:49:51.945 I/TrackingService(  894): [iot:iot] Start configuration update starting
03-27 01:49:51.945 I/TrackingService(  894): [iot:iot] Start configuration update done
03-27 01:49:51.945 I/SensorDataTransforms(  894): [iot:iot] Mux mode updates successfully staged
03-27 01:49:51.945 D/TrackingService(  894): [iot:iot]Queue mux mode update notification: lowLightController
03-27 01:49:51.945 D/TrackingService(  894): [iot]start onMuxStateUpdate. ModeId: lowLightControllerObject -> lowLightController
03-27 01:49:51.945 D/TrackingService(  894): [iot][iot]handleMuxModeNotification started for muxMode[worldTracking: lowLightController]
03-27 01:49:51.945 D/TrackingService(  894): [iot][iot]handleMuxModeNotification finished for muxMode[worldTracking: lowLightController]
03-27 01:49:51.945 D/TrackingService(  894): [iot]end onMuxStateUpdate. ModeId: lowLightControllerObject -> lowLightController
03-27 01:49:51.945 I/TrackingService(  894): [                         iot:iot] Mux Mode Transition from sensor service: lowLightControllerObject -> lowLightController transition time: 0 ms
03-27 01:49:51.945 E/SensorService(  922): Error Notification does not match current mux state: ,  
03-27 01:49:51.946 I/[SEO] PassthroughFeatureController( 3817): [LogShellEnvironmentAllowedState] isShellEnvironmentAllowed changed from 0 to 1, guardian allows shell env 1, shell allows shell env 1, transition in progress 0, transition percentage 0.000000
03-27 01:49:51.946 I/[SEO] GuardianController( 3817): ShouldAllowShellUi changed from [false] to [true]
03-27 01:49:51.946 I/[SEO] GuardianController( 3817): IsShellEnvironmentAllowed changed from [false] to [true]
03-27 01:49:51.946 I/VrSensors-HidlWrapper(  894): Sending mux states (multiple) update to client
03-27 01:49:51.946 I/SensorDataTransforms(  894): [hand:hand] Staging mux mode updates for {worldTracking: ind-1, seqId-99},
03-27 01:49:51.946 I/SensorDataTransforms(  894): [hand:hand] Mux mode updates successfully staged
03-27 01:49:51.946 D/TrackingService(  894): [hand:hand]Queue mux mode update notification: lowLightController
03-27 01:49:51.946 I/Shell   ( 3817): Unknown allocator id when attempting to remove resolve target (allocatorId:7AFBE13A18, resolveTarget: 0x0000007b48065c20).
03-27 01:49:51.946 I/Shell   ( 3817): Unknown allocator id when attempting to remove resolve target (allocatorId:7AFBE13A18, resolveTarget: 0x0000007b48065d70).
03-27 01:49:51.946 I/Shell   ( 3817): Unknown allocator id when attempting to remove resolve target (allocatorId:7AFBE13A18, resolveTarget: 0x0000007b48065de0).
03-27 01:49:51.946 I/ShellHsr( 3817): Renderer: MHE internal image wrapping external resource destroyed.  Vulkan image: 0x7af93be600  Format: R8G8B8A8Srgb  Dimensions: 1680x1760x1  Mip count: 1  Sample count: 1
03-27 01:49:51.946 I/ShellHsr( 3817): Renderer: MHE internal image wrapping external resource destroyed.  Vulkan image: 0x7af93beb00  Format: R8G8B8A8Srgb  Dimensions: 1680x1760x1  Mip count: 1  Sample count: 1
03-27 01:49:51.946 I/ShellHsr( 3817): Renderer: MHE internal image wrapping external resource destroyed.  Vulkan image: 0x7af9405500  Format: R8G8B8A8Srgb  Dimensions: 1680x1760x1  Mip count: 1  Sample count: 1
03-27 01:49:51.946 I/Shell   ( 3817): [OnDemand] Deleting system: EnvironmentSystem
03-27 01:49:51.946 D/TrackingService(  894): [hand]start onMuxStateUpdate. ModeId: lowLightControllerObject -> lowLightController
03-27 01:49:51.946 I/Shell   ( 3817): [OnDemand] Deleting system: LocalHsrAvatarSystem
03-27 01:49:51.946 D/TrackingService(  894): [HANDTRACKINGGLUE] handleMuxModeNotification
03-27 01:49:51.946 I/Shell   ( 3817): [OnDemand] Deleting system: PortalSystem
03-27 01:49:51.946 D/TrackingService(  894): [HANDTRACKINGGLUE] handleStateChange muxMode=lowLightController
03-27 01:49:51.946 I/Shell   ( 3817): [OnDemand] Deleting system: CameraToolSystem
03-27 01:49:51.946 D/TrackingService(  894): [HANDTRACKINGGLUE] suspendCapability
03-27 01:49:51.946 I/Shell   ( 3817): [OnDemand] Deleting system: EnvironmentEffectsSystem
03-27 01:49:51.946 I/Shell   ( 3817): [OnDemand] Deleting system: InitialSceneSystem
03-27 01:49:51.946 I/Shell   ( 3817): [OnDemand] Deleting system: HomeAvatarSystem
03-27 01:49:51.946 D/TrackingService(  894): [hand]end onMuxStateUpdate. ModeId: lowLightControllerObject -> lowLightController
03-27 01:49:51.946 I/Shell   ( 3817): [OnDemand] Deleting system: HsrLocomotionSystem
03-27 01:49:51.946 I/TrackingService(  894): [                       hand:hand] Mux Mode Transition from sensor service: lowLightControllerObject -> lowLightController transition time: 0 ms
03-27 01:49:51.946 I/CameraClientManager(  922): [Obj(894)][object] client stopped (estimated 0 started clients remaining)
03-27 01:49:51.946 I/CameraClientManager(  922): [[Obj(894)][object]] definitely stopping stream
03-27 01:49:51.946 E/SensorService(  922): Error Notification does not match current mux state: ,  
03-27 01:49:51.946 I/VrSensors-HidlWrapper( 1160): Sending mux states (multiple) update to client
03-27 01:49:51.946 I/SensorDataTransforms( 1160): [MrStreamControl:projector_assisted_depth] Staging mux mode updates for {worldTracking: ind-1, seqId-99},
03-27 01:49:51.947 I/SensorDataTransforms( 1160): [MrStreamControl:projector_assisted_depth] Mux mode updates successfully staged
03-27 01:49:51.947 I/SensorService(  922): ending update to CameraStream mux states
03-27 01:49:51.947 E/SensorService(  922): Error Notification does not match current mux state: ,  
03-27 01:49:51.947 I/VrSensors-HidlWrapper(  894): Sending mux states (multiple) update to client
03-27 01:49:51.947 I/FrameSetCollator(  922): [{WT(0,1):RAW10}] Updated frame set period to 20000000, with all camera system activeSlots [[T,T,T,F,]]
03-27 01:49:51.947 I/SensorDataTransforms(  894): [iobt:iobt] Staging mux mode updates for {worldTracking: ind-1, seqId-99},
03-27 01:49:51.947 I/FrameSetCollator(  922): [{WT:RAW10}] Updated frame set period to 20000000, with all camera system activeSlots [[T,T,T,F,]]
03-27 01:49:51.947 I/SensorDataTransforms(  894): [iobt:iobt] Mux mode updates successfully staged
03-27 01:49:51.947 I/FrameSetDispatcher(  922): [{WT(0,1):RAW10}] Client pid=1160 (MrSSCamS): [worldTracking] Updated CameraMuxMode: 1, Slots: 
03-27 01:49:51.947 D/TrackingService(  894): [iobt:iobt]Queue mux mode update notification: lowLightController
03-27 01:49:51.947 I/FrameSetDispatcher(  922): [{WT(0,1):RAW10}] Client pid=1160 (MrSSCamS): [worldTracking] Updated CameraMuxMode: 1, Slots: SLOT_0 SLOT_2 
03-27 01:49:51.947 I/FrameSetDispatcher(  922): [{WT(0,1):RAW10}] Latest MuxModeSettings: 1
03-27 01:49:51.947 I/FrameSetDispatcher(  922): [{WT(0,1):RAW10}] purpose: ambient_controller, slots: SLOT_0 SLOT_2 
03-27 01:49:51.947 I/FrameSetDispatcher(  922): [{WT(0,1):RAW10}] purpose: constellation, slots: SLOT_1 
03-27 01:49:51.947 I/FrameSetDispatcher(  922): [{WT(0,1):RAW10}] purpose: exposure_control_worldTracking, slots: SLOT_0 SLOT_1 SLOT_2 
03-27 01:49:51.947 I/FrameSetDispatcher(  922): [{WT(0,1):RAW10}] purpose: iobt, slots: SLOT_0 SLOT_2 
03-27 01:49:51.947 I/FrameSetDispatcher(  922): [{WT(0,1):RAW10}] purpose: mr_monochrome, slots: SLOT_0 SLOT_2 
03-27 01:49:51.947 I/FrameSetDispatcher(  922): [{WT(0,1):RAW10}] purpose: object, slots: 
03-27 01:49:51.947 I/FrameSetDispatcher(  922): [{WT(0,1):RAW10}] purpose: active_slots, slots: SLOT_0 SLOT_1 SLOT_2 
03-27 01:49:51.947 I/FrameSetDispatcher(  922): [{WT(0,1):RAW10}] purpose: hand, slots: 
03-27 01:49:51.947 I/FrameSetDispatcher(  922): [{WT(0,1):RAW10}] purpose: iot, slots: SLOT_0 SLOT_2 
03-27 01:49:51.947 I/FrameSetDispatcher(  922): [{WT(0,1):RAW10}] purpose: projector_assisted_depth, slots: 
03-27 01:49:51.947 I/FrameSetDispatcher(  922): [{WT:RAW10}] Client pid=894 (IOT): [worldTracking] Updated CameraMuxMode: 1, Slots: SLOT_0 SLOT_2 
03-27 01:49:51.947 I/FrameSetDispatcher(  922): [{WT:RAW10}] Client pid=894 (ExpCtl): [worldTracking] Updated CameraMuxMode: 1, Slots: SLOT_0 SLOT_1 SLOT_2 
03-27 01:49:51.947 I/FrameSetDispatcher(  922): [{WT:RAW10}] Client pid=894 (Cnst): [worldTracking] Updated CameraMuxMode: 1, Slots: SLOT_1 
03-27 01:49:51.947 D/TrackingService(  894): [iobt]start onMuxStateUpdate. ModeId: lowLightControllerObject -> lowLightController
03-27 01:49:51.947 I/FrameSetDispatcher(  922): [{WT:RAW10}] Client pid=894 (Cnst): [worldTracking] Updated CameraMuxMode: 1, Slots: SLOT_0 SLOT_2 
03-27 01:49:51.947 I/FrameSetDispatcher(  922): [{WT:RAW10}] Latest MuxModeSettings: 1
03-27 01:49:51.947 D/TrackingService(  894): [iobt][iobt]handleMuxModeNotification started for muxMode[worldTracking: lowLightController]
03-27 01:49:51.947 I/FrameSetDispatcher(  922): [{WT:RAW10}] purpose: ambient_controller, slots: SLOT_0 SLOT_2 
03-27 01:49:51.947 I/FrameSetDispatcher(  922): [{WT:RAW10}] purpose: constellation, slots: SLOT_1 
03-27 01:49:51.947 I/FrameSetDispatcher(  922): [{WT:RAW10}] purpose: exposure_control_worldTracking, slots: SLOT_0 SLOT_1 SLOT_2 
03-27 01:49:51.947 I/FrameSetDispatcher(  922): [{WT:RAW10}] purpose: iobt, slots: SLOT_0 SLOT_2 
03-27 01:49:51.947 I/FrameSetDispatcher(  922): [{WT:RAW10}] purpose: mr_monochrome, slots: SLOT_0 SLOT_2 
03-27 01:49:51.947 D/TrackingService(  894): [iobt][iobt]handleMuxModeNotification finished for muxMode[worldTracking: lowLightController]
03-27 01:49:51.947 I/FrameSetDispatcher(  922): [{WT:RAW10}] purpose: object, slots: 
03-27 01:49:51.947 D/TrackingService(  894): [iobt]end onMuxStateUpdate. ModeId: lowLightControllerObject -> lowLightController
03-27 01:49:51.947 I/FrameSetDispatcher(  922): [{WT:RAW10}] purpose: active_slots, slots: SLOT_0 SLOT_1 SLOT_2 
03-27 01:49:51.947 I/FrameSetDispatcher(  922): [{WT:RAW10}] purpose: hand, slots: 
03-27 01:49:51.947 I/TrackingService(  894): [                       iobt:iobt] Mux Mode Transition from sensor service: lowLightControllerObject -> lowLightController transition time: 0 ms
03-27 01:49:51.947 I/FrameSetDispatcher(  922): [{WT:RAW10}] purpose: iot, slots: SLOT_0 SLOT_2 
03-27 01:49:51.947 I/FrameSetDispatcher(  922): [{WT:RAW10}] purpose: projector_assisted_depth, slots: 
03-27 01:49:51.948 I/libsensortelemetry(  922): Captured histograms for camera system color: dispatcher=has data, cameraSet=has data
03-27 01:49:51.948 I/libsensortelemetry(  922): Captured histograms for camera system worldTracking: dispatcher=has data, cameraSet=has data
03-27 01:49:51.948 I/libsensortelemetry(  922): FrameSet 'wt_raw10' valid dispatches: count=2596, allInvalidDrops=0, maxConsecutive=0
03-27 01:49:51.948 I/libsensortelemetry(  922): FrameSet 'col_fulps' valid dispatches: count=2597, allInvalidDrops=0, maxConsecutive=0
03-27 01:49:51.948 I/libsensortelemetry(  922): FrameSet 'wt_0_1_raw10' valid dispatches: count=2596, allInvalidDrops=0, maxConsecutive=0
03-27 01:49:51.948 I/libsensortelemetry(  922): FrameSet 'wt_raw10' full framesets: fullCount=2596, partialDrops=0, maxConsecutive=0
03-27 01:49:51.948 I/libsensortelemetry(  922): FrameSet 'col_fulps' full framesets: fullCount=2597, partialDrops=0, maxConsecutive=0
03-27 01:49:51.948 I/libsensortelemetry(  922): FrameSet 'wt_0_1_raw10' full framesets: fullCount=2596, partialDrops=0, maxConsecutive=0
03-27 01:49:51.948 I/Shell   ( 3817):  (1199382)
03-27 01:49:51.948 I/Shell   ( 3817):    (1199383)
03-27 01:49:51.948 I/Shell   ( 3817):    (1199384)
03-27 01:49:51.948 I/Shell   ( 3817):    (1199385)
03-27 01:49:51.948 I/Shell   ( 3817):    (1199418)
03-27 01:49:51.948 I/Shell   ( 3817):    (1199386)
03-27 01:49:51.948 I/Shell   ( 3817):      (1199387)
03-27 01:49:51.948 I/Shell   ( 3817):        (1199388)
03-27 01:49:51.948 I/Shell   ( 3817):          (1199389)
03-27 01:49:51.948 I/Shell   ( 3817):          (1199390)
03-27 01:49:51.948 I/Shell   ( 3817):          (1199391)
03-27 01:49:51.948 I/Shell   ( 3817):          (1199392)
03-27 01:49:51.948 I/Shell   ( 3817):          (1199393)
03-27 01:49:51.948 I/Shell   ( 3817):          (1199394)
03-27 01:49:51.948 I/Shell   ( 3817):          (1199395)
03-27 01:49:51.948 I/Shell   ( 3817):          (1199396)
03-27 01:49:51.948 I/Shell   ( 3817):        (1199405)
03-27 01:49:51.948 I/Shell   ( 3817):          (1199406)
03-27 01:49:51.948 I/Shell   ( 3817):          (1199407)
03-27 01:49:51.948 I/Shell   ( 3817):          (1199408)
03-27 01:49:51.948 I/Shell   ( 3817):          (1199409)
03-27 01:49:51.948 I/Shell   ( 3817):          (1199410)
03-27 01:49:51.948 I/Shell   ( 3817):          (1199411)
03-27 01:49:51.948 I/Shell   ( 3817):          (1199412)
03-27 01:49:51.948 I/Shell   ( 3817):          (1199413)
03-27 01:49:51.948 I/Shell   ( 3817):        (1199397)
03-27 01:49:51.948 I/Shell   ( 3817):          (1199398)
03-27 01:49:51.948 I/Shell   ( 3817):          (1199399)
03-27 01:49:51.948 I/Shell   ( 3817):          (1199400)
03-27 01:49:51.948 I/Shell   ( 3817):          (1199401)
03-27 01:49:51.948 I/Shell   ( 3817):          (1199402)
03-27 01:49:51.948 I/Shell   ( 3817):          (1199403)
03-27 01:49:51.948 I/Shell   ( 3817):          (1199404)
03-27 01:49:51.948 I/Shell   ( 3817):    (1199414)
03-27 01:49:51.948 I/Shell   ( 3817):      (1199415)
03-27 01:49:51.948 I/Shell   ( 3817):      (1199416)
03-27 01:49:51.948 I/Shell   ( 3817):      (1199417)
03-27 01:49:51.948 I/Shell   ( 3817): ImmersiveTransitionSystem : immersive transition event: init=2e+12  sh=CTTI,CTTI,CTTI,CTIS,ENTR,CTTO,CTIA,BETR,CTIN,CTTI,CTIS,CTTO,CTIA,BETR,CTIN,CTTI  sct=00b42add,00b42ae8,00b42af2,00b42d53,00b43c9a,00b43ca4,00b44285,00c7bebe,00c7bf2e,00c7bf52,00c7c1ae,00c7c1ba,00c7c7a6,00c8a665,00c8a69d,00c8a6b2,
03-27 01:49:51.948 I/Shell   ( 3817): RenderableReadinessMonitor[ImmersiveTransitionSystem]: Snapshotted renderables at proxy index: 14097
03-27 01:49:51.948 E/ShellHsr( 3817): Renderer: (Result)ErrorNotReady -32
03-27 01:49:51.948 E/ShellHsr( 3817): Renderer: (Result)ErrorNotReady -32
03-27 01:49:51.948 I/Shell   ( 3817): ImmersiveTransitionSystem: Waiting for transition renderables to sync
03-27 01:49:51.949 I/Shell   ( 3817): GTK: Telemetry::TrackedObjectsSystem: Logging cutout alpha: 0.000000, outline alpha: 0.000000, isOSDialogActive: false, full passthrough: false, theater view: false - Mode changed to: NO_TRACKED_OBJECT
03-27 01:49:51.950 I/ShellHsr( 3817): World: Memory compaction triggered for world: HomeWorld (level: Full, reason: system_run_mode_change)
03-27 01:49:51.950 I/ProxyToPassthroughLayerProcessor( 2582): ProcessPTProxyLayers: removing 1 layers because no matching active layers were found
03-27 01:49:51.950 I/CompositorVR( 2582): Passthrough usage state changed: app 0, guardian 0, shell 0, system 1, mask 0, surface_proj 0
03-27 01:49:51.951 I/SyncBossFW(  899): 13169494 [info   ] {NCM }: Found slot with constellation capability
03-27 01:49:51.952 D/[MRDS_MQTT](21350): [MqttBrokerComms] sendMessage: /ovd_advertise
03-27 01:49:51.953 I/[CT]    ( 3817): HandPoseSampler: Filter reset
03-27 01:49:51.953 I/InputDevice_Hand( 3817): HANDTRACKING ADMIRE hand 0: hpm=1 -> shared=0
03-27 01:49:51.953 I/[CT]    ( 3817): HandPoseSampler: Filter reset
03-27 01:49:51.953 I/InputDevice_Hand( 3817): HANDTRACKING ADMIRE hand 1: hpm=1 -> shared=0
03-27 01:49:51.954 I/ShellHsr( 3817): Renderer: TextureManager async uploads: 3 submitted (0 with mip generation), 0 completed, 4 pending
