--------- beginning of kernel
03-27 01:37:22.731 17611 17611 W wlan    : [17611:W:PE] lim_process_action_frame: Spectrum mgmt action id: 2 not handled
--------- beginning of system
03-27 01:37:24.509  1539  1634 W ProcessStats: Tracking association SourceState{a295250 com.oculus.systemux:SystemUX/10075 BTop #28838} whose proc state 2 is better than process ProcessState{3182c08 com.oculus.metacam/10127 pkg=com.oculus.metacam} proc state 3 (12 skipped)
03-27 01:37:25.731 17611 17611 W wlan    : [17611:W:PE] lim_process_action_frame: Spectrum mgmt action id: 2 not handled
--------- beginning of tracking
03-27 01:37:25.939   922  1346 E libsensortelemetry: imu samples delayed: 5965676ns capture to arrival (ERS limit: 3500000ns)
03-27 01:37:26.039   894  1527 E libsensortelemetry: imu_iot samples delayed: 6031093ns capture to arrival (ERS limit: 3500000ns)
03-27 01:37:28.732 17611 17611 W wlan    : [17611:W:PE] lim_process_action_frame: Spectrum mgmt action id: 2 not handled
03-27 01:37:29.275     0     0 E syncboss_spi spi0.0: bad magic from MCU (value: 0xcacacaca, data_ready_irq: 1, wake_timer: 0, send_timer: 0, msg_to_send: 0)
03-27 01:37:29.740   894  1679 D TrackingService: bf4654138ddad3be: isControllerInHand(12434.55s): 1 ctEnabled: 1 btnPress(11924.68s): 0 *btnOrTpdTouch(11976.30s): 0 *btnOrTpdProx(12320.62s): 0 static(12434.55s): 1 thbstkOffCenter(9451.69s): 0 
03-27 01:37:29.741   894  1679 D TrackingService: [HANDTRACKING] Controller bf4654138ddad3be in hand: Y, valid: Y
03-27 01:37:29.741  2157  2457 D ControllerManagement: RemoteService::recordControllerStatusUpdate: device bf4654138ddad3be: status: CONNECTED_ACTIVE tracking: POSITION, errors: --
03-27 01:37:29.759  1184 24198 D TrackingFidelityService: TrackingFidelitySharedMemory - setFeatureFidelity: 16 5
03-27 01:37:29.759  1184 24198 I TrackingFidelityService: Request(s)={constellation:5,hands:0,environment_lighting:0,keyboard:0,scene_reconstruction:0,}, Mux mode idx=1, name=lowLightController, score=3
03-27 01:37:29.759  1184 24198 I TrackingFidelityService: beginTransition[worldTracking]: lowLightController(1)->lowLightController(1)
03-27 01:37:29.759  1184 24198 I TrackingFidelityService: _applyMuxModeLockedInternal: Mode lowLightController already set. Returning.
03-27 01:37:29.759  1184 24198 I TrackingFidelityService: endTransition[worldTracking]: lowLightController(1)->lowLightController(1), seqId=-1, succeeded=true
03-27 01:37:30.210     0     0 W healthd : battery l=40 v=3899 t=48.0 h=2 st=2 c=303230 fc=4503000 cc=61 chg=a
03-27 01:37:30.855  1184 24198 D TrackingFidelityService: TrackingFidelitySharedMemory - setFeatureFidelity: 16 5
03-27 01:37:30.856  1184 24198 I TrackingFidelityService: Request(s)={constellation:5,hands:0,environment_lighting:0,keyboard:0,scene_reconstruction:0,}, Mux mode idx=1, name=lowLightController, score=3
03-27 01:37:30.856  1184 24198 I TrackingFidelityService: beginTransition[worldTracking]: lowLightController(1)->lowLightController(1)
03-27 01:37:30.856  1184 24198 I TrackingFidelityService: _applyMuxModeLockedInternal: Mode lowLightController already set. Returning.
03-27 01:37:30.856  1184 24198 I TrackingFidelityService: endTransition[worldTracking]: lowLightController(1)->lowLightController(1), seqId=-1, succeeded=true
03-27 01:37:31.580   899   934 W SyncBossFW: 12429160 [warning] {BSP }: Mag interrupt pin LOW in drdy handler
03-27 01:37:31.731 17611 17611 W wlan    : [17611:W:PE] lim_process_action_frame: Spectrum mgmt action id: 2 not handled
03-27 01:37:31.886  1184 24198 D TrackingFidelityService: TrackingFidelitySharedMemory - setFeatureFidelity: 16 5
03-27 01:37:31.887  1184 24198 I TrackingFidelityService: Request(s)={constellation:5,hands:0,environment_lighting:0,keyboard:0,scene_reconstruction:0,}, Mux mode idx=1, name=lowLightController, score=3
03-27 01:37:31.887  1184 24198 I TrackingFidelityService: beginTransition[worldTracking]: lowLightController(1)->lowLightController(1)
03-27 01:37:31.887  1184 24198 I TrackingFidelityService: _applyMuxModeLockedInternal: Mode lowLightController already set. Returning.
03-27 01:37:31.887  1184 24198 I TrackingFidelityService: endTransition[worldTracking]: lowLightController(1)->lowLightController(1), seqId=-1, succeeded=true
03-27 01:37:32.135   894  1679 D TrackingService: bf4654138ddad3be: isControllerInHand(12434.94s): 0 ctEnabled: 1 btnPress(11924.68s): 0 *btnOrTpdTouch(11976.30s): 0 *btnOrTpdProx(12320.62s): 0 static(12434.94s): 0 thbstkOffCenter(9451.69s): 0 
03-27 01:37:32.135   894  1679 D TrackingService: [HANDTRACKING] Controller bf4654138ddad3be in hand: N, valid: Y
03-27 01:37:32.135  2157  2457 D ControllerManagement: RemoteService::recordControllerStatusUpdate: device bf4654138ddad3be: status: CONNECTED_ACTIVE tracking: POSITION, errors: --
03-27 01:37:32.523   894  1679 D TrackingService: bf4654138ddad3be: isControllerInHand(12437.33s): 1 ctEnabled: 1 btnPress(11924.68s): 0 *btnOrTpdTouch(11976.30s): 0 *btnOrTpdProx(12320.62s): 0 static(12437.33s): 1 thbstkOffCenter(9451.69s): 0 
03-27 01:37:32.523   894  1679 D TrackingService: [HANDTRACKING] Controller bf4654138ddad3be in hand: Y, valid: Y
03-27 01:37:32.524  2157  2457 D ControllerManagement: RemoteService::recordControllerStatusUpdate: device bf4654138ddad3be: status: CONNECTED_ACTIVE tracking: POSITION, errors: --
03-27 01:37:32.975  1184 24198 D TrackingFidelityService: TrackingFidelitySharedMemory - setFeatureFidelity: 16 5
03-27 01:37:32.976  1184 24198 I TrackingFidelityService: Request(s)={constellation:5,hands:0,environment_lighting:0,keyboard:0,scene_reconstruction:0,}, Mux mode idx=1, name=lowLightController, score=3
03-27 01:37:32.976  1184 24198 I TrackingFidelityService: beginTransition[worldTracking]: lowLightController(1)->lowLightController(1)
03-27 01:37:32.976  1184 24198 I TrackingFidelityService: _applyMuxModeLockedInternal: Mode lowLightController already set. Returning.
03-27 01:37:32.976  1184 24198 I TrackingFidelityService: endTransition[worldTracking]: lowLightController(1)->lowLightController(1), seqId=-1, succeeded=true
03-27 01:37:34.051  1184 24198 D TrackingFidelityService: TrackingFidelitySharedMemory - setFeatureFidelity: 16 5
03-27 01:37:34.051  1184 24198 I TrackingFidelityService: Request(s)={constellation:5,hands:0,environment_lighting:0,keyboard:0,scene_reconstruction:0,}, Mux mode idx=1, name=lowLightController, score=3
03-27 01:37:34.051  1184 24198 I TrackingFidelityService: beginTransition[worldTracking]: lowLightController(1)->lowLightController(1)
03-27 01:37:34.051  1184 24198 I TrackingFidelityService: _applyMuxModeLockedInternal: Mode lowLightController already set. Returning.
03-27 01:37:34.051  1184 24198 I TrackingFidelityService: endTransition[worldTracking]: lowLightController(1)->lowLightController(1), seqId=-1, succeeded=true
03-27 01:37:34.655   894  1679 D TrackingService: bf4654138ddad3be: isControllerInHand(12437.46s): 0 ctEnabled: 1 btnPress(11924.68s): 0 *btnOrTpdTouch(11976.30s): 0 *btnOrTpdProx(12320.62s): 0 static(12437.46s): 0 thbstkOffCenter(9451.69s): 0 
03-27 01:37:34.655   894  1679 D TrackingService: [HANDTRACKING] Controller bf4654138ddad3be in hand: N, valid: Y
03-27 01:37:34.655  2157  2457 D ControllerManagement: RemoteService::recordControllerStatusUpdate: device bf4654138ddad3be: status: CONNECTED_ACTIVE tracking: POSITION, errors: --
03-27 01:37:34.731 17611 17611 W wlan    : [17611:W:PE] lim_process_action_frame: Spectrum mgmt action id: 2 not handled
03-27 01:37:35.137  1184 24198 D TrackingFidelityService: TrackingFidelitySharedMemory - setFeatureFidelity: 16 5
03-27 01:37:35.139  1184 24198 I TrackingFidelityService: Request(s)={constellation:5,hands:0,environment_lighting:0,keyboard:0,scene_reconstruction:0,}, Mux mode idx=1, name=lowLightController, score=3
03-27 01:37:35.139  1184 24198 I TrackingFidelityService: beginTransition[worldTracking]: lowLightController(1)->lowLightController(1)
03-27 01:37:35.139  1184 24198 I TrackingFidelityService: _applyMuxModeLockedInternal: Mode lowLightController already set. Returning.
03-27 01:37:35.139  1184 24198 I TrackingFidelityService: endTransition[worldTracking]: lowLightController(1)->lowLightController(1), seqId=-1, succeeded=true
03-27 01:37:36.167  1184 24198 D TrackingFidelityService: TrackingFidelitySharedMemory - setFeatureFidelity: 16 5
03-27 01:37:36.168  1184 24198 I TrackingFidelityService: Request(s)={constellation:5,hands:0,environment_lighting:0,keyboard:0,scene_reconstruction:0,}, Mux mode idx=1, name=lowLightController, score=3
03-27 01:37:36.168  1184 24198 I TrackingFidelityService: beginTransition[worldTracking]: lowLightController(1)->lowLightController(1)
03-27 01:37:36.168  1184 24198 I TrackingFidelityService: _applyMuxModeLockedInternal: Mode lowLightController already set. Returning.
03-27 01:37:36.168  1184 24198 I TrackingFidelityService: endTransition[worldTracking]: lowLightController(1)->lowLightController(1), seqId=-1, succeeded=true
03-27 01:37:37.254  1184 24198 D TrackingFidelityService: TrackingFidelitySharedMemory - setFeatureFidelity: 16 5
03-27 01:37:37.254  1184 24198 I TrackingFidelityService: Request(s)={constellation:5,hands:0,environment_lighting:0,keyboard:0,scene_reconstruction:0,}, Mux mode idx=1, name=lowLightController, score=3
03-27 01:37:37.254  1184 24198 I TrackingFidelityService: beginTransition[worldTracking]: lowLightController(1)->lowLightController(1)
03-27 01:37:37.254  1184 24198 I TrackingFidelityService: _applyMuxModeLockedInternal: Mode lowLightController already set. Returning.
03-27 01:37:37.254  1184 24198 I TrackingFidelityService: endTransition[worldTracking]: lowLightController(1)->lowLightController(1), seqId=-1, succeeded=true
03-27 01:37:37.733 17611 17611 W wlan    : [17611:W:PE] lim_process_action_frame: Spectrum mgmt action id: 2 not handled
03-27 01:37:37.759   894  1679 D TrackingService: bf4654138ddad3be: isControllerInHand(12442.57s): 1 ctEnabled: 1 btnPress(11924.68s): 0 *btnOrTpdTouch(11976.30s): 0 *btnOrTpdProx(12320.62s): 0 static(12442.57s): 1 thbstkOffCenter(9451.69s): 0 
03-27 01:37:37.759   894  1679 D TrackingService: [HANDTRACKING] Controller bf4654138ddad3be in hand: Y, valid: Y
03-27 01:37:37.759  2157  2457 D ControllerManagement: RemoteService::recordControllerStatusUpdate: device bf4654138ddad3be: status: CONNECTED_ACTIVE tracking: POSITION, errors: --
03-27 01:37:38.241  1539  2623 W ProcessStats: Tracking association SourceState{d8b07dc com.oculus.ocms/10074 BTop #28861} whose proc state 2 is better than process ProcessState{ab435ae com.oculus.userserver2/10065 pkg=com.oculus.userserver2} proc state 5 (16 skipped)
03-27 01:37:38.342  1184 24198 D TrackingFidelityService: TrackingFidelitySharedMemory - setFeatureFidelity: 16 5
03-27 01:37:38.343  1184 24198 I TrackingFidelityService: Request(s)={constellation:5,hands:0,environment_lighting:0,keyboard:0,scene_reconstruction:0,}, Mux mode idx=1, name=lowLightController, score=3
03-27 01:37:38.343  1184 24198 I TrackingFidelityService: beginTransition[worldTracking]: lowLightController(1)->lowLightController(1)
03-27 01:37:38.343  1184 24198 I TrackingFidelityService: _applyMuxModeLockedInternal: Mode lowLightController already set. Returning.
03-27 01:37:38.343  1184 24198 I TrackingFidelityService: endTransition[worldTracking]: lowLightController(1)->lowLightController(1), seqId=-1, succeeded=true
03-27 01:37:39.369  1184 24198 D TrackingFidelityService: TrackingFidelitySharedMemory - setFeatureFidelity: 16 5
03-27 01:37:39.370  1184 24198 I TrackingFidelityService: Request(s)={constellation:5,hands:0,environment_lighting:0,keyboard:0,scene_reconstruction:0,}, Mux mode idx=1, name=lowLightController, score=3
03-27 01:37:39.370  1184 24198 I TrackingFidelityService: beginTransition[worldTracking]: lowLightController(1)->lowLightController(1)
03-27 01:37:39.370  1184 24198 I TrackingFidelityService: _applyMuxModeLockedInternal: Mode lowLightController already set. Returning.
03-27 01:37:39.370  1184 24198 I TrackingFidelityService: endTransition[worldTracking]: lowLightController(1)->lowLightController(1), seqId=-1, succeeded=true
03-27 01:37:39.607   922  1516 D CameraStream: [ocal] Client [IOT(894)] attempting start
03-27 01:37:39.607   922  1516 I FrameSetDispatcher: [{COL:FULPS}] Client pid=894 (IOT): Client thread[{COL:FULPS}:IOT] started
03-27 01:37:39.607   922  1516 I CameraClientManager: [IOT(894)][ocal] client started (estimated 1 started clients total)
03-27 01:37:39.607   922  1516 I CameraClientManager: [[IOT(894)][ocal]] definitely starting stream
03-27 01:37:39.607   922  1516 I SensorService: [color] Starting cameras for purpose ocal
03-27 01:37:39.607   922  1516 I FrameSetCollator: [{COL:FULPS}] Skipping start, already running (camera system color start count: 2)
03-27 01:37:39.607   922  1516 I SensorService: [color] Starting camera streams for purpose: ocal, current muxmode = 1
03-27 01:37:39.607   922  1516 I CameraClientManager: [[IOT(894)][ocal]] stream start completed
03-27 01:37:39.607   922  1516 D CameraStream: [ocal] Client [IOT(894)]: start complete
03-27 01:37:39.610   894  1593 W TrackingService: 1 late Color frame set were dropped: timestamp 12437.169800, last release 12437.170800.
03-27 01:37:39.764   894  1679 D TrackingService: bf4654138ddad3be: isControllerInHand(12442.57s): 0 ctEnabled: 1 btnPress(11924.68s): 0 *btnOrTpdTouch(11976.30s): 0 *btnOrTpdProx(12320.62s): 0 static(12442.57s): 0 thbstkOffCenter(9451.69s): 0 
03-27 01:37:39.764   894  1679 D TrackingService: [HANDTRACKING] Controller bf4654138ddad3be in hand: N, valid: Y
03-27 01:37:39.764  2157  2457 D ControllerManagement: RemoteService::recordControllerStatusUpdate: device bf4654138ddad3be: status: CONNECTED_ACTIVE tracking: POSITION, errors: --
03-27 01:37:40.225     0     0 W healthd : battery l=40 v=3900 t=48.0 h=2 st=2 c=314949 fc=4503000 cc=61 chg=a
03-27 01:37:40.461  1184 24198 D TrackingFidelityService: TrackingFidelitySharedMemory - setFeatureFidelity: 16 5
03-27 01:37:40.462  1184 24198 I TrackingFidelityService: Request(s)={constellation:5,hands:0,environment_lighting:0,keyboard:0,scene_reconstruction:0,}, Mux mode idx=1, name=lowLightController, score=3
03-27 01:37:40.462  1184 24198 I TrackingFidelityService: beginTransition[worldTracking]: lowLightController(1)->lowLightController(1)
03-27 01:37:40.462  1184 24198 I TrackingFidelityService: _applyMuxModeLockedInternal: Mode lowLightController already set. Returning.
03-27 01:37:40.462  1184 24198 I TrackingFidelityService: endTransition[worldTracking]: lowLightController(1)->lowLightController(1), seqId=-1, succeeded=true
03-27 01:37:40.732 17611 17611 W wlan    : [17611:W:PE] lim_process_action_frame: Spectrum mgmt action id: 2 not handled
03-27 01:37:40.731   922  1516 D CameraStream: [ocal] Client [IOT(894)] attempting stop
03-27 01:37:40.731   922  1516 I FrameSetDispatcher: [{COL:FULPS}] Client pid=894 (IOT): Client thread stopping
03-27 01:37:40.748   922  1516 I CameraClientManager: [IOT(894)][ocal] client stopped (estimated 0 started clients remaining)
03-27 01:37:40.748   922  1516 I CameraClientManager: [[IOT(894)][ocal]] definitely stopping stream
03-27 01:37:40.748   922  1516 I SensorService: [color] Stopping cameras for purpose ocal
03-27 01:37:40.748   922  1516 I SensorService: [color] Stopping camera streams for purpose: ocal
03-27 01:37:40.748   922  1516 I CameraClientManager: [[IOT(894)][ocal]] stream stop completed
03-27 01:37:40.748   922  1516 D CameraStream: [ocal] Client [IOT(894)]: stop complete
03-27 01:37:40.999   922  1346 E libsensortelemetry: imu samples delayed: 5178125ns capture to arrival (ERS limit: 3500000ns)
03-27 01:37:41.009   894  1527 E libsensortelemetry: imu_iot samples delayed: 5242344ns capture to arrival (ERS limit: 3500000ns)
03-27 01:37:41.548  1184 24198 D TrackingFidelityService: TrackingFidelitySharedMemory - setFeatureFidelity: 16 5
03-27 01:37:41.549  1184 24198 I TrackingFidelityService: Request(s)={constellation:5,hands:0,environment_lighting:0,keyboard:0,scene_reconstruction:0,}, Mux mode idx=1, name=lowLightController, score=3
03-27 01:37:41.549  1184 24198 I TrackingFidelityService: beginTransition[worldTracking]: lowLightController(1)->lowLightController(1)
03-27 01:37:41.549  1184 24198 I TrackingFidelityService: _applyMuxModeLockedInternal: Mode lowLightController already set. Returning.
03-27 01:37:41.549  1184 24198 I TrackingFidelityService: endTransition[worldTracking]: lowLightController(1)->lowLightController(1), seqId=-1, succeeded=true
03-27 01:37:42.327   894  1679 D TrackingService: bf4654138ddad3be: isControllerInHand(12447.14s): 1 ctEnabled: 1 btnPress(11924.68s): 0 *btnOrTpdTouch(11976.30s): 0 *btnOrTpdProx(12320.62s): 0 static(12447.14s): 1 thbstkOffCenter(9451.69s): 0 
03-27 01:37:42.327   894  1679 D TrackingService: [HANDTRACKING] Controller bf4654138ddad3be in hand: Y, valid: Y
03-27 01:37:42.327  2157  2457 D ControllerManagement: RemoteService::recordControllerStatusUpdate: device bf4654138ddad3be: status: CONNECTED_ACTIVE tracking: POSITION, errors: --
03-27 01:37:42.584  1184 24198 D TrackingFidelityService: TrackingFidelitySharedMemory - setFeatureFidelity: 16 5
03-27 01:37:42.584  1184 24198 I TrackingFidelityService: Request(s)={constellation:5,hands:0,environment_lighting:0,keyboard:0,scene_reconstruction:0,}, Mux mode idx=1, name=lowLightController, score=3
03-27 01:37:42.584  1184 24198 I TrackingFidelityService: beginTransition[worldTracking]: lowLightController(1)->lowLightController(1)
03-27 01:37:42.584  1184 24198 I TrackingFidelityService: _applyMuxModeLockedInternal: Mode lowLightController already set. Returning.
03-27 01:37:42.584  1184 24198 I TrackingFidelityService: endTransition[worldTracking]: lowLightController(1)->lowLightController(1), seqId=-1, succeeded=true
03-27 01:37:42.639     0     0 W healthd : battery l=40 v=3898 t=48.0 h=2 st=2 c=349007 fc=4503000 cc=61 chg=a
03-27 01:37:43.161   899   934 W SyncBossFW: 12440740 [warning] {BSP }: Mag interrupt pin LOW in drdy handler
03-27 01:37:43.675  1184 24198 D TrackingFidelityService: TrackingFidelitySharedMemory - setFeatureFidelity: 16 5
03-27 01:37:43.675  1184 24198 I TrackingFidelityService: Request(s)={constellation:5,hands:0,environment_lighting:0,keyboard:0,scene_reconstruction:0,}, Mux mode idx=1, name=lowLightController, score=3
03-27 01:37:43.675  1184 24198 I TrackingFidelityService: beginTransition[worldTracking]: lowLightController(1)->lowLightController(1)
03-27 01:37:43.675  1184 24198 I TrackingFidelityService: _applyMuxModeLockedInternal: Mode lowLightController already set. Returning.
03-27 01:37:43.675  1184 24198 I TrackingFidelityService: endTransition[worldTracking]: lowLightController(1)->lowLightController(1), seqId=-1, succeeded=true
03-27 01:37:43.733 17611 17611 W wlan    : [17611:W:PE] lim_process_action_frame: Spectrum mgmt action id: 2 not handled
03-27 01:37:44.337   894  1679 D TrackingService: bf4654138ddad3be: isControllerInHand(12447.15s): 0 ctEnabled: 1 btnPress(11924.68s): 0 *btnOrTpdTouch(11976.30s): 0 *btnOrTpdProx(12320.62s): 0 static(12447.15s): 0 thbstkOffCenter(9451.69s): 0 
03-27 01:37:44.338   894  1679 D TrackingService: [HANDTRACKING] Controller bf4654138ddad3be in hand: N, valid: Y
03-27 01:37:44.338  2157  2457 D ControllerManagement: RemoteService::recordControllerStatusUpdate: device bf4654138ddad3be: status: CONNECTED_ACTIVE tracking: POSITION, errors: --
03-27 01:37:44.713  1184 24198 D TrackingFidelityService: TrackingFidelitySharedMemory - setFeatureFidelity: 16 5
03-27 01:37:44.714  1184 24198 I TrackingFidelityService: Request(s)={constellation:5,hands:0,environment_lighting:0,keyboard:0,scene_reconstruction:0,}, Mux mode idx=1, name=lowLightController, score=3
03-27 01:37:44.714  1184 24198 I TrackingFidelityService: beginTransition[worldTracking]: lowLightController(1)->lowLightController(1)
03-27 01:37:44.714  1184 24198 I TrackingFidelityService: _applyMuxModeLockedInternal: Mode lowLightController already set. Returning.
03-27 01:37:44.714  1184 24198 I TrackingFidelityService: endTransition[worldTracking]: lowLightController(1)->lowLightController(1), seqId=-1, succeeded=true
03-27 01:37:45.680   922  1346 E libsensortelemetry: imu samples delayed: 5699018ns capture to arrival (ERS limit: 3500000ns)
03-27 01:37:45.773   894  1527 E libsensortelemetry: imu_iot samples delayed: 5777768ns capture to arrival (ERS limit: 3500000ns)
03-27 01:37:45.808  1184 24198 D TrackingFidelityService: TrackingFidelitySharedMemory - setFeatureFidelity: 16 5
03-27 01:37:45.808  1184 24198 I TrackingFidelityService: Request(s)={constellation:5,hands:0,environment_lighting:0,keyboard:0,scene_reconstruction:0,}, Mux mode idx=1, name=lowLightController, score=3
03-27 01:37:45.808  1184 24198 I TrackingFidelityService: beginTransition[worldTracking]: lowLightController(1)->lowLightController(1)
03-27 01:37:45.808  1184 24198 I TrackingFidelityService: _applyMuxModeLockedInternal: Mode lowLightController already set. Returning.
03-27 01:37:45.808  1184 24198 I TrackingFidelityService: endTransition[worldTracking]: lowLightController(1)->lowLightController(1), seqId=-1, succeeded=true
03-27 01:37:46.732 17611 17611 W wlan    : [17611:W:PE] lim_process_action_frame: Spectrum mgmt action id: 2 not handled
03-27 01:37:46.893  1184 24198 D TrackingFidelityService: TrackingFidelitySharedMemory - setFeatureFidelity: 16 5
03-27 01:37:46.894  1184 24198 I TrackingFidelityService: Request(s)={constellation:5,hands:0,environment_lighting:0,keyboard:0,scene_reconstruction:0,}, Mux mode idx=1, name=lowLightController, score=3
03-27 01:37:46.894  1184 24198 I TrackingFidelityService: beginTransition[worldTracking]: lowLightController(1)->lowLightController(1)
03-27 01:37:46.894  1184 24198 I TrackingFidelityService: _applyMuxModeLockedInternal: Mode lowLightController already set. Returning.
03-27 01:37:46.894  1184 24198 I TrackingFidelityService: endTransition[worldTracking]: lowLightController(1)->lowLightController(1), seqId=-1, succeeded=true
03-27 01:37:47.938  1184 24198 D TrackingFidelityService: TrackingFidelitySharedMemory - setFeatureFidelity: 16 5
03-27 01:37:47.939  1184 24198 I TrackingFidelityService: Request(s)={constellation:5,hands:0,environment_lighting:0,keyboard:0,scene_reconstruction:0,}, Mux mode idx=1, name=lowLightController, score=3
03-27 01:37:47.939  1184 24198 I TrackingFidelityService: beginTransition[worldTracking]: lowLightController(1)->lowLightController(1)
03-27 01:37:47.939  1184 24198 I TrackingFidelityService: _applyMuxModeLockedInternal: Mode lowLightController already set. Returning.
03-27 01:37:47.939  1184 24198 I TrackingFidelityService: endTransition[worldTracking]: lowLightController(1)->lowLightController(1), seqId=-1, succeeded=true
03-27 01:37:48.289  1539  2350 W ProcessStats: Tracking association SourceState{a295250 com.oculus.systemux:SystemUX/10075 BTop #28878} whose proc state 2 is better than process ProcessState{3182c08 com.oculus.metacam/10127 pkg=com.oculus.metacam} proc state 3 (12 skipped)
03-27 01:37:49.016  1184 24198 D TrackingFidelityService: TrackingFidelitySharedMemory - setFeatureFidelity: 16 5
03-27 01:37:49.017  1184 24198 I TrackingFidelityService: Request(s)={constellation:5,hands:0,environment_lighting:0,keyboard:0,scene_reconstruction:0,}, Mux mode idx=1, name=lowLightController, score=3
03-27 01:37:49.017  1184 24198 I TrackingFidelityService: beginTransition[worldTracking]: lowLightController(1)->lowLightController(1)
03-27 01:37:49.017  1184 24198 I TrackingFidelityService: _applyMuxModeLockedInternal: Mode lowLightController already set. Returning.
03-27 01:37:49.017  1184 24198 I TrackingFidelityService: endTransition[worldTracking]: lowLightController(1)->lowLightController(1), seqId=-1, succeeded=true
03-27 01:37:49.732 17611 17611 W wlan    : [17611:W:PE] lim_process_action_frame: Spectrum mgmt action id: 2 not handled
03-27 01:37:50.096  1184 24198 D TrackingFidelityService: TrackingFidelitySharedMemory - setFeatureFidelity: 16 5
03-27 01:37:50.096  1184 24198 I TrackingFidelityService: Request(s)={constellation:5,hands:0,environment_lighting:0,keyboard:0,scene_reconstruction:0,}, Mux mode idx=1, name=lowLightController, score=3
03-27 01:37:50.096  1184 24198 I TrackingFidelityService: beginTransition[worldTracking]: lowLightController(1)->lowLightController(1)
03-27 01:37:50.096  1184 24198 I TrackingFidelityService: _applyMuxModeLockedInternal: Mode lowLightController already set. Returning.
03-27 01:37:50.096  1184 24198 I TrackingFidelityService: endTransition[worldTracking]: lowLightController(1)->lowLightController(1), seqId=-1, succeeded=true
03-27 01:37:50.235     0     0 W healthd : battery l=40 v=3895 t=48.0 h=2 st=2 c=237310 fc=4503000 cc=61 chg=a
03-27 01:37:51.127  1184 24198 D TrackingFidelityService: TrackingFidelitySharedMemory - setFeatureFidelity: 16 5
03-27 01:37:51.128  1184 24198 I TrackingFidelityService: Request(s)={constellation:5,hands:0,environment_lighting:0,keyboard:0,scene_reconstruction:0,}, Mux mode idx=1, name=lowLightController, score=3
03-27 01:37:51.128  1184 24198 I TrackingFidelityService: beginTransition[worldTracking]: lowLightController(1)->lowLightController(1)
03-27 01:37:51.128  1184 24198 I TrackingFidelityService: _applyMuxModeLockedInternal: Mode lowLightController already set. Returning.
03-27 01:37:51.128  1184 24198 I TrackingFidelityService: endTransition[worldTracking]: lowLightController(1)->lowLightController(1), seqId=-1, succeeded=true
03-27 01:37:52.207  1184 24198 D TrackingFidelityService: TrackingFidelitySharedMemory - setFeatureFidelity: 16 5
03-27 01:37:52.207  1184 24198 I TrackingFidelityService: Request(s)={constellation:5,hands:0,environment_lighting:0,keyboard:0,scene_reconstruction:0,}, Mux mode idx=1, name=lowLightController, score=3
03-27 01:37:52.207  1184 24198 I TrackingFidelityService: beginTransition[worldTracking]: lowLightController(1)->lowLightController(1)
03-27 01:37:52.207  1184 24198 I TrackingFidelityService: _applyMuxModeLockedInternal: Mode lowLightController already set. Returning.
03-27 01:37:52.207  1184 24198 I TrackingFidelityService: endTransition[worldTracking]: lowLightController(1)->lowLightController(1), seqId=-1, succeeded=true
03-27 01:37:52.732 17611 17611 W wlan    : [17611:W:PE] lim_process_action_frame: Spectrum mgmt action id: 2 not handled
03-27 01:37:53.296  1184 24198 D TrackingFidelityService: TrackingFidelitySharedMemory - setFeatureFidelity: 16 5
03-27 01:37:53.296  1184 24198 I TrackingFidelityService: Request(s)={constellation:5,hands:0,environment_lighting:0,keyboard:0,scene_reconstruction:0,}, Mux mode idx=1, name=lowLightController, score=3
03-27 01:37:53.296  1184 24198 I TrackingFidelityService: beginTransition[worldTracking]: lowLightController(1)->lowLightController(1)
03-27 01:37:53.296  1184 24198 I TrackingFidelityService: _applyMuxModeLockedInternal: Mode lowLightController already set. Returning.
03-27 01:37:53.296  1184 24198 I TrackingFidelityService: endTransition[worldTracking]: lowLightController(1)->lowLightController(1), seqId=-1, succeeded=true
03-27 01:37:53.857     0     0 W healthd : battery l=40 v=3892 t=48.0 h=2 st=2 c=212773 fc=4503000 cc=61 chg=a
03-27 01:37:53.854   894  1679 D TrackingService: bf4654138ddad3be: isControllerInHand(12458.66s): 1 ctEnabled: 1 btnPress(11924.68s): 0 *btnOrTpdTouch(11976.30s): 0 *btnOrTpdProx(12320.62s): 0 static(12458.66s): 1 thbstkOffCenter(9451.69s): 0 
03-27 01:37:53.854   894  1679 D TrackingService: [HANDTRACKING] Controller bf4654138ddad3be in hand: Y, valid: Y
03-27 01:37:53.854  2157  2457 D ControllerManagement: RemoteService::recordControllerStatusUpdate: device bf4654138ddad3be: status: CONNECTED_ACTIVE tracking: POSITION, errors: --
03-27 01:37:54.376  1184 24198 D TrackingFidelityService: TrackingFidelitySharedMemory - setFeatureFidelity: 16 5
03-27 01:37:54.376  1184 24198 I TrackingFidelityService: Request(s)={constellation:5,hands:0,environment_lighting:0,keyboard:0,scene_reconstruction:0,}, Mux mode idx=1, name=lowLightController, score=3
03-27 01:37:54.376  1184 24198 I TrackingFidelityService: beginTransition[worldTracking]: lowLightController(1)->lowLightController(1)
03-27 01:37:54.376  1184 24198 I TrackingFidelityService: _applyMuxModeLockedInternal: Mode lowLightController already set. Returning.
03-27 01:37:54.376  1184 24198 I TrackingFidelityService: endTransition[worldTracking]: lowLightController(1)->lowLightController(1), seqId=-1, succeeded=true
03-27 01:37:54.462   899   934 W SyncBossFW: 12452040 [warning] {BSP }: Mag interrupt pin LOW in drdy handler
03-27 01:37:55.421  1184 24198 D TrackingFidelityService: TrackingFidelitySharedMemory - setFeatureFidelity: 16 5
03-27 01:37:55.421  1184 24198 I TrackingFidelityService: Request(s)={constellation:5,hands:0,environment_lighting:0,keyboard:0,scene_reconstruction:0,}, Mux mode idx=1, name=lowLightController, score=3
03-27 01:37:55.421  1184 24198 I TrackingFidelityService: beginTransition[worldTracking]: lowLightController(1)->lowLightController(1)
03-27 01:37:55.421  1184 24198 I TrackingFidelityService: _applyMuxModeLockedInternal: Mode lowLightController already set. Returning.
03-27 01:37:55.421  1184 24198 I TrackingFidelityService: endTransition[worldTracking]: lowLightController(1)->lowLightController(1), seqId=-1, succeeded=true
03-27 01:37:55.732 17611 17611 W wlan    : [17611:W:PE] lim_process_action_frame: Spectrum mgmt action id: 2 not handled
03-27 01:37:55.864   894  1679 D TrackingService: bf4654138ddad3be: isControllerInHand(12458.67s): 0 ctEnabled: 1 btnPress(11924.68s): 0 *btnOrTpdTouch(11976.30s): 0 *btnOrTpdProx(12320.62s): 0 static(12458.67s): 0 thbstkOffCenter(9451.69s): 0 
03-27 01:37:55.864   894  1679 D TrackingService: [HANDTRACKING] Controller bf4654138ddad3be in hand: N, valid: Y
03-27 01:37:55.864  2157  2457 D ControllerManagement: RemoteService::recordControllerStatusUpdate: device bf4654138ddad3be: status: CONNECTED_ACTIVE tracking: POSITION, errors: --
03-27 01:37:56.503  1184 24198 D TrackingFidelityService: TrackingFidelitySharedMemory - setFeatureFidelity: 16 5
03-27 01:37:56.503  1184 24198 I TrackingFidelityService: Request(s)={constellation:5,hands:0,environment_lighting:0,keyboard:0,scene_reconstruction:0,}, Mux mode idx=1, name=lowLightController, score=3
03-27 01:37:56.503  1184 24198 I TrackingFidelityService: beginTransition[worldTracking]: lowLightController(1)->lowLightController(1)
03-27 01:37:56.503  1184 24198 I TrackingFidelityService: _applyMuxModeLockedInternal: Mode lowLightController already set. Returning.
03-27 01:37:56.503  1184 24198 I TrackingFidelityService: endTransition[worldTracking]: lowLightController(1)->lowLightController(1), seqId=-1, succeeded=true
03-27 01:37:57.582  1184 24198 D TrackingFidelityService: TrackingFidelitySharedMemory - setFeatureFidelity: 16 5
03-27 01:37:57.583  1184 24198 I TrackingFidelityService: Request(s)={constellation:5,hands:0,environment_lighting:0,keyboard:0,scene_reconstruction:0,}, Mux mode idx=1, name=lowLightController, score=3
03-27 01:37:57.583  1184 24198 I TrackingFidelityService: beginTransition[worldTracking]: lowLightController(1)->lowLightController(1)
03-27 01:37:57.583  1184 24198 I TrackingFidelityService: _applyMuxModeLockedInternal: Mode lowLightController already set. Returning.
03-27 01:37:57.583  1184 24198 I TrackingFidelityService: endTransition[worldTracking]: lowLightController(1)->lowLightController(1), seqId=-1, succeeded=true
03-27 01:37:58.289  1539  2355 W ProcessStats: Tracking association SourceState{a295250 com.oculus.systemux:SystemUX/10075 BTop #28897} whose proc state 2 is better than process ProcessState{3182c08 com.oculus.metacam/10127 pkg=com.oculus.metacam} proc state 3 (12 skipped)
03-27 01:37:58.514   894  1679 D TrackingService: bf4654138ddad3be: isControllerInHand(12463.32s): 1 ctEnabled: 1 btnPress(11924.68s): 0 *btnOrTpdTouch(11976.30s): 0 *btnOrTpdProx(12320.62s): 0 static(12463.32s): 1 thbstkOffCenter(9451.69s): 0 
03-27 01:37:58.514   894  1679 D TrackingService: [HANDTRACKING] Controller bf4654138ddad3be in hand: Y, valid: Y
03-27 01:37:58.514  2157  2457 D ControllerManagement: RemoteService::recordControllerStatusUpdate: device bf4654138ddad3be: status: CONNECTED_ACTIVE tracking: POSITION, errors: --
03-27 01:37:58.615  1184 24198 D TrackingFidelityService: TrackingFidelitySharedMemory - setFeatureFidelity: 16 5
03-27 01:37:58.615  1184 24198 I TrackingFidelityService: Request(s)={constellation:5,hands:0,environment_lighting:0,keyboard:0,scene_reconstruction:0,}, Mux mode idx=1, name=lowLightController, score=3
03-27 01:37:58.615  1184 24198 I TrackingFidelityService: beginTransition[worldTracking]: lowLightController(1)->lowLightController(1)
03-27 01:37:58.615  1184 24198 I TrackingFidelityService: _applyMuxModeLockedInternal: Mode lowLightController already set. Returning.
03-27 01:37:58.615  1184 24198 I TrackingFidelityService: endTransition[worldTracking]: lowLightController(1)->lowLightController(1), seqId=-1, succeeded=true
03-27 01:37:58.733 17611 17611 W wlan    : [17611:W:PE] lim_process_action_frame: Spectrum mgmt action id: 2 not handled
03-27 01:37:59.704  1184 24198 D TrackingFidelityService: TrackingFidelitySharedMemory - setFeatureFidelity: 16 5
03-27 01:37:59.704  1184 24198 I TrackingFidelityService: Request(s)={constellation:5,hands:0,environment_lighting:0,keyboard:0,scene_reconstruction:0,}, Mux mode idx=1, name=lowLightController, score=3
03-27 01:37:59.704  1184 24198 I TrackingFidelityService: beginTransition[worldTracking]: lowLightController(1)->lowLightController(1)
03-27 01:37:59.704  1184 24198 I TrackingFidelityService: _applyMuxModeLockedInternal: Mode lowLightController already set. Returning.
03-27 01:37:59.704  1184 24198 I TrackingFidelityService: endTransition[worldTracking]: lowLightController(1)->lowLightController(1), seqId=-1, succeeded=true
03-27 01:38:00.014   922  1346 I libsensortelemetry: Captured histograms for camera system color: dispatcher=has data, cameraSet=has data
03-27 01:38:00.014   922  1346 I libsensortelemetry: Captured histograms for camera system worldTracking: dispatcher=has data, cameraSet=has data
03-27 01:38:00.014   922  1346 I libsensortelemetry: FrameSet 'wt_raw10' valid dispatches: count=2250, allInvalidDrops=0, maxConsecutive=0
03-27 01:38:00.014   922  1346 I libsensortelemetry: FrameSet 'col_fulps' valid dispatches: count=3000, allInvalidDrops=0, maxConsecutive=0
03-27 01:38:00.014   922  1346 I libsensortelemetry: FrameSet 'wt_0_1_raw10' valid dispatches: count=2250, allInvalidDrops=0, maxConsecutive=0
03-27 01:38:00.014   922  1346 I libsensortelemetry: FrameSet 'wt_raw10' full framesets: fullCount=2250, partialDrops=0, maxConsecutive=0
03-27 01:38:00.014   922  1346 I libsensortelemetry: FrameSet 'col_fulps' full framesets: fullCount=3000, partialDrops=0, maxConsecutive=0
03-27 01:38:00.014   922  1346 I libsensortelemetry: FrameSet 'wt_0_1_raw10' full framesets: fullCount=2250, partialDrops=0, maxConsecutive=0
03-27 01:38:00.268     0     0 W healthd : battery l=40 v=3903 t=48.0 h=2 st=2 c=362191 fc=4503000 cc=61 chg=a
03-27 01:38:00.725   922  1516 D CameraStream: [ocal] Client [IOT(894)] attempting start
03-27 01:38:00.726   922  1516 I FrameSetDispatcher: [{COL:FULPS}] Client pid=894 (IOT): Client thread[{COL:FULPS}:IOT] started
03-27 01:38:00.726   922  1516 I CameraClientManager: [IOT(894)][ocal] client started (estimated 1 started clients total)
03-27 01:38:00.726   922  1516 I CameraClientManager: [[IOT(894)][ocal]] definitely starting stream
03-27 01:38:00.726   922  1516 I SensorService: [color] Starting cameras for purpose ocal
03-27 01:38:00.726   922  1516 I FrameSetCollator: [{COL:FULPS}] Skipping start, already running (camera system color start count: 2)
03-27 01:38:00.726   922  1516 I SensorService: [color] Starting camera streams for purpose: ocal, current muxmode = 1
03-27 01:38:00.726   922  1516 I CameraClientManager: [[IOT(894)][ocal]] stream start completed
03-27 01:38:00.726   922  1516 D CameraStream: [ocal] Client [IOT(894)]: start complete
03-27 01:38:00.731   894  1593 W TrackingService: 1 late Color frame set were dropped: timestamp 12458.289800, last release 12458.290800.
03-27 01:38:00.788  1184 24198 D TrackingFidelityService: TrackingFidelitySharedMemory - setFeatureFidelity: 16 5
03-27 01:38:00.789  1184 24198 I TrackingFidelityService: Request(s)={constellation:5,hands:0,environment_lighting:0,keyboard:0,scene_reconstruction:0,}, Mux mode idx=1, name=lowLightController, score=3
03-27 01:38:00.789  1184 24198 I TrackingFidelityService: beginTransition[worldTracking]: lowLightController(1)->lowLightController(1)
03-27 01:38:00.789  1184 24198 I TrackingFidelityService: _applyMuxModeLockedInternal: Mode lowLightController already set. Returning.
03-27 01:38:00.789  1184 24198 I TrackingFidelityService: endTransition[worldTracking]: lowLightController(1)->lowLightController(1), seqId=-1, succeeded=true
03-27 01:38:01.160   922  1346 E libsensortelemetry: imu samples delayed: 5468664ns capture to arrival (ERS limit: 3500000ns)
03-27 01:38:01.208   894  1527 E libsensortelemetry: imu_iot samples delayed: 5534237ns capture to arrival (ERS limit: 3500000ns)
03-27 01:38:01.734 17611 17611 W wlan    : [17611:W:PE] lim_process_action_frame: Spectrum mgmt action id: 2 not handled
03-27 01:38:01.825  1184 24198 D TrackingFidelityService: TrackingFidelitySharedMemory - setFeatureFidelity: 16 5
03-27 01:38:01.826  1184 24198 I TrackingFidelityService: Request(s)={constellation:5,hands:0,environment_lighting:0,keyboard:0,scene_reconstruction:0,}, Mux mode idx=1, name=lowLightController, score=3
03-27 01:38:01.826  1184 24198 I TrackingFidelityService: beginTransition[worldTracking]: lowLightController(1)->lowLightController(1)
03-27 01:38:01.826  1184 24198 I TrackingFidelityService: _applyMuxModeLockedInternal: Mode lowLightController already set. Returning.
03-27 01:38:01.826  1184 24198 I TrackingFidelityService: endTransition[worldTracking]: lowLightController(1)->lowLightController(1), seqId=-1, succeeded=true
03-27 01:38:01.855   922  1516 D CameraStream: [ocal] Client [IOT(894)] attempting stop
03-27 01:38:01.855   922  1516 I FrameSetDispatcher: [{COL:FULPS}] Client pid=894 (IOT): Client thread stopping
03-27 01:38:01.864   922  1516 I CameraClientManager: [IOT(894)][ocal] client stopped (estimated 0 started clients remaining)
03-27 01:38:01.864   922  1516 I CameraClientManager: [[IOT(894)][ocal]] definitely stopping stream
03-27 01:38:01.864   922  1516 I SensorService: [color] Stopping cameras for purpose ocal
03-27 01:38:01.864   922  1516 I SensorService: [color] Stopping camera streams for purpose: ocal
03-27 01:38:01.864   922  1516 I CameraClientManager: [[IOT(894)][ocal]] stream stop completed
03-27 01:38:01.864   922  1516 D CameraStream: [ocal] Client [IOT(894)]: stop complete
03-27 01:38:02.913  1184 24198 D TrackingFidelityService: TrackingFidelitySharedMemory - setFeatureFidelity: 16 5
03-27 01:38:02.914  1184 24198 I TrackingFidelityService: Request(s)={constellation:5,hands:0,environment_lighting:0,keyboard:0,scene_reconstruction:0,}, Mux mode idx=1, name=lowLightController, score=3
03-27 01:38:02.914  1184 24198 I TrackingFidelityService: beginTransition[worldTracking]: lowLightController(1)->lowLightController(1)
03-27 01:38:02.914  1184 24198 I TrackingFidelityService: _applyMuxModeLockedInternal: Mode lowLightController already set. Returning.
03-27 01:38:02.914  1184 24198 I TrackingFidelityService: endTransition[worldTracking]: lowLightController(1)->lowLightController(1), seqId=-1, succeeded=true
03-27 01:38:04.001  1184 24198 D TrackingFidelityService: TrackingFidelitySharedMemory - setFeatureFidelity: 16 5
03-27 01:38:04.001  1184 24198 I TrackingFidelityService: Request(s)={constellation:5,hands:0,environment_lighting:0,keyboard:0,scene_reconstruction:0,}, Mux mode idx=1, name=lowLightController, score=3
03-27 01:38:04.001  1184 24198 I TrackingFidelityService: beginTransition[worldTracking]: lowLightController(1)->lowLightController(1)
03-27 01:38:04.001  1184 24198 I TrackingFidelityService: _applyMuxModeLockedInternal: Mode lowLightController already set. Returning.
03-27 01:38:04.001  1184 24198 I TrackingFidelityService: endTransition[worldTracking]: lowLightController(1)->lowLightController(1), seqId=-1, succeeded=true
03-27 01:38:04.734 17611 17611 W wlan    : [17611:W:PE] lim_process_action_frame: Spectrum mgmt action id: 2 not handled
03-27 01:38:05.045  1184 24198 D TrackingFidelityService: TrackingFidelitySharedMemory - setFeatureFidelity: 16 5
03-27 01:38:05.045  1184 24198 I TrackingFidelityService: Request(s)={constellation:5,hands:0,environment_lighting:0,keyboard:0,scene_reconstruction:0,}, Mux mode idx=1, name=lowLightController, score=3
03-27 01:38:05.045  1184 24198 I TrackingFidelityService: beginTransition[worldTracking]: lowLightController(1)->lowLightController(1)
03-27 01:38:05.045  1184 24198 I TrackingFidelityService: _applyMuxModeLockedInternal: Mode lowLightController already set. Returning.
03-27 01:38:05.045  1184 24198 I TrackingFidelityService: endTransition[worldTracking]: lowLightController(1)->lowLightController(1), seqId=-1, succeeded=true
03-27 01:38:05.438   922  1346 E libsensortelemetry: imu samples delayed: 5333007ns capture to arrival (ERS limit: 3500000ns)
03-27 01:38:05.519   894  1527 E libsensortelemetry: imu_iot samples delayed: 5427850ns capture to arrival (ERS limit: 3500000ns)
03-27 01:38:05.921  1539  1642 W BatteryExternalStatsWorker: error reading modem stats:ERROR_PHONE_NOT_AVAILABLE
03-27 01:38:06.130  1184 24198 D TrackingFidelityService: TrackingFidelitySharedMemory - setFeatureFidelity: 16 5
03-27 01:38:06.131  1184 24198 I TrackingFidelityService: Request(s)={constellation:5,hands:0,environment_lighting:0,keyboard:0,scene_reconstruction:0,}, Mux mode idx=1, name=lowLightController, score=3
03-27 01:38:06.131  1184 24198 I TrackingFidelityService: beginTransition[worldTracking]: lowLightController(1)->lowLightController(1)
03-27 01:38:06.131  1184 24198 I TrackingFidelityService: _applyMuxModeLockedInternal: Mode lowLightController already set. Returning.
03-27 01:38:06.131  1184 24198 I TrackingFidelityService: endTransition[worldTracking]: lowLightController(1)->lowLightController(1), seqId=-1, succeeded=true
03-27 01:38:07.205  1184 24198 D TrackingFidelityService: TrackingFidelitySharedMemory - setFeatureFidelity: 16 5
03-27 01:38:07.206  1184 24198 I TrackingFidelityService: Request(s)={constellation:5,hands:0,environment_lighting:0,keyboard:0,scene_reconstruction:0,}, Mux mode idx=1, name=lowLightController, score=3
03-27 01:38:07.206  1184 24198 I TrackingFidelityService: beginTransition[worldTracking]: lowLightController(1)->lowLightController(1)
03-27 01:38:07.206  1184 24198 I TrackingFidelityService: _applyMuxModeLockedInternal: Mode lowLightController already set. Returning.
03-27 01:38:07.206  1184 24198 I TrackingFidelityService: endTransition[worldTracking]: lowLightController(1)->lowLightController(1), seqId=-1, succeeded=true
03-27 01:38:07.733 17611 17611 W wlan    : [17611:W:PE] lim_process_action_frame: Spectrum mgmt action id: 2 not handled
03-27 01:38:08.228  1184 24198 D TrackingFidelityService: TrackingFidelitySharedMemory - setFeatureFidelity: 16 5
03-27 01:38:08.229  1184 24198 I TrackingFidelityService: Request(s)={constellation:5,hands:0,environment_lighting:0,keyboard:0,scene_reconstruction:0,}, Mux mode idx=1, name=lowLightController, score=3
03-27 01:38:08.229  1184 24198 I TrackingFidelityService: beginTransition[worldTracking]: lowLightController(1)->lowLightController(1)
03-27 01:38:08.229  1184 24198 I TrackingFidelityService: _applyMuxModeLockedInternal: Mode lowLightController already set. Returning.
03-27 01:38:08.229  1184 24198 I TrackingFidelityService: endTransition[worldTracking]: lowLightController(1)->lowLightController(1), seqId=-1, succeeded=true
03-27 01:38:08.289  1539  1568 W ProcessStats: Tracking association SourceState{a295250 com.oculus.systemux:SystemUX/10075 BTop #28912} whose proc state 2 is better than process ProcessState{3182c08 com.oculus.metacam/10127 pkg=com.oculus.metacam} proc state 3 (12 skipped)
03-27 01:38:09.310  1184 24198 D TrackingFidelityService: TrackingFidelitySharedMemory - setFeatureFidelity: 16 5
03-27 01:38:09.311  1184 24198 I TrackingFidelityService: Request(s)={constellation:5,hands:0,environment_lighting:0,keyboard:0,scene_reconstruction:0,}, Mux mode idx=1, name=lowLightController, score=3
03-27 01:38:09.311  1184 24198 I TrackingFidelityService: beginTransition[worldTracking]: lowLightController(1)->lowLightController(1)
03-27 01:38:09.311  1184 24198 I TrackingFidelityService: _applyMuxModeLockedInternal: Mode lowLightController already set. Returning.
03-27 01:38:09.311  1184 24198 I TrackingFidelityService: endTransition[worldTracking]: lowLightController(1)->lowLightController(1), seqId=-1, succeeded=true
03-27 01:38:10.251     0     0 W healthd : battery l=40 v=3900 t=48.0 h=2 st=2 c=340950 fc=4503000 cc=61 chg=a
03-27 01:38:10.401  1184 24198 D TrackingFidelityService: TrackingFidelitySharedMemory - setFeatureFidelity: 16 5
03-27 01:38:10.401  1184 24198 I TrackingFidelityService: Request(s)={constellation:5,hands:0,environment_lighting:0,keyboard:0,scene_reconstruction:0,}, Mux mode idx=1, name=lowLightController, score=3
03-27 01:38:10.401  1184 24198 I TrackingFidelityService: beginTransition[worldTracking]: lowLightController(1)->lowLightController(1)
03-27 01:38:10.402  1184 24198 I TrackingFidelityService: _applyMuxModeLockedInternal: Mode lowLightController already set. Returning.
03-27 01:38:10.402  1184 24198 I TrackingFidelityService: endTransition[worldTracking]: lowLightController(1)->lowLightController(1), seqId=-1, succeeded=true
03-27 01:38:10.734 17611 17611 W wlan    : [17611:W:PE] lim_process_action_frame: Spectrum mgmt action id: 2 not handled
03-27 01:38:10.730  1539  4449 D HorizonOsWindowManagerUtils: setFocusedWindowSync: Updating top task: t12847 -> t3 (requested wct: WCT{RemoteToken{55dfa16 Task{75f1d4c #3 type=standard}}})
03-27 01:38:10.730  1539  1689 W ActivityManager: setIsForegroundPanelService: ComponentInfo{com.oculus.systemux/com.oculus.panelapp.anytimeui.AnytimeUIActivity} not found
03-27 01:38:10.731  1539  1689 W ActivityManager: setIsForegroundPanelService: ComponentInfo{com.oculus.vrshell/com.oculus.panelapp.qam.QuickActionsMenuActivity} not found
03-27 01:38:10.731  1539  4449 D HorizonOsWindowManagerUtils: setFocusedWindowSync: window is already focused (ActivityRecord{939c1ff u0 org.godotengine.editor.v4.meta/org.godotengine.editor.GodotXRGame t12986})
03-27 01:38:10.732  1539  1689 W ActivityManager: setIsForegroundPanelService: ComponentInfo{com.oculus.vrshell/com.oculus.panelapp.controlbar.ControlBarActivity} not found
03-27 01:38:10.755  1539  1625 I OculusWindowMgr: OWMS::focusChanged: windowRootTaskId: 3
03-27 01:38:10.755  1539  1625 I OculusWindowMgr: OWMS::focusChanged: getImmersiveTask returned
03-27 01:38:10.755  1539  1625 I OculusWindowMgr: OWMS::focusChanged: matchedTaskId: 3
03-27 01:38:10.756  1539  1878 D VolumetricContentMonitor: Focused window changed to RunningWindowInfo{  pid: 24628, uid: 10200, userId: 0, windowContainerToken: 186700355, windowToken: android.view.IWindow$Stub$Proxy@fdc20c0, windowId: com.android.server.wm.WindowState$WindowId@734a1f9, displayId: 0, windowType: 1, activity: RunningActivityInfo { rootTask: 3, uid: 10200, pid: 24628, userId: 0, activity: org.godotengine.editor.GodotXRGame, windowId: com.android.server.wm.WindowState$WindowId@734a1f9, state: ACTIVITY_STATE_VISIBLE}}, from android.view.IWindow$Stub$Proxy@c0b652f
03-27 01:38:10.756  1539  1539 D SpatialAudioService: Skipping processing for app: com.oculus.remotedesktop (isNewApp: false, epsService: true)
03-27 01:38:10.756  1539  1539 V WorldManagerService: VW Content Listener: com.oculus.remotedesktop -1
03-27 01:38:10.756  1539  1539 D SpatialAudioService: Skipping processing for app: org.godotengine.editor.v4.meta (isNewApp: false, epsService: true)
03-27 01:38:10.756  1539  1539 V WorldManagerService: VW Content Listener: org.godotengine.editor.v4.meta -1
03-27 01:38:10.757  1539  4161 D ActivityTaskManager: getDisplaysWithTopActivities: immersive ActivityRecord{939c1ff u0 org.godotengine.editor.v4.meta/org.godotengine.editor.GodotXRGame t12986}
03-27 01:38:10.764  1539  4287 W MemoryBroker: attachClient: found client in attached list (uid: 10200, pid: 24628)
03-27 01:38:10.765  1539  1567 W MemoryBroker: attachClient: found client in attached list (uid: 10200, pid: 24628)
03-27 01:38:10.765  1539  4161 W MemoryBroker: attachClient: found client in attached list (uid: 10200, pid: 24628)
03-27 01:38:10.765  1539  1567 W MemoryBroker: attachClient: found client in attached list (uid: 10200, pid: 24628)
03-27 01:38:10.765  1539  1567 W MemoryBroker: attachClient: found client in attached list (uid: 10200, pid: 24628)
03-27 01:38:10.768  1539  1567 W MemoryBroker: attachClient: found client in attached list (uid: 10200, pid: 24628)
03-27 01:38:10.768  1539  1567 W MemoryBroker: attachClient: found client in attached list (uid: 10200, pid: 24628)
03-27 01:38:11.482  1184 24198 D TrackingFidelityService: TrackingFidelitySharedMemory - setFeatureFidelity: 16 5
03-27 01:38:11.483  1184 24198 I TrackingFidelityService: Request(s)={constellation:5,hands:0,environment_lighting:0,keyboard:0,scene_reconstruction:0,}, Mux mode idx=1, name=lowLightController, score=3
03-27 01:38:11.483  1184 24198 I TrackingFidelityService: beginTransition[worldTracking]: lowLightController(1)->lowLightController(1)
