03-27 01:42:18.916  1539  1878 I VolumetricTaskOrganizer: onTaskActivitiesDisappeared: taskId = 12993, userId = 0, taskInfo = TaskInfo{userId=0 taskId=12993 displayId=0 isRunning=false baseIntent=Intent {  } baseActivity=null topActivity=null origActivity=null realActivity=null numActivities=0 numActivitiesPerUser={} lastActiveTime=11929606 supportsMultiWindow=true resizeMode=2 isResizeable=true minWidth=-1 minHeight=-1 defaultMinSize=1 token=WCT{RemoteToken{7f4138d Task{49acc24 #12993 type=standard}}} topActivityType=1 pictureInPictureParams=null shouldDockBigOverlays=false launchIntoPipHostTaskId=-1 lastParentTaskIdBeforePip=-1 displayCutoutSafeInsets=null topActivityInfo=null launchCookies=[] telemetryLaunchIds=[] positionInParent=Point(0, 0) parentTaskId=-1 isFocused=false isVisible=false isVisibleRequested=false isSleeping=false topActivityInSizeCompat=false topActivityEligibleForLetterboxEducation= false topActivityLetterboxed= false isFromDoubleTap= false topActivityLetterboxVerticalPosition= -1 topActivityLetterboxHorizontalPosition= -1 topActivityLetterboxWidth=-1 topActivityLetterboxHeight=-1 locusId=null displayAreaFeatureId=1 cameraCompatControlState=hidden finishingActivityExitReason=0}
03-27 01:42:18.917  1539  1625 I OculusWindowMgr: OWMS::focusChanged: windowRootTaskId: 3
03-27 01:42:18.917  1539  1625 I OculusWindowMgr: OWMS::focusChanged: getImmersiveTask returned
03-27 01:42:18.917  1539  1625 I OculusWindowMgr: OWMS::focusChanged: matchedTaskId: 3
03-27 01:42:18.918  1539  4449 D ActivityTaskManager: getDisplaysWithTopActivities: immersive ActivityRecord{939c1ff u0 org.godotengine.editor.v4.meta/org.godotengine.editor.GodotXRGame t12986}
03-27 01:42:18.918  1539  1878 I VolumetricWindowManagerServiceImpl: removeVolumetricWindow done: userId = 0, rootTaskId = 12993, VW = VolumetricWindowInfo { volumetricWindowToken = VolumetricWindowToken { scope = 1, token = horizonos.view.VolumetricWindowToken$InternalVolumetricToken@4f33cb7, persistableToken = d96e34b5-63e8-4639-b93a-6d43d12678e6 }, type = 1, bounds = Extent3f { width = 0.0, height = 0.0, depth = 0.0 }, pose = Pose { orientation = Vector4f { x = 0.0, y = 0.0, z = 0.0, w = 1.0 }, position = Vector3f { x = 0.0, y = 0.0, z = 0.0 } }, windowSize2d = Extent2i { width = 1, height = 1 }, densityDpi = 200, visible = true, active = true, drawn = true, persistable = false, singlePassCompositionEnabled = false, depthTestEnabled = false, inView = false, windowFlags = 0, priorityHintInfo = PriorityHintInfo { windowPpd = 0.0, viewAngleSine = -1.0, visiblePercent = 1.0, distanceFromUser = 0.0, attentionZone = 0, eyeGazeDirectionDotProduct = -2.0 }, taskInfo = null, presentation = VolumetricWindowPresentationInfo { controlBar = null }, layoutParams = null, children = [], shape = 1, cylinderInfo = null, alwaysOnTop = false, compositionType = 0, hzSpaceUuid = d96e34b5-63e8-4639-b93a-6d43d12678e6 }
03-27 01:42:18.918  1539  1878 I VolumetricWindow: Releasing volumetric window, WindowContainerToken: 7f4138d, persistable token: d96e34b5-63e8-4639-b93a-6d43d12678e6
03-27 01:42:18.919  1539  1878 I DisplayDeviceRepository: Display device removed: DisplayDeviceInfo{"MirrorRoot for d96e34b5-63e8-4639-b93a-6d43d12678e6": uniqueId="virtual:android,1000,MirrorRoot for d96e34b5-63e8-4639-b93a-6d43d12678e6,0", 1 x 1, modeId 357, renderFrameRate 60.0, defaultModeId 357, supportedModes [{id=357, width=1, height=1, fps=60.0, alternativeRefreshRates=[], supportedHdrTypes=[]}], colorMode 0, supportedColorModes [0], hdrCapabilities null, allmSupported false, gameContentTypeSupported false, density 200, 200.0 x 200.0 dpi, appVsyncOff 0, presDeadline 16666666, touch NONE, rotation 0, type VIRTUAL, deviceProductInfo null, state OFF, committedState UNKNOWN, owner android (uid 1000), frameRateOverride , brightnessMinimum 0.0, brightnessMaximum 0.0, brightnessDefault 0.0, hdrSdrRatio NaN, FLAG_SECURE, FLAG_SUPPORTS_PROTECTED_BUFFERS, FLAG_OWN_CONTENT_ONLY, FLAG_DESTROY_CONTENT_ON_REMOVAL, installOrientation 0, displayShape DisplayShape{ spec=-1569981477 displayWidth=1 displayHeight=1 physicalPixelDisplaySizeRatio=1.0 rotation=0 offsetX=0 offsetY=0 scale=1.0}}
03-27 01:42:18.920  1539  1878 I LogicalDisplayMapper: Removing display: 242
03-27 01:42:18.920  1539  1878 I VolumetricContainerPlacement: released: ContainerPlacement{mId=13, mBounds=Rect(0, 0 - 4128, 2208)}
03-27 01:42:18.923  1539  1878 W ActivityTaskManager: No component for base intent of task: Task{49acc24 #12993 type=standard}
03-27 01:42:18.925  1539  1878 D VolumetricContentMonitor: Focused window changed to RunningWindowInfo{  pid: 24628, uid: 10200, userId: 0, windowContainerToken: 186700355, windowToken: android.view.IWindow$Stub$Proxy@fdc20c0, windowId: com.android.server.wm.WindowState$WindowId@734a1f9, displayId: 0, windowType: 1, activity: RunningActivityInfo { rootTask: 3, uid: 10200, pid: 24628, userId: 0, activity: org.godotengine.editor.GodotXRGame, windowId: com.android.server.wm.WindowState$WindowId@734a1f9, state: ACTIVITY_STATE_VISIBLE}}, from android.view.IWindow$Stub$Proxy@c0b652f
03-27 01:42:18.925  1539  1878 V VolumetricContentMonitor: Removed VW VolumetricWindowToken { scope = 1, token = horizonos.view.VolumetricWindowToken$InternalVolumetricToken@4f33cb7, persistableToken = d96e34b5-63e8-4639-b93a-6d43d12678e6 }
03-27 01:42:18.930  1539  1539 D SpatialAudioService: Skipping processing for app: com.oculus.remotedesktop (isNewApp: false, epsService: true)
03-27 01:42:18.931  1539  1539 V WorldManagerService: VW Content Listener: com.oculus.remotedesktop -1
03-27 01:42:18.931  1539  1539 D SpatialAudioService: Skipping processing for app: org.godotengine.editor.v4.meta (isNewApp: false, epsService: true)
03-27 01:42:18.931  1539  1539 V WorldManagerService: VW Content Listener: org.godotengine.editor.v4.meta -1
03-27 01:42:18.943  1539  1689 W MemoryBroker: attachClient: found client in attached list (uid: 10200, pid: 24628)
03-27 01:42:18.943  1539  1689 W MemoryBroker: attachClient: found client in attached list (uid: 10200, pid: 24628)
03-27 01:42:18.943  1539  1689 W MemoryBroker: attachClient: found client in attached list (uid: 10200, pid: 24628)
03-27 01:42:18.944  1539  1689 W MemoryBroker: attachClient: found client in attached list (uid: 10200, pid: 24628)
03-27 01:42:18.944  1539  1689 W MemoryBroker: attachClient: found client in attached list (uid: 10200, pid: 24628)
03-27 01:42:18.945  1539  4287 W MemoryBroker: attachClient: found client in attached list (uid: 10200, pid: 24628)
03-27 01:42:18.945  1539  4287 W MemoryBroker: attachClient: found client in attached list (uid: 10200, pid: 24628)
03-27 01:42:19.248  1184 24198 D TrackingFidelityService: TrackingFidelitySharedMemory - setFeatureFidelity: 16 5
03-27 01:42:19.249  1184 24198 I TrackingFidelityService: Request(s)={constellation:5,hands:0,environment_lighting:0,keyboard:0,scene_reconstruction:0,}, Mux mode idx=1, name=lowLightController, score=3
03-27 01:42:19.249  1184 24198 I TrackingFidelityService: beginTransition[worldTracking]: lowLightController(1)->lowLightController(1)
03-27 01:42:19.249  1184 24198 I TrackingFidelityService: _applyMuxModeLockedInternal: Mode lowLightController already set. Returning.
03-27 01:42:19.249  1184 24198 I TrackingFidelityService: endTransition[worldTracking]: lowLightController(1)->lowLightController(1), seqId=-1, succeeded=true
03-27 01:42:19.767 17611 17611 W wlan    : [17611:W:PE] lim_process_action_frame: Spectrum mgmt action id: 2 not handled
03-27 01:42:20.342  1184 24198 D TrackingFidelityService: TrackingFidelitySharedMemory - setFeatureFidelity: 16 5
03-27 01:42:20.343  1184 24198 I TrackingFidelityService: Request(s)={constellation:5,hands:0,environment_lighting:0,keyboard:0,scene_reconstruction:0,}, Mux mode idx=1, name=lowLightController, score=3
03-27 01:42:20.343  1184 24198 I TrackingFidelityService: beginTransition[worldTracking]: lowLightController(1)->lowLightController(1)
03-27 01:42:20.343  1184 24198 I TrackingFidelityService: _applyMuxModeLockedInternal: Mode lowLightController already set. Returning.
03-27 01:42:20.343  1184 24198 I TrackingFidelityService: endTransition[worldTracking]: lowLightController(1)->lowLightController(1), seqId=-1, succeeded=true
03-27 01:42:20.505     0     0 W healthd : battery l=41 v=3904 t=49.0 h=2 st=2 c=339119 fc=4503000 cc=61 chg=a
03-27 01:42:21.384  1184 24198 D TrackingFidelityService: TrackingFidelitySharedMemory - setFeatureFidelity: 16 5
03-27 01:42:21.384  1184 24198 I TrackingFidelityService: Request(s)={constellation:5,hands:0,environment_lighting:0,keyboard:0,scene_reconstruction:0,}, Mux mode idx=1, name=lowLightController, score=3
03-27 01:42:21.384  1184 24198 I TrackingFidelityService: beginTransition[worldTracking]: lowLightController(1)->lowLightController(1)
03-27 01:42:21.384  1184 24198 I TrackingFidelityService: _applyMuxModeLockedInternal: Mode lowLightController already set. Returning.
03-27 01:42:21.384  1184 24198 I TrackingFidelityService: endTransition[worldTracking]: lowLightController(1)->lowLightController(1), seqId=-1, succeeded=true
03-27 01:42:22.171   922  1346 E libsensortelemetry: imu samples delayed: 5979623ns capture to arrival (ERS limit: 3500000ns)
03-27 01:42:22.200   894  1527 E libsensortelemetry: imu_iot samples delayed: 6044727ns capture to arrival (ERS limit: 3500000ns)
03-27 01:42:22.476  1184 24198 D TrackingFidelityService: TrackingFidelitySharedMemory - setFeatureFidelity: 16 5
03-27 01:42:22.476  1184 24198 I TrackingFidelityService: Request(s)={constellation:5,hands:0,environment_lighting:0,keyboard:0,scene_reconstruction:0,}, Mux mode idx=1, name=lowLightController, score=3
03-27 01:42:22.476  1184 24198 I TrackingFidelityService: beginTransition[worldTracking]: lowLightController(1)->lowLightController(1)
03-27 01:42:22.476  1184 24198 I TrackingFidelityService: _applyMuxModeLockedInternal: Mode lowLightController already set. Returning.
03-27 01:42:22.476  1184 24198 I TrackingFidelityService: endTransition[worldTracking]: lowLightController(1)->lowLightController(1), seqId=-1, succeeded=true
03-27 01:42:22.767 17611 17611 W wlan    : [17611:W:PE] lim_process_action_frame: Spectrum mgmt action id: 2 not handled
03-27 01:42:23.211   922  1346 E libsensortelemetry: imu samples delayed: 6175799ns capture to arrival (ERS limit: 3500000ns)
03-27 01:42:23.223   894  1527 E libsensortelemetry: imu_iot samples delayed: 6289862ns capture to arrival (ERS limit: 3500000ns)
03-27 01:42:23.548  1184 24198 D TrackingFidelityService: TrackingFidelitySharedMemory - setFeatureFidelity: 16 5
03-27 01:42:23.549  1184 24198 I TrackingFidelityService: Request(s)={constellation:5,hands:0,environment_lighting:0,keyboard:0,scene_reconstruction:0,}, Mux mode idx=1, name=lowLightController, score=3
03-27 01:42:23.549  1184 24198 I TrackingFidelityService: beginTransition[worldTracking]: lowLightController(1)->lowLightController(1)
03-27 01:42:23.549  1184 24198 I TrackingFidelityService: _applyMuxModeLockedInternal: Mode lowLightController already set. Returning.
03-27 01:42:23.549  1184 24198 I TrackingFidelityService: endTransition[worldTracking]: lowLightController(1)->lowLightController(1), seqId=-1, succeeded=true
03-27 01:42:24.599  1184 24198 D TrackingFidelityService: TrackingFidelitySharedMemory - setFeatureFidelity: 16 5
03-27 01:42:24.600  1184 24198 I TrackingFidelityService: Request(s)={constellation:5,hands:0,environment_lighting:0,keyboard:0,scene_reconstruction:0,}, Mux mode idx=1, name=lowLightController, score=3
03-27 01:42:24.600  1184 24198 I TrackingFidelityService: beginTransition[worldTracking]: lowLightController(1)->lowLightController(1)
03-27 01:42:24.600  1184 24198 I TrackingFidelityService: _applyMuxModeLockedInternal: Mode lowLightController already set. Returning.
03-27 01:42:24.600  1184 24198 I TrackingFidelityService: endTransition[worldTracking]: lowLightController(1)->lowLightController(1), seqId=-1, succeeded=true
03-27 01:42:25.695  1184 24198 D TrackingFidelityService: TrackingFidelitySharedMemory - setFeatureFidelity: 16 5
03-27 01:42:25.696  1184 24198 I TrackingFidelityService: Request(s)={constellation:5,hands:0,environment_lighting:0,keyboard:0,scene_reconstruction:0,}, Mux mode idx=1, name=lowLightController, score=3
03-27 01:42:25.696  1184 24198 I TrackingFidelityService: beginTransition[worldTracking]: lowLightController(1)->lowLightController(1)
03-27 01:42:25.696  1184 24198 I TrackingFidelityService: _applyMuxModeLockedInternal: Mode lowLightController already set. Returning.
03-27 01:42:25.696  1184 24198 I TrackingFidelityService: endTransition[worldTracking]: lowLightController(1)->lowLightController(1), seqId=-1, succeeded=true
03-27 01:42:25.768 17611 17611 W wlan    : [17611:W:PE] lim_process_action_frame: Spectrum mgmt action id: 2 not handled
03-27 01:42:26.729  1184 24198 D TrackingFidelityService: TrackingFidelitySharedMemory - setFeatureFidelity: 16 5
03-27 01:42:26.730  1184 24198 I TrackingFidelityService: Request(s)={constellation:5,hands:0,environment_lighting:0,keyboard:0,scene_reconstruction:0,}, Mux mode idx=1, name=lowLightController, score=3
03-27 01:42:26.730  1184 24198 I TrackingFidelityService: beginTransition[worldTracking]: lowLightController(1)->lowLightController(1)
03-27 01:42:26.730  1184 24198 I TrackingFidelityService: _applyMuxModeLockedInternal: Mode lowLightController already set. Returning.
03-27 01:42:26.730  1184 24198 I TrackingFidelityService: endTransition[worldTracking]: lowLightController(1)->lowLightController(1), seqId=-1, succeeded=true
03-27 01:42:27.832  1184 24198 D TrackingFidelityService: TrackingFidelitySharedMemory - setFeatureFidelity: 16 5
03-27 01:42:27.833  1184 24198 I TrackingFidelityService: Request(s)={constellation:5,hands:0,environment_lighting:0,keyboard:0,scene_reconstruction:0,}, Mux mode idx=1, name=lowLightController, score=3
03-27 01:42:27.833  1184 24198 I TrackingFidelityService: beginTransition[worldTracking]: lowLightController(1)->lowLightController(1)
03-27 01:42:27.833  1184 24198 I TrackingFidelityService: _applyMuxModeLockedInternal: Mode lowLightController already set. Returning.
03-27 01:42:27.833  1184 24198 I TrackingFidelityService: endTransition[worldTracking]: lowLightController(1)->lowLightController(1), seqId=-1, succeeded=true
03-27 01:42:28.075   899   934 W SyncBossFW: 12725640 [warning] {BSP }: Mag interrupt pin LOW in drdy handler
03-27 01:42:28.296  1539  2357 W ProcessStats: Tracking association SourceState{a295250 com.oculus.systemux:SystemUX/10075 BTop #29409} whose proc state 2 is better than process ProcessState{3182c08 com.oculus.metacam/10127 pkg=com.oculus.metacam} proc state 3 (24 skipped)
03-27 01:42:28.769 17611 17611 W wlan    : [17611:W:PE] lim_process_action_frame: Spectrum mgmt action id: 2 not handled
03-27 01:42:28.899  1539  1625 W ActivityTaskManager: Launch timeout has expired, giving up wake lock!
03-27 01:42:30.515     0     0 W healthd : battery l=41 v=3899 t=49.0 h=2 st=2 c=286017 fc=4503000 cc=61 chg=a
03-27 01:42:31.770 17611 17611 W wlan    : [17611:W:PE] lim_process_action_frame: Spectrum mgmt action id: 2 not handled
03-27 01:42:33.156     0     0 E syncboss_spi spi0.0: bad magic from MCU (value: 0xcacacaca, data_ready_irq: 1, wake_timer: 0, send_timer: 0, msg_to_send: 0)
03-27 01:42:33.147  1184 24198 D TrackingFidelityService: TrackingFidelitySharedMemory - setFeatureFidelity: 16 5
03-27 01:42:33.148  1184 24198 I TrackingFidelityService: Request(s)={constellation:5,hands:0,environment_lighting:0,keyboard:0,scene_reconstruction:0,}, Mux mode idx=1, name=lowLightController, score=3
03-27 01:42:33.148  1184 24198 I TrackingFidelityService: beginTransition[worldTracking]: lowLightController(1)->lowLightController(1)
03-27 01:42:33.148  1184 24198 I TrackingFidelityService: _applyMuxModeLockedInternal: Mode lowLightController already set. Returning.
03-27 01:42:33.148  1184 24198 I TrackingFidelityService: endTransition[worldTracking]: lowLightController(1)->lowLightController(1), seqId=-1, succeeded=true
03-27 01:42:34.247  1184 24198 D TrackingFidelityService: TrackingFidelitySharedMemory - setFeatureFidelity: 16 5
03-27 01:42:34.247  1184 24198 I TrackingFidelityService: Request(s)={constellation:5,hands:0,environment_lighting:0,keyboard:0,scene_reconstruction:0,}, Mux mode idx=1, name=lowLightController, score=3
03-27 01:42:34.247  1184 24198 I TrackingFidelityService: beginTransition[worldTracking]: lowLightController(1)->lowLightController(1)
03-27 01:42:34.247  1184 24198 I TrackingFidelityService: _applyMuxModeLockedInternal: Mode lowLightController already set. Returning.
03-27 01:42:34.247  1184 24198 I TrackingFidelityService: endTransition[worldTracking]: lowLightController(1)->lowLightController(1), seqId=-1, succeeded=true
03-27 01:42:34.767 17611 17611 W wlan    : [17611:W:PE] lim_process_action_frame: Spectrum mgmt action id: 2 not handled
03-27 01:42:35.296  1184 24198 D TrackingFidelityService: TrackingFidelitySharedMemory - setFeatureFidelity: 16 5
03-27 01:42:35.297  1184 24198 I TrackingFidelityService: Request(s)={constellation:5,hands:0,environment_lighting:0,keyboard:0,scene_reconstruction:0,}, Mux mode idx=1, name=lowLightController, score=3
03-27 01:42:35.297  1184 24198 I TrackingFidelityService: beginTransition[worldTracking]: lowLightController(1)->lowLightController(1)
03-27 01:42:35.297  1184 24198 I TrackingFidelityService: _applyMuxModeLockedInternal: Mode lowLightController already set. Returning.
03-27 01:42:35.297  1184 24198 I TrackingFidelityService: endTransition[worldTracking]: lowLightController(1)->lowLightController(1), seqId=-1, succeeded=true
03-27 01:42:35.418   922  1516 D CameraStream: [ocal] Client [IOT(894)] attempting start
03-27 01:42:35.419   922  1516 I FrameSetDispatcher: [{COL:FULPS}] Client pid=894 (IOT): Client thread[{COL:FULPS}:IOT] started
03-27 01:42:35.419   922  1516 I CameraClientManager: [IOT(894)][ocal] client started (estimated 1 started clients total)
03-27 01:42:35.419   922  1516 I CameraClientManager: [[IOT(894)][ocal]] definitely starting stream
03-27 01:42:35.419   922  1516 I SensorService: [color] Starting cameras for purpose ocal
03-27 01:42:35.419   922  1516 I FrameSetCollator: [{COL:FULPS}] Skipping start, already running (camera system color start count: 2)
03-27 01:42:35.419   922  1516 I SensorService: [color] Starting camera streams for purpose: ocal, current muxmode = 1
03-27 01:42:35.419   922  1516 I CameraClientManager: [[IOT(894)][ocal]] stream start completed
03-27 01:42:35.419   922  1516 D CameraStream: [ocal] Client [IOT(894)]: start complete
03-27 01:42:35.424   894  1593 W TrackingService: 1 late Color frame set were dropped: timestamp 12732.969800, last release 12732.970800.
03-27 01:42:36.544   922  1516 D CameraStream: [ocal] Client [IOT(894)] attempting stop
03-27 01:42:36.544   922  1516 I FrameSetDispatcher: [{COL:FULPS}] Client pid=894 (IOT): Client thread stopping
03-27 01:42:36.556   922  1516 I CameraClientManager: [IOT(894)][ocal] client stopped (estimated 0 started clients remaining)
03-27 01:42:36.556   922  1516 I CameraClientManager: [[IOT(894)][ocal]] definitely stopping stream
03-27 01:42:36.556   922  1516 I SensorService: [color] Stopping cameras for purpose ocal
03-27 01:42:36.556   922  1516 I SensorService: [color] Stopping camera streams for purpose: ocal
03-27 01:42:36.556   922  1516 I CameraClientManager: [[IOT(894)][ocal]] stream stop completed
03-27 01:42:36.556   922  1516 D CameraStream: [ocal] Client [IOT(894)]: stop complete
03-27 01:42:37.768 17611 17611 W wlan    : [17611:W:PE] lim_process_action_frame: Spectrum mgmt action id: 2 not handled
03-27 01:42:38.295  1539  4465 W ProcessStats: Tracking association SourceState{a295250 com.oculus.systemux:SystemUX/10075 BTop #29429} whose proc state 2 is better than process ProcessState{3182c08 com.oculus.metacam/10127 pkg=com.oculus.metacam} proc state 3 (12 skipped)
03-27 01:42:39.425  1539  1725 D CompatibilityChangeReporter: Compat change id reported: 135634846; UID 10063; state: DISABLED
03-27 01:42:39.425  1539  1725 D CompatibilityChangeReporter: Compat change id reported: 177438394; UID 10063; state: DISABLED
03-27 01:42:39.425  1539  1725 D CompatibilityChangeReporter: Compat change id reported: 135772972; UID 10063; state: DISABLED
03-27 01:42:39.425  1539  1725 D CompatibilityChangeReporter: Compat change id reported: 135754954; UID 10063; state: ENABLED
03-27 01:42:39.425  1539  1636 D CompatibilityChangeReporter: Compat change id reported: 143937733; UID 10063; state: ENABLED
03-27 01:42:39.447  1539  1636 I ActivityManager: Start proc 28983:com.oculus.websafety/u0a63 for service {com.oculus.websafety/com.oculus.websafety.jobs.BlackholeHashUpdaterJobService}
03-27 01:42:39.483  1539  4454 D CompatibilityChangeReporter: Compat change id reported: 168419799; UID 10063; state: DISABLED
03-27 01:42:39.483  1539  4454 D CompatibilityChangeReporter: Compat change id reported: 273564678; UID 10063; state: DISABLED
03-27 01:42:39.485  1539  1725 D CompatibilityChangeReporter: Compat change id reported: 265195908; UID 10063; state: ENABLED
03-27 01:42:39.489  1539  4287 D CompatibilityChangeReporter: Compat change id reported: 170503758; UID 10063; state: ENABLED
03-27 01:42:39.572  1539  4452 D CompatibilityChangeReporter: Compat change id reported: 253665015; UID 10063; state: ENABLED
03-27 01:42:39.573  1539  4452 D CompatibilityChangeReporter: Compat change id reported: 194532703; UID 10063; state: ENABLED
03-27 01:42:39.576   899   934 W SyncBossFW: 12737140 [warning] {BSP }: Mag interrupt pin LOW in drdy handler
03-27 01:42:39.580  1539  4452 I ActivityManager: Flag disabled. Ignoring finishAttachApplication from uid: 10063. pid: 28983
03-27 01:42:39.583  1539  1539 W JobScheduler: Job didn't exist in JobStore: c3199bc #u0a63/123 com.oculus.websafety/.jobs.BlackholeHashUpdaterJobService
03-27 01:42:39.586  1539  1539 W JobScheduler: Job didn't exist in JobStore: 24915ea #u0a63/456 com.oculus.websafety/.jobs.GsbUpdaterJobService
03-27 01:42:39.604  1539  4452 D CompatibilityChangeReporter: Compat change id reported: 161252188; UID 1000; state: DISABLED
03-27 01:42:39.605  1539  4452 D CompatibilityChangeReporter: Compat change id reported: 135634846; UID 1000; state: DISABLED
03-27 01:42:39.605  1539  4452 D CompatibilityChangeReporter: Compat change id reported: 177438394; UID 1000; state: DISABLED
03-27 01:42:39.605  1539  4452 D CompatibilityChangeReporter: Compat change id reported: 135772972; UID 1000; state: DISABLED
03-27 01:42:39.605  1539  4452 D CompatibilityChangeReporter: Compat change id reported: 135754954; UID 1000; state: ENABLED
03-27 01:42:39.624  1539  1636 I ActivityManager: Start proc 29011:com.oculus.deviceauthserver/1000 for service {com.oculus.deviceauthserver/com.oculus.deviceauthserver.DeviceAuthService}
03-27 01:42:39.670  1539  2355 D CompatibilityChangeReporter: Compat change id reported: 168419799; UID 1000; state: DISABLED
03-27 01:42:39.670  1539  2355 D CompatibilityChangeReporter: Compat change id reported: 273564678; UID 1000; state: DISABLED
03-27 01:42:39.672  1539  2355 D CompatibilityChangeReporter: Compat change id reported: 261072174; UID 10063; state: ENABLED
03-27 01:42:39.742  1539  2353 I ActivityManager: Flag disabled. Ignoring finishAttachApplication from uid: 1000. pid: 29011
03-27 01:42:39.985   922  1672 I SyncBossHAL: [info   ] syncboss_hal_input_controller.c(125): 9961d850d74714d4: IMU 0 missed/60000 expected (PER 0.00%), 0 max consecutive drops
03-27 01:42:40.527     0     0 W healthd : battery l=41 v=3903 t=49.0 h=2 st=2 c=339852 fc=4503000 cc=61 chg=a
03-27 01:42:40.768 17611 17611 W wlan    : [17611:W:PE] lim_process_action_frame: Spectrum mgmt action id: 2 not handled
03-27 01:42:41.119  1539  1567 W ActivityManager: setIsForegroundPanelService: ComponentInfo{com.oculus.systemux/com.oculus.panelapp.anytimeui.AnytimeUIActivity} not found
03-27 01:42:41.119  1539  1567 W ActivityManager: setIsForegroundPanelService: ComponentInfo{com.oculus.vrshell/com.oculus.panelapp.qam.QuickActionsMenuActivity} not found
03-27 01:42:41.120  1539  1567 W ActivityManager: setIsForegroundPanelService: ComponentInfo{com.oculus.vrshell/com.oculus.panelapp.controlbar.ControlBarActivity} not found
03-27 01:42:41.122  1539  1689 I ActivityTaskManager: START u0 {flg=0x10000000 cmp=com.oculus.vrshell/.FocusPlaceholderActivity} with LAUNCH_SINGLE_INSTANCE from uid 10098 (BAL_ALLOW_ALLOWLISTED_COMPONENT) result code=0
03-27 01:42:41.123  1539  1878 I VolumetricWindowManagerServiceImpl: Handling SWMS response: launch into NEW_VOLUMETRIC_WINDOW VolumetricWindowPlacementResponse { volumetricToken = VolumetricWindowToken { scope = 1, token = horizonos.view.VolumetricWindowToken$InternalVolumetricToken@3cec2e1, persistableToken = 4afd3b50-a01b-49fd-ad7f-81d5656a8873 }, relativeSpaceToken = SpaceToken { binderToken = horizonos.view.SpaceToken$InternalSpaceToken@b493fb, persistableToken = 00000000-0000-0000-0000-000000000000 }, pose = Pose { orientation = Vector4f { x = 0.0, y = 0.0, z = 0.0, w = 1.0 }, position = Vector3f { x = 0.0, y = 0.0, z = 0.0 } }, bounds = Extent3f { width = 0.0, height = 0.0, depth = 0.0 }, surfaceSize = 1x1, densityDpi = 0, visible = true } for launch request [ActivityInfo{c881448 com.oculus.vrshell.FocusPlaceholderActivity}]
03-27 01:42:41.123  1539  1878 W VolumetricWindowManagerServiceImpl: Invalid bounds dimensions: Extent3f { width = 0.0, height = 0.0, depth = 0.0 }
03-27 01:42:41.126  1539  1878 I VolumetricContainerPlacement: acquired ContainerPlacement{mId=13, mBounds=Rect(0, 0 - 4128, 2208)}
03-27 01:42:41.131  1539  1878 I SpaceManagerServiceImpl: addSpace done: userId = 0, spaceToken = SpaceToken { binderToken = horizonos.view.SpaceToken$InternalSpaceToken@72e2cf4, persistableToken = 3608a511-5399-4536-aed8-2212398d8a25 }
03-27 01:42:41.134  1539  1878 I DisplayDeviceRepository: Display device added: DisplayDeviceInfo{"MirrorRoot for 4afd3b50-a01b-49fd-ad7f-81d5656a8873": uniqueId="virtual:android,1000,MirrorRoot for 4afd3b50-a01b-49fd-ad7f-81d5656a8873,0", 1 x 1, modeId 358, renderFrameRate 60.0, defaultModeId 358, supportedModes [{id=358, width=1, height=1, fps=60.0, alternativeRefreshRates=[], supportedHdrTypes=[]}], colorMode 0, supportedColorModes [0], hdrCapabilities null, allmSupported false, gameContentTypeSupported false, density 200, 200.0 x 200.0 dpi, appVsyncOff 0, presDeadline 16666666, touch NONE, rotation 0, type VIRTUAL, deviceProductInfo null, state OFF, committedState UNKNOWN, owner android (uid 1000), frameRateOverride , brightnessMinimum 0.0, brightnessMaximum 0.0, brightnessDefault 0.0, hdrSdrRatio NaN, FLAG_SECURE, FLAG_SUPPORTS_PROTECTED_BUFFERS, FLAG_OWN_CONTENT_ONLY, FLAG_DESTROY_CONTENT_ON_REMOVAL, installOrientation 0, displayShape DisplayShape{ spec=-1569981477 displayWidth=1 displayHeight=1 physicalPixelDisplaySizeRatio=1.0 rotation=0 offsetX=0 offsetY=0 scale=1.0}}
03-27 01:42:41.136  1539  1878 I LogicalDisplayMapper: Applying layout: [{dispId: 0(ON), displayGroupName: , addr: {port=146, model=0x40446da74f6028}, mThermalBrightnessThrottlingMapId: null, mRefreshRateZoneId: null, mLeadDisplayId: -1, mThermalRefreshRateThrottlingMapId: null}], Previous layout: [{dispId: 0(ON), displayGroupName: , addr: {port=146, model=0x40446da74f6028}, mThermalBrightnessThrottlingMapId: null, mRefreshRateZoneId: null, mLeadDisplayId: -1, mThermalRefreshRateThrottlingMapId: null}]
03-27 01:42:41.136  1539  1878 I LogicalDisplayMapper: Setting new display group 0 for display 243, from previous group: null
03-27 01:42:41.137  1539  1878 I LogicalDisplayMapper: Adding new display: 243: DisplayInfo{"MirrorRoot for 4afd3b50-a01b-49fd-ad7f-81d5656a8873", displayId 243, displayGroupId 0, FLAG_SECURE, FLAG_SUPPORTS_PROTECTED_BUFFERS, real 1 x 1, largest app 1 x 1, smallest app 1 x 1, appVsyncOff 0, presDeadline 16666666, mode 35860.0, defaultMode 358, modes [{id=358, width=1, height=1, fps=60.0, alternativeRefreshRates=[], supportedHdrTypes=[]}], hdrCapabilities null, userDisabledHdrTypes [], minimalPostProcessingSupported false, rotation 0, state OFF, committedState UNKNOWN, type VIRTUAL, uniqueId "virtual:android,1000,MirrorRoot for 4afd3b50-a01b-49fd-ad7f-81d5656a8873,0", app 1 x 1, density 200 (200.0 x 200.0) dpi, layerStack 243, colorMode 0, supportedColorModes [0], deviceProductInfo null, owner android (uid 1000), removeMode 1, refreshRateOverride 0.0, brightnessMinimum 0.0, brightnessMaximum 0.0, brightnessDefault 0.0, installOrientation ROTATION_0, layoutLimitedRefreshRate null, hdrSdrRatio not_available, thermalRefreshRateThrottling {}, thermalBrightnessThrottlingDataId default}
03-27 01:42:41.138  1539  1878 W BrightnessThrottler: DeviceConfig ThermalBrightnessThrottlingData is null
03-27 01:42:41.138  1539  1878 W DisplayPowerController2[243]: Screen brightness nits configuration is unavailable; falling back
03-27 01:42:41.140  1539  2355 D CompatibilityChangeReporter: Compat change id reported: 170503758; UID 10200; state: ENABLED
03-27 01:42:41.163  1539  1878 I WindowManager: Override config changes=20005df8 {0.0 ?mcc0mnc ?localeList ?layoutDir sw1dp w1dp h1dp 200dpi smll port ?uimode ?night -touch -keyb/v/h -nav/h winConfig={ mBounds=Rect(0, 0 - 1, 1) mAppBounds=Rect(0, 0 - 1, 1) mMaxBounds=Rect(0, 0 - 1, 1) mDisplayRotation=ROTATION_0 mWindowingMode=fullscreen mDisplayWindowingMode=fullscreen mActivityType=undefined mAlwaysOnTop=undefined mRotation=ROTATION_0} ?fontWeightAdjustment} for displayId=243
03-27 01:42:41.165  2270  2398 W DisplayController: Skipping Display Configuration change on non-added display.
03-27 01:42:41.168  1539  1625 D DisplayManagerService: Ignore redundant display event 243/2 to 10142/23501
03-27 01:42:41.171  1539  1652 V DisplayPowerController2[243]: Brightness [0.0] reason changing to: 'manual', previous reason: '0'.
03-27 01:42:41.171  1539  1652 I DisplayPowerController2[243]: BrightnessEvent: disp=243, physDisp=virtual:android,1000,MirrorRoot for 4afd3b50-a01b-49fd-ad7f-81d5656a8873,0, brt=0.0, initBrt=NaN, rcmdBrt=NaN, preBrt=NaN, lux=0.0, preLux=0.0, hbmMax=1.0, hbmMode=off, rbcStrength=-1, thrmMax=1.0, powerFactor=1.0, wasShortTermModelActive=false, flags=, reason=manual, autoBrightness=false, strategy=InvalidBrightnessStrategy
03-27 01:42:41.172  1539  1623 V WindowManager: Content Recording: Display 243 state is now (1), so update recording?
03-27 01:42:41.172  1539  1622 V WindowManager: Sent Transition #772 createdAt=03-27 01:42:41.171 via request=TransitionRequestInfo { type = SLEEP, triggerTask = null, remoteTransition = null, displayChange = null }
03-27 01:42:41.172  1539  1622 V WindowManager:     startWCT=null
03-27 01:42:41.172  1539  1622 V WindowManager:     info={id=772 t=SLEEP f=0x0 trk=0 r=[] c=[]}
03-27 01:42:41.172  1539  1878 I VolumetricWindowManagerServiceImpl: addVolumetricWindow done: userId = 0, wct = 9475ec7, vw type = 1, vw persistable token = 4afd3b50-a01b-49fd-ad7f-81d5656a8873, rootTaskId = 12995
03-27 01:42:41.173  1539  1878 I VolumetricWindowManagerServiceImpl: addTaskVolumetricWindowLocked: taskId = 12995, VW = VolumetricWindowInfo { volumetricWindowToken = VolumetricWindowToken { scope = 1, token = horizonos.view.VolumetricWindowToken$InternalVolumetricToken@3cec2e1, persistableToken = 4afd3b50-a01b-49fd-ad7f-81d5656a8873 }, type = 1, bounds = Extent3f { width = 0.0, height = 0.0, depth = 0.0 }, pose = Pose { orientation = Vector4f { x = 0.0, y = 0.0, z = 0.0, w = 1.0 }, position = Vector3f { x = 0.0, y = 0.0, z = 0.0 } }, windowSize2d = Extent2i { width = 1, height = 1 }, densityDpi = 200, visible = true, active = true, drawn = false, persistable = false, singlePassCompositionEnabled = false, depthTestEnabled = false, inView = false, windowFlags = 0, priorityHintInfo = PriorityHintInfo { windowPpd = 0.0, viewAngleSine = -1.0, visiblePercent = 1.0, distanceFromUser = 0.0, attentionZone = 0, eyeGazeDirectionDotProduct = -2.0 }, taskInfo = null, presentation = VolumetricWindowPresentationInfo { controlBar = null }, layoutParams = null, children = [], shape = 1, cylinderInfo = null, alwaysOnTop = false, compositionType = 0, hzSpaceUuid = 4afd3b50-a01b-49fd-ad7f-81d5656a8873 }, isSinglePassCompositionEnabled = true, isComponentBlocklisted = true, isComponentForcedToSPC = false
03-27 01:42:41.195  1539  1878 I ActivityTaskManager: START u0 {flg=0x10810100 cmp=com.oculus.vrshell/.FocusPlaceholderActivity} with LAUNCH_SINGLE_INSTANCE from uid 10098 (realCallingUid=1000) (BAL_ALLOW_ALLOWLISTED_COMPONENT) result code=0
03-27 01:42:41.206  1539  1878 W Transition: Transition already started id=772 state=2
03-27 01:42:41.207  1539  1622 V WindowManager: Finish Transition #772: created at 03-27 01:42:41.171 collect-started=0.023ms request-sent=0.088ms started=0.11ms ready=0.108ms sent=0.774ms finished=35.739ms
03-27 01:42:41.213  1539  4496 W MemoryBroker: attachClient: found client in attached list (uid: 10098, pid: 3817)
03-27 01:42:41.213  1539  4496 W MemoryBroker: attachClient: found client in attached list (uid: 10098, pid: 3817)
03-27 01:42:41.213  1539  1689 W MemoryBroker: attachClient: found client in attached list (uid: 10098, pid: 3817)
03-27 01:42:41.214  1539  1689 W MemoryBroker: attachClient: found client in attached list (uid: 10098, pid: 3817)
03-27 01:42:41.214  1539  4287 W MemoryBroker: attachClient: found client in attached list (uid: 10098, pid: 3817)
03-27 01:42:41.214  1539  4287 W MemoryBroker: attachClient: found client in attached list (uid: 10098, pid: 3817)
03-27 01:42:41.215  1539  4287 W MemoryBroker: attachClient: found client in attached list (uid: 10098, pid: 3817)
03-27 01:42:41.216  1539  1625 I ActivityManager: PendingStartActivityUids startActivity to updateOomAdj delay:22309ms, uid:10200
03-27 01:42:41.220  1539  2355 W MemoryBroker: attachClient: found client in attached list (uid: 10200, pid: 24628)
03-27 01:42:41.220  1539  2355 W MemoryBroker: INPUT_TYPE_MAP: client org.godotengine.editor.v4.meta (24628) does not have access (app ops or VR focus)
03-27 01:42:41.221  1539  2355 W MemoryBroker: attachClient: found client in attached list (uid: 10200, pid: 24628)
03-27 01:42:41.221  1539  2355 W MemoryBroker: HAND_TRACKER: client org.godotengine.editor.v4.meta (24628) does not have access (app ops or VR focus)
03-27 01:42:41.221  1539  2355 W MemoryBroker: attachClient: found client in attached list (uid: 10200, pid: 24628)
03-27 01:42:41.221  1539  2355 W MemoryBroker: HAND_TRACKER: client org.godotengine.editor.v4.meta (24628) does not have access (app ops or VR focus)
03-27 01:42:41.222  1539  1539 D SpatialAudioService: Skipping processing for app: com.oculus.vrshell (isNewApp: false, epsService: true)
03-27 01:42:41.222  1539  1539 V WorldManagerService: VW Content Listener: com.oculus.vrshell -1
03-27 01:42:41.223  1539  4496 W MemoryBroker: attachClient: found client in attached list (uid: 10096, pid: 3045)
03-27 01:42:41.224  1539  4496 W MemoryBroker: attachClient: found client in attached list (uid: 10007, pid: 2582)
03-27 01:42:41.225  1539  1689 W MemoryBroker: attachClient: found client in attached list (uid: 10007, pid: 2582)
03-27 01:42:41.225  1539  1689 W MemoryBroker: attachClient: found client in attached list (uid: 10007, pid: 2582)
03-27 01:42:41.226  1539  1689 W MemoryBroker: attachClient: found client in attached list (uid: 10096, pid: 3045)
03-27 01:42:41.227  1539  2624 W MemoryBroker: attachClient: found client in attached list (uid: 10007, pid: 2582)
03-27 01:42:41.227  1539  1689 W MemoryBroker: attachClient: found client in attached list (uid: 10096, pid: 3045)
03-27 01:42:41.227  1539  2624 W MemoryBroker: attachClient: found client in attached list (uid: 10007, pid: 2582)
03-27 01:42:41.227  1539  1689 W MemoryBroker: attachClient: found client in attached list (uid: 10096, pid: 3045)
03-27 01:42:41.228  1539  2624 W MemoryBroker: attachClient: found client in attached list (uid: 10007, pid: 2582)
03-27 01:42:41.228  1539  1689 W MemoryBroker: attachClient: found client in attached list (uid: 10096, pid: 3045)
03-27 01:42:41.228  1539  4287 W MemoryBroker: attachClient: found client in attached list (uid: 10007, pid: 2582)
03-27 01:42:41.231  1539  1689 W MemoryBroker: attachClient: found client in attached list (uid: 1000, pid: 1160)
03-27 01:42:41.231  1539  1689 W MemoryBroker: attachClient: found client in attached list (uid: 1000, pid: 1160)
03-27 01:42:41.235  1539  1688 D CoreBackPreview: Window{f503bee u0 Splash Screen com.oculus.vrshell}: Setting back callback OnBackInvokedCallbackInfo{mCallback=android.window.IOnBackInvokedCallback$Stub$Proxy@f51ceab, mPriority=0, mIsAnimationCallback=false}
03-27 01:42:41.235  1539  4496 D CoreBackPreview: Window{9f74f25 u0 com.oculus.vrshell/com.oculus.vrshell.FocusPlaceholderActivity}: Setting back callback OnBackInvokedCallbackInfo{mCallback=android.window.IOnBackInvokedCallback$Stub$Proxy@60f4908, mPriority=0, mIsAnimationCallback=false}
03-27 01:42:41.238  1539  1625 I OculusWindowMgr: OWMS::focusChanged: windowRootTaskId: 12847
03-27 01:42:41.238  1539  1625 I OculusWindowMgr: OWMS::focusChanged: getImmersiveTask returned
03-27 01:42:41.238  1539  1625 I OculusWindowMgr: OWMS::focusChanged: mFocusPlaceholderActivity found in Task.
03-27 01:42:41.240  1539  4496 D ActivityTaskManager: getDisplaysWithTopActivities: immersive ActivityRecord{939c1ff u0 org.godotengine.editor.v4.meta/org.godotengine.editor.GodotXRGame t12986}
03-27 01:42:41.243  1539  1878 D VolumetricContentMonitor: Focused window changed to RunningWindowInfo{  pid: 9927, uid: 10109, userId: 0, windowContainerToken: 63944462, windowToken: android.view.IWindow$Stub$Proxy@c0b652f, windowId: com.android.server.wm.WindowState$WindowId@b08973c, displayId: 0, windowType: 1, activity: RunningActivityInfo { rootTask: 12847, uid: 10109, pid: 9927, userId: 0, activity: com.oculus.remotedesktop.activity.main.RemoteDesktopMainActivity, windowId: com.android.server.wm.WindowState$WindowId@b08973c, state: ACTIVITY_STATE_VISIBLE}}, from android.view.IWindow$Stub$Proxy@fdc20c0
03-27 01:42:41.250  1539  1539 D SpatialAudioService: Skipping processing for app: org.godotengine.editor.v4.meta (isNewApp: false, epsService: true)
03-27 01:42:41.250  1539  1539 V WorldManagerService: VW Content Listener: org.godotengine.editor.v4.meta -1
03-27 01:42:41.250  1539  1539 D SpatialAudioService: Skipping processing for app: com.oculus.remotedesktop (isNewApp: false, epsService: true)
03-27 01:42:41.250  1539  1539 V WorldManagerService: VW Content Listener: com.oculus.remotedesktop -1
03-27 01:42:41.251  1539  1622 V WindowManager: Sent Transition #773 createdAt=03-27 01:42:41.176 via request=TransitionRequestInfo { type = OPEN, triggerTask = TaskInfo{userId=0 taskId=12996 displayId=0 isRunning=true baseIntent=Intent { flg=0x10810100 cmp=com.oculus.vrshell/.FocusPlaceholderActivity } baseActivity=ComponentInfo{com.oculus.vrshell/com.oculus.vrshell.FocusPlaceholderActivity} topActivity=ComponentInfo{com.oculus.vrshell/com.oculus.vrshell.FocusPlaceholderActivity} origActivity=null realActivity=ComponentInfo{com.oculus.vrshell/com.oculus.vrshell.FocusPlaceholderActivity} numActivities=1 numActivitiesPerUser={0=1} lastActiveTime=12746002 supportsMultiWindow=true resizeMode=0 isResizeable=false minWidth=-1 minHeight=-1 defaultMinSize=1 token=WCT{RemoteToken{99c3120 Task{4c9f6d #12996 type=standard A=10098:com.oculus.vrshell:-339196040}}} topActivityType=1 pictureInPictureParams=null shouldDockBigOverlays=false launchIntoPipHostTaskId=-1 lastParentTaskIdBeforePip=-1 displayCutoutSafeInsets=null topActivityInfo=ActivityInfo{d38dad9 com.oculus.vrshell.FocusPlaceholderActivity} launchCookies=[] telemetryLaunchIds=[] positionInParent=Point(0, 0) parentTaskId=12995 isFocused=true isVisible=false isVisibleRequested=true isSleeping=false topActivityInSizeCompat=false topActivityEligibleForLetterboxEducation= false topActivityLetterboxed= false isFromDoubleTap= false topActivityLetterboxVerticalPosition= -1 topActivityLetterboxHorizontalPosition= -1 topActivityLetterboxWidth=-1 topActivityLetterboxHeight=-1 locusId=null displayAreaFeatureId=1 cameraCompatControlState=hidden finishingActivityExitReason=0}, remoteTransition = null, displayChange = null }
03-27 01:42:41.251  1539  1622 V WindowManager:     startWCT=WindowContainerTransaction { changes = {} hops = [] errorCallbackToken=null taskFragmentOrganizer=null }
03-27 01:42:41.251  1539  1622 V WindowManager:     info={id=773 t=OPEN f=0x0 trk=1 r=[0@Point(0, 0)] c=[{WCT{RemoteToken{b8b6a77 Task{45abf8f #12848 type=standard A=10109:com.oculus.remotedesktop}}} m=CHANGE f=MOVE_TO_TOP p=WCT{RemoteToken{4950a78 Task{c98efdb #12847 type=standard}}} leash=Surface(name=Task=12848)/@0x22f6f9b sb=Rect(0, 0 - 3357, 1440) eb=Rect(0, 0 - 3357, 1440) d=0},{WCT{RemoteToken{4950a78 Task{c98efdb #12847 type=standard}}} m=CHANGE f=TRANSLUCENT|MOVE_TO_TOP leash=Surface(name=Task=12847)/@0x5a4f7aa sb=Rect(0, 0 - 3357, 1440) eb=Rect(0, 0 - 3357, 1440) d=0},{WCT{RemoteToken{99c3120 Task{4c9f6d #12996 type=standard A=10098:com.oculus.vrshell:-339196040}}} m=OPEN f=NO_ANIMATION p=WCT{RemoteToken{9475ec7 Task{96fb806 #12995 type=standard}}} leash=Surface(name=Task=12996)/@0x8d3edb4 sb=Rect(0, 0 - 1, 1) eb=Rect(0, 0 - 1, 1) d=0},{WCT{RemoteToken{9475ec7 Task{96fb806 #12995 type=standard}}} m=TO_FRONT f=TRANSLUCENT|NO_ANIMATION leash=Surface(name=Task=12995)/@0x25caa87 sb=Rect(0, 0 - 1, 1) eb=Rect(0, 0 - 1, 1) d=0}]}
03-27 01:42:41.256  1539  1625 I VolumetricWindow: [setDrawn] VW=4afd3b50-a01b-49fd-ad7f-81d5656a8873: isDrawn=true (isActive=true, isVisible=true)
03-27 01:42:41.265  1539  1622 V WindowManager: Finish Transition #773: created at 03-27 01:42:41.176 collect-started=0.026ms request-sent=17.887ms started=32.255ms ready=32.239ms sent=74.47ms finished=89.289ms
03-27 01:42:41.573  1539  2353 D CoreBackPreview: Window{f503bee u0 Splash Screen com.oculus.vrshell EXITING}: Setting back callback null
03-27 01:42:41.915   922  1346 E libsensortelemetry: imu samples delayed: 5978080ns capture to arrival (ERS limit: 3500000ns)
03-27 01:42:41.948   894  1527 E libsensortelemetry: imu_iot samples delayed: 6061934ns capture to arrival (ERS limit: 3500000ns)
03-27 01:42:43.352   922  1346 E libsensortelemetry: imu samples delayed: 6625620ns capture to arrival (ERS limit: 3500000ns)
03-27 01:42:43.423   894  1527 E libsensortelemetry: imu_iot samples delayed: 6696765ns capture to arrival (ERS limit: 3500000ns)
03-27 01:42:43.768 17611 17611 W wlan    : [17611:W:PE] lim_process_action_frame: Spectrum mgmt action id: 2 not handled
03-27 01:42:44.516     0     0 I logd    : logdr: UID=2000 GID=2000 PID=29097 n tail=0 logMask=10099 pid=0 start=0ns deadline=0ns
03-27 01:42:46.768 17611 17611 W wlan    : [17611:W:PE] lim_process_action_frame: Spectrum mgmt action id: 2 not handled
03-27 01:42:48.296  1539  4496 W ProcessStats: Tracking association SourceState{a295250 com.oculus.systemux:SystemUX/10075 BTop #29471} whose proc state 2 is better than process ProcessState{3182c08 com.oculus.metacam/10127 pkg=com.oculus.metacam} proc state 3 (24 skipped)
03-27 01:42:49.770 17611 17611 W wlan    : [17611:W:PE] lim_process_action_frame: Spectrum mgmt action id: 2 not handled
03-27 01:42:50.275   894  1679 D TrackingService: bf4654138ddad3be: isControllerInHand(12753.08s): 0 ctEnabled: 1 btnPress(12723.64s): 0 *btnOrTpdTouch(12578.80s): 0 *btnOrTpdProx(12634.13s): 0 static(12753.08s): 0 thbstkOffCenter(9451.69s): 0 
03-27 01:42:50.275   894  1679 D TrackingService: [HANDTRACKING] Controller bf4654138ddad3be in hand: N, valid: Y
03-27 01:42:50.275  2157  2457 D ControllerManagement: RemoteService::recordControllerStatusUpdate: device bf4654138ddad3be: status: CONNECTED_ACTIVE tracking: POSITION, errors: --
03-27 01:42:50.338   894  1679 D TrackingService: bf4654138ddad3be: isControllerInHand(12755.15s): 1 ctEnabled: 1 btnPress(12723.64s): 0 *btnOrTpdTouch(12578.80s): 0 *btnOrTpdProx(12634.13s): 0 static(12755.15s): 1 thbstkOffCenter(9451.69s): 0 
03-27 01:42:50.338   894  1679 D TrackingService: [HANDTRACKING] Controller bf4654138ddad3be in hand: Y, valid: Y
03-27 01:42:50.339  2157  2457 D ControllerManagement: RemoteService::recordControllerStatusUpdate: device bf4654138ddad3be: status: CONNECTED_ACTIVE tracking: POSITION, errors: --
03-27 01:42:50.535     0     0 W healthd : battery l=41 v=3900 t=49.0 h=2 st=2 c=297370 fc=4503000 cc=61 chg=a
03-27 01:42:50.957   899   934 W SyncBossFW: 12748520 [warning] {BSP }: Mag interrupt pin LOW in drdy handler
03-27 01:42:52.770 17611 17611 W wlan    : [17611:W:PE] lim_process_action_frame: Spectrum mgmt action id: 2 not handled
03-27 01:42:52.903   894  1679 D TrackingService: bf4654138ddad3be: isControllerInHand(12755.71s): 0 ctEnabled: 1 btnPress(12723.64s): 0 *btnOrTpdTouch(12578.80s): 0 *btnOrTpdProx(12634.13s): 0 static(12755.71s): 0 thbstkOffCenter(9451.69s): 0 
03-27 01:42:52.903   894  1679 D TrackingService: [HANDTRACKING] Controller bf4654138ddad3be in hand: N, valid: Y
03-27 01:42:52.903  2157  2457 D ControllerManagement: RemoteService::recordControllerStatusUpdate: device bf4654138ddad3be: status: CONNECTED_ACTIVE tracking: POSITION, errors: --
03-27 01:42:55.769 17611 17611 W wlan    : [17611:W:PE] lim_process_action_frame: Spectrum mgmt action id: 2 not handled
03-27 01:42:56.241   894  1679 D TrackingService: bf4654138ddad3be: isControllerInHand(12761.05s): 1 ctEnabled: 1 btnPress(12723.64s): 0 *btnOrTpdTouch(12578.80s): 0 *btnOrTpdProx(12634.13s): 0 static(12761.05s): 1 thbstkOffCenter(9451.69s): 0 
03-27 01:42:56.241   894  1679 D TrackingService: [HANDTRACKING] Controller bf4654138ddad3be in hand: Y, valid: Y
03-27 01:42:56.241  2157  2457 D ControllerManagement: RemoteService::recordControllerStatusUpdate: device bf4654138ddad3be: status: CONNECTED_ACTIVE tracking: POSITION, errors: --
--------- beginning of main
03-27 01:42:56.469 23995 24031 D BufferQueueProducer: Waiting for available buffer SurfaceView[org.godotengine.editor.v4.meta/org.godotengine.editor.GodotEditor]#3(BLAST Consumer)3 lastFrameNumber=59510
03-27 01:42:56.474  3817  4073 I [CT]    : HandPoseSampler: Filter reset
03-27 01:42:56.474  3817  4073 I InputDevice_Hand: HANDTRACKING ADMIRE hand 0: hpm=1 -> shared=0
03-27 01:42:56.474  3817  4073 I [CT]    : HandPoseSampler: Filter reset
03-27 01:42:56.474  3817  4073 I InputDevice_Hand: HANDTRACKING ADMIRE hand 1: hpm=1 -> shared=0
03-27 01:42:56.488  3817  4073 I [CT]    : HandPoseSampler: Filter reset
03-27 01:42:56.488  3817  4073 I InputDevice_Hand: HANDTRACKING ADMIRE hand 0: hpm=1 -> shared=0
03-27 01:42:56.488  3817  4073 I [CT]    : HandPoseSampler: Filter reset
03-27 01:42:56.488  3817  4073 I InputDevice_Hand: HANDTRACKING ADMIRE hand 1: hpm=1 -> shared=0
03-27 01:42:56.503  3817  4073 I [CT]    : HandPoseSampler: Filter reset
03-27 01:42:56.504  3817  4073 I InputDevice_Hand: HANDTRACKING ADMIRE hand 0: hpm=1 -> shared=0
03-27 01:42:56.504  3817  4073 I [CT]    : HandPoseSampler: Filter reset
03-27 01:42:56.504  3817  4073 I InputDevice_Hand: HANDTRACKING ADMIRE hand 1: hpm=1 -> shared=0
03-27 01:42:56.510 23995 24031 D BufferQueueProducer: Waiting for available buffer SurfaceView[org.godotengine.editor.v4.meta/org.godotengine.editor.GodotEditor]#3(BLAST Consumer)3 lastFrameNumber=59513
03-27 01:42:56.518  3817  4073 I [CT]    : HandPoseSampler: Filter reset
03-27 01:42:56.518  3817  4073 I InputDevice_Hand: HANDTRACKING ADMIRE hand 0: hpm=1 -> shared=0
03-27 01:42:56.518  3817  4073 I [CT]    : HandPoseSampler: Filter reset
03-27 01:42:56.518  3817  4073 I InputDevice_Hand: HANDTRACKING ADMIRE hand 1: hpm=1 -> shared=0
03-27 01:42:56.530  3817  3976 D [SEO] VrNotificationFeedManager: Creating GraphQL request to fetch notifications feed with params: {"sentSecondsAgo":30,"includedInFeed":"true","supportedByCaller":"true"}
03-27 01:42:56.533  3817  4073 I [CT]    : HandPoseSampler: Filter reset
03-27 01:42:56.533  3817  4073 I InputDevice_Hand: HANDTRACKING ADMIRE hand 0: hpm=1 -> shared=0
03-27 01:42:56.533  3817  4073 I [CT]    : HandPoseSampler: Filter reset
03-27 01:42:56.533  3817  4073 I InputDevice_Hand: HANDTRACKING ADMIRE hand 1: hpm=1 -> shared=0
03-27 01:42:56.537 23995 24031 D BufferQueueProducer: Waiting for available buffer SurfaceView[org.godotengine.editor.v4.meta/org.godotengine.editor.GodotEditor]#3(BLAST Consumer)3 lastFrameNumber=59515
03-27 01:42:56.540 24628 24670 I godot   : Project FPS: 60 (16.66 mspf)
03-27 01:42:56.546  3817  4073 I [CT]    : HandPoseSampler: Filter reset
03-27 01:42:56.546  3817  4073 I InputDevice_Hand: HANDTRACKING ADMIRE hand 0: hpm=1 -> shared=0
03-27 01:42:56.546  3817  4073 I [CT]    : HandPoseSampler: Filter reset
03-27 01:42:56.546  3817  4073 I InputDevice_Hand: HANDTRACKING ADMIRE hand 1: hpm=1 -> shared=0
03-27 01:42:56.552 23995 24031 D BufferQueueProducer: Waiting for available buffer SurfaceView[org.godotengine.editor.v4.meta/org.godotengine.editor.GodotEditor]#3(BLAST Consumer)3 lastFrameNumber=59516
03-27 01:42:56.558  3817  4073 I [CT]    : HandPoseSampler: Filter reset
03-27 01:42:56.558  3817  4073 I InputDevice_Hand: HANDTRACKING ADMIRE hand 0: hpm=1 -> shared=0
03-27 01:42:56.558  3817  4073 I [CT]    : HandPoseSampler: Filter reset
03-27 01:42:56.558  3817  4073 I InputDevice_Hand: HANDTRACKING ADMIRE hand 1: hpm=1 -> shared=0
03-27 01:42:56.566 23995 24031 D BufferQueueProducer: Waiting for available buffer SurfaceView[org.godotengine.editor.v4.meta/org.godotengine.editor.GodotEditor]#3(BLAST Consumer)3 lastFrameNumber=59517
03-27 01:42:56.573  3817  4073 I [CT]    : HandPoseSampler: Filter reset
03-27 01:42:56.573  3817  4073 I InputDevice_Hand: HANDTRACKING ADMIRE hand 0: hpm=1 -> shared=0
03-27 01:42:56.573  3817  4073 I [CT]    : HandPoseSampler: Filter reset
