03-27 01:38:11.483  1184 24198 I TrackingFidelityService: _applyMuxModeLockedInternal: Mode lowLightController already set. Returning.
03-27 01:38:11.483  1184 24198 I TrackingFidelityService: endTransition[worldTracking]: lowLightController(1)->lowLightController(1), seqId=-1, succeeded=true
03-27 01:38:12.516  1184 24198 D TrackingFidelityService: TrackingFidelitySharedMemory - setFeatureFidelity: 16 5
03-27 01:38:12.517  1184 24198 I TrackingFidelityService: Request(s)={constellation:5,hands:0,environment_lighting:0,keyboard:0,scene_reconstruction:0,}, Mux mode idx=1, name=lowLightController, score=3
03-27 01:38:12.517  1184 24198 I TrackingFidelityService: beginTransition[worldTracking]: lowLightController(1)->lowLightController(1)
03-27 01:38:12.517  1184 24198 I TrackingFidelityService: _applyMuxModeLockedInternal: Mode lowLightController already set. Returning.
03-27 01:38:12.517  1184 24198 I TrackingFidelityService: endTransition[worldTracking]: lowLightController(1)->lowLightController(1), seqId=-1, succeeded=true
03-27 01:38:13.209  1539  1635 D CompatibilityChangeReporter: Compat change id reported: 135634846; UID 10073; state: DISABLED
03-27 01:38:13.209  1539  1635 D CompatibilityChangeReporter: Compat change id reported: 177438394; UID 10073; state: DISABLED
03-27 01:38:13.209  1539  1635 D CompatibilityChangeReporter: Compat change id reported: 135772972; UID 10073; state: DISABLED
03-27 01:38:13.209  1539  1635 D CompatibilityChangeReporter: Compat change id reported: 135754954; UID 10073; state: ENABLED
03-27 01:38:13.209  1539  1636 D CompatibilityChangeReporter: Compat change id reported: 143937733; UID 10073; state: ENABLED
03-27 01:38:13.228  1539  1636 I ActivityManager: Start proc 27773:com.oculus.vralertservice/u0a73 for broadcast {com.oculus.vralertservice/com.oculus.vralertservice.AlertReceiver}
03-27 01:38:13.265  1539  4496 D CompatibilityChangeReporter: Compat change id reported: 168419799; UID 10073; state: DISABLED
03-27 01:38:13.265  1539  4496 D CompatibilityChangeReporter: Compat change id reported: 273564678; UID 10073; state: DISABLED
03-27 01:38:13.269  1539  1725 D CompatibilityChangeReporter: Compat change id reported: 265195908; UID 10073; state: ENABLED
03-27 01:38:13.273  1539  4496 D CompatibilityChangeReporter: Compat change id reported: 170503758; UID 10073; state: ENABLED
03-27 01:38:13.306     0     0 W healthd : battery l=40 v=3899 t=48.0 h=2 st=2 c=319710 fc=4503000 cc=61 chg=a
03-27 01:38:13.355  1539  4161 I ActivityManager: Flag disabled. Ignoring finishAttachApplication from uid: 10073. pid: 27773
03-27 01:38:13.615  1184 24198 D TrackingFidelityService: TrackingFidelitySharedMemory - setFeatureFidelity: 16 5
03-27 01:38:13.616  1184 24198 I TrackingFidelityService: Request(s)={constellation:5,hands:0,environment_lighting:0,keyboard:0,scene_reconstruction:0,}, Mux mode idx=1, name=lowLightController, score=3
03-27 01:38:13.616  1184 24198 I TrackingFidelityService: beginTransition[worldTracking]: lowLightController(1)->lowLightController(1)
03-27 01:38:13.616  1184 24198 I TrackingFidelityService: _applyMuxModeLockedInternal: Mode lowLightController already set. Returning.
03-27 01:38:13.616  1184 24198 I TrackingFidelityService: endTransition[worldTracking]: lowLightController(1)->lowLightController(1), seqId=-1, succeeded=true
03-27 01:38:13.734 17611 17611 W wlan    : [17611:W:PE] lim_process_action_frame: Spectrum mgmt action id: 2 not handled
03-27 01:38:14.656  1184 24198 D TrackingFidelityService: TrackingFidelitySharedMemory - setFeatureFidelity: 16 5
03-27 01:38:14.657  1184 24198 I TrackingFidelityService: Request(s)={constellation:5,hands:0,environment_lighting:0,keyboard:0,scene_reconstruction:0,}, Mux mode idx=1, name=lowLightController, score=3
03-27 01:38:14.657  1184 24198 I TrackingFidelityService: beginTransition[worldTracking]: lowLightController(1)->lowLightController(1)
03-27 01:38:14.657  1184 24198 I TrackingFidelityService: _applyMuxModeLockedInternal: Mode lowLightController already set. Returning.
03-27 01:38:14.657  1184 24198 I TrackingFidelityService: endTransition[worldTracking]: lowLightController(1)->lowLightController(1), seqId=-1, succeeded=true
03-27 01:38:15.742  1184 24198 D TrackingFidelityService: TrackingFidelitySharedMemory - setFeatureFidelity: 16 5
03-27 01:38:15.743  1184 24198 I TrackingFidelityService: Request(s)={constellation:5,hands:0,environment_lighting:0,keyboard:0,scene_reconstruction:0,}, Mux mode idx=1, name=lowLightController, score=3
03-27 01:38:15.743  1184 24198 I TrackingFidelityService: beginTransition[worldTracking]: lowLightController(1)->lowLightController(1)
03-27 01:38:15.743  1184 24198 I TrackingFidelityService: _applyMuxModeLockedInternal: Mode lowLightController already set. Returning.
03-27 01:38:15.743  1184 24198 I TrackingFidelityService: endTransition[worldTracking]: lowLightController(1)->lowLightController(1), seqId=-1, succeeded=true
03-27 01:38:16.734 17611 17611 W wlan    : [17611:W:PE] lim_process_action_frame: Spectrum mgmt action id: 2 not handled
03-27 01:38:16.830  1184 24198 D TrackingFidelityService: TrackingFidelitySharedMemory - setFeatureFidelity: 16 5
03-27 01:38:16.830  1184 24198 I TrackingFidelityService: Request(s)={constellation:5,hands:0,environment_lighting:0,keyboard:0,scene_reconstruction:0,}, Mux mode idx=1, name=lowLightController, score=3
03-27 01:38:16.830  1184 24198 I TrackingFidelityService: beginTransition[worldTracking]: lowLightController(1)->lowLightController(1)
03-27 01:38:16.830  1184 24198 I TrackingFidelityService: _applyMuxModeLockedInternal: Mode lowLightController already set. Returning.
03-27 01:38:16.830  1184 24198 I TrackingFidelityService: endTransition[worldTracking]: lowLightController(1)->lowLightController(1), seqId=-1, succeeded=true
03-27 01:38:17.503   899   934 W SyncBossFW: 12475080 [warning] {BSP }: Mag interrupt pin LOW in drdy handler
03-27 01:38:17.583   899   934 W SyncBossFW: 12475160 [warning] {BSP }: Mag interrupt pin LOW in drdy handler
03-27 01:38:17.870  1184 24198 D TrackingFidelityService: TrackingFidelitySharedMemory - setFeatureFidelity: 16 5
03-27 01:38:17.870  1184 24198 I TrackingFidelityService: Request(s)={constellation:5,hands:0,environment_lighting:0,keyboard:0,scene_reconstruction:0,}, Mux mode idx=1, name=lowLightController, score=3
03-27 01:38:17.870  1184 24198 I TrackingFidelityService: beginTransition[worldTracking]: lowLightController(1)->lowLightController(1)
03-27 01:38:17.870  1184 24198 I TrackingFidelityService: _applyMuxModeLockedInternal: Mode lowLightController already set. Returning.
03-27 01:38:17.870  1184 24198 I TrackingFidelityService: endTransition[worldTracking]: lowLightController(1)->lowLightController(1), seqId=-1, succeeded=true
03-27 01:38:18.751   894  1679 D TrackingService: bf4654138ddad3be: isControllerInHand(12481.56s): 0 ctEnabled: 1 btnPress(12478.70s): 0 *btnOrTpdTouch(12473.09s): 0 *btnOrTpdProx(12475.48s): 0 static(12481.56s): 0 thbstkOffCenter(9451.69s): 0 
03-27 01:38:18.751   894  1679 D TrackingService: [HANDTRACKING] Controller bf4654138ddad3be in hand: N, valid: Y
03-27 01:38:18.753  2157  2457 D ControllerManagement: RemoteService::recordControllerStatusUpdate: device bf4654138ddad3be: status: CONNECTED_ACTIVE tracking: POSITION, errors: --
03-27 01:38:18.967  1184 24198 D TrackingFidelityService: TrackingFidelitySharedMemory - setFeatureFidelity: 16 5
03-27 01:38:18.967  1184 24198 I TrackingFidelityService: Request(s)={constellation:5,hands:0,environment_lighting:0,keyboard:0,scene_reconstruction:0,}, Mux mode idx=1, name=lowLightController, score=3
03-27 01:38:18.967  1184 24198 I TrackingFidelityService: beginTransition[worldTracking]: lowLightController(1)->lowLightController(1)
03-27 01:38:18.967  1184 24198 I TrackingFidelityService: _applyMuxModeLockedInternal: Mode lowLightController already set. Returning.
03-27 01:38:18.967  1184 24198 I TrackingFidelityService: endTransition[worldTracking]: lowLightController(1)->lowLightController(1), seqId=-1, succeeded=true
03-27 01:38:19.736 17611 17611 W wlan    : [17611:W:PE] lim_process_action_frame: Spectrum mgmt action id: 2 not handled
03-27 01:38:20.008  1184 24198 D TrackingFidelityService: TrackingFidelitySharedMemory - setFeatureFidelity: 16 5
03-27 01:38:20.008  1184 24198 I TrackingFidelityService: Request(s)={constellation:5,hands:0,environment_lighting:0,keyboard:0,scene_reconstruction:0,}, Mux mode idx=1, name=lowLightController, score=3
03-27 01:38:20.008  1184 24198 I TrackingFidelityService: beginTransition[worldTracking]: lowLightController(1)->lowLightController(1)
03-27 01:38:20.008  1184 24198 I TrackingFidelityService: _applyMuxModeLockedInternal: Mode lowLightController already set. Returning.
03-27 01:38:20.008  1184 24198 I TrackingFidelityService: endTransition[worldTracking]: lowLightController(1)->lowLightController(1), seqId=-1, succeeded=true
03-27 01:38:20.260     0     0 W healthd : battery l=40 v=3891 t=48.0 h=2 st=2 c=190068 fc=4503000 cc=61 chg=a
03-27 01:38:20.635   894  1679 D TrackingService: bf4654138ddad3be: isControllerInHand(12485.45s): 1 ctEnabled: 1 btnPress(12478.70s): 0 *btnOrTpdTouch(12473.09s): 0 *btnOrTpdProx(12475.48s): 0 static(12485.45s): 1 thbstkOffCenter(9451.69s): 0 
03-27 01:38:20.635   894  1679 D TrackingService: [HANDTRACKING] Controller bf4654138ddad3be in hand: Y, valid: Y
03-27 01:38:20.636  2157  2457 D ControllerManagement: RemoteService::recordControllerStatusUpdate: device bf4654138ddad3be: status: CONNECTED_ACTIVE tracking: POSITION, errors: --
03-27 01:38:21.103  1184 24198 D TrackingFidelityService: TrackingFidelitySharedMemory - setFeatureFidelity: 16 5
03-27 01:38:21.104  1184 24198 I TrackingFidelityService: Request(s)={constellation:5,hands:0,environment_lighting:0,keyboard:0,scene_reconstruction:0,}, Mux mode idx=1, name=lowLightController, score=3
03-27 01:38:21.104  1184 24198 I TrackingFidelityService: beginTransition[worldTracking]: lowLightController(1)->lowLightController(1)
03-27 01:38:21.104  1184 24198 I TrackingFidelityService: _applyMuxModeLockedInternal: Mode lowLightController already set. Returning.
03-27 01:38:21.104  1184 24198 I TrackingFidelityService: endTransition[worldTracking]: lowLightController(1)->lowLightController(1), seqId=-1, succeeded=true
03-27 01:38:21.322   922  1346 E libsensortelemetry: imu samples delayed: 5884776ns capture to arrival (ERS limit: 3500000ns)
03-27 01:38:21.408   894  1527 E libsensortelemetry: imu_iot samples delayed: 6001287ns capture to arrival (ERS limit: 3500000ns)
03-27 01:38:21.673   922  1672 I SyncBossHAL: [info   ] syncboss_hal_input_controller.c(125): bf4654138ddad3be: IMU 0 missed/60000 expected (PER 0.00%), 0 max consecutive drops
03-27 01:38:21.846   922  1516 D CameraStream: [ocal] Client [IOT(894)] attempting start
03-27 01:38:21.847   922  1516 I FrameSetDispatcher: [{COL:FULPS}] Client pid=894 (IOT): Client thread[{COL:FULPS}:IOT] started
03-27 01:38:21.847   922  1516 I CameraClientManager: [IOT(894)][ocal] client started (estimated 1 started clients total)
03-27 01:38:21.847   922  1516 I CameraClientManager: [[IOT(894)][ocal]] definitely starting stream
03-27 01:38:21.847   922  1516 I SensorService: [color] Starting cameras for purpose ocal
03-27 01:38:21.847   922  1516 I FrameSetCollator: [{COL:FULPS}] Skipping start, already running (camera system color start count: 2)
03-27 01:38:21.847   922  1516 I SensorService: [color] Starting camera streams for purpose: ocal, current muxmode = 1
03-27 01:38:21.847   922  1516 I CameraClientManager: [[IOT(894)][ocal]] stream start completed
03-27 01:38:21.847   922  1516 D CameraStream: [ocal] Client [IOT(894)]: start complete
03-27 01:38:21.852   894  1593 W TrackingService: 1 late Color frame set were dropped: timestamp 12479.409800, last release 12479.410800.
03-27 01:38:22.139  1184 24198 D TrackingFidelityService: TrackingFidelitySharedMemory - setFeatureFidelity: 16 5
03-27 01:38:22.139  1184 24198 I TrackingFidelityService: Request(s)={constellation:5,hands:0,environment_lighting:0,keyboard:0,scene_reconstruction:0,}, Mux mode idx=1, name=lowLightController, score=3
03-27 01:38:22.139  1184 24198 I TrackingFidelityService: beginTransition[worldTracking]: lowLightController(1)->lowLightController(1)
03-27 01:38:22.139  1184 24198 I TrackingFidelityService: _applyMuxModeLockedInternal: Mode lowLightController already set. Returning.
03-27 01:38:22.139  1184 24198 I TrackingFidelityService: endTransition[worldTracking]: lowLightController(1)->lowLightController(1), seqId=-1, succeeded=true
03-27 01:38:22.735 17611 17611 W wlan    : [17611:W:PE] lim_process_action_frame: Spectrum mgmt action id: 2 not handled
03-27 01:38:22.976   922  1516 D CameraStream: [ocal] Client [IOT(894)] attempting stop
03-27 01:38:22.976   922  1516 I FrameSetDispatcher: [{COL:FULPS}] Client pid=894 (IOT): Client thread stopping
03-27 01:38:22.985   922  1516 I CameraClientManager: [IOT(894)][ocal] client stopped (estimated 0 started clients remaining)
03-27 01:38:22.985   922  1516 I CameraClientManager: [[IOT(894)][ocal]] definitely stopping stream
03-27 01:38:22.985   922  1516 I SensorService: [color] Stopping cameras for purpose ocal
03-27 01:38:22.985   922  1516 I SensorService: [color] Stopping camera streams for purpose: ocal
03-27 01:38:22.985   922  1516 I CameraClientManager: [[IOT(894)][ocal]] stream stop completed
03-27 01:38:22.985   922  1516 D CameraStream: [ocal] Client [IOT(894)]: stop complete
03-27 01:38:23.235  1184 24198 D TrackingFidelityService: TrackingFidelitySharedMemory - setFeatureFidelity: 16 5
03-27 01:38:23.235  1184 24198 I TrackingFidelityService: Request(s)={constellation:5,hands:0,environment_lighting:0,keyboard:0,scene_reconstruction:0,}, Mux mode idx=1, name=lowLightController, score=3
03-27 01:38:23.235  1184 24198 I TrackingFidelityService: beginTransition[worldTracking]: lowLightController(1)->lowLightController(1)
03-27 01:38:23.235  1184 24198 I TrackingFidelityService: _applyMuxModeLockedInternal: Mode lowLightController already set. Returning.
03-27 01:38:23.235  1184 24198 I TrackingFidelityService: endTransition[worldTracking]: lowLightController(1)->lowLightController(1), seqId=-1, succeeded=true
03-27 01:38:24.146   894  1679 D TrackingService: bf4654138ddad3be: isControllerInHand(12486.95s): 0 ctEnabled: 1 btnPress(12478.70s): 0 *btnOrTpdTouch(12473.09s): 0 *btnOrTpdProx(12475.48s): 0 static(12486.95s): 0 thbstkOffCenter(9451.69s): 0 
03-27 01:38:24.146   894  1679 D TrackingService: [HANDTRACKING] Controller bf4654138ddad3be in hand: N, valid: Y
03-27 01:38:24.147  2157  2457 D ControllerManagement: RemoteService::recordControllerStatusUpdate: device bf4654138ddad3be: status: CONNECTED_ACTIVE tracking: POSITION, errors: --
03-27 01:38:24.251   894  1679 D TrackingService: bf4654138ddad3be: isControllerInHand(12489.06s): 1 ctEnabled: 1 btnPress(12478.70s): 0 *btnOrTpdTouch(12473.09s): 0 *btnOrTpdProx(12475.48s): 0 static(12489.06s): 1 thbstkOffCenter(9451.69s): 0 
03-27 01:38:24.251   894  1679 D TrackingService: [HANDTRACKING] Controller bf4654138ddad3be in hand: Y, valid: Y
03-27 01:38:24.251  2157  2457 D ControllerManagement: RemoteService::recordControllerStatusUpdate: device bf4654138ddad3be: status: CONNECTED_ACTIVE tracking: POSITION, errors: --
03-27 01:38:24.431  1539  1634 W ProcessStats: Tracking association SourceState{a295250 com.oculus.systemux:SystemUX/10075 BTop #28936} whose proc state 2 is better than process ProcessState{3182c08 com.oculus.metacam/10127 pkg=com.oculus.metacam} proc state 3 (24 skipped)
03-27 01:38:25.180   922  1346 E libsensortelemetry: imu samples delayed: 5407182ns capture to arrival (ERS limit: 3500000ns)
03-27 01:38:25.267   894  1527 E libsensortelemetry: imu_iot samples delayed: 5560620ns capture to arrival (ERS limit: 3500000ns)
03-27 01:38:25.735 17611 17611 W wlan    : [17611:W:PE] lim_process_action_frame: Spectrum mgmt action id: 2 not handled
03-27 01:38:26.562   894  1679 D TrackingService: bf4654138ddad3be: isControllerInHand(12489.37s): 0 ctEnabled: 1 btnPress(12478.70s): 0 *btnOrTpdTouch(12473.09s): 0 *btnOrTpdProx(12475.48s): 0 static(12489.37s): 0 thbstkOffCenter(9451.69s): 0 
03-27 01:38:26.562   894  1679 D TrackingService: [HANDTRACKING] Controller bf4654138ddad3be in hand: N, valid: Y
03-27 01:38:26.562  2157  2457 D ControllerManagement: RemoteService::recordControllerStatusUpdate: device bf4654138ddad3be: status: CONNECTED_ACTIVE tracking: POSITION, errors: --
03-27 01:38:28.735 17611 17611 W wlan    : [17611:W:PE] lim_process_action_frame: Spectrum mgmt action id: 2 not handled
03-27 01:38:30.275     0     0 W healthd : battery l=40 v=3900 t=48.0 h=2 st=2 c=312019 fc=4503000 cc=61 chg=a
03-27 01:38:31.705     0     0 W healthd : battery l=40 v=3903 t=48.0 h=2 st=2 c=367318 fc=4503000 cc=61 chg=a
03-27 01:38:31.734 17611 17611 W wlan    : [17611:W:PE] lim_process_action_frame: Spectrum mgmt action id: 2 not handled
03-27 01:38:33.375   894  1679 D TrackingService: bf4654138ddad3be: isControllerInHand(12498.19s): 1 ctEnabled: 1 btnPress(12478.70s): 0 *btnOrTpdTouch(12473.09s): 0 *btnOrTpdProx(12475.48s): 0 static(12498.19s): 1 thbstkOffCenter(9451.69s): 0 
03-27 01:38:33.375   894  1679 D TrackingService: [HANDTRACKING] Controller bf4654138ddad3be in hand: Y, valid: Y
03-27 01:38:33.376  2157  2457 D ControllerManagement: RemoteService::recordControllerStatusUpdate: device bf4654138ddad3be: status: CONNECTED_ACTIVE tracking: POSITION, errors: --
03-27 01:38:34.455  1539  1634 W ProcessStats: Tracking association SourceState{a295250 com.oculus.systemux:SystemUX/10075 BTop #28956} whose proc state 2 is better than process ProcessState{3182c08 com.oculus.metacam/10127 pkg=com.oculus.metacam} proc state 3 (12 skipped)
03-27 01:38:34.734 17611 17611 W wlan    : [17611:W:PE] lim_process_action_frame: Spectrum mgmt action id: 2 not handled
03-27 01:38:37.735 17611 17611 W wlan    : [17611:W:PE] lim_process_action_frame: Spectrum mgmt action id: 2 not handled
03-27 01:38:37.833  1184 24198 D TrackingFidelityService: TrackingFidelitySharedMemory - setFeatureFidelity: 16 5
03-27 01:38:37.834  1184 24198 I TrackingFidelityService: Request(s)={constellation:5,hands:0,environment_lighting:0,keyboard:0,scene_reconstruction:0,}, Mux mode idx=1, name=lowLightController, score=3
03-27 01:38:37.834  1184 24198 I TrackingFidelityService: beginTransition[worldTracking]: lowLightController(1)->lowLightController(1)
03-27 01:38:37.835  1184 24198 I TrackingFidelityService: _applyMuxModeLockedInternal: Mode lowLightController already set. Returning.
03-27 01:38:37.835  1184 24198 I TrackingFidelityService: endTransition[worldTracking]: lowLightController(1)->lowLightController(1), seqId=-1, succeeded=true
03-27 01:38:38.128   922  1672 I SyncBossHAL: [info   ] syncboss_hal_input_controller.c(125): 9961d850d74714d4: IMU 0 missed/60000 expected (PER 0.00%), 0 max consecutive drops
03-27 01:38:40.282     0     0 W healthd : battery l=40 v=3902 t=48.0 h=2 st=2 c=349740 fc=4503000 cc=61 chg=a
03-27 01:38:40.304   899   934 W SyncBossFW: 12497880 [warning] {BSP }: Mag interrupt pin LOW in drdy handler
03-27 01:38:40.735 17611 17611 W wlan    : [17611:W:PE] lim_process_action_frame: Spectrum mgmt action id: 2 not handled
03-27 01:38:41.182  1184 24198 D TrackingFidelityService: TrackingFidelitySharedMemory - setFeatureFidelity: 16 5
03-27 01:38:41.182  1184 24198 I TrackingFidelityService: Request(s)={constellation:5,hands:0,environment_lighting:0,keyboard:0,scene_reconstruction:0,}, Mux mode idx=1, name=lowLightController, score=3
03-27 01:38:41.182  1184 24198 I TrackingFidelityService: beginTransition[worldTracking]: lowLightController(1)->lowLightController(1)
03-27 01:38:41.182  1184 24198 I TrackingFidelityService: _applyMuxModeLockedInternal: Mode lowLightController already set. Returning.
03-27 01:38:41.182  1184 24198 I TrackingFidelityService: endTransition[worldTracking]: lowLightController(1)->lowLightController(1), seqId=-1, succeeded=true
03-27 01:38:41.480   922  1346 E libsensortelemetry: imu samples delayed: 5224482ns capture to arrival (ERS limit: 3500000ns)
03-27 01:38:41.495   894  1527 E libsensortelemetry: imu_iot samples delayed: 5288961ns capture to arrival (ERS limit: 3500000ns)
03-27 01:38:42.225  1184 24198 D TrackingFidelityService: TrackingFidelitySharedMemory - setFeatureFidelity: 16 5
03-27 01:38:42.226  1184 24198 I TrackingFidelityService: Request(s)={constellation:5,hands:0,environment_lighting:0,keyboard:0,scene_reconstruction:0,}, Mux mode idx=1, name=lowLightController, score=3
03-27 01:38:42.226  1184 24198 I TrackingFidelityService: beginTransition[worldTracking]: lowLightController(1)->lowLightController(1)
03-27 01:38:42.226  1184 24198 I TrackingFidelityService: _applyMuxModeLockedInternal: Mode lowLightController already set. Returning.
03-27 01:38:42.226  1184 24198 I TrackingFidelityService: endTransition[worldTracking]: lowLightController(1)->lowLightController(1), seqId=-1, succeeded=true
03-27 01:38:42.967   922  1516 D CameraStream: [ocal] Client [IOT(894)] attempting start
03-27 01:38:42.967   922  1516 I FrameSetDispatcher: [{COL:FULPS}] Client pid=894 (IOT): Client thread[{COL:FULPS}:IOT] started
03-27 01:38:42.967   922  1516 I CameraClientManager: [IOT(894)][ocal] client started (estimated 1 started clients total)
03-27 01:38:42.967   922  1516 I CameraClientManager: [[IOT(894)][ocal]] definitely starting stream
03-27 01:38:42.967   922  1516 I SensorService: [color] Starting cameras for purpose ocal
03-27 01:38:42.967   922  1516 I FrameSetCollator: [{COL:FULPS}] Skipping start, already running (camera system color start count: 2)
03-27 01:38:42.967   922  1516 I SensorService: [color] Starting camera streams for purpose: ocal, current muxmode = 1
03-27 01:38:42.967   922  1516 I CameraClientManager: [[IOT(894)][ocal]] stream start completed
03-27 01:38:42.967   922  1516 D CameraStream: [ocal] Client [IOT(894)]: start complete
03-27 01:38:42.974   894  1593 W TrackingService: 1 late Color frame set were dropped: timestamp 12500.529800, last release 12500.530800.
03-27 01:38:43.317  1184 24198 D TrackingFidelityService: TrackingFidelitySharedMemory - setFeatureFidelity: 16 5
03-27 01:38:43.317  1184 24198 I TrackingFidelityService: Request(s)={constellation:5,hands:0,environment_lighting:0,keyboard:0,scene_reconstruction:0,}, Mux mode idx=1, name=lowLightController, score=3
03-27 01:38:43.317  1184 24198 I TrackingFidelityService: beginTransition[worldTracking]: lowLightController(1)->lowLightController(1)
03-27 01:38:43.317  1184 24198 I TrackingFidelityService: _applyMuxModeLockedInternal: Mode lowLightController already set. Returning.
03-27 01:38:43.317  1184 24198 I TrackingFidelityService: endTransition[worldTracking]: lowLightController(1)->lowLightController(1), seqId=-1, succeeded=true
03-27 01:38:43.735 17611 17611 W wlan    : [17611:W:PE] lim_process_action_frame: Spectrum mgmt action id: 2 not handled
03-27 01:38:44.093   922  1516 D CameraStream: [ocal] Client [IOT(894)] attempting stop
03-27 01:38:44.093   922  1516 I FrameSetDispatcher: [{COL:FULPS}] Client pid=894 (IOT): Client thread stopping
03-27 01:38:44.108   922  1516 I CameraClientManager: [IOT(894)][ocal] client stopped (estimated 0 started clients remaining)
03-27 01:38:44.108   922  1516 I CameraClientManager: [[IOT(894)][ocal]] definitely stopping stream
03-27 01:38:44.108   922  1516 I SensorService: [color] Stopping cameras for purpose ocal
03-27 01:38:44.108   922  1516 I SensorService: [color] Stopping camera streams for purpose: ocal
03-27 01:38:44.108   922  1516 I CameraClientManager: [[IOT(894)][ocal]] stream stop completed
03-27 01:38:44.108   922  1516 D CameraStream: [ocal] Client [IOT(894)]: stop complete
03-27 01:38:44.364  1184 24198 D TrackingFidelityService: TrackingFidelitySharedMemory - setFeatureFidelity: 16 5
03-27 01:38:44.364  1184 24198 I TrackingFidelityService: Request(s)={constellation:5,hands:0,environment_lighting:0,keyboard:0,scene_reconstruction:0,}, Mux mode idx=1, name=lowLightController, score=3
03-27 01:38:44.364  1184 24198 I TrackingFidelityService: beginTransition[worldTracking]: lowLightController(1)->lowLightController(1)
03-27 01:38:44.364  1184 24198 I TrackingFidelityService: _applyMuxModeLockedInternal: Mode lowLightController already set. Returning.
03-27 01:38:44.364  1184 24198 I TrackingFidelityService: endTransition[worldTracking]: lowLightController(1)->lowLightController(1), seqId=-1, succeeded=true
03-27 01:38:44.495  1539  1634 W ProcessStats: Tracking association SourceState{a295250 com.oculus.systemux:SystemUX/10075 BTop #28975} whose proc state 2 is better than process ProcessState{3182c08 com.oculus.metacam/10127 pkg=com.oculus.metacam} proc state 3 (12 skipped)
03-27 01:38:44.683   894  1679 D TrackingService: bf4654138ddad3be: isControllerInHand(12507.49s): 0 ctEnabled: 1 btnPress(12502.54s): 0 *btnOrTpdTouch(12507.27s): 0 *btnOrTpdProx(12507.27s): 0 static(12507.49s): 0 thbstkOffCenter(9451.69s): 0 
03-27 01:38:44.683   894  1679 D TrackingService: [HANDTRACKING] Controller bf4654138ddad3be in hand: N, valid: Y
03-27 01:38:44.683  2157  2457 D ControllerManagement: RemoteService::recordControllerStatusUpdate: device bf4654138ddad3be: status: CONNECTED_ACTIVE tracking: POSITION, errors: --
03-27 01:38:44.942   922  1346 E libsensortelemetry: imu samples delayed: 5859056ns capture to arrival (ERS limit: 3500000ns)
03-27 01:38:45.015   894  1527 E libsensortelemetry: imu_iot samples delayed: 5937858ns capture to arrival (ERS limit: 3500000ns)
03-27 01:38:45.306   894  1679 D TrackingService: bf4654138ddad3be: isControllerInHand(12510.12s): 1 ctEnabled: 1 btnPress(12502.54s): 0 *btnOrTpdTouch(12507.27s): 0 *btnOrTpdProx(12507.27s): 0 static(12510.12s): 1 thbstkOffCenter(9451.69s): 0 
03-27 01:38:45.307   894  1679 D TrackingService: [HANDTRACKING] Controller bf4654138ddad3be in hand: Y, valid: Y
03-27 01:38:45.307  2157  2457 D ControllerManagement: RemoteService::recordControllerStatusUpdate: device bf4654138ddad3be: status: CONNECTED_ACTIVE tracking: POSITION, errors: --
03-27 01:38:45.462  1184 24198 D TrackingFidelityService: TrackingFidelitySharedMemory - setFeatureFidelity: 16 5
03-27 01:38:45.463  1184 24198 I TrackingFidelityService: Request(s)={constellation:5,hands:0,environment_lighting:0,keyboard:0,scene_reconstruction:0,}, Mux mode idx=1, name=lowLightController, score=3
03-27 01:38:45.463  1184 24198 I TrackingFidelityService: beginTransition[worldTracking]: lowLightController(1)->lowLightController(1)
03-27 01:38:45.463  1184 24198 I TrackingFidelityService: _applyMuxModeLockedInternal: Mode lowLightController already set. Returning.
03-27 01:38:45.463  1184 24198 I TrackingFidelityService: endTransition[worldTracking]: lowLightController(1)->lowLightController(1), seqId=-1, succeeded=true
03-27 01:38:46.496  1184 24198 D TrackingFidelityService: TrackingFidelitySharedMemory - setFeatureFidelity: 16 5
03-27 01:38:46.496  1184 24198 I TrackingFidelityService: Request(s)={constellation:5,hands:0,environment_lighting:0,keyboard:0,scene_reconstruction:0,}, Mux mode idx=1, name=lowLightController, score=3
03-27 01:38:46.496  1184 24198 I TrackingFidelityService: beginTransition[worldTracking]: lowLightController(1)->lowLightController(1)
03-27 01:38:46.496  1184 24198 I TrackingFidelityService: _applyMuxModeLockedInternal: Mode lowLightController already set. Returning.
03-27 01:38:46.496  1184 24198 I TrackingFidelityService: endTransition[worldTracking]: lowLightController(1)->lowLightController(1), seqId=-1, succeeded=true
03-27 01:38:46.737 17611 17611 W wlan    : [17611:W:PE] lim_process_action_frame: Spectrum mgmt action id: 2 not handled
03-27 01:38:47.585  1184 24198 D TrackingFidelityService: TrackingFidelitySharedMemory - setFeatureFidelity: 16 5
03-27 01:38:47.586  1184 24198 I TrackingFidelityService: Request(s)={constellation:5,hands:0,environment_lighting:0,keyboard:0,scene_reconstruction:0,}, Mux mode idx=1, name=lowLightController, score=3
03-27 01:38:47.586  1184 24198 I TrackingFidelityService: beginTransition[worldTracking]: lowLightController(1)->lowLightController(1)
03-27 01:38:47.586  1184 24198 I TrackingFidelityService: _applyMuxModeLockedInternal: Mode lowLightController already set. Returning.
03-27 01:38:47.586  1184 24198 I TrackingFidelityService: endTransition[worldTracking]: lowLightController(1)->lowLightController(1), seqId=-1, succeeded=true
03-27 01:38:48.635  1184 24198 D TrackingFidelityService: TrackingFidelitySharedMemory - setFeatureFidelity: 16 5
03-27 01:38:48.635  1184 24198 I TrackingFidelityService: Request(s)={constellation:5,hands:0,environment_lighting:0,keyboard:0,scene_reconstruction:0,}, Mux mode idx=1, name=lowLightController, score=3
03-27 01:38:48.636  1184 24198 I TrackingFidelityService: beginTransition[worldTracking]: lowLightController(1)->lowLightController(1)
03-27 01:38:48.636  1184 24198 I TrackingFidelityService: _applyMuxModeLockedInternal: Mode lowLightController already set. Returning.
03-27 01:38:48.636  1184 24198 I TrackingFidelityService: endTransition[worldTracking]: lowLightController(1)->lowLightController(1), seqId=-1, succeeded=true
03-27 01:38:49.735 17611 17611 W wlan    : [17611:W:PE] lim_process_action_frame: Spectrum mgmt action id: 2 not handled
03-27 01:38:49.724  1184 24198 D TrackingFidelityService: TrackingFidelitySharedMemory - setFeatureFidelity: 16 5
03-27 01:38:49.726  1184 24198 I TrackingFidelityService: Request(s)={constellation:5,hands:0,environment_lighting:0,keyboard:0,scene_reconstruction:0,}, Mux mode idx=1, name=lowLightController, score=3
03-27 01:38:49.726  1184 24198 I TrackingFidelityService: beginTransition[worldTracking]: lowLightController(1)->lowLightController(1)
03-27 01:38:49.726  1184 24198 I TrackingFidelityService: _applyMuxModeLockedInternal: Mode lowLightController already set. Returning.
03-27 01:38:49.726  1184 24198 I TrackingFidelityService: endTransition[worldTracking]: lowLightController(1)->lowLightController(1), seqId=-1, succeeded=true
03-27 01:38:50.291     0     0 W healthd : battery l=40 v=3894 t=48.0 h=2 st=2 c=240240 fc=4503000 cc=61 chg=a
03-27 01:38:50.759  1184 24198 D TrackingFidelityService: TrackingFidelitySharedMemory - setFeatureFidelity: 16 5
03-27 01:38:50.759  1184 24198 I TrackingFidelityService: Request(s)={constellation:5,hands:0,environment_lighting:0,keyboard:0,scene_reconstruction:0,}, Mux mode idx=1, name=lowLightController, score=3
03-27 01:38:50.759  1184 24198 I TrackingFidelityService: beginTransition[worldTracking]: lowLightController(1)->lowLightController(1)
03-27 01:38:50.759  1184 24198 I TrackingFidelityService: _applyMuxModeLockedInternal: Mode lowLightController already set. Returning.
03-27 01:38:50.759  1184 24198 I TrackingFidelityService: endTransition[worldTracking]: lowLightController(1)->lowLightController(1), seqId=-1, succeeded=true
03-27 01:38:50.906  1539  1689 W ActivityManager: setIsForegroundPanelService: ComponentInfo{com.oculus.systemux/com.oculus.panelapp.anytimeui.AnytimeUIActivity} not found
03-27 01:38:50.906  1539  1689 W ActivityManager: setIsForegroundPanelService: ComponentInfo{com.oculus.vrshell/com.oculus.panelapp.qam.QuickActionsMenuActivity} not found
03-27 01:38:50.906  1539  1689 W ActivityManager: setIsForegroundPanelService: ComponentInfo{com.oculus.vrshell/com.oculus.panelapp.controlbar.ControlBarActivity} not found
03-27 01:38:50.910  1539  1689 W MemoryBroker: attachClient: found client in attached list (uid: 10200, pid: 24628)
03-27 01:38:50.910  1539  1689 W MemoryBroker: INPUT_TYPE_MAP: client org.godotengine.editor.v4.meta (24628) does not have access (app ops or VR focus)
03-27 01:38:50.911  1539  4407 I ActivityTaskManager: START u0 {flg=0x10000000 cmp=com.oculus.vrshell/.FocusPlaceholderActivity} with LAUNCH_SINGLE_INSTANCE from uid 10098 (BAL_ALLOW_ALLOWLISTED_COMPONENT) result code=0
03-27 01:38:50.915  1539  1689 W MemoryBroker: attachClient: found client in attached list (uid: 10098, pid: 3817)
03-27 01:38:50.916  1539  1689 W MemoryBroker: attachClient: found client in attached list (uid: 10098, pid: 3817)
03-27 01:38:50.918  1539  1689 W MemoryBroker: attachClient: found client in attached list (uid: 10098, pid: 3817)
03-27 01:38:50.919  1539  1689 W MemoryBroker: attachClient: found client in attached list (uid: 10098, pid: 3817)
03-27 01:38:50.919  1539  1689 W MemoryBroker: attachClient: found client in attached list (uid: 10098, pid: 3817)
03-27 01:38:50.919  1539  4161 W MemoryBroker: attachClient: found client in attached list (uid: 10200, pid: 24628)
03-27 01:38:50.920  1539  4161 W MemoryBroker: HAND_TRACKER: client org.godotengine.editor.v4.meta (24628) does not have access (app ops or VR focus)
03-27 01:38:50.920  1539  4161 W MemoryBroker: attachClient: found client in attached list (uid: 10200, pid: 24628)
03-27 01:38:50.920  1539  4161 W MemoryBroker: HAND_TRACKER: client org.godotengine.editor.v4.meta (24628) does not have access (app ops or VR focus)
03-27 01:38:50.920  1539  1689 W MemoryBroker: attachClient: found client in attached list (uid: 10098, pid: 3817)
03-27 01:38:50.921  1539  4161 W MemoryBroker: attachClient: found client in attached list (uid: 10098, pid: 3817)
03-27 01:38:50.921  1539  1625 I ActivityManager: PendingStartActivityUids startActivity to updateOomAdj delay:40178ms, uid:10200
03-27 01:38:50.921  1539  4504 W MemoryBroker: attachClient: found client in attached list (uid: 10007, pid: 2582)
03-27 01:38:50.922  1539  1688 W MemoryBroker: attachClient: found client in attached list (uid: 10007, pid: 2582)
03-27 01:38:50.922  1539  4161 W MemoryBroker: attachClient: found client in attached list (uid: 10007, pid: 2582)
03-27 01:38:50.923  1539  4161 W MemoryBroker: attachClient: found client in attached list (uid: 10007, pid: 2582)
03-27 01:38:50.923  1539  4161 W MemoryBroker: attachClient: found client in attached list (uid: 10007, pid: 2582)
03-27 01:38:50.925  1539  1688 W MemoryBroker: attachClient: found client in attached list (uid: 10096, pid: 3045)
03-27 01:38:50.925  1539  4161 W MemoryBroker: attachClient: found client in attached list (uid: 10007, pid: 2582)
03-27 01:38:50.926  1539  4496 W MemoryBroker: attachClient: found client in attached list (uid: 10007, pid: 2582)
03-27 01:38:50.926  1539  4504 W MemoryBroker: attachClient: found client in attached list (uid: 10096, pid: 3045)
03-27 01:38:50.929  1539  1878 I ActivityTaskManager: START u0 {flg=0x10800000 cmp=com.oculus.vrshell/.FocusPlaceholderActivity} with LAUNCH_SINGLE_INSTANCE from uid 10098 (realCallingUid=1000) (BAL_ALLOW_ALLOWLISTED_COMPONENT) result code=3
03-27 01:38:50.932  1539  4161 W MemoryBroker: attachClient: found client in attached list (uid: 10096, pid: 3045)
03-27 01:38:50.933  1539  4161 W MemoryBroker: attachClient: found client in attached list (uid: 10096, pid: 3045)
03-27 01:38:50.933  1539  4161 W MemoryBroker: attachClient: found client in attached list (uid: 10096, pid: 3045)
03-27 01:38:50.940  1539  1689 W MemoryBroker: attachClient: found client in attached list (uid: 1000, pid: 1160)
03-27 01:38:50.941  1539  1689 W MemoryBroker: attachClient: found client in attached list (uid: 1000, pid: 1160)
03-27 01:38:50.952  1539  1622 V WindowManager: Sent Transition #766 createdAt=03-27 01:38:50.911 via request=TransitionRequestInfo { type = TO_FRONT, triggerTask = null, remoteTransition = null, displayChange = null }
03-27 01:38:50.952  1539  1622 V WindowManager:     startWCT=WindowContainerTransaction { changes = {} hops = [] errorCallbackToken=null taskFragmentOrganizer=null }
03-27 01:38:50.952  1539  1622 V WindowManager:     info={id=766 t=TO_FRONT f=0x0 trk=0 r=[0@Point(0, 0)] c=[{WCT{RemoteToken{f06a38b Task{329787f #12994 type=standard A=10098:com.oculus.vrshell:-339196040}}} m=CHANGE f=MOVE_TO_TOP p=WCT{RemoteToken{7f4138d Task{49acc24 #12993 type=standard}}} leash=Surface(name=Task=12994)/@0xc577f6f sb=Rect(0, 0 - 1, 1) eb=Rect(0, 0 - 1, 1) d=0},{WCT{RemoteToken{7f4138d Task{49acc24 #12993 type=standard}}} m=CHANGE f=TRANSLUCENT|MOVE_TO_TOP leash=Surface(name=Task=12993)/@0x62ed24e sb=Rect(0, 0 - 1, 1) eb=Rect(0, 0 - 1, 1) d=0}]}
03-27 01:38:50.956  1539  1625 I OculusWindowMgr: OWMS::focusChanged: windowRootTaskId: 12847
03-27 01:38:50.958  1539  1625 I OculusWindowMgr: OWMS::focusChanged: getImmersiveTask returned
03-27 01:38:50.958  1539  1625 I OculusWindowMgr: OWMS::focusChanged: mFocusPlaceholderActivity found in Task.
03-27 01:38:50.960  1539  1625 I OculusWindowMgr: OWMS::focusChanged: windowRootTaskId: 12993
03-27 01:38:50.960  1539  1625 I OculusWindowMgr: OWMS::focusChanged: getImmersiveTask returned
03-27 01:38:50.960  1539  1625 I OculusWindowMgr: OWMS::focusChanged: mFocusPlaceholderActivity found in Task.
03-27 01:38:50.964  1539  1622 V WindowManager: Finish Transition #766: created at 03-27 01:38:50.911 collect-started=0.013ms request-sent=1.031ms started=29.048ms ready=29.018ms sent=39.184ms finished=52.461ms
03-27 01:38:50.965  1539  4504 D ActivityTaskManager: getDisplaysWithTopActivities: immersive ActivityRecord{939c1ff u0 org.godotengine.editor.v4.meta/org.godotengine.editor.GodotXRGame t12986}
03-27 01:38:50.966  1539  1878 D VolumetricContentMonitor: Focused window changed to RunningWindowInfo{  pid: 9927, uid: 10109, userId: 0, windowContainerToken: 63944462, windowToken: android.view.IWindow$Stub$Proxy@c0b652f, windowId: com.android.server.wm.WindowState$WindowId@b08973c, displayId: 0, windowType: 1, activity: RunningActivityInfo { rootTask: 12847, uid: 10109, pid: 9927, userId: 0, activity: com.oculus.remotedesktop.activity.main.RemoteDesktopMainActivity, windowId: com.android.server.wm.WindowState$WindowId@b08973c, state: ACTIVITY_STATE_VISIBLE}}, from android.view.IWindow$Stub$Proxy@fdc20c0
03-27 01:38:50.966  1539  1878 D VolumetricContentMonitor: Focused window changed to RunningWindowInfo{  pid: 3817, uid: 10098, userId: 0, windowContainerToken: 206608455, windowToken: android.view.IWindow$Stub$Proxy@aa0a874, windowId: com.android.server.wm.WindowState$WindowId@773419d, displayId: 0, windowType: 1, activity: RunningActivityInfo { rootTask: 12993, uid: 10098, pid: 3817, userId: 0, activity: com.oculus.vrshell.FocusPlaceholderActivity, windowId: com.android.server.wm.WindowState$WindowId@773419d, state: ACTIVITY_STATE_VISIBLE}}, from android.view.IWindow$Stub$Proxy@c0b652f
03-27 01:38:50.969  1539  4161 D ActivityTaskManager: getDisplaysWithTopActivities: immersive ActivityRecord{939c1ff u0 org.godotengine.editor.v4.meta/org.godotengine.editor.GodotXRGame t12986}
03-27 01:38:50.970  1539  1539 D SpatialAudioService: Skipping processing for app: org.godotengine.editor.v4.meta (isNewApp: false, epsService: true)
03-27 01:38:50.971  1539  1539 V WorldManagerService: VW Content Listener: org.godotengine.editor.v4.meta -1
03-27 01:38:50.971  1539  1539 D SpatialAudioService: Skipping processing for app: com.oculus.remotedesktop (isNewApp: false, epsService: true)
03-27 01:38:50.980  1539  1539 V WorldManagerService: VW Content Listener: com.oculus.remotedesktop -1
03-27 01:38:50.980  1539  1539 D SpatialAudioService: Skipping processing for app: com.oculus.remotedesktop (isNewApp: false, epsService: true)
03-27 01:38:50.980  1539  1539 V WorldManagerService: VW Content Listener: com.oculus.remotedesktop -1
03-27 01:38:50.980  1539  1539 D SpatialAudioService: Skipping processing for app: com.oculus.vrshell (isNewApp: false, epsService: true)
03-27 01:38:50.980  1539  1539 V WorldManagerService: VW Content Listener: com.oculus.vrshell -1
03-27 01:38:51.844  1184 24198 D TrackingFidelityService: TrackingFidelitySharedMemory - setFeatureFidelity: 16 5
03-27 01:38:51.844  1184 24198 I TrackingFidelityService: Request(s)={constellation:5,hands:0,environment_lighting:0,keyboard:0,scene_reconstruction:0,}, Mux mode idx=1, name=lowLightController, score=3
03-27 01:38:51.845  1184 24198 I TrackingFidelityService: beginTransition[worldTracking]: lowLightController(1)->lowLightController(1)
03-27 01:38:51.845  1184 24198 I TrackingFidelityService: _applyMuxModeLockedInternal: Mode lowLightController already set. Returning.
03-27 01:38:51.845  1184 24198 I TrackingFidelityService: endTransition[worldTracking]: lowLightController(1)->lowLightController(1), seqId=-1, succeeded=true
03-27 01:38:51.885   899   934 W SyncBossFW: 12509460 [warning] {BSP }: Mag interrupt pin LOW in drdy handler
03-27 01:38:51.985   894  1679 D TrackingService: bf4654138ddad3be: isControllerInHand(12514.79s): 0 ctEnabled: 1 btnPress(12502.54s): 0 *btnOrTpdTouch(12507.27s): 0 *btnOrTpdProx(12507.27s): 0 static(12514.79s): 0 thbstkOffCenter(9451.69s): 0 
03-27 01:38:51.985   894  1679 D TrackingService: [HANDTRACKING] Controller bf4654138ddad3be in hand: N, valid: Y
03-27 01:38:51.986  2157  2457 D ControllerManagement: RemoteService::recordControllerStatusUpdate: device bf4654138ddad3be: status: CONNECTED_ACTIVE tracking: POSITION, errors: --
03-27 01:38:52.136  1539  1622 V WindowManager: Sent Transition #767 createdAt=03-27 01:38:52.129 via request=TransitionRequestInfo { type = TO_FRONT, triggerTask = null, remoteTransition = null, displayChange = null }
03-27 01:38:52.136  1539  1622 V WindowManager:     startWCT=WindowContainerTransaction { changes = {} hops = [] errorCallbackToken=null taskFragmentOrganizer=null }
03-27 01:38:52.136  1539  1622 V WindowManager:     info={id=767 t=TO_FRONT f=0x0 trk=0 r=[0@Point(0, 0)] c=[{WCT{RemoteToken{b8b6a77 Task{45abf8f #12848 type=standard A=10109:com.oculus.remotedesktop}}} m=CHANGE f=MOVE_TO_TOP p=WCT{RemoteToken{4950a78 Task{c98efdb #12847 type=standard}}} leash=Surface(name=Task=12848)/@0x22f6f9b sb=Rect(0, 0 - 3357, 1440) eb=Rect(0, 0 - 3357, 1440) d=0},{WCT{RemoteToken{4950a78 Task{c98efdb #12847 type=standard}}} m=CHANGE f=TRANSLUCENT|MOVE_TO_TOP leash=Surface(name=Task=12847)/@0x5a4f7aa sb=Rect(0, 0 - 3357, 1440) eb=Rect(0, 0 - 3357, 1440) d=0}]}
03-27 01:38:52.138  1539  1622 V WindowManager: Finish Transition #767: created at 03-27 01:38:52.129 collect-started=0.062ms request-sent=1.777ms started=3.323ms ready=3.309ms sent=6.596ms finished=8.36ms
03-27 01:38:52.143  1539  1625 I OculusWindowMgr: OWMS::focusChanged: windowRootTaskId: 12847
03-27 01:38:52.143  1539  1625 I OculusWindowMgr: OWMS::focusChanged: getImmersiveTask returned
03-27 01:38:52.143  1539  1625 I OculusWindowMgr: OWMS::focusChanged: mFocusPlaceholderActivity found in Task.
03-27 01:38:52.144  1539  1878 D VolumetricContentMonitor: Focused window changed to RunningWindowInfo{  pid: 9927, uid: 10109, userId: 0, windowContainerToken: 63944462, windowToken: android.view.IWindow$Stub$Proxy@c0b652f, windowId: com.android.server.wm.WindowState$WindowId@b08973c, displayId: 0, windowType: 1, activity: RunningActivityInfo { rootTask: 12847, uid: 10109, pid: 9927, userId: 0, activity: com.oculus.remotedesktop.activity.main.RemoteDesktopMainActivity, windowId: com.android.server.wm.WindowState$WindowId@b08973c, state: ACTIVITY_STATE_VISIBLE}}, from android.view.IWindow$Stub$Proxy@aa0a874
03-27 01:38:52.144  1539  2624 D ActivityTaskManager: getDisplaysWithTopActivities: immersive ActivityRecord{939c1ff u0 org.godotengine.editor.v4.meta/org.godotengine.editor.GodotXRGame t12986}
03-27 01:38:52.144  1539  1539 D SpatialAudioService: Skipping processing for app: com.oculus.vrshell (isNewApp: false, epsService: true)
03-27 01:38:52.144  1539  1539 V WorldManagerService: VW Content Listener: com.oculus.vrshell -1
03-27 01:38:52.144  1539  1539 D SpatialAudioService: Skipping processing for app: com.oculus.remotedesktop (isNewApp: false, epsService: true)
03-27 01:38:52.144  1539  1539 V WorldManagerService: VW Content Listener: com.oculus.remotedesktop -1
03-27 01:38:52.483   894  1679 D TrackingService: bf4654138ddad3be: isControllerInHand(12517.29s): 1 ctEnabled: 1 btnPress(12502.54s): 0 *btnOrTpdTouch(12507.27s): 0 *btnOrTpdProx(12507.27s): 0 static(12517.29s): 1 thbstkOffCenter(9451.69s): 0 
03-27 01:38:52.483   894  1679 D TrackingService: [HANDTRACKING] Controller bf4654138ddad3be in hand: Y, valid: Y
03-27 01:38:52.484  2157  2457 D ControllerManagement: RemoteService::recordControllerStatusUpdate: device bf4654138ddad3be: status: CONNECTED_ACTIVE tracking: POSITION, errors: --
03-27 01:38:52.736 17611 17611 W wlan    : [17611:W:PE] lim_process_action_frame: Spectrum mgmt action id: 2 not handled
03-27 01:38:52.929  1184 24198 D TrackingFidelityService: TrackingFidelitySharedMemory - setFeatureFidelity: 16 5
03-27 01:38:52.931  1184 24198 I TrackingFidelityService: Request(s)={constellation:5,hands:0,environment_lighting:0,keyboard:0,scene_reconstruction:0,}, Mux mode idx=1, name=lowLightController, score=3
03-27 01:38:52.931  1184 24198 I TrackingFidelityService: beginTransition[worldTracking]: lowLightController(1)->lowLightController(1)
03-27 01:38:52.931  1184 24198 I TrackingFidelityService: _applyMuxModeLockedInternal: Mode lowLightController already set. Returning.
03-27 01:38:52.931  1184 24198 I TrackingFidelityService: endTransition[worldTracking]: lowLightController(1)->lowLightController(1), seqId=-1, succeeded=true
03-27 01:38:54.020  1184 24198 D TrackingFidelityService: TrackingFidelitySharedMemory - setFeatureFidelity: 16 5
03-27 01:38:54.020  1184 24198 I TrackingFidelityService: Request(s)={constellation:5,hands:0,environment_lighting:0,keyboard:0,scene_reconstruction:0,}, Mux mode idx=1, name=lowLightController, score=3
03-27 01:38:54.020  1184 24198 I TrackingFidelityService: beginTransition[worldTracking]: lowLightController(1)->lowLightController(1)
03-27 01:38:54.021  1184 24198 I TrackingFidelityService: _applyMuxModeLockedInternal: Mode lowLightController already set. Returning.
03-27 01:38:54.021  1184 24198 I TrackingFidelityService: endTransition[worldTracking]: lowLightController(1)->lowLightController(1), seqId=-1, succeeded=true
03-27 01:38:54.517  1539  1634 W ProcessStats: Tracking association SourceState{a295250 com.oculus.systemux:SystemUX/10075 BTop #29009} whose proc state 2 is better than process ProcessState{3182c08 com.oculus.metacam/10127 pkg=com.oculus.metacam} proc state 3 (40 skipped)
03-27 01:38:55.736 17611 17611 W wlan    : [17611:W:PE] lim_process_action_frame: Spectrum mgmt action id: 2 not handled
03-27 01:38:58.737 17611 17611 W wlan    : [17611:W:PE] lim_process_action_frame: Spectrum mgmt action id: 2 not handled
03-27 01:39:00.004   922  1346 I libsensortelemetry: Captured histograms for camera system color: dispatcher=has data, cameraSet=has data
03-27 01:39:00.004   922  1346 I libsensortelemetry: Captured histograms for camera system worldTracking: dispatcher=has data, cameraSet=has data
03-27 01:39:00.004   922  1346 I libsensortelemetry: FrameSet 'wt_raw10' valid dispatches: count=2249, allInvalidDrops=0, maxConsecutive=0
03-27 01:39:00.004   922  1346 I libsensortelemetry: FrameSet 'col_fulps' valid dispatches: count=2999, allInvalidDrops=0, maxConsecutive=0
03-27 01:39:00.004   922  1346 I libsensortelemetry: FrameSet 'wt_0_1_raw10' valid dispatches: count=2249, allInvalidDrops=0, maxConsecutive=0
03-27 01:39:00.004   922  1346 I libsensortelemetry: FrameSet 'wt_raw10' full framesets: fullCount=2249, partialDrops=0, maxConsecutive=0
03-27 01:39:00.005   922  1346 I libsensortelemetry: FrameSet 'col_fulps' full framesets: fullCount=2999, partialDrops=0, maxConsecutive=0
03-27 01:39:00.005   922  1346 I libsensortelemetry: FrameSet 'wt_0_1_raw10' full framesets: fullCount=2249, partialDrops=0, maxConsecutive=0
03-27 01:39:00.330     0     0 W healthd : battery l=40 v=3903 t=48.0 h=2 st=2 c=348641 fc=4503000 cc=61 chg=a
03-27 01:39:01.643   922  1346 E libsensortelemetry: imu samples delayed: 7455782ns capture to arrival (ERS limit: 3500000ns)
03-27 01:39:01.696   894  1527 E libsensortelemetry: imu_iot samples delayed: 7567397ns capture to arrival (ERS limit: 3500000ns)
03-27 01:39:01.736 17611 17611 W wlan    : [17611:W:PE] lim_process_action_frame: Spectrum mgmt action id: 2 not handled
03-27 01:39:03.065   899   934 W SyncBossFW: 12520640 [warning] {BSP }: Mag interrupt pin LOW in drdy handler
03-27 01:39:03.145   899   934 W SyncBossFW: 12520720 [warning] {BSP }: Mag interrupt pin LOW in drdy handler
03-27 01:39:04.087   922  1516 D CameraStream: [ocal] Client [IOT(894)] attempting start
03-27 01:39:04.088   922  1516 I FrameSetDispatcher: [{COL:FULPS}] Client pid=894 (IOT): Client thread[{COL:FULPS}:IOT] started
03-27 01:39:04.088   922  1516 I CameraClientManager: [IOT(894)][ocal] client started (estimated 1 started clients total)
03-27 01:39:04.088   922  1516 I CameraClientManager: [[IOT(894)][ocal]] definitely starting stream
03-27 01:39:04.088   922  1516 I SensorService: [color] Starting cameras for purpose ocal
03-27 01:39:04.088   922  1516 I FrameSetCollator: [{COL:FULPS}] Skipping start, already running (camera system color start count: 2)
03-27 01:39:04.088   922  1516 I SensorService: [color] Starting camera streams for purpose: ocal, current muxmode = 1
03-27 01:39:04.088   922  1516 I CameraClientManager: [[IOT(894)][ocal]] stream start completed
03-27 01:39:04.088   922  1516 D CameraStream: [ocal] Client [IOT(894)]: start complete
03-27 01:39:04.094   894  1593 W TrackingService: 1 late Color frame set were dropped: timestamp 12521.649800, last release 12521.650800.
03-27 01:39:04.674   922  1346 E libsensortelemetry: imu samples delayed: 5371554ns capture to arrival (ERS limit: 3500000ns)
03-27 01:39:04.736 17611 17611 W wlan    : [17611:W:PE] lim_process_action_frame: Spectrum mgmt action id: 2 not handled
