03-27 01:42:58.833  3817  4073 I [CT]    : HandPoseSampler: Filter reset
03-27 01:42:58.833  3817  4073 I InputDevice_Hand: HANDTRACKING ADMIRE hand 0: hpm=1 -> shared=0
03-27 01:42:58.833  3817  4073 I [CT]    : HandPoseSampler: Filter reset
03-27 01:42:58.833  3817  4073 I InputDevice_Hand: HANDTRACKING ADMIRE hand 1: hpm=1 -> shared=0
03-27 01:42:58.843 23995 24031 D BufferQueueProducer: Waiting for available buffer SurfaceView[org.godotengine.editor.v4.meta/org.godotengine.editor.GodotEditor]#3(BLAST Consumer)3 lastFrameNumber=59674
03-27 01:42:58.847   894  1576 I Tracking: AnchorCacheDiskIo: Wrote Anchor Cache To Disk: 57 anchors 0 anchor loc edges 0 l1 loc edges
03-27 01:42:58.848  3817  4073 I [CT]    : HandPoseSampler: Filter reset
03-27 01:42:58.848  3817  4073 I InputDevice_Hand: HANDTRACKING ADMIRE hand 0: hpm=1 -> shared=0
03-27 01:42:58.848  3817  4073 I [CT]    : HandPoseSampler: Filter reset
03-27 01:42:58.848  3817  4073 I InputDevice_Hand: HANDTRACKING ADMIRE hand 1: hpm=1 -> shared=0
03-27 01:42:58.856 23995 24031 D BufferQueueProducer: Waiting for available buffer SurfaceView[org.godotengine.editor.v4.meta/org.godotengine.editor.GodotEditor]#3(BLAST Consumer)3 lastFrameNumber=59675
03-27 01:42:58.862  3817  4073 I [CT]    : HandPoseSampler: Filter reset
03-27 01:42:58.863  3817  4073 I InputDevice_Hand: HANDTRACKING ADMIRE hand 0: hpm=1 -> shared=0
03-27 01:42:58.863  3817  4073 I [CT]    : HandPoseSampler: Filter reset
03-27 01:42:58.863  3817  4073 I InputDevice_Hand: HANDTRACKING ADMIRE hand 1: hpm=1 -> shared=0
03-27 01:42:58.871 23995 24031 D BufferQueueProducer: Waiting for available buffer SurfaceView[org.godotengine.editor.v4.meta/org.godotengine.editor.GodotEditor]#3(BLAST Consumer)3 lastFrameNumber=59676
03-27 01:42:58.875   894  1597 I Tracking: CONSTELLATION_Left: [Throttled count=42] P+C Left: Applying Consistent Zero Velocity Update during slow motion.
03-27 01:42:58.877  3817  4073 I [CT]    : HandPoseSampler: Filter reset
03-27 01:42:58.877  3817  4073 I InputDevice_Hand: HANDTRACKING ADMIRE hand 0: hpm=1 -> shared=0
03-27 01:42:58.877  3817  4073 I [CT]    : HandPoseSampler: Filter reset
03-27 01:42:58.877  3817  4073 I InputDevice_Hand: HANDTRACKING ADMIRE hand 1: hpm=1 -> shared=0
03-27 01:42:58.885 23995 24031 D BufferQueueProducer: Waiting for available buffer SurfaceView[org.godotengine.editor.v4.meta/org.godotengine.editor.GodotEditor]#3(BLAST Consumer)3 lastFrameNumber=59677
03-27 01:42:58.892  3817  4073 I [CT]    : HandPoseSampler: Filter reset
03-27 01:42:58.892  3817  4073 I InputDevice_Hand: HANDTRACKING ADMIRE hand 0: hpm=1 -> shared=0
03-27 01:42:58.892  3817  4073 I [CT]    : HandPoseSampler: Filter reset
03-27 01:42:58.892  3817  4073 I InputDevice_Hand: HANDTRACKING ADMIRE hand 1: hpm=1 -> shared=0
03-27 01:42:58.899 23995 24031 D BufferQueueProducer: Waiting for available buffer SurfaceView[org.godotengine.editor.v4.meta/org.godotengine.editor.GodotEditor]#3(BLAST Consumer)3 lastFrameNumber=59678
03-27 01:42:58.903   920 24196 I VD628x  : Flicker results: freq 299.633392, max 599.323914, dcr 31.580820, pct 0.041219, idx 0.008485, conf 0.254097, snr -4.549033, svm 0.029387, sus 0
03-27 01:42:58.907  3817  4073 I [CT]    : HandPoseSampler: Filter reset
03-27 01:42:58.907  3817  4073 I InputDevice_Hand: HANDTRACKING ADMIRE hand 0: hpm=1 -> shared=0
03-27 01:42:58.907  3817  4073 I [CT]    : HandPoseSampler: Filter reset
03-27 01:42:58.907  3817  4073 I InputDevice_Hand: HANDTRACKING ADMIRE hand 1: hpm=1 -> shared=0
03-27 01:42:58.913 23995 24031 D BufferQueueProducer: Waiting for available buffer SurfaceView[org.godotengine.editor.v4.meta/org.godotengine.editor.GodotEditor]#3(BLAST Consumer)3 lastFrameNumber=59679
03-27 01:42:58.920  3817  4073 I [CT]    : HandPoseSampler: Filter reset
03-27 01:42:58.920  3817  4073 I InputDevice_Hand: HANDTRACKING ADMIRE hand 0: hpm=1 -> shared=0
03-27 01:42:58.920  3817  4073 I [CT]    : HandPoseSampler: Filter reset
03-27 01:42:58.920  3817  4073 I InputDevice_Hand: HANDTRACKING ADMIRE hand 1: hpm=1 -> shared=0
03-27 01:42:58.927 23995 24031 D BufferQueueProducer: Waiting for available buffer SurfaceView[org.godotengine.editor.v4.meta/org.godotengine.editor.GodotEditor]#3(BLAST Consumer)3 lastFrameNumber=59680
03-27 01:42:58.931  3817  4073 I [CT]    : HandPoseSampler: Filter reset
03-27 01:42:58.931  3817  4073 I InputDevice_Hand: HANDTRACKING ADMIRE hand 0: hpm=1 -> shared=0
03-27 01:42:58.931  3817  4073 I [CT]    : HandPoseSampler: Filter reset
03-27 01:42:58.931  3817  4073 I InputDevice_Hand: HANDTRACKING ADMIRE hand 1: hpm=1 -> shared=0
03-27 01:42:58.941 23995 24031 D BufferQueueProducer: Waiting for available buffer SurfaceView[org.godotengine.editor.v4.meta/org.godotengine.editor.GodotEditor]#3(BLAST Consumer)3 lastFrameNumber=59681
03-27 01:42:58.945  3817  4073 I [CT]    : HandPoseSampler: Filter reset
03-27 01:42:58.945  3817  4073 I InputDevice_Hand: HANDTRACKING ADMIRE hand 0: hpm=1 -> shared=0
03-27 01:42:58.945  3817  4073 I [CT]    : HandPoseSampler: Filter reset
03-27 01:42:58.945  3817  4073 I InputDevice_Hand: HANDTRACKING ADMIRE hand 1: hpm=1 -> shared=0
03-27 01:42:58.955 23995 24031 D BufferQueueProducer: Waiting for available buffer SurfaceView[org.godotengine.editor.v4.meta/org.godotengine.editor.GodotEditor]#3(BLAST Consumer)3 lastFrameNumber=59682
03-27 01:42:58.971  3817  4073 I [CT]    : HandPoseSampler: Filter reset
03-27 01:42:58.971  3817  4073 I InputDevice_Hand: HANDTRACKING ADMIRE hand 0: hpm=1 -> shared=0
03-27 01:42:58.971  3817  4073 I [CT]    : HandPoseSampler: Filter reset
03-27 01:42:58.971  3817  4073 I InputDevice_Hand: HANDTRACKING ADMIRE hand 1: hpm=1 -> shared=0
03-27 01:42:58.983 23995 24031 D BufferQueueProducer: Waiting for available buffer SurfaceView[org.godotengine.editor.v4.meta/org.godotengine.editor.GodotEditor]#3(BLAST Consumer)3 lastFrameNumber=59683
03-27 01:42:58.984  3817  4073 I [CT]    : HandPoseSampler: Filter reset
03-27 01:42:58.984  3817  4073 I InputDevice_Hand: HANDTRACKING ADMIRE hand 0: hpm=1 -> shared=0
03-27 01:42:58.984  3817  4073 I [CT]    : HandPoseSampler: Filter reset
03-27 01:42:58.984  3817  4073 I InputDevice_Hand: HANDTRACKING ADMIRE hand 1: hpm=1 -> shared=0
03-27 01:42:58.992 21350 21417 D [MRDS_MQTT]: [MqttBrokerComms] Successfully sent MQTT message: /ovd_advertise
03-27 01:42:58.997  3817  4073 I [CT]    : HandPoseSampler: Filter reset
03-27 01:42:58.998 23995 24031 D BufferQueueProducer: Waiting for available buffer SurfaceView[org.godotengine.editor.v4.meta/org.godotengine.editor.GodotEditor]#3(BLAST Consumer)3 lastFrameNumber=59684
03-27 01:42:58.998  3817  4073 I InputDevice_Hand: HANDTRACKING ADMIRE hand 0: hpm=1 -> shared=0
03-27 01:42:58.998  3817  4073 I [CT]    : HandPoseSampler: Filter reset
03-27 01:42:58.998  3817  4073 I InputDevice_Hand: HANDTRACKING ADMIRE hand 1: hpm=1 -> shared=0
03-27 01:42:59.010 23995 24031 D BufferQueueProducer: Waiting for available buffer SurfaceView[org.godotengine.editor.v4.meta/org.godotengine.editor.GodotEditor]#3(BLAST Consumer)3 lastFrameNumber=59685
03-27 01:42:59.010  3817  4073 I [CT]    : HandPoseSampler: Filter reset
03-27 01:42:59.010  3817  4073 I InputDevice_Hand: HANDTRACKING ADMIRE hand 0: hpm=1 -> shared=0
03-27 01:42:59.011  3817  4073 I [CT]    : HandPoseSampler: Filter reset
03-27 01:42:59.011  3817  4073 I InputDevice_Hand: HANDTRACKING ADMIRE hand 1: hpm=1 -> shared=0
03-27 01:42:59.024 23995 24031 D BufferQueueProducer: Waiting for available buffer SurfaceView[org.godotengine.editor.v4.meta/org.godotengine.editor.GodotEditor]#3(BLAST Consumer)3 lastFrameNumber=59686
03-27 01:42:59.025  3817  4073 I [CT]    : HandPoseSampler: Filter reset
03-27 01:42:59.025  3817  4073 I InputDevice_Hand: HANDTRACKING ADMIRE hand 0: hpm=1 -> shared=0
03-27 01:42:59.025  3817  4073 I [CT]    : HandPoseSampler: Filter reset
03-27 01:42:59.025  3817  4073 I InputDevice_Hand: HANDTRACKING ADMIRE hand 1: hpm=1 -> shared=0
03-27 01:42:59.037 23995 24031 D BufferQueueProducer: Waiting for available buffer SurfaceView[org.godotengine.editor.v4.meta/org.godotengine.editor.GodotEditor]#3(BLAST Consumer)3 lastFrameNumber=59687
03-27 01:42:59.040  3817  4073 I [CT]    : HandPoseSampler: Filter reset
03-27 01:42:59.040  3817  4073 I InputDevice_Hand: HANDTRACKING ADMIRE hand 0: hpm=1 -> shared=0
03-27 01:42:59.040  3817  4073 I [CT]    : HandPoseSampler: Filter reset
03-27 01:42:59.040  3817  4073 I InputDevice_Hand: HANDTRACKING ADMIRE hand 1: hpm=1 -> shared=0
03-27 01:42:59.043  3817 24186 I VrApi   : FPS=72/72,Prd=40ms,Tear=0,Early=34,Stale=0,Stale2/5/10/max=0/0/0/0,VSnc=1,Lat=-3,Fov=0,CPU4/GPU=-1/-1,1920/545MHz,OC=3F,TA=0/0/0,SP=N/N/N,Mem=3196MHz,Free=1230MB,PLS=0,Temp=49.0C/0.0C,TW=4.52ms,App=9.33ms,GD=0.00ms,CPU&GPU=16.90ms,LCnt=13(DR0,LM2),GPU%=0.96,CPU%=0.71(W0.74),CFL=13.82/18.73,ICFLp95=17.81,LD=0,CABC=1,SF=0.50,LP=0,DVFS=0,ShrpLCnt=7,ShrpR=0.000,SSLCnt=0/0,Preempt=310,PoseAgeP95=0.00
03-27 01:42:59.043  3817 24186 I VrApi   : ASW=6,Type=PTWFromStereo,E=0.000/0.000,D=0.000/0.000
03-27 01:42:59.051 23995 24031 D BufferQueueProducer: Waiting for available buffer SurfaceView[org.godotengine.editor.v4.meta/org.godotengine.editor.GodotEditor]#3(BLAST Consumer)3 lastFrameNumber=59688
03-27 01:42:59.055  3817  4073 I [CT]    : HandPoseSampler: Filter reset
03-27 01:42:59.055  3817  4073 I InputDevice_Hand: HANDTRACKING ADMIRE hand 0: hpm=1 -> shared=0
03-27 01:42:59.055  3817  4073 I [CT]    : HandPoseSampler: Filter reset
03-27 01:42:59.055  3817  4073 I InputDevice_Hand: HANDTRACKING ADMIRE hand 1: hpm=1 -> shared=0
03-27 01:42:59.064  3045  3833 I [CT]    : SP:AF:AnchorFramework: calculateRigidScenePose: Located 9 / 9 anchors in ef7505e8-88b8-f853-d2b9-bccadebbd44a for calculating rigid scene pose for com.oculus.guardian
03-27 01:42:59.064  3045  3833 I [CT]    : SP:AF:AnchorAccuracy: New Rigid Scene calculated using 9 anchors attached to 1 IAs. 0.12398553300045023 seconds since last update
03-27 01:42:59.065  3045  3833 I [CT]    : SP:AF:AnchorAccuracy: Translation difference (mean/min/max): 0.6039281725146187 0.0002287828247062862 1.3115259408950806
03-27 01:42:59.065  3045  3833 I [CT]    : SP:AF:AnchorAccuracy: Rotation difference (mean/min/max): 0.5411088532871671 0.5406105518341064 0.5416391491889954
03-27 01:42:59.065  3045  3833 I [CT]    : SP:AF:AnchorAccuracy: New scene origin pose: -0.21829432249069214 1.8692549467086792 -0.5578086376190186 : 0.6423904299736023 -0.6423905491828918 -0.29552406072616577 -0.29552412033081055
03-27 01:42:59.065  3045  3833 I [CT]    : SP:AF:AnchorAccuracy: New scene origin pose moved: 1.8540398741606623e-05 translation 1.779675130819669e-06 rotation
03-27 01:42:59.070  3817  4073 I [CT]    : HandPoseSampler: Filter reset
03-27 01:42:59.070  3817  4073 I InputDevice_Hand: HANDTRACKING ADMIRE hand 0: hpm=1 -> shared=0
03-27 01:42:59.070  3817  4073 I [CT]    : HandPoseSampler: Filter reset
03-27 01:42:59.070  3817  4073 I InputDevice_Hand: HANDTRACKING ADMIRE hand 1: hpm=1 -> shared=0
03-27 01:42:59.080 23995 24031 D BufferQueueProducer: Waiting for available buffer SurfaceView[org.godotengine.editor.v4.meta/org.godotengine.editor.GodotEditor]#3(BLAST Consumer)3 lastFrameNumber=59690
03-27 01:42:59.081  5162  6574 W msys    : W[S sync-state-machine]MSCStateMachineScheduleDelayedRetry(188)=>skipping the new retry with longer delay
03-27 01:42:59.081  5162  6574 W msys    : W[S sync]_scheduleNextCursorRetry(683)=>skipping delayed retry due to state machine state decision
03-27 01:42:59.085  3817  4073 I [CT]    : HandPoseSampler: Filter reset
03-27 01:42:59.085  3817  4073 I InputDevice_Hand: HANDTRACKING ADMIRE hand 0: hpm=1 -> shared=0
03-27 01:42:59.085  3817  4073 I [CT]    : HandPoseSampler: Filter reset
03-27 01:42:59.085  3817  4073 I InputDevice_Hand: HANDTRACKING ADMIRE hand 1: hpm=1 -> shared=0
03-27 01:42:59.094 23995 24031 D BufferQueueProducer: Waiting for available buffer SurfaceView[org.godotengine.editor.v4.meta/org.godotengine.editor.GodotEditor]#3(BLAST Consumer)3 lastFrameNumber=59691
03-27 01:42:59.100  3817  4073 I [CT]    : HandPoseSampler: Filter reset
03-27 01:42:59.100  3817  4073 I InputDevice_Hand: HANDTRACKING ADMIRE hand 0: hpm=1 -> shared=0
03-27 01:42:59.100  3817  4073 I [CT]    : HandPoseSampler: Filter reset
03-27 01:42:59.100  3817  4073 I InputDevice_Hand: HANDTRACKING ADMIRE hand 1: hpm=1 -> shared=0
03-27 01:42:59.108 23995 24031 D BufferQueueProducer: Waiting for available buffer SurfaceView[org.godotengine.editor.v4.meta/org.godotengine.editor.GodotEditor]#3(BLAST Consumer)3 lastFrameNumber=59692
03-27 01:42:59.114  3817  4073 I [CT]    : HandPoseSampler: Filter reset
03-27 01:42:59.114  3817  4073 I InputDevice_Hand: HANDTRACKING ADMIRE hand 0: hpm=1 -> shared=0
03-27 01:42:59.114  3817  4073 I [CT]    : HandPoseSampler: Filter reset
03-27 01:42:59.114  3817  4073 I InputDevice_Hand: HANDTRACKING ADMIRE hand 1: hpm=1 -> shared=0
03-27 01:42:59.118 24628 24804 I VrApi   : FPS=65/72,Prd=37ms,Tear=0,Early=0,Stale=6,Stale2/5/10/max=1/0/0/4,VSnc=1,Lat=-1,Fov=3D,CPU4/GPU=-1/-1,1920/545MHz,OC=3F,TA=0/3F/0,SP=N/N/N,Mem=3196MHz,Free=1228MB,PLS=0,Temp=49.0C/0.0C,TW=4.52ms,App=10.20ms,GD=0.00ms,CPU&GPU=24.90ms,LCnt=13(DR0,LM2),GPU%=0.96,CPU%=0.71(W0.74),CFL=13.82/18.73,ICFLp95=17.81,LD=0,CABC=1,SF=1.00,LP=0,DVFS=0,ShrpLCnt=7,ShrpR=0.000,SSLCnt=0/0,Preempt=310,PoseAgeP95=0.00
03-27 01:42:59.118 24628 24804 I VrApi   : ASW=6,Type=PTWFromStereo,E=0.000/0.000,D=0.000/0.000
03-27 01:42:59.121 23995 24031 D BufferQueueProducer: Waiting for available buffer SurfaceView[org.godotengine.editor.v4.meta/org.godotengine.editor.GodotEditor]#3(BLAST Consumer)3 lastFrameNumber=59693
03-27 01:42:59.128  3817  4073 I [CT]    : HandPoseSampler: Filter reset
03-27 01:42:59.128  3817  4073 I InputDevice_Hand: HANDTRACKING ADMIRE hand 0: hpm=1 -> shared=0
03-27 01:42:59.128  3817  4073 I [CT]    : HandPoseSampler: Filter reset
03-27 01:42:59.128  3817  4073 I InputDevice_Hand: HANDTRACKING ADMIRE hand 1: hpm=1 -> shared=0
03-27 01:42:59.135 23995 24031 D BufferQueueProducer: Waiting for available buffer SurfaceView[org.godotengine.editor.v4.meta/org.godotengine.editor.GodotEditor]#3(BLAST Consumer)3 lastFrameNumber=59694
03-27 01:42:59.139  3817  4073 I [CT]    : HandPoseSampler: Filter reset
03-27 01:42:59.139  3817  4073 I InputDevice_Hand: HANDTRACKING ADMIRE hand 0: hpm=1 -> shared=0
03-27 01:42:59.139  3817  4073 I [CT]    : HandPoseSampler: Filter reset
03-27 01:42:59.139  3817  4073 I InputDevice_Hand: HANDTRACKING ADMIRE hand 1: hpm=1 -> shared=0
03-27 01:42:59.149 23995 24031 D BufferQueueProducer: Waiting for available buffer SurfaceView[org.godotengine.editor.v4.meta/org.godotengine.editor.GodotEditor]#3(BLAST Consumer)3 lastFrameNumber=59695
03-27 01:42:59.153  3817  4073 I [CT]    : HandPoseSampler: Filter reset
03-27 01:42:59.153  3817  4073 I InputDevice_Hand: HANDTRACKING ADMIRE hand 0: hpm=1 -> shared=0
03-27 01:42:59.153  3817  4073 I [CT]    : HandPoseSampler: Filter reset
03-27 01:42:59.153  3817  4073 I InputDevice_Hand: HANDTRACKING ADMIRE hand 1: hpm=1 -> shared=0
03-27 01:42:59.162 23995 24031 D BufferQueueProducer: Waiting for available buffer SurfaceView[org.godotengine.editor.v4.meta/org.godotengine.editor.GodotEditor]#3(BLAST Consumer)3 lastFrameNumber=59696
03-27 01:42:59.167  3817  4073 I [CT]    : HandPoseSampler: Filter reset
03-27 01:42:59.167  3817  4073 I InputDevice_Hand: HANDTRACKING ADMIRE hand 0: hpm=1 -> shared=0
03-27 01:42:59.167  3817  4073 I [CT]    : HandPoseSampler: Filter reset
03-27 01:42:59.167  3817  4073 I InputDevice_Hand: HANDTRACKING ADMIRE hand 1: hpm=1 -> shared=0
03-27 01:42:59.190 23995 24031 D BufferQueueProducer: Waiting for available buffer SurfaceView[org.godotengine.editor.v4.meta/org.godotengine.editor.GodotEditor]#3(BLAST Consumer)3 lastFrameNumber=59697
03-27 01:42:59.193  3817  4073 I [CT]    : HandPoseSampler: Filter reset
03-27 01:42:59.193  3817  4073 I InputDevice_Hand: HANDTRACKING ADMIRE hand 0: hpm=1 -> shared=0
03-27 01:42:59.193  3817  4073 I [CT]    : HandPoseSampler: Filter reset
03-27 01:42:59.193  3817  4073 I InputDevice_Hand: HANDTRACKING ADMIRE hand 1: hpm=1 -> shared=0
03-27 01:42:59.205 23995 24031 D BufferQueueProducer: Waiting for available buffer SurfaceView[org.godotengine.editor.v4.meta/org.godotengine.editor.GodotEditor]#3(BLAST Consumer)3 lastFrameNumber=59698
03-27 01:42:59.206  3817  4073 I [CT]    : HandPoseSampler: Filter reset
03-27 01:42:59.206  3817  4073 I InputDevice_Hand: HANDTRACKING ADMIRE hand 0: hpm=1 -> shared=0
03-27 01:42:59.206  3817  4073 I [CT]    : HandPoseSampler: Filter reset
03-27 01:42:59.206  3817  4073 I InputDevice_Hand: HANDTRACKING ADMIRE hand 1: hpm=1 -> shared=0
03-27 01:42:59.217 23995 24031 D BufferQueueProducer: Waiting for available buffer SurfaceView[org.godotengine.editor.v4.meta/org.godotengine.editor.GodotEditor]#3(BLAST Consumer)3 lastFrameNumber=59699
03-27 01:42:59.220  3817  4073 I [CT]    : HandPoseSampler: Filter reset
03-27 01:42:59.220  3817  4073 I InputDevice_Hand: HANDTRACKING ADMIRE hand 0: hpm=1 -> shared=0
03-27 01:42:59.220  3817  4073 I [CT]    : HandPoseSampler: Filter reset
03-27 01:42:59.220  3817  4073 I InputDevice_Hand: HANDTRACKING ADMIRE hand 1: hpm=1 -> shared=0
03-27 01:42:59.229   894  1592 W Tracking: VEGA:HM:MAP_TRACKING: Validation failed on Submap id = 2, version = 1065040022
03-27 01:42:59.233 23995 24031 D BufferQueueProducer: Waiting for available buffer SurfaceView[org.godotengine.editor.v4.meta/org.godotengine.editor.GodotEditor]#3(BLAST Consumer)3 lastFrameNumber=59700
03-27 01:42:59.234  3817  4073 I [CT]    : HandPoseSampler: Filter reset
03-27 01:42:59.234  3817  4073 I InputDevice_Hand: HANDTRACKING ADMIRE hand 0: hpm=1 -> shared=0
03-27 01:42:59.234  3817  4073 I [CT]    : HandPoseSampler: Filter reset
03-27 01:42:59.234  3817  4073 I InputDevice_Hand: HANDTRACKING ADMIRE hand 1: hpm=1 -> shared=0
03-27 01:42:59.249  3817  4073 I [CT]    : HandPoseSampler: Filter reset
03-27 01:42:59.249  3817  4073 I InputDevice_Hand: HANDTRACKING ADMIRE hand 0: hpm=1 -> shared=0
03-27 01:42:59.249  3817  4073 I [CT]    : HandPoseSampler: Filter reset
03-27 01:42:59.249  3817  4073 I InputDevice_Hand: HANDTRACKING ADMIRE hand 1: hpm=1 -> shared=0
03-27 01:42:59.261 23995 24031 D BufferQueueProducer: Waiting for available buffer SurfaceView[org.godotengine.editor.v4.meta/org.godotengine.editor.GodotEditor]#3(BLAST Consumer)3 lastFrameNumber=59702
03-27 01:42:59.264  3817  4073 I [CT]    : HandPoseSampler: Filter reset
03-27 01:42:59.264  3817  4073 I InputDevice_Hand: HANDTRACKING ADMIRE hand 0: hpm=1 -> shared=0
03-27 01:42:59.264  3817  4073 I [CT]    : HandPoseSampler: Filter reset
03-27 01:42:59.264  3817  4073 I InputDevice_Hand: HANDTRACKING ADMIRE hand 1: hpm=1 -> shared=0
03-27 01:42:59.279  3817  4073 I [CT]    : HandPoseSampler: Filter reset
03-27 01:42:59.279  3817  4073 I InputDevice_Hand: HANDTRACKING ADMIRE hand 0: hpm=1 -> shared=0
03-27 01:42:59.279  3817  4073 I [CT]    : HandPoseSampler: Filter reset
03-27 01:42:59.279  3817  4073 I InputDevice_Hand: HANDTRACKING ADMIRE hand 1: hpm=1 -> shared=0
03-27 01:42:59.284   894  1674 W Tracking: IoteLogging: IMU Update exceeded imu sampling period: update=0.001577572 [sec], period=0.001250000 [sec].
03-27 01:42:59.288 23995 24031 D BufferQueueProducer: Waiting for available buffer SurfaceView[org.godotengine.editor.v4.meta/org.godotengine.editor.GodotEditor]#3(BLAST Consumer)3 lastFrameNumber=59704
03-27 01:42:59.293  3817  4073 I [CT]    : HandPoseSampler: Filter reset
03-27 01:42:59.293  3817  4073 I InputDevice_Hand: HANDTRACKING ADMIRE hand 0: hpm=1 -> shared=0
03-27 01:42:59.293  3817  4073 I [CT]    : HandPoseSampler: Filter reset
03-27 01:42:59.293  3817  4073 I InputDevice_Hand: HANDTRACKING ADMIRE hand 1: hpm=1 -> shared=0
03-27 01:42:59.300  3817  5691 W ShellHsr: Renderer: RenderableFilter has 52 tags, which is more than 10. This is expected to be rare. If this becomes common, consider changing RenderableFilter logic to use something other than linear searches for filtering renderable tags (like registered bitsets).
03-27 01:42:59.301 21350 21417 V [MRDS_MQTT]: [MqttBrokerComms] Received message for topic: /ovd_discover
03-27 01:42:59.301 21350 21417 V [MRDS_PAD_Service]: Rediscovered [{75d5f03f-0891-11f1-8972-806e6f6e6963}] previously seen 0.616s ago
03-27 01:42:59.301 21350 21417 V [MRDS_PAD_Service]: Notif will not be sent for re-discovered device [{75d5f03f-0891-11f1-8972-806e6f6e6963}]
03-27 01:42:59.301 21350 21417 V [MRDS_MQTT]: [MqttBrokerComms] dataCallback topic:[/ovd_discover] message:[{"appId":274792665692239,"sessionId":"83381a9a-8d0d-424f-94b0-553c881d12ee","deviceId":"{75d5f03f-0891-11f1-8972-806e6f6e6963}","deviceOSVersion":"10.0 (28020)","protocolVersion":5,"minProtocolVersion":5,"deviceType":"server","xr2dsVersion":"1.72.0.0.4891","networkSecurityDomain":"","deviceManagementStatus":"","appVersion":"78.0.0.1.108","accessibilityPermission":true,"screenRecordingPermission":true,"transportType":32768,"microphonePermission":true,"isRpOutdated":false,"skipConfirmation":true,"headsetDeviceType":"0","anonymizedDeviceId":""}]
03-27 01:42:59.302 23995 24031 D BufferQueueProducer: Waiting for available buffer SurfaceView[org.godotengine.editor.v4.meta/org.godotengine.editor.GodotEditor]#3(BLAST Consumer)3 lastFrameNumber=59705
03-27 01:42:59.308  3817  4073 I [CT]    : HandPoseSampler: Filter reset
03-27 01:42:59.308  3817  4073 I InputDevice_Hand: HANDTRACKING ADMIRE hand 0: hpm=1 -> shared=0
03-27 01:42:59.308  3817  4073 I [CT]    : HandPoseSampler: Filter reset
03-27 01:42:59.308  3817  4073 I InputDevice_Hand: HANDTRACKING ADMIRE hand 1: hpm=1 -> shared=0
03-27 01:42:59.315 23995 24031 D BufferQueueProducer: Waiting for available buffer SurfaceView[org.godotengine.editor.v4.meta/org.godotengine.editor.GodotEditor]#3(BLAST Consumer)3 lastFrameNumber=59706
03-27 01:42:59.322  3817  4073 I [CT]    : HandPoseSampler: Filter reset
03-27 01:42:59.322  3817  4073 I InputDevice_Hand: HANDTRACKING ADMIRE hand 0: hpm=1 -> shared=0
03-27 01:42:59.322  3817  4073 I [CT]    : HandPoseSampler: Filter reset
03-27 01:42:59.322  3817  4073 I InputDevice_Hand: HANDTRACKING ADMIRE hand 1: hpm=1 -> shared=0
03-27 01:42:59.330 23995 24031 D BufferQueueProducer: Waiting for available buffer SurfaceView[org.godotengine.editor.v4.meta/org.godotengine.editor.GodotEditor]#3(BLAST Consumer)3 lastFrameNumber=59707
03-27 01:42:59.335  2582 24215 I PassthroughInCompositorRenderer: PTINC: p2pLat: [48.20/5.80/57.75] ms, p2brLat: [31.66/5.81/41.22] ms [mean / stdev / p95]
03-27 01:42:59.336  3817  4073 I [CT]    : HandPoseSampler: Filter reset
03-27 01:42:59.336  3817  4073 I InputDevice_Hand: HANDTRACKING ADMIRE hand 0: hpm=1 -> shared=0
03-27 01:42:59.336  3817  4073 I [CT]    : HandPoseSampler: Filter reset
03-27 01:42:59.336  3817  4073 I InputDevice_Hand: HANDTRACKING ADMIRE hand 1: hpm=1 -> shared=0
03-27 01:42:59.343 23995 24031 D BufferQueueProducer: Waiting for available buffer SurfaceView[org.godotengine.editor.v4.meta/org.godotengine.editor.GodotEditor]#3(BLAST Consumer)3 lastFrameNumber=59708
03-27 01:42:59.348   922  2069 I libcamerahal: [INSIGHTS][2.00s] recv/ret/req heartbeat: cam2: 75/75/0, cam3: 75/75/0
03-27 01:42:59.348   922  2069 I libcamerahal: [INSIGHTS][2.00s] recv/ret/req heartbeat: cam0: 75/75/0, cam1: 75/75/0
03-27 01:42:59.349  3817  4073 I [CT]    : HandPoseSampler: Filter reset
03-27 01:42:59.349  3817  4073 I InputDevice_Hand: HANDTRACKING ADMIRE hand 0: hpm=1 -> shared=0
03-27 01:42:59.349  3817  4073 I [CT]    : HandPoseSampler: Filter reset
03-27 01:42:59.349  3817  4073 I InputDevice_Hand: HANDTRACKING ADMIRE hand 1: hpm=1 -> shared=0
03-27 01:42:59.362  3817  4073 I [CT]    : HandPoseSampler: Filter reset
03-27 01:42:59.362  3817  4073 I InputDevice_Hand: HANDTRACKING ADMIRE hand 0: hpm=1 -> shared=0
03-27 01:42:59.362  3817  4073 I [CT]    : HandPoseSampler: Filter reset
03-27 01:42:59.362  3817  4073 I InputDevice_Hand: HANDTRACKING ADMIRE hand 1: hpm=1 -> shared=0
03-27 01:42:59.371 23995 24031 D BufferQueueProducer: Waiting for available buffer SurfaceView[org.godotengine.editor.v4.meta/org.godotengine.editor.GodotEditor]#3(BLAST Consumer)3 lastFrameNumber=59709
03-27 01:42:59.375  3817  4073 I [CT]    : HandPoseSampler: Filter reset
03-27 01:42:59.375  3817  4073 I InputDevice_Hand: HANDTRACKING ADMIRE hand 0: hpm=1 -> shared=0
03-27 01:42:59.375  3817  4073 I [CT]    : HandPoseSampler: Filter reset
03-27 01:42:59.375  3817  4073 I InputDevice_Hand: HANDTRACKING ADMIRE hand 1: hpm=1 -> shared=0
03-27 01:42:59.388  3817  4073 I [CT]    : HandPoseSampler: Filter reset
03-27 01:42:59.388  3817  4073 I InputDevice_Hand: HANDTRACKING ADMIRE hand 0: hpm=1 -> shared=0
03-27 01:42:59.388  3817  4073 I [CT]    : HandPoseSampler: Filter reset
03-27 01:42:59.389  3817  4073 I InputDevice_Hand: HANDTRACKING ADMIRE hand 1: hpm=1 -> shared=0
03-27 01:42:59.399 23995 24031 D BufferQueueProducer: Waiting for available buffer SurfaceView[org.godotengine.editor.v4.meta/org.godotengine.editor.GodotEditor]#3(BLAST Consumer)3 lastFrameNumber=59711
03-27 01:42:59.402  3817  4073 I [CT]    : HandPoseSampler: Filter reset
03-27 01:42:59.402  3817  4073 I InputDevice_Hand: HANDTRACKING ADMIRE hand 0: hpm=1 -> shared=0
03-27 01:42:59.403  3817  4073 I [CT]    : HandPoseSampler: Filter reset
03-27 01:42:59.403  3817  4073 I InputDevice_Hand: HANDTRACKING ADMIRE hand 1: hpm=1 -> shared=0
03-27 01:42:59.414 23995 24031 D BufferQueueProducer: Waiting for available buffer SurfaceView[org.godotengine.editor.v4.meta/org.godotengine.editor.GodotEditor]#3(BLAST Consumer)3 lastFrameNumber=59712
03-27 01:42:59.417  3817  4073 I [CT]    : HandPoseSampler: Filter reset
03-27 01:42:59.417  3817  4073 I InputDevice_Hand: HANDTRACKING ADMIRE hand 0: hpm=1 -> shared=0
03-27 01:42:59.417  3817  4073 I [CT]    : HandPoseSampler: Filter reset
03-27 01:42:59.417  3817  4073 I InputDevice_Hand: HANDTRACKING ADMIRE hand 1: hpm=1 -> shared=0
03-27 01:42:59.427 23995 24031 D BufferQueueProducer: Waiting for available buffer SurfaceView[org.godotengine.editor.v4.meta/org.godotengine.editor.GodotEditor]#3(BLAST Consumer)3 lastFrameNumber=59713
03-27 01:42:59.431  3817  4073 I [CT]    : HandPoseSampler: Filter reset
03-27 01:42:59.431  3817  4073 I InputDevice_Hand: HANDTRACKING ADMIRE hand 0: hpm=1 -> shared=0
03-27 01:42:59.431  3817  4073 I [CT]    : HandPoseSampler: Filter reset
03-27 01:42:59.431  3817  4073 I InputDevice_Hand: HANDTRACKING ADMIRE hand 1: hpm=1 -> shared=0
03-27 01:42:59.440 23995 24031 D BufferQueueProducer: Waiting for available buffer SurfaceView[org.godotengine.editor.v4.meta/org.godotengine.editor.GodotEditor]#3(BLAST Consumer)3 lastFrameNumber=59714
03-27 01:42:59.445  3817  4073 I [CT]    : HandPoseSampler: Filter reset
03-27 01:42:59.445  3817  4073 I InputDevice_Hand: HANDTRACKING ADMIRE hand 0: hpm=1 -> shared=0
03-27 01:42:59.445  3817  4073 I [CT]    : HandPoseSampler: Filter reset
03-27 01:42:59.445  3817  4073 I InputDevice_Hand: HANDTRACKING ADMIRE hand 1: hpm=1 -> shared=0
03-27 01:42:59.459  3817  4073 I [CT]    : HandPoseSampler: Filter reset
03-27 01:42:59.459  3817  4073 I InputDevice_Hand: HANDTRACKING ADMIRE hand 0: hpm=1 -> shared=0
03-27 01:42:59.460  3817  4073 I [CT]    : HandPoseSampler: Filter reset
03-27 01:42:59.460  3817  4073 I InputDevice_Hand: HANDTRACKING ADMIRE hand 1: hpm=1 -> shared=0
03-27 01:42:59.468 23995 24031 D BufferQueueProducer: Waiting for available buffer SurfaceView[org.godotengine.editor.v4.meta/org.godotengine.editor.GodotEditor]#3(BLAST Consumer)3 lastFrameNumber=59716
03-27 01:42:59.474  3817  4073 I [CT]    : HandPoseSampler: Filter reset
03-27 01:42:59.474  3817  4073 I InputDevice_Hand: HANDTRACKING ADMIRE hand 0: hpm=1 -> shared=0
03-27 01:42:59.474  3817  4073 I [CT]    : HandPoseSampler: Filter reset
03-27 01:42:59.474  3817  4073 I InputDevice_Hand: HANDTRACKING ADMIRE hand 1: hpm=1 -> shared=0
03-27 01:42:59.482 23995 24031 D BufferQueueProducer: Waiting for available buffer SurfaceView[org.godotengine.editor.v4.meta/org.godotengine.editor.GodotEditor]#3(BLAST Consumer)3 lastFrameNumber=59717
03-27 01:42:59.488  3817  4073 I [CT]    : HandPoseSampler: Filter reset
03-27 01:42:59.489  3817  4073 I InputDevice_Hand: HANDTRACKING ADMIRE hand 0: hpm=1 -> shared=0
03-27 01:42:59.489  3817  4073 I [CT]    : HandPoseSampler: Filter reset
03-27 01:42:59.489  3817  4073 I InputDevice_Hand: HANDTRACKING ADMIRE hand 1: hpm=1 -> shared=0
03-27 01:42:59.496 23995 24031 D BufferQueueProducer: Waiting for available buffer SurfaceView[org.godotengine.editor.v4.meta/org.godotengine.editor.GodotEditor]#3(BLAST Consumer)3 lastFrameNumber=59718
03-27 01:42:59.504  3817  4073 I [CT]    : HandPoseSampler: Filter reset
03-27 01:42:59.504  3817  4073 I InputDevice_Hand: HANDTRACKING ADMIRE hand 0: hpm=1 -> shared=0
03-27 01:42:59.504  3817  4073 I [CT]    : HandPoseSampler: Filter reset
03-27 01:42:59.504  3817  4073 I InputDevice_Hand: HANDTRACKING ADMIRE hand 1: hpm=1 -> shared=0
03-27 01:42:59.518  3817  4073 I [CT]    : HandPoseSampler: Filter reset
03-27 01:42:59.518  3817  4073 I InputDevice_Hand: HANDTRACKING ADMIRE hand 0: hpm=1 -> shared=0
03-27 01:42:59.518  3817  4073 I [CT]    : HandPoseSampler: Filter reset
03-27 01:42:59.518  3817  4073 I InputDevice_Hand: HANDTRACKING ADMIRE hand 1: hpm=1 -> shared=0
03-27 01:42:59.524 23995 24031 D BufferQueueProducer: Waiting for available buffer SurfaceView[org.godotengine.editor.v4.meta/org.godotengine.editor.GodotEditor]#3(BLAST Consumer)3 lastFrameNumber=59720
03-27 01:42:59.532  3817  4073 I [CT]    : HandPoseSampler: Filter reset
03-27 01:42:59.532  3817  4073 I InputDevice_Hand: HANDTRACKING ADMIRE hand 0: hpm=1 -> shared=0
03-27 01:42:59.532  3817  4073 I [CT]    : HandPoseSampler: Filter reset
03-27 01:42:59.532  3817  4073 I InputDevice_Hand: HANDTRACKING ADMIRE hand 1: hpm=1 -> shared=0
03-27 01:42:59.537 23995 24031 D BufferQueueProducer: Waiting for available buffer SurfaceView[org.godotengine.editor.v4.meta/org.godotengine.editor.GodotEditor]#3(BLAST Consumer)3 lastFrameNumber=59721
03-27 01:42:59.544 24628 24670 I godot   : Project FPS: 58 (17.24 mspf)
03-27 01:42:59.549  1160  1590 I MRSS    : BOLT:HexagonTelemetry: Global DSP utilization: 28.07% (1404 / 5003 ms), Scalar Util: 71.02%, HVX Util: 54.15%, HMX Util: 23.23%, DMA Active: 0.00%, Freq: 787.2 MHz
03-27 01:42:59.549  1160  1590 I MRSS    : boltlib: DSP Rpc stats over 5004 ms: {"HexagonCvpPreprocessorCompute":125,"unnamed_et0":125}
03-27 01:42:59.555  3817  4073 I [CT]    : HandPoseSampler: Filter reset
03-27 01:42:59.555  3817  4073 I InputDevice_Hand: HANDTRACKING ADMIRE hand 0: hpm=1 -> shared=0
03-27 01:42:59.555  3817  4073 I [CT]    : HandPoseSampler: Filter reset
03-27 01:42:59.555  3817  4073 I InputDevice_Hand: HANDTRACKING ADMIRE hand 1: hpm=1 -> shared=0
03-27 01:42:59.565 23995 24031 D BufferQueueProducer: Waiting for available buffer SurfaceView[org.godotengine.editor.v4.meta/org.godotengine.editor.GodotEditor]#3(BLAST Consumer)3 lastFrameNumber=59722
03-27 01:42:59.568  3817  4073 I [CT]    : HandPoseSampler: Filter reset
03-27 01:42:59.568  3817  4073 I InputDevice_Hand: HANDTRACKING ADMIRE hand 0: hpm=1 -> shared=0
03-27 01:42:59.568  3817  4073 I [CT]    : HandPoseSampler: Filter reset
03-27 01:42:59.568  3817  4073 I InputDevice_Hand: HANDTRACKING ADMIRE hand 1: hpm=1 -> shared=0
03-27 01:42:59.581  3817  4073 I [CT]    : HandPoseSampler: Filter reset
03-27 01:42:59.581  3817  4073 I InputDevice_Hand: HANDTRACKING ADMIRE hand 0: hpm=1 -> shared=0
03-27 01:42:59.581  3817  4073 I [CT]    : HandPoseSampler: Filter reset
03-27 01:42:59.581  3817  4073 I InputDevice_Hand: HANDTRACKING ADMIRE hand 1: hpm=1 -> shared=0
03-27 01:42:59.595  3817  4073 I [CT]    : HandPoseSampler: Filter reset
03-27 01:42:59.595  3817  4073 I InputDevice_Hand: HANDTRACKING ADMIRE hand 0: hpm=1 -> shared=0
03-27 01:42:59.595  3817  4073 I [CT]    : HandPoseSampler: Filter reset
03-27 01:42:59.595  3817  4073 I InputDevice_Hand: HANDTRACKING ADMIRE hand 1: hpm=1 -> shared=0
03-27 01:42:59.608 23995 24031 D BufferQueueProducer: Waiting for available buffer SurfaceView[org.godotengine.editor.v4.meta/org.godotengine.editor.GodotEditor]#3(BLAST Consumer)3 lastFrameNumber=59725
03-27 01:42:59.609  3817  4073 I [CT]    : HandPoseSampler: Filter reset
03-27 01:42:59.610  3817  4073 I InputDevice_Hand: HANDTRACKING ADMIRE hand 0: hpm=1 -> shared=0
03-27 01:42:59.610  3817  4073 I [CT]    : HandPoseSampler: Filter reset
03-27 01:42:59.610  3817  4073 I InputDevice_Hand: HANDTRACKING ADMIRE hand 1: hpm=1 -> shared=0
03-27 01:42:59.622 23995 24031 D BufferQueueProducer: Waiting for available buffer SurfaceView[org.godotengine.editor.v4.meta/org.godotengine.editor.GodotEditor]#3(BLAST Consumer)3 lastFrameNumber=59726
03-27 01:42:59.624  3817  4073 I [CT]    : HandPoseSampler: Filter reset
03-27 01:42:59.624  3817  4073 I InputDevice_Hand: HANDTRACKING ADMIRE hand 0: hpm=1 -> shared=0
03-27 01:42:59.624  3817  4073 I [CT]    : HandPoseSampler: Filter reset
03-27 01:42:59.624  3817  4073 I InputDevice_Hand: HANDTRACKING ADMIRE hand 1: hpm=1 -> shared=0
03-27 01:42:59.636 23995 24031 D BufferQueueProducer: Waiting for available buffer SurfaceView[org.godotengine.editor.v4.meta/org.godotengine.editor.GodotEditor]#3(BLAST Consumer)3 lastFrameNumber=59727
03-27 01:42:59.639  3817  4073 I [CT]    : HandPoseSampler: Filter reset
03-27 01:42:59.639  3817  4073 I InputDevice_Hand: HANDTRACKING ADMIRE hand 0: hpm=1 -> shared=0
03-27 01:42:59.639  3817  4073 I [CT]    : HandPoseSampler: Filter reset
03-27 01:42:59.639  3817  4073 I InputDevice_Hand: HANDTRACKING ADMIRE hand 1: hpm=1 -> shared=0
03-27 01:42:59.649 23995 24031 D BufferQueueProducer: Waiting for available buffer SurfaceView[org.godotengine.editor.v4.meta/org.godotengine.editor.GodotEditor]#3(BLAST Consumer)3 lastFrameNumber=59728
03-27 01:42:59.654  3817  4073 I [CT]    : HandPoseSampler: Filter reset
03-27 01:42:59.654  3817  4073 I InputDevice_Hand: HANDTRACKING ADMIRE hand 0: hpm=1 -> shared=0
03-27 01:42:59.654  3817  4073 I [CT]    : HandPoseSampler: Filter reset
03-27 01:42:59.654  3817  4073 I InputDevice_Hand: HANDTRACKING ADMIRE hand 1: hpm=1 -> shared=0
03-27 01:42:59.663 23995 24031 D BufferQueueProducer: Waiting for available buffer SurfaceView[org.godotengine.editor.v4.meta/org.godotengine.editor.GodotEditor]#3(BLAST Consumer)3 lastFrameNumber=59729
03-27 01:42:59.668  3817  4073 I [CT]    : HandPoseSampler: Filter reset
03-27 01:42:59.668  3817  4073 I InputDevice_Hand: HANDTRACKING ADMIRE hand 0: hpm=1 -> shared=0
03-27 01:42:59.668  3817  4073 I [CT]    : HandPoseSampler: Filter reset
03-27 01:42:59.668  3817  4073 I InputDevice_Hand: HANDTRACKING ADMIRE hand 1: hpm=1 -> shared=0
03-27 01:42:59.671   920 24196 I VD628x  : Flicker results: freq 299.646210, max 299.862457, dcr 31.580820, pct 0.041219, idx 0.009162, conf 0.254097, snr -4.549033, svm 0.027149, sus 0
03-27 01:42:59.677 23995 24031 D BufferQueueProducer: Waiting for available buffer SurfaceView[org.godotengine.editor.v4.meta/org.godotengine.editor.GodotEditor]#3(BLAST Consumer)3 lastFrameNumber=59730
03-27 01:42:59.683  3817  4073 I [CT]    : HandPoseSampler: Filter reset
03-27 01:42:59.683  3817  4073 I InputDevice_Hand: HANDTRACKING ADMIRE hand 0: hpm=1 -> shared=0
03-27 01:42:59.683  3817  4073 I [CT]    : HandPoseSampler: Filter reset
03-27 01:42:59.683  3817  4073 I InputDevice_Hand: HANDTRACKING ADMIRE hand 1: hpm=1 -> shared=0
03-27 01:42:59.691 23995 24031 D BufferQueueProducer: Waiting for available buffer SurfaceView[org.godotengine.editor.v4.meta/org.godotengine.editor.GodotEditor]#3(BLAST Consumer)3 lastFrameNumber=59731
03-27 01:42:59.697  3817  4073 I [CT]    : HandPoseSampler: Filter reset
03-27 01:42:59.697  3817  4073 I InputDevice_Hand: HANDTRACKING ADMIRE hand 0: hpm=1 -> shared=0
03-27 01:42:59.697  3817  4073 I [CT]    : HandPoseSampler: Filter reset
03-27 01:42:59.697  3817  4073 I InputDevice_Hand: HANDTRACKING ADMIRE hand 1: hpm=1 -> shared=0
03-27 01:42:59.706 23995 24031 D BufferQueueProducer: Waiting for available buffer SurfaceView[org.godotengine.editor.v4.meta/org.godotengine.editor.GodotEditor]#3(BLAST Consumer)3 lastFrameNumber=59732
03-27 01:42:59.709 21350 21417 V [MRDS_MQTT]: [MqttBrokerComms] Received message for topic: /ovd_discover
03-27 01:42:59.709 21350 21417 V [MRDS_PAD_Service]: Rediscovered [{75d5f03f-0891-11f1-8972-806e6f6e6963}] previously seen 0.408s ago
03-27 01:42:59.709 21350 21417 V [MRDS_PAD_Service]: Notif will not be sent for re-discovered device [{75d5f03f-0891-11f1-8972-806e6f6e6963}]
03-27 01:42:59.709 21350 21417 V [MRDS_MQTT]: [MqttBrokerComms] dataCallback topic:[/ovd_discover] message:[{"appId":274792665692239,"sessionId":"83381a9a-8d0d-424f-94b0-553c881d12ee","deviceId":"{75d5f03f-0891-11f1-8972-806e6f6e6963}","deviceOSVersion":"10.0 (28020)","protocolVersion":5,"minProtocolVersion":5,"deviceType":"server","xr2dsVersion":"1.72.0.0.4891","networkSecurityDomain":"","deviceManagementStatus":"","appVersion":"78.0.0.1.108","accessibilityPermission":true,"screenRecordingPermission":true,"transportType":32768,"microphonePermission":true,"isRpOutdated":false,"skipConfirmation":true,"headsetDeviceType":"0","anonymizedDeviceId":""}]
03-27 01:42:59.712  3817  4073 I [CT]    : HandPoseSampler: Filter reset
03-27 01:42:59.712  3817  4073 I InputDevice_Hand: HANDTRACKING ADMIRE hand 0: hpm=1 -> shared=0
03-27 01:42:59.712  3817  4073 I [CT]    : HandPoseSampler: Filter reset
03-27 01:42:59.712  3817  4073 I InputDevice_Hand: HANDTRACKING ADMIRE hand 1: hpm=1 -> shared=0
03-27 01:42:59.719 23995 24031 D BufferQueueProducer: Waiting for available buffer SurfaceView[org.godotengine.editor.v4.meta/org.godotengine.editor.GodotEditor]#3(BLAST Consumer)3 lastFrameNumber=59733
03-27 01:42:59.726  3817  4073 I [CT]    : HandPoseSampler: Filter reset
03-27 01:42:59.726  3817  4073 I InputDevice_Hand: HANDTRACKING ADMIRE hand 0: hpm=1 -> shared=0
03-27 01:42:59.726  3817  4073 I [CT]    : HandPoseSampler: Filter reset
03-27 01:42:59.726  3817  4073 I InputDevice_Hand: HANDTRACKING ADMIRE hand 1: hpm=1 -> shared=0
03-27 01:42:59.733 23995 24031 D BufferQueueProducer: Waiting for available buffer SurfaceView[org.godotengine.editor.v4.meta/org.godotengine.editor.GodotEditor]#3(BLAST Consumer)3 lastFrameNumber=59734
03-27 01:42:59.740  3817  4073 I [CT]    : HandPoseSampler: Filter reset
03-27 01:42:59.740  3817  4073 I InputDevice_Hand: HANDTRACKING ADMIRE hand 0: hpm=1 -> shared=0
03-27 01:42:59.740  3817  4073 I [CT]    : HandPoseSampler: Filter reset
03-27 01:42:59.740  3817  4073 I InputDevice_Hand: HANDTRACKING ADMIRE hand 1: hpm=1 -> shared=0
03-27 01:42:59.747 23995 24031 D BufferQueueProducer: Waiting for available buffer SurfaceView[org.godotengine.editor.v4.meta/org.godotengine.editor.GodotEditor]#3(BLAST Consumer)3 lastFrameNumber=59735
03-27 01:42:59.761 23995 24031 D BufferQueueProducer: Waiting for available buffer SurfaceView[org.godotengine.editor.v4.meta/org.godotengine.editor.GodotEditor]#3(BLAST Consumer)3 lastFrameNumber=59736
03-27 01:42:59.762  3817  4073 I [CT]    : HandPoseSampler: Filter reset
03-27 01:42:59.762  3817  4073 I InputDevice_Hand: HANDTRACKING ADMIRE hand 0: hpm=1 -> shared=0
03-27 01:42:59.762  3817  4073 I [CT]    : HandPoseSampler: Filter reset
03-27 01:42:59.762  3817  4073 I InputDevice_Hand: HANDTRACKING ADMIRE hand 1: hpm=1 -> shared=0
03-27 01:42:59.773 23995 24031 D BufferQueueProducer: Waiting for available buffer SurfaceView[org.godotengine.editor.v4.meta/org.godotengine.editor.GodotEditor]#3(BLAST Consumer)3 lastFrameNumber=59737
03-27 01:42:59.775  3817  4073 I [CT]    : HandPoseSampler: Filter reset
03-27 01:42:59.775  3817  4073 I InputDevice_Hand: HANDTRACKING ADMIRE hand 0: hpm=1 -> shared=0
03-27 01:42:59.775  3817  4073 I [CT]    : HandPoseSampler: Filter reset
03-27 01:42:59.775  3817  4073 I InputDevice_Hand: HANDTRACKING ADMIRE hand 1: hpm=1 -> shared=0
03-27 01:42:59.788 23995 24031 D BufferQueueProducer: Waiting for available buffer SurfaceView[org.godotengine.editor.v4.meta/org.godotengine.editor.GodotEditor]#3(BLAST Consumer)3 lastFrameNumber=59738
03-27 01:42:59.790  3817  4073 I [CT]    : HandPoseSampler: Filter reset
03-27 01:42:59.790  3817  4073 I InputDevice_Hand: HANDTRACKING ADMIRE hand 0: hpm=1 -> shared=0
03-27 01:42:59.790  3817  4073 I [CT]    : HandPoseSampler: Filter reset
03-27 01:42:59.790  3817  4073 I InputDevice_Hand: HANDTRACKING ADMIRE hand 1: hpm=1 -> shared=0
03-27 01:42:59.793   894  1592 W Tracking: VEGA:HM:MAP_TRACKING: Validation failed on Submap id = 2, version = 1065040022
03-27 01:42:59.801 23995 24031 D BufferQueueProducer: Waiting for available buffer SurfaceView[org.godotengine.editor.v4.meta/org.godotengine.editor.GodotEditor]#3(BLAST Consumer)3 lastFrameNumber=59739
03-27 01:42:59.803  3817  4073 I [CT]    : HandPoseSampler: Filter reset
03-27 01:42:59.803  3817  4073 I InputDevice_Hand: HANDTRACKING ADMIRE hand 0: hpm=1 -> shared=0
03-27 01:42:59.803  3817  4073 I [CT]    : HandPoseSampler: Filter reset
03-27 01:42:59.803  3817  4073 I InputDevice_Hand: HANDTRACKING ADMIRE hand 1: hpm=1 -> shared=0
03-27 01:42:59.805 21350 10584 D [MRDS_MQTT]: [MqttBrokerComms] sendMessage: /ovd_advertise
03-27 01:42:59.816  3817  4073 I [CT]    : HandPoseSampler: Filter reset
03-27 01:42:59.816  3817  4073 I InputDevice_Hand: HANDTRACKING ADMIRE hand 0: hpm=1 -> shared=0
03-27 01:42:59.816  3817  4073 I [CT]    : HandPoseSampler: Filter reset
03-27 01:42:59.816  3817  4073 I InputDevice_Hand: HANDTRACKING ADMIRE hand 1: hpm=1 -> shared=0
03-27 01:42:59.816   894  1617 I Tracking: BOLT:HexagonTelemetry: Global DSP utilization: 28.33% (1417 / 5003 ms), Scalar Util: 71.50%, HVX Util: 54.05%, HMX Util: 23.06%, DMA Active: 0.00%, Freq: 787.2 MHz
03-27 01:42:59.816   894  1617 I Tracking: boltlib: DSP Rpc stats over 5003 ms: {"HexagonCornerHarrisEdgeIndexedSlicesAsync":26,"HexagonPyramid3x3Async":55,"controller_inference":25,"dd_boltnn_delegate_batch_256":4,"dpr_lite_boltnn_delegate":31}
03-27 01:42:59.829 23995 24031 D BufferQueueProducer: Waiting for available buffer SurfaceView[org.godotengine.editor.v4.meta/org.godotengine.editor.GodotEditor]#3(BLAST Consumer)3 lastFrameNumber=59740
03-27 01:42:59.829  3817  4073 I [CT]    : HandPoseSampler: Filter reset
03-27 01:42:59.829  3817  4073 I InputDevice_Hand: HANDTRACKING ADMIRE hand 0: hpm=1 -> shared=0
03-27 01:42:59.829  3817  4073 I [CT]    : HandPoseSampler: Filter reset
03-27 01:42:59.829  3817  4073 I InputDevice_Hand: HANDTRACKING ADMIRE hand 1: hpm=1 -> shared=0
03-27 01:42:59.842  3817  4073 I [CT]    : HandPoseSampler: Filter reset
03-27 01:42:59.842  3817  4073 I InputDevice_Hand: HANDTRACKING ADMIRE hand 0: hpm=1 -> shared=0
03-27 01:42:59.842  3817  4073 I [CT]    : HandPoseSampler: Filter reset
03-27 01:42:59.842  3817  4073 I InputDevice_Hand: HANDTRACKING ADMIRE hand 1: hpm=1 -> shared=0
03-27 01:42:59.848   922  2069 I libcamerahal: [INSIGHTS][2.00s] recv/ret/req heartbeat: cam4: 100/100/0, cam5: 100/100/0
03-27 01:42:59.856  3817  4073 I [CT]    : HandPoseSampler: Filter reset
03-27 01:42:59.856  3817  4073 I InputDevice_Hand: HANDTRACKING ADMIRE hand 0: hpm=1 -> shared=0
03-27 01:42:59.856  3817  4073 I [CT]    : HandPoseSampler: Filter reset
03-27 01:42:59.856  3817  4073 I InputDevice_Hand: HANDTRACKING ADMIRE hand 1: hpm=1 -> shared=0
03-27 01:42:59.857 23995 24031 D BufferQueueProducer: Waiting for available buffer SurfaceView[org.godotengine.editor.v4.meta/org.godotengine.editor.GodotEditor]#3(BLAST Consumer)3 lastFrameNumber=59742
03-27 01:42:59.870 23995 24031 D BufferQueueProducer: Waiting for available buffer SurfaceView[org.godotengine.editor.v4.meta/org.godotengine.editor.GodotEditor]#3(BLAST Consumer)3 lastFrameNumber=59743
03-27 01:42:59.870  3817  4073 I [CT]    : HandPoseSampler: Filter reset
03-27 01:42:59.871  3817  4073 I InputDevice_Hand: HANDTRACKING ADMIRE hand 0: hpm=1 -> shared=0
03-27 01:42:59.871  3817  4073 I [CT]    : HandPoseSampler: Filter reset
03-27 01:42:59.871  3817  4073 I InputDevice_Hand: HANDTRACKING ADMIRE hand 1: hpm=1 -> shared=0
03-27 01:42:59.885 23995 24031 D BufferQueueProducer: Waiting for available buffer SurfaceView[org.godotengine.editor.v4.meta/org.godotengine.editor.GodotEditor]#3(BLAST Consumer)3 lastFrameNumber=59744
03-27 01:42:59.885  3817  4073 I [CT]    : HandPoseSampler: Filter reset
03-27 01:42:59.885  3817  4073 I InputDevice_Hand: HANDTRACKING ADMIRE hand 0: hpm=1 -> shared=0
03-27 01:42:59.886  3817  4073 I [CT]    : HandPoseSampler: Filter reset
03-27 01:42:59.886  3817  4073 I InputDevice_Hand: HANDTRACKING ADMIRE hand 1: hpm=1 -> shared=0
03-27 01:42:59.895   894  1679 D TrackingService: bf4654138ddad3be: isControllerInHand(12762.70s): 0 ctEnabled: 1 btnPress(12723.64s): 0 *btnOrTpdTouch(12578.80s): 0 *btnOrTpdProx(12634.13s): 0 static(12762.70s): 0 thbstkOffCenter(9451.69s): 0 
03-27 01:42:59.895   894  1679 D TrackingService: [HANDTRACKING] Controller bf4654138ddad3be in hand: N, valid: Y
03-27 01:42:59.896  2157  2457 D ControllerManagement: RemoteService::recordControllerStatusUpdate: device bf4654138ddad3be: status: CONNECTED_ACTIVE tracking: POSITION, errors: --
03-27 01:42:59.898 23995 24031 D BufferQueueProducer: Waiting for available buffer SurfaceView[org.godotengine.editor.v4.meta/org.godotengine.editor.GodotEditor]#3(BLAST Consumer)3 lastFrameNumber=59745
03-27 01:42:59.901  3817  4073 I [CT]    : HandPoseSampler: Filter reset
03-27 01:42:59.901  3817  4073 I InputDevice_Hand: HANDTRACKING ADMIRE hand 0: hpm=1 -> shared=0
03-27 01:42:59.901  3817  4073 I [CT]    : HandPoseSampler: Filter reset
03-27 01:42:59.901  3817  4073 I InputDevice_Hand: HANDTRACKING ADMIRE hand 1: hpm=1 -> shared=0
03-27 01:42:59.912 23995 24031 D BufferQueueProducer: Waiting for available buffer SurfaceView[org.godotengine.editor.v4.meta/org.godotengine.editor.GodotEditor]#3(BLAST Consumer)3 lastFrameNumber=59746
03-27 01:42:59.916  3817  4073 I [CT]    : HandPoseSampler: Filter reset
03-27 01:42:59.916  3817  4073 I InputDevice_Hand: HANDTRACKING ADMIRE hand 0: hpm=1 -> shared=0
03-27 01:42:59.916  3817  4073 I [CT]    : HandPoseSampler: Filter reset
03-27 01:42:59.916  3817  4073 I InputDevice_Hand: HANDTRACKING ADMIRE hand 1: hpm=1 -> shared=0
03-27 01:42:59.916  3817  4073 I OpenXR_ClientState: [OATS]: IP changed: unknown/interaction_profiles/meta/touch_controller_plus, 6
03-27 01:42:59.916  3817  4073 I OpenXR_ClientState: [OATS]: IP changed: /user/hand/left/interaction_profiles/meta/touch_controller_plus, -1
03-27 01:42:59.926 23995 24031 D BufferQueueProducer: Waiting for available buffer SurfaceView[org.godotengine.editor.v4.meta/org.godotengine.editor.GodotEditor]#3(BLAST Consumer)3 lastFrameNumber=59747
